Nov 14 08:45:53 zimbra postfix/amavisd/smtpd[27223]: connect from localhost[127.0.0.1]
Nov 14 08:45:53 zimbra postfix/amavisd/smtpd[27223]: 5FC614A1864: client=localhost[127.0.0.1]
Nov 14 08:45:53 zimbra postfix/cleanup[27218]: 5FC614A1864: resent-message-id=<27c16096ee99006c388fbe084c6053b7>
Nov 14 08:45:53 zimbra postfix/cleanup[27218]: 5FC614A1864: message-id=<145DD21727AE0E4593D24FA5D2E7DEDCD1DEA477@CNMBOX3.wneweb.com.cn>
Nov 14 08:45:53 zimbra postfix/qmgr[6416]: 5FC614A1864: from=<auto_joanna.zhang+prvs=1119aa5070=jack.han=wnc.com.tw@fulltech-metal.com>, size=37319, nrcpt=1 (queue active)
Nov 14 08:45:53 zimbra postfix/amavisd/smtpd[27223]: disconnect from localhost[127.0.0.1] ehlo=1 mail=1 rcpt=1 data=1 quit=1 commands=5
Nov 14 08:45:53 zimbra postfix/smtp[27222]: 933134A187C: to=<service07@fulltech-metal.net>, relay=127.0.0.1[127.0.0.1]:10024, delay=0.88, delays=0.56/0.01/0/0.32, dsn=2.0.0, status=sent (250 2.0.0 from MTA(smtp:[127.0.0.1]:10025): 250 2.0.0 Ok: queued as 5FC614A1864)
Nov 14 08:45:53 zimbra postfix/qmgr[6416]: 933134A187C: removed
Nov 14 08:45:53 zimbra postfix/lmtp[27224]: 33D004A1882: to=<service01@fulltech-metal.net>, relay=zimbra.fulltech-metal.net[203.66.83.217]:7025, delay=0.2, delays=0.01/0.02/0.05/0.12, dsn=2.1.5, status=sent (250 2.1.5 Delivery OK)
Nov 14 08:45:53 zimbra postfix/qmgr[6416]: 33D004A1882: removed
Nov 14 08:45:53 zimbra postfix/smtpd[27217]: NOQUEUE: filter: RCPT from unknown[222.92.254.194]: <auto_danny.liang+prvs=1119aa5070=jack.han=wnc.com.tw@fulltech-metal.com>: Sender address triggers FILTER smtp-amavis:[127.0.0.1]:10026; from=<auto_danny.liang+prvs=1119aa5070=jack.han=wnc.com.tw@fulltech-metal.com> to=<service04@fulltech-metal.net> proto=SMTP helo=<fulltech-metal.com>
Nov 14 08:45:53 zimbra postfix/smtpd[27217]: NOQUEUE: filter: RCPT from unknown[222.92.254.194]: <auto_danny.liang+prvs=1119aa5070=jack.han=wnc.com.tw@fulltech-metal.com>: Sender address triggers FILTER smtp-amavis:[127.0.0.1]:10024; from=<auto_danny.liang+prvs=1119aa5070=jack.han=wnc.com.tw@fulltech-metal.com> to=<service04@fulltech-metal.net> proto=SMTP helo=<fulltech-metal.com>
Nov 14 08:45:53 zimbra postfix/smtpd[27217]: 774014A187C: client=unknown[222.92.254.194]
Nov 14 08:45:53 zimbra postfix/cleanup[27218]: 774014A187C: resent-message-id=<b7f4a106de160cf6fcb5ab6cbf3731b2>
Nov 14 08:45:53 zimbra postfix/cleanup[27218]: 774014A187C: message-id=<145DD21727AE0E4593D24FA5D2E7DEDCD1DEA477@CNMBOX3.wneweb.com.cn>
Nov 14 08:45:53 zimbra postfix/lmtp[27224]: 5FC614A1864: to=<service07@fulltech-metal.net>, relay=zimbra.fulltech-metal.net[203.66.83.217]:7025, delay=0.42, delays=0.01/0.01/0.32/0.08, dsn=2.1.5, status=sent (250 2.1.5 Delivery OK)
Nov 14 08:45:53 zimbra postfix/qmgr[6416]: 5FC614A1864: removed
Nov 14 08:45:53 zimbra postfix/qmgr[6416]: 774014A187C: from=<auto_danny.liang+prvs=1119aa5070=jack.han=wnc.com.tw@fulltech-metal.com>, size=36536, nrcpt=1 (queue active)
Nov 14 08:45:54 zimbra postfix/smtpd[27217]: disconnect from unknown[222.92.254.194] helo=1 mail=1 rcpt=1 data=1 quit=1 commands=5
Nov 14 08:45:54 zimbra postfix/amavisd/smtpd[27223]: connect from localhost[127.0.0.1]
Nov 14 08:45:54 zimbra postfix/amavisd/smtpd[27223]: 3DB2F4A1864: client=localhost[127.0.0.1]
Nov 14 08:45:54 zimbra postfix/cleanup[27218]: 3DB2F4A1864: resent-message-id=<b7f4a106de160cf6fcb5ab6cbf3731b2>
Nov 14 08:45:54 zimbra postfix/cleanup[27218]: 3DB2F4A1864: message-id=<145DD21727AE0E4593D24FA5D2E7DEDCD1DEA477@CNMBOX3.wneweb.com.cn>
Nov 14 08:45:54 zimbra postfix/qmgr[6416]: 3DB2F4A1864: from=<auto_danny.liang+prvs=1119aa5070=jack.han=wnc.com.tw@fulltech-metal.com>, size=37316, nrcpt=1 (queue active)
Nov 14 08:45:54 zimbra postfix/amavisd/smtpd[27223]: disconnect from localhost[127.0.0.1] ehlo=1 mail=1 rcpt=1 data=1 quit=1 commands=5
Nov 14 08:45:54 zimbra postfix/smtp[27220]: 774014A187C: to=<service04@fulltech-metal.net>, relay=127.0.0.1[127.0.0.1]:10024, delay=0.85, delays=0.56/0/0/0.29, dsn=2.0.0, status=sent (250 2.0.0 from MTA(smtp:[127.0.0.1]:10025): 250 2.0.0 Ok: queued as 3DB2F4A1864)
Nov 14 08:45:54 zimbra postfix/qmgr[6416]: 774014A187C: removed
Nov 14 08:45:54 zimbra postfix/lmtp[27225]: 3DB2F4A1864: to=<service04@fulltech-metal.net>, relay=zimbra.fulltech-metal.net[203.66.83.217]:7025, delay=0.14, delays=0/0.01/0.05/0.07, dsn=2.1.5, status=sent (250 2.1.5 Delivery OK)
Nov 14 08:45:54 zimbra postfix/qmgr[6416]: 3DB2F4A1864: removed
Nov 14 08:46:36 zimbra postfix/postscreen[27216]: CONNECT from [222.92.254.194]:52773 to [203.66.83.217]:25
Nov 14 08:46:36 zimbra postfix/postscreen[27216]: PASS OLD [222.92.254.194]:52773
Nov 14 08:46:36 zimbra postfix/smtpd[27217]: connect from unknown[222.92.254.194]
Nov 14 08:46:36 zimbra postfix/smtpd[27217]: Anonymous TLS connection established from unknown[222.92.254.194]: TLSv1.2 with cipher ECDHE-RSA-AES256-GCM-SHA384 (256/256 bits)
Nov 14 08:46:37 zimbra postfix/smtpd[27217]: NOQUEUE: filter: RCPT from unknown[222.92.254.194]: <service04@fulltech-metal.net>: Sender address triggers FILTER smtp-amavis:[127.0.0.1]:10026; from=<service04@fulltech-metal.net> to=<yb.fan@fulltech-metal.com> proto=ESMTP helo=<ft-yw20>
Nov 14 08:46:37 zimbra postfix/smtpd[27217]: 1BE504A1864: client=unknown[222.92.254.194], sasl_method=LOGIN, sasl_username=service04@fulltech-metal.net
Nov 14 08:46:37 zimbra postfix/smtpd[27217]: 1BE504A1864: filter: RCPT from unknown[222.92.254.194]: <service04@fulltech-metal.net>: Sender address triggers FILTER smtp-amavis:[127.0.0.1]:10026; from=<service04@fulltech-metal.net> to=<zj.zou@fulltech-metal.com> proto=ESMTP helo=<ft-yw20>
Nov 14 08:46:37 zimbra postfix/smtpd[27217]: 1BE504A1864: filter: RCPT from unknown[222.92.254.194]: <service04@fulltech-metal.net>: Sender address triggers FILTER smtp-amavis:[127.0.0.1]:10026; from=<service04@fulltech-metal.net> to=<dr.xu@fulltech-metal.com> proto=ESMTP helo=<ft-yw20>
Nov 14 08:46:37 zimbra postfix/smtpd[27217]: 1BE504A1864: filter: RCPT from unknown[222.92.254.194]: <service04@fulltech-metal.net>: Sender address triggers FILTER smtp-amavis:[127.0.0.1]:10026; from=<service04@fulltech-metal.net> to=<hm.zhu@fulltech-metal.com> proto=ESMTP helo=<ft-yw20>
Nov 14 08:46:37 zimbra postfix/smtpd[27217]: 1BE504A1864: filter: RCPT from unknown[222.92.254.194]: <service04@fulltech-metal.net>: Sender address triggers FILTER smtp-amavis:[127.0.0.1]:10026; from=<service04@fulltech-metal.net> to=<zg.hu@fulltech-metal.com> proto=ESMTP helo=<ft-yw20>
Nov 14 08:46:37 zimbra postfix/smtpd[27217]: 1BE504A1864: filter: RCPT from unknown[222.92.254.194]: <service04@fulltech-metal.net>: Sender address triggers FILTER smtp-amavis:[127.0.0.1]:10026; from=<service04@fulltech-metal.net> to=<ftsg02@fulltech-metal.com> proto=ESMTP helo=<ft-yw20>
Nov 14 08:46:37 zimbra postfix/smtpd[27217]: 1BE504A1864: filter: RCPT from unknown[222.92.254.194]: <service04@fulltech-metal.net>: Sender address triggers FILTER smtp-amavis:[127.0.0.1]:10026; from=<service04@fulltech-metal.net> to=<wt.liu@fulltech-metal.com> proto=ESMTP helo=<ft-yw20>
Nov 14 08:46:37 zimbra postfix/smtpd[27217]: 1BE504A1864: filter: RCPT from unknown[222.92.254.194]: <service04@fulltech-metal.net>: Sender address triggers FILTER smtp-amavis:[127.0.0.1]:10026; from=<service04@fulltech-metal.net> to=<fy.fang@fulltech-metal.com> proto=ESMTP helo=<ft-yw20>
Nov 14 08:46:37 zimbra postfix/cleanup[27218]: 1BE504A1864: message-id=<2016111408463604112520@fulltech-metal.net>
Nov 14 08:46:38 zimbra postfix/qmgr[6416]: 1BE504A1864: from=<service04@fulltech-metal.net>, size=30824, nrcpt=8 (queue active)
Nov 14 08:46:38 zimbra postfix/dkimmilter/smtpd[27680]: connect from localhost[127.0.0.1]
Nov 14 08:46:38 zimbra postfix/dkimmilter/smtpd[27680]: 314DC4A187C: client=localhost[127.0.0.1]
Nov 14 08:46:38 zimbra postfix/cleanup[27218]: 314DC4A187C: message-id=<2016111408463604112520@fulltech-metal.net>
Nov 14 08:46:38 zimbra postfix/qmgr[6416]: 314DC4A187C: from=<service04@fulltech-metal.net>, size=31276, nrcpt=8 (queue active)
Nov 14 08:46:38 zimbra postfix/dkimmilter/smtpd[27680]: disconnect from localhost[127.0.0.1] ehlo=1 mail=1 rcpt=8 data=1 quit=1 commands=12
Nov 14 08:46:38 zimbra postfix/smtp[27222]: 1BE504A1864: to=<dr.xu@fulltech-metal.com>, relay=127.0.0.1[127.0.0.1]:10026, delay=1.2, delays=1.1/0/0/0.15, dsn=2.0.0, status=sent (250 2.0.0 from MTA(smtp:[127.0.0.1]:10030): 250 2.0.0 Ok: queued as 314DC4A187C)
Nov 14 08:46:38 zimbra postfix/smtp[27222]: 1BE504A1864: to=<ftsg02@fulltech-metal.com>, relay=127.0.0.1[127.0.0.1]:10026, delay=1.2, delays=1.1/0/0/0.15, dsn=2.0.0, status=sent (250 2.0.0 from MTA(smtp:[127.0.0.1]:10030): 250 2.0.0 Ok: queued as 314DC4A187C)
Nov 14 08:46:38 zimbra postfix/smtp[27222]: 1BE504A1864: to=<fy.fang@fulltech-metal.com>, relay=127.0.0.1[127.0.0.1]:10026, delay=1.2, delays=1.1/0/0/0.15, dsn=2.0.0, status=sent (250 2.0.0 from MTA(smtp:[127.0.0.1]:10030): 250 2.0.0 Ok: queued as 314DC4A187C)
Nov 14 08:46:38 zimbra postfix/smtp[27222]: 1BE504A1864: to=<hm.zhu@fulltech-metal.com>, relay=127.0.0.1[127.0.0.1]:10026, delay=1.2, delays=1.1/0/0/0.15, dsn=2.0.0, status=sent (250 2.0.0 from MTA(smtp:[127.0.0.1]:10030): 250 2.0.0 Ok: queued as 314DC4A187C)
Nov 14 08:46:38 zimbra postfix/smtp[27222]: 1BE504A1864: to=<wt.liu@fulltech-metal.com>, relay=127.0.0.1[127.0.0.1]:10026, delay=1.2, delays=1.1/0/0/0.15, dsn=2.0.0, status=sent (250 2.0.0 from MTA(smtp:[127.0.0.1]:10030): 250 2.0.0 Ok: queued as 314DC4A187C)
Nov 14 08:46:38 zimbra postfix/smtp[27222]: 1BE504A1864: to=<yb.fan@fulltech-metal.com>, relay=127.0.0.1[127.0.0.1]:10026, delay=1.2, delays=1.1/0/0/0.15, dsn=2.0.0, status=sent (250 2.0.0 from MTA(smtp:[127.0.0.1]:10030): 250 2.0.0 Ok: queued as 314DC4A187C)
Nov 14 08:46:38 zimbra postfix/smtp[27222]: 1BE504A1864: to=<zg.hu@fulltech-metal.com>, relay=127.0.0.1[127.0.0.1]:10026, delay=1.2, delays=1.1/0/0/0.15, dsn=2.0.0, status=sent (250 2.0.0 from MTA(smtp:[127.0.0.1]:10030): 250 2.0.0 Ok: queued as 314DC4A187C)
Nov 14 08:46:38 zimbra postfix/smtp[27222]: 1BE504A1864: to=<zj.zou@fulltech-metal.com>, relay=127.0.0.1[127.0.0.1]:10026, delay=1.2, delays=1.1/0/0/0.15, dsn=2.0.0, status=sent (250 2.0.0 from MTA(smtp:[127.0.0.1]:10030): 250 2.0.0 Ok: queued as 314DC4A187C)
Nov 14 08:46:38 zimbra postfix/qmgr[6416]: 1BE504A1864: removed
Nov 14 08:46:38 zimbra postfix/amavisd/smtpd[27223]: connect from localhost[127.0.0.1]
Nov 14 08:46:38 zimbra postfix/amavisd/smtpd[27223]: E78884A1864: client=localhost[127.0.0.1]
Nov 14 08:46:38 zimbra postfix/cleanup[27218]: E78884A1864: message-id=<2016111408463604112520@fulltech-metal.net>
Nov 14 08:46:38 zimbra postfix/amavisd/smtpd[27223]: disconnect from localhost[127.0.0.1] ehlo=1 mail=1 rcpt=8 data=1 quit=1 commands=12
Nov 14 08:46:38 zimbra postfix/qmgr[6416]: E78884A1864: from=<service04@fulltech-metal.net>, size=31602, nrcpt=8 (queue active)
Nov 14 08:46:38 zimbra postfix/smtp[27220]: 314DC4A187C: to=<dr.xu@fulltech-metal.com>, relay=127.0.0.1[127.0.0.1]:10032, delay=0.77, delays=0.05/0/0/0.71, dsn=2.0.0, status=sent (250 2.0.0 from MTA(smtp:[127.0.0.1]:10025): 250 2.0.0 Ok: queued as E78884A1864)
Nov 14 08:46:38 zimbra postfix/smtp[27220]: 314DC4A187C: to=<ftsg02@fulltech-metal.com>, relay=127.0.0.1[127.0.0.1]:10032, delay=0.77, delays=0.05/0/0/0.71, dsn=2.0.0, status=sent (250 2.0.0 from MTA(smtp:[127.0.0.1]:10025): 250 2.0.0 Ok: queued as E78884A1864)
Nov 14 08:46:38 zimbra postfix/smtp[27220]: 314DC4A187C: to=<fy.fang@fulltech-metal.com>, relay=127.0.0.1[127.0.0.1]:10032, delay=0.77, delays=0.05/0/0/0.71, dsn=2.0.0, status=sent (250 2.0.0 from MTA(smtp:[127.0.0.1]:10025): 250 2.0.0 Ok: queued as E78884A1864)
Nov 14 08:46:38 zimbra postfix/smtp[27220]: 314DC4A187C: to=<hm.zhu@fulltech-metal.com>, relay=127.0.0.1[127.0.0.1]:10032, delay=0.77, delays=0.05/0/0/0.71, dsn=2.0.0, status=sent (250 2.0.0 from MTA(smtp:[127.0.0.1]:10025): 250 2.0.0 Ok: queued as E78884A1864)
Nov 14 08:46:38 zimbra postfix/smtp[27220]: 314DC4A187C: to=<wt.liu@fulltech-metal.com>, relay=127.0.0.1[127.0.0.1]:10032, delay=0.77, delays=0.05/0/0/0.71, dsn=2.0.0, status=sent (250 2.0.0 from MTA(smtp:[127.0.0.1]:10025): 250 2.0.0 Ok: queued as E78884A1864)
Nov 14 08:46:38 zimbra postfix/smtp[27220]: 314DC4A187C: to=<yb.fan@fulltech-metal.com>, relay=127.0.0.1[127.0.0.1]:10032, delay=0.77, delays=0.05/0/0/0.71, dsn=2.0.0, status=sent (250 2.0.0 from MTA(smtp:[127.0.0.1]:10025): 250 2.0.0 Ok: queued as E78884A1864)
Nov 14 08:46:38 zimbra postfix/smtp[27220]: 314DC4A187C: to=<zg.hu@fulltech-metal.com>, relay=127.0.0.1[127.0.0.1]:10032, delay=0.77, delays=0.05/0/0/0.71, dsn=2.0.0, status=sent (250 2.0.0 from MTA(smtp:[127.0.0.1]:10025): 250 2.0.0 Ok: queued as E78884A1864)
Nov 14 08:46:38 zimbra postfix/smtp[27220]: 314DC4A187C: to=<zj.zou@fulltech-metal.com>, relay=127.0.0.1[127.0.0.1]:10032, delay=0.77, delays=0.05/0/0/0.71, dsn=2.0.0, status=sent (250 2.0.0 from MTA(smtp:[127.0.0.1]:10025): 250 2.0.0 Ok: queued as E78884A1864)
Nov 14 08:46:38 zimbra postfix/qmgr[6416]: 314DC4A187C: removed
Nov 14 08:46:40 zimbra postfix/smtp[27682]: E78884A1864: to=<dr.xu@fulltech-metal.com>, relay=mail.fulltech-metal.com[222.92.254.200]:25, delay=1.6, delays=0.02/0.02/0.61/0.99, dsn=2.0.0, status=sent (250 ok message accepted [1479084400.21530.6092,S=31806]?)
Nov 14 08:46:40 zimbra postfix/smtp[27682]: E78884A1864: to=<ftsg02@fulltech-metal.com>, relay=mail.fulltech-metal.com[222.92.254.200]:25, delay=1.6, delays=0.02/0.02/0.61/0.99, dsn=2.0.0, status=sent (250 ok message accepted [1479084400.21530.6092,S=31806]?)
Nov 14 08:46:40 zimbra postfix/smtp[27682]: E78884A1864: to=<fy.fang@fulltech-metal.com>, relay=mail.fulltech-metal.com[222.92.254.200]:25, delay=1.6, delays=0.02/0.02/0.61/0.99, dsn=2.0.0, status=sent (250 ok message accepted [1479084400.21530.6092,S=31806]?)
Nov 14 08:46:40 zimbra postfix/smtp[27682]: E78884A1864: to=<hm.zhu@fulltech-metal.com>, relay=mail.fulltech-metal.com[222.92.254.200]:25, delay=1.6, delays=0.02/0.02/0.61/0.99, dsn=2.0.0, status=sent (250 ok message accepted [1479084400.21530.6092,S=31806]?)
Nov 14 08:46:40 zimbra postfix/smtp[27682]: E78884A1864: to=<wt.liu@fulltech-metal.com>, relay=mail.fulltech-metal.com[222.92.254.200]:25, delay=1.6, delays=0.02/0.02/0.61/0.99, dsn=2.0.0, status=sent (250 ok message accepted [1479084400.21530.6092,S=31806]?)
Nov 14 08:46:40 zimbra postfix/smtp[27682]: E78884A1864: to=<yb.fan@fulltech-metal.com>, relay=mail.fulltech-metal.com[222.92.254.200]:25, delay=1.6, delays=0.02/0.02/0.61/0.99, dsn=2.0.0, status=sent (250 ok message accepted [1479084400.21530.6092,S=31806]?)
Nov 14 08:46:40 zimbra postfix/smtp[27682]: E78884A1864: to=<zg.hu@fulltech-metal.com>, relay=mail.fulltech-metal.com[222.92.254.200]:25, delay=1.6, delays=0.02/0.02/0.61/0.99, dsn=2.0.0, status=sent (250 ok message accepted [1479084400.21530.6092,S=31806]?)
Nov 14 08:46:40 zimbra postfix/smtp[27682]: E78884A1864: to=<zj.zou@fulltech-metal.com>, relay=mail.fulltech-metal.com[222.92.254.200]:25, delay=1.6, delays=0.02/0.02/0.61/0.99, dsn=2.0.0, status=sent (250 ok message accepted [1479084400.21530.6092,S=31806]?)
Nov 14 08:46:40 zimbra postfix/qmgr[6416]: E78884A1864: removed
Nov 14 08:46:40 zimbra postfix/smtpd[27217]: disconnect from unknown[222.92.254.194] ehlo=2 starttls=1 auth=1 mail=1 rcpt=8 data=1 quit=1 commands=15
Nov 14 08:47:38 zimbra postfix/scache[27226]: statistics: start interval Nov 14 08:45:53
Nov 14 08:47:38 zimbra postfix/scache[27226]: statistics: domain lookup hits=0 miss=1 success=0%
Nov 14 08:50:00 zimbra postfix/anvil[25592]: statistics: max connection rate 4/60s for (smtpd:222.92.254.194) at Nov 14 08:46:36
Nov 14 08:50:00 zimbra postfix/anvil[25592]: statistics: max connection count 1 for (smtpd:222.92.254.194) at Nov 14 08:43:27
Nov 14 08:50:00 zimbra postfix/anvil[25592]: statistics: max cache size 1 at Nov 14 08:43:27
Nov 14 08:52:05 zimbra postfix/postscreen[31175]: CONNECT from [222.92.254.194]:59482 to [203.66.83.217]:25
Nov 14 08:52:05 zimbra postfix/postscreen[31175]: PASS OLD [222.92.254.194]:59482
Nov 14 08:52:06 zimbra postfix/smtpd[31176]: connect from unknown[222.92.254.194]
Nov 14 08:52:06 zimbra postfix/smtpd[31176]: NOQUEUE: filter: RCPT from unknown[222.92.254.194]: <auto_joanna.zhang+ftsg02=fulltech-metal.com@fulltech-metal.com>: Sender address triggers FILTER smtp-amavis:[127.0.0.1]:10026; from=<auto_joanna.zhang+ftsg02=fulltech-metal.com@fulltech-metal.com> to=<service07@fulltech-metal.net> proto=SMTP helo=<fulltech-metal.com>
Nov 14 08:52:06 zimbra postfix/smtpd[31176]: NOQUEUE: filter: RCPT from unknown[222.92.254.194]: <auto_joanna.zhang+ftsg02=fulltech-metal.com@fulltech-metal.com>: Sender address triggers FILTER smtp-amavis:[127.0.0.1]:10024; from=<auto_joanna.zhang+ftsg02=fulltech-metal.com@fulltech-metal.com> to=<service07@fulltech-metal.net> proto=SMTP helo=<fulltech-metal.com>
Nov 14 08:52:06 zimbra postfix/smtpd[31176]: 607CF4A1864: client=unknown[222.92.254.194]
Nov 14 08:52:06 zimbra postfix/cleanup[31250]: 607CF4A1864: resent-message-id=<7cfed6e0b620d74db7783c1f7c0c26ce>
Nov 14 08:52:06 zimbra postfix/cleanup[31250]: 607CF4A1864: message-id=<201611140851532784021@fulltech-metal.com>
Nov 14 08:52:07 zimbra postfix/qmgr[6416]: 607CF4A1864: from=<auto_joanna.zhang+ftsg02=fulltech-metal.com@fulltech-metal.com>, size=983206, nrcpt=1 (queue active)
Nov 14 08:52:07 zimbra postfix/smtpd[31176]: disconnect from unknown[222.92.254.194] helo=1 mail=1 rcpt=1 data=1 quit=1 commands=5
Nov 14 08:52:13 zimbra postfix/amavisd/smtpd[31254]: connect from localhost[127.0.0.1]
Nov 14 08:52:13 zimbra postfix/amavisd/smtpd[31254]: 016A84A187C: client=localhost[127.0.0.1]
Nov 14 08:52:13 zimbra postfix/cleanup[31250]: 016A84A187C: resent-message-id=<7cfed6e0b620d74db7783c1f7c0c26ce>
Nov 14 08:52:13 zimbra postfix/cleanup[31250]: 016A84A187C: message-id=<201611140851532784021@fulltech-metal.com>
Nov 14 08:52:13 zimbra postfix/qmgr[6416]: 016A84A187C: from=<auto_joanna.zhang+ftsg02=fulltech-metal.com@fulltech-metal.com>, size=983954, nrcpt=1 (queue active)
Nov 14 08:52:13 zimbra postfix/amavisd/smtpd[31254]: disconnect from localhost[127.0.0.1] ehlo=1 mail=1 rcpt=1 data=1 quit=1 commands=5
Nov 14 08:52:13 zimbra postfix/smtp[31251]: 607CF4A1864: to=<service07@fulltech-metal.net>, relay=127.0.0.1[127.0.0.1]:10024, delay=6.8, delays=1.2/0.01/0/5.6, dsn=2.0.0, status=sent (250 2.0.0 from MTA(smtp:[127.0.0.1]:10025): 250 2.0.0 Ok: queued as 016A84A187C)
Nov 14 08:52:13 zimbra postfix/qmgr[6416]: 607CF4A1864: removed
Nov 14 08:52:13 zimbra postfix/lmtp[31255]: 016A84A187C: to=<service07@fulltech-metal.net>, relay=zimbra.fulltech-metal.net[203.66.83.217]:7025, delay=0.33, delays=0.08/0.01/0.05/0.19, dsn=2.1.5, status=sent (250 2.1.5 Delivery OK)
Nov 14 08:52:13 zimbra postfix/qmgr[6416]: 016A84A187C: removed
Nov 14 08:53:04 zimbra postfix/postscreen[31175]: CONNECT from [222.92.254.194]:59487 to [203.66.83.217]:25
Nov 14 08:53:04 zimbra postfix/postscreen[31175]: PASS OLD [222.92.254.194]:59487
Nov 14 08:53:04 zimbra postfix/smtpd[31176]: connect from unknown[222.92.254.194]
Nov 14 08:53:05 zimbra postfix/smtpd[31176]: NOQUEUE: filter: RCPT from unknown[222.92.254.194]: <auto_joanna.zhang+wt.liu=fulltech-metal.com@fulltech-metal.com>: Sender address triggers FILTER smtp-amavis:[127.0.0.1]:10026; from=<auto_joanna.zhang+wt.liu=fulltech-metal.com@fulltech-metal.com> to=<service07@fulltech-metal.net> proto=SMTP helo=<fulltech-metal.com>
Nov 14 08:53:05 zimbra postfix/smtpd[31176]: NOQUEUE: filter: RCPT from unknown[222.92.254.194]: <auto_joanna.zhang+wt.liu=fulltech-metal.com@fulltech-metal.com>: Sender address triggers FILTER smtp-amavis:[127.0.0.1]:10024; from=<auto_joanna.zhang+wt.liu=fulltech-metal.com@fulltech-metal.com> to=<service07@fulltech-metal.net> proto=SMTP helo=<fulltech-metal.com>
Nov 14 08:53:05 zimbra postfix/smtpd[31176]: 23F534A1864: client=unknown[222.92.254.194]
Nov 14 08:53:05 zimbra postfix/cleanup[31250]: 23F534A1864: resent-message-id=<4b969ca40f1093c19276e23ab5095b0b>
Nov 14 08:53:05 zimbra postfix/cleanup[31250]: 23F534A1864: message-id=<2016111408530212986611@fulltech-metal.com>
Nov 14 08:53:06 zimbra postfix/qmgr[6416]: 23F534A1864: from=<auto_joanna.zhang+wt.liu=fulltech-metal.com@fulltech-metal.com>, size=792795, nrcpt=1 (queue active)
Nov 14 08:53:06 zimbra postfix/smtpd[31176]: disconnect from unknown[222.92.254.194] helo=1 mail=1 rcpt=1 data=1 quit=1 commands=5
Nov 14 08:53:07 zimbra postfix/postscreen[31175]: CONNECT from [222.92.254.194]:59488 to [203.66.83.217]:25
Nov 14 08:53:07 zimbra postfix/postscreen[31175]: PASS OLD [222.92.254.194]:59488
Nov 14 08:53:07 zimbra postfix/smtpd[31176]: connect from unknown[222.92.254.194]
Nov 14 08:53:07 zimbra postfix/smtpd[31176]: NOQUEUE: filter: RCPT from unknown[222.92.254.194]: <auto_annie.li+wt.liu=fulltech-metal.com@fulltech-metal.com>: Sender address triggers FILTER smtp-amavis:[127.0.0.1]:10026; from=<auto_annie.li+wt.liu=fulltech-metal.com@fulltech-metal.com> to=<service03@fulltech-metal.net> proto=SMTP helo=<fulltech-metal.com>
Nov 14 08:53:07 zimbra postfix/smtpd[31176]: NOQUEUE: filter: RCPT from unknown[222.92.254.194]: <auto_annie.li+wt.liu=fulltech-metal.com@fulltech-metal.com>: Sender address triggers FILTER smtp-amavis:[127.0.0.1]:10024; from=<auto_annie.li+wt.liu=fulltech-metal.com@fulltech-metal.com> to=<service03@fulltech-metal.net> proto=SMTP helo=<fulltech-metal.com>
Nov 14 08:53:07 zimbra postfix/smtpd[31176]: 419CA4A187C: client=unknown[222.92.254.194]
Nov 14 08:53:07 zimbra postfix/cleanup[31250]: 419CA4A187C: resent-message-id=<1fd439c733190936d6575a1d48cbb763>
Nov 14 08:53:07 zimbra postfix/cleanup[31250]: 419CA4A187C: message-id=<2016111408530212986611@fulltech-metal.com>
Nov 14 08:53:07 zimbra postfix/amavisd/smtpd[31254]: connect from localhost[127.0.0.1]
Nov 14 08:53:07 zimbra postfix/amavisd/smtpd[31254]: B55014A1882: client=localhost[127.0.0.1]
Nov 14 08:53:07 zimbra postfix/cleanup[31656]: B55014A1882: resent-message-id=<4b969ca40f1093c19276e23ab5095b0b>
Nov 14 08:53:07 zimbra postfix/cleanup[31656]: B55014A1882: message-id=<2016111408530212986611@fulltech-metal.com>
Nov 14 08:53:07 zimbra postfix/qmgr[6416]: B55014A1882: from=<auto_joanna.zhang+wt.liu=fulltech-metal.com@fulltech-metal.com>, size=793569, nrcpt=1 (queue active)
Nov 14 08:53:07 zimbra postfix/amavisd/smtpd[31254]: disconnect from localhost[127.0.0.1] ehlo=1 mail=1 rcpt=1 data=1 quit=1 commands=5
Nov 14 08:53:07 zimbra postfix/smtp[31251]: 23F534A1864: to=<service07@fulltech-metal.net>, relay=127.0.0.1[127.0.0.1]:10024, delay=2.7, delays=1.5/0/0/1.3, dsn=2.0.0, status=sent (250 2.0.0 from MTA(smtp:[127.0.0.1]:10025): 250 2.0.0 Ok: queued as B55014A1882)
Nov 14 08:53:07 zimbra postfix/qmgr[6416]: 23F534A1864: removed
Nov 14 08:53:08 zimbra postfix/lmtp[31255]: B55014A1882: to=<service07@fulltech-metal.net>, relay=zimbra.fulltech-metal.net[203.66.83.217]:7025, delay=0.36, delays=0.06/0/0.05/0.24, dsn=2.1.5, status=sent (250 2.1.5 Delivery OK)
Nov 14 08:53:08 zimbra postfix/qmgr[6416]: B55014A1882: removed
Nov 14 08:53:08 zimbra postfix/qmgr[6416]: 419CA4A187C: from=<auto_annie.li+wt.liu=fulltech-metal.com@fulltech-metal.com>, size=792783, nrcpt=1 (queue active)
Nov 14 08:53:08 zimbra postfix/smtpd[31176]: disconnect from unknown[222.92.254.194] helo=1 mail=1 rcpt=1 data=1 quit=1 commands=5
Nov 14 08:53:09 zimbra postfix/postscreen[31175]: CONNECT from [222.92.254.194]:59489 to [203.66.83.217]:25
Nov 14 08:53:09 zimbra postfix/postscreen[31175]: PASS OLD [222.92.254.194]:59489
Nov 14 08:53:09 zimbra postfix/smtpd[31176]: connect from unknown[222.92.254.194]
Nov 14 08:53:09 zimbra postfix/amavisd/smtpd[31254]: connect from localhost[127.0.0.1]
Nov 14 08:53:09 zimbra postfix/amavisd/smtpd[31254]: 367FB4A1864: client=localhost[127.0.0.1]
Nov 14 08:53:09 zimbra postfix/cleanup[31656]: 367FB4A1864: resent-message-id=<1fd439c733190936d6575a1d48cbb763>
Nov 14 08:53:09 zimbra postfix/cleanup[31656]: 367FB4A1864: message-id=<2016111408530212986611@fulltech-metal.com>
Nov 14 08:53:09 zimbra postfix/amavisd/smtpd[31254]: disconnect from localhost[127.0.0.1] ehlo=1 mail=1 rcpt=1 data=1 quit=1 commands=5
Nov 14 08:53:09 zimbra postfix/qmgr[6416]: 367FB4A1864: from=<auto_annie.li+wt.liu=fulltech-metal.com@fulltech-metal.com>, size=793557, nrcpt=1 (queue active)
Nov 14 08:53:09 zimbra postfix/smtp[31251]: 419CA4A187C: to=<service03@fulltech-metal.net>, relay=127.0.0.1[127.0.0.1]:10024, delay=2.1, delays=1.5/0/0/0.65, dsn=2.0.0, status=sent (250 2.0.0 from MTA(smtp:[127.0.0.1]:10025): 250 2.0.0 Ok: queued as 367FB4A1864)
Nov 14 08:53:09 zimbra postfix/qmgr[6416]: 419CA4A187C: removed
Nov 14 08:53:09 zimbra postfix/smtpd[31176]: NOQUEUE: filter: RCPT from unknown[222.92.254.194]: <auto_danny.liang+wt.liu=fulltech-metal.com@fulltech-metal.com>: Sender address triggers FILTER smtp-amavis:[127.0.0.1]:10026; from=<auto_danny.liang+wt.liu=fulltech-metal.com@fulltech-metal.com> to=<service04@fulltech-metal.net> proto=SMTP helo=<fulltech-metal.com>
Nov 14 08:53:09 zimbra postfix/smtpd[31176]: NOQUEUE: filter: RCPT from unknown[222.92.254.194]: <auto_danny.liang+wt.liu=fulltech-metal.com@fulltech-metal.com>: Sender address triggers FILTER smtp-amavis:[127.0.0.1]:10024; from=<auto_danny.liang+wt.liu=fulltech-metal.com@fulltech-metal.com> to=<service04@fulltech-metal.net> proto=SMTP helo=<fulltech-metal.com>
Nov 14 08:53:09 zimbra postfix/smtpd[31176]: 5DA0D4A187C: client=unknown[222.92.254.194]
Nov 14 08:53:09 zimbra postfix/cleanup[31250]: 5DA0D4A187C: resent-message-id=<f9f7c4c259f754518f4a29dde1b23b56>
Nov 14 08:53:09 zimbra postfix/lmtp[31255]: 367FB4A1864: to=<service03@fulltech-metal.net>, relay=zimbra.fulltech-metal.net[203.66.83.217]:7025, delay=0.44, delays=0.06/0/0.05/0.32, dsn=2.1.5, status=sent (250 2.1.5 Delivery OK)
Nov 14 08:53:09 zimbra postfix/qmgr[6416]: 367FB4A1864: removed
Nov 14 08:53:09 zimbra postfix/cleanup[31250]: 5DA0D4A187C: message-id=<2016111408530212986611@fulltech-metal.com>
Nov 14 08:53:10 zimbra postfix/qmgr[6416]: 5DA0D4A187C: from=<auto_danny.liang+wt.liu=fulltech-metal.com@fulltech-metal.com>, size=792792, nrcpt=1 (queue active)
Nov 14 08:53:10 zimbra postfix/smtpd[31176]: disconnect from unknown[222.92.254.194] helo=1 mail=1 rcpt=1 data=1 quit=1 commands=5
Nov 14 08:53:11 zimbra postfix/amavisd/smtpd[31254]: connect from localhost[127.0.0.1]
Nov 14 08:53:11 zimbra postfix/amavisd/smtpd[31254]: 48DE24A1864: client=localhost[127.0.0.1]
Nov 14 08:53:11 zimbra postfix/cleanup[31656]: 48DE24A1864: resent-message-id=<f9f7c4c259f754518f4a29dde1b23b56>
Nov 14 08:53:11 zimbra postfix/cleanup[31656]: 48DE24A1864: message-id=<2016111408530212986611@fulltech-metal.com>
Nov 14 08:53:11 zimbra postfix/qmgr[6416]: 48DE24A1864: from=<auto_danny.liang+wt.liu=fulltech-metal.com@fulltech-metal.com>, size=793566, nrcpt=1 (queue active)
Nov 14 08:53:11 zimbra postfix/smtp[31251]: 5DA0D4A187C: to=<service04@fulltech-metal.net>, relay=127.0.0.1[127.0.0.1]:10024, delay=2.1, delays=1.4/0/0/0.67, dsn=2.0.0, status=sent (250 2.0.0 from MTA(smtp:[127.0.0.1]:10025): 250 2.0.0 Ok: queued as 48DE24A1864)
Nov 14 08:53:11 zimbra postfix/qmgr[6416]: 5DA0D4A187C: removed
Nov 14 08:53:11 zimbra postfix/lmtp[31255]: 48DE24A1864: to=<service04@fulltech-metal.net>, relay=zimbra.fulltech-metal.net[203.66.83.217]:7025, delay=0.29, delays=0.06/0/0.05/0.18, dsn=2.1.5, status=sent (250 2.1.5 Delivery OK)
Nov 14 08:53:11 zimbra postfix/qmgr[6416]: 48DE24A1864: removed
Nov 14 08:55:49 zimbra postfix/postscreen[843]: CONNECT from [222.92.254.194]:59507 to [203.66.83.217]:25
Nov 14 08:55:49 zimbra postfix/postscreen[843]: PASS OLD [222.92.254.194]:59507
Nov 14 08:55:49 zimbra postfix/smtpd[844]: connect from unknown[222.92.254.194]
Nov 14 08:55:49 zimbra postfix/smtpd[844]: NOQUEUE: filter: RCPT from unknown[222.92.254.194]: <auto_annie.li+xiaohua_zhang=jishiks.com@fulltech-metal.com>: Sender address triggers FILTER smtp-amavis:[127.0.0.1]:10026; from=<auto_annie.li+xiaohua_zhang=jishiks.com@fulltech-metal.com> to=<service03@fulltech-metal.net> proto=SMTP helo=<fulltech-metal.com>
Nov 14 08:55:49 zimbra postfix/smtpd[844]: NOQUEUE: filter: RCPT from unknown[222.92.254.194]: <auto_annie.li+xiaohua_zhang=jishiks.com@fulltech-metal.com>: Sender address triggers FILTER smtp-amavis:[127.0.0.1]:10024; from=<auto_annie.li+xiaohua_zhang=jishiks.com@fulltech-metal.com> to=<service03@fulltech-metal.net> proto=SMTP helo=<fulltech-metal.com>
Nov 14 08:55:49 zimbra postfix/smtpd[844]: C166E4A1864: client=unknown[222.92.254.194]
Nov 14 08:55:50 zimbra postfix/cleanup[845]: C166E4A1864: resent-message-id=<eb9c322d2d36d0eca90e968f5e7c778d>
Nov 14 08:55:50 zimbra postfix/cleanup[845]: C166E4A1864: message-id=<002701d23e11$cf5906d0$6e0b1470$@com>
Nov 14 08:55:50 zimbra postfix/qmgr[6416]: C166E4A1864: from=<auto_annie.li+xiaohua_zhang=jishiks.com@fulltech-metal.com>, size=77325, nrcpt=1 (queue active)
Nov 14 08:55:50 zimbra postfix/smtpd[844]: disconnect from unknown[222.92.254.194] helo=1 mail=1 rcpt=1 data=1 quit=1 commands=5
Nov 14 08:55:50 zimbra postfix/postscreen[843]: CONNECT from [222.92.254.194]:59508 to [203.66.83.217]:25
Nov 14 08:55:50 zimbra postfix/postscreen[843]: PASS OLD [222.92.254.194]:59508
Nov 14 08:55:50 zimbra postfix/smtpd[844]: connect from unknown[222.92.254.194]
Nov 14 08:55:50 zimbra postfix/smtpd[844]: NOQUEUE: filter: RCPT from unknown[222.92.254.194]: <auto_danny.liang+xiaohua_zhang=jishiks.com@fulltech-metal.com>: Sender address triggers FILTER smtp-amavis:[127.0.0.1]:10026; from=<auto_danny.liang+xiaohua_zhang=jishiks.com@fulltech-metal.com> to=<service04@fulltech-metal.net> proto=SMTP helo=<fulltech-metal.com>
Nov 14 08:55:50 zimbra postfix/smtpd[844]: NOQUEUE: filter: RCPT from unknown[222.92.254.194]: <auto_danny.liang+xiaohua_zhang=jishiks.com@fulltech-metal.com>: Sender address triggers FILTER smtp-amavis:[127.0.0.1]:10024; from=<auto_danny.liang+xiaohua_zhang=jishiks.com@fulltech-metal.com> to=<service04@fulltech-metal.net> proto=SMTP helo=<fulltech-metal.com>
Nov 14 08:55:50 zimbra postfix/smtpd[844]: B554F4A187C: client=unknown[222.92.254.194]
Nov 14 08:55:50 zimbra postfix/cleanup[845]: B554F4A187C: resent-message-id=<868eea284dd1ddc9bfe547e1703c0a97>
Nov 14 08:55:50 zimbra postfix/cleanup[845]: B554F4A187C: message-id=<002701d23e11$cf5906d0$6e0b1470$@com>
Nov 14 08:55:51 zimbra postfix/qmgr[6416]: B554F4A187C: from=<auto_danny.liang+xiaohua_zhang=jishiks.com@fulltech-metal.com>, size=77334, nrcpt=1 (queue active)
Nov 14 08:55:51 zimbra postfix/smtpd[844]: disconnect from unknown[222.92.254.194] helo=1 mail=1 rcpt=1 data=1 quit=1 commands=5
Nov 14 08:55:51 zimbra postfix/postscreen[843]: CONNECT from [222.92.254.194]:59509 to [203.66.83.217]:25
Nov 14 08:55:51 zimbra postfix/postscreen[843]: PASS OLD [222.92.254.194]:59509
Nov 14 08:55:51 zimbra postfix/smtpd[844]: connect from unknown[222.92.254.194]
Nov 14 08:55:52 zimbra postfix/smtpd[844]: NOQUEUE: filter: RCPT from unknown[222.92.254.194]: <auto_joanna.zhang+xiaohua_zhang=jishiks.com@fulltech-metal.com>: Sender address triggers FILTER smtp-amavis:[127.0.0.1]:10026; from=<auto_joanna.zhang+xiaohua_zhang=jishiks.com@fulltech-metal.com> to=<service07@fulltech-metal.net> proto=SMTP helo=<fulltech-metal.com>
Nov 14 08:55:52 zimbra postfix/smtpd[844]: NOQUEUE: filter: RCPT from unknown[222.92.254.194]: <auto_joanna.zhang+xiaohua_zhang=jishiks.com@fulltech-metal.com>: Sender address triggers FILTER smtp-amavis:[127.0.0.1]:10024; from=<auto_joanna.zhang+xiaohua_zhang=jishiks.com@fulltech-metal.com> to=<service07@fulltech-metal.net> proto=SMTP helo=<fulltech-metal.com>
Nov 14 08:55:52 zimbra postfix/smtpd[844]: 2E5334A1882: client=unknown[222.92.254.194]
Nov 14 08:55:52 zimbra postfix/cleanup[845]: 2E5334A1882: resent-message-id=<d7f5da8320c01f0b9989586c918ead16>
Nov 14 08:55:52 zimbra postfix/cleanup[845]: 2E5334A1882: message-id=<002701d23e11$cf5906d0$6e0b1470$@com>
Nov 14 08:55:52 zimbra postfix/qmgr[6416]: 2E5334A1882: from=<auto_joanna.zhang+xiaohua_zhang=jishiks.com@fulltech-metal.com>, size=77337, nrcpt=1 (queue active)
Nov 14 08:55:52 zimbra postfix/smtpd[844]: disconnect from unknown[222.92.254.194] helo=1 mail=1 rcpt=1 data=1 quit=1 commands=5
Nov 14 08:55:55 zimbra postfix/amavisd/smtpd[851]: connect from localhost[127.0.0.1]
Nov 14 08:55:55 zimbra postfix/amavisd/smtpd[851]: 0848B4A188A: client=localhost[127.0.0.1]
Nov 14 08:55:55 zimbra postfix/cleanup[845]: 0848B4A188A: resent-message-id=<eb9c322d2d36d0eca90e968f5e7c778d>
Nov 14 08:55:55 zimbra postfix/cleanup[845]: 0848B4A188A: message-id=<002701d23e11$cf5906d0$6e0b1470$@com>
Nov 14 08:55:55 zimbra postfix/amavisd/smtpd[851]: disconnect from localhost[127.0.0.1] ehlo=1 mail=1 rcpt=1 data=1 quit=1 commands=5
Nov 14 08:55:55 zimbra postfix/qmgr[6416]: 0848B4A188A: from=<auto_annie.li+xiaohua_zhang=jishiks.com@fulltech-metal.com>, size=78080, nrcpt=1 (queue active)
Nov 14 08:55:55 zimbra postfix/smtp[846]: C166E4A1864: to=<service03@fulltech-metal.net>, relay=127.0.0.1[127.0.0.1]:10024, delay=5.4, delays=0.59/0.01/0/4.8, dsn=2.0.0, status=sent (250 2.0.0 from MTA(smtp:[127.0.0.1]:10025): 250 2.0.0 Ok: queued as 0848B4A188A)
Nov 14 08:55:55 zimbra postfix/qmgr[6416]: C166E4A1864: removed
Nov 14 08:55:55 zimbra postfix/lmtp[852]: 0848B4A188A: to=<service03@fulltech-metal.net>, relay=zimbra.fulltech-metal.net[203.66.83.217]:7025, delay=0.23, delays=0.04/0.01/0.05/0.12, dsn=2.1.5, status=sent (250 2.1.5 Delivery OK)
Nov 14 08:55:55 zimbra postfix/qmgr[6416]: 0848B4A188A: removed
Nov 14 08:55:55 zimbra postfix/amavisd/smtpd[31254]: E3C9B4A1864: client=localhost[127.0.0.1]
Nov 14 08:55:55 zimbra postfix/cleanup[845]: E3C9B4A1864: resent-message-id=<868eea284dd1ddc9bfe547e1703c0a97>
Nov 14 08:55:55 zimbra postfix/cleanup[845]: E3C9B4A1864: message-id=<002701d23e11$cf5906d0$6e0b1470$@com>
Nov 14 08:55:55 zimbra postfix/amavisd/smtpd[31254]: disconnect from localhost[127.0.0.1] ehlo=1 mail=2 rcpt=2 data=2 noop=1 quit=1 commands=9
Nov 14 08:55:55 zimbra postfix/qmgr[6416]: E3C9B4A1864: from=<auto_danny.liang+xiaohua_zhang=jishiks.com@fulltech-metal.com>, size=78089, nrcpt=1 (queue active)
Nov 14 08:55:55 zimbra postfix/smtp[849]: B554F4A187C: to=<service04@fulltech-metal.net>, relay=127.0.0.1[127.0.0.1]:10024, delay=5.3, delays=0.56/0.01/0/4.7, dsn=2.0.0, status=sent (250 2.0.0 from MTA(smtp:[127.0.0.1]:10025): 250 2.0.0 Ok: queued as E3C9B4A1864)
Nov 14 08:55:55 zimbra postfix/qmgr[6416]: B554F4A187C: removed
Nov 14 08:55:56 zimbra postfix/lmtp[852]: E3C9B4A1864: to=<service04@fulltech-metal.net>, relay=zimbra.fulltech-metal.net[203.66.83.217]:7025, delay=0.2, delays=0.04/0/0.05/0.1, dsn=2.1.5, status=sent (250 2.1.5 Delivery OK)
Nov 14 08:55:56 zimbra postfix/qmgr[6416]: E3C9B4A1864: removed
Nov 14 08:55:57 zimbra postfix/amavisd/smtpd[851]: connect from localhost[127.0.0.1]
Nov 14 08:55:57 zimbra postfix/amavisd/smtpd[851]: 66CD24A1864: client=localhost[127.0.0.1]
Nov 14 08:55:57 zimbra postfix/cleanup[845]: 66CD24A1864: resent-message-id=<d7f5da8320c01f0b9989586c918ead16>
Nov 14 08:55:57 zimbra postfix/cleanup[845]: 66CD24A1864: message-id=<002701d23e11$cf5906d0$6e0b1470$@com>
Nov 14 08:55:57 zimbra postfix/amavisd/smtpd[851]: disconnect from localhost[127.0.0.1] ehlo=1 mail=1 rcpt=1 data=1 quit=1 commands=5
Nov 14 08:55:57 zimbra postfix/qmgr[6416]: 66CD24A1864: from=<auto_joanna.zhang+xiaohua_zhang=jishiks.com@fulltech-metal.com>, size=78092, nrcpt=1 (queue active)
Nov 14 08:55:57 zimbra postfix/smtp[850]: 2E5334A1882: to=<service07@fulltech-metal.net>, relay=127.0.0.1[127.0.0.1]:10024, delay=5.4, delays=0.61/0.01/0/4.8, dsn=2.0.0, status=sent (250 2.0.0 from MTA(smtp:[127.0.0.1]:10025): 250 2.0.0 Ok: queued as 66CD24A1864)
Nov 14 08:55:57 zimbra postfix/qmgr[6416]: 2E5334A1882: removed
Nov 14 08:55:57 zimbra postfix/lmtp[852]: 66CD24A1864: to=<service07@fulltech-metal.net>, relay=zimbra.fulltech-metal.net[203.66.83.217]:7025, delay=0.21, delays=0.05/0/0.05/0.1, dsn=2.1.5, status=sent (250 2.1.5 Delivery OK)
Nov 14 08:55:57 zimbra postfix/qmgr[6416]: 66CD24A1864: removed
Nov 14 08:56:02 zimbra postfix/postscreen[843]: CONNECT from [222.92.254.194]:59512 to [203.66.83.217]:25
Nov 14 08:56:02 zimbra postfix/postscreen[843]: PASS OLD [222.92.254.194]:59512
Nov 14 08:56:02 zimbra postfix/smtpd[844]: connect from unknown[222.92.254.194]
Nov 14 08:56:03 zimbra postfix/smtpd[844]: NOQUEUE: filter: RCPT from unknown[222.92.254.194]: <auto_annie.li+xiaohua_zhang=jishiks.com@fulltech-metal.com>: Sender address triggers FILTER smtp-amavis:[127.0.0.1]:10026; from=<auto_annie.li+xiaohua_zhang=jishiks.com@fulltech-metal.com> to=<service03@fulltech-metal.net> proto=SMTP helo=<fulltech-metal.com>
Nov 14 08:56:03 zimbra postfix/smtpd[844]: NOQUEUE: filter: RCPT from unknown[222.92.254.194]: <auto_annie.li+xiaohua_zhang=jishiks.com@fulltech-metal.com>: Sender address triggers FILTER smtp-amavis:[127.0.0.1]:10024; from=<auto_annie.li+xiaohua_zhang=jishiks.com@fulltech-metal.com> to=<service03@fulltech-metal.net> proto=SMTP helo=<fulltech-metal.com>
Nov 14 08:56:03 zimbra postfix/smtpd[844]: 05FE74A1864: client=unknown[222.92.254.194]
Nov 14 08:56:03 zimbra postfix/cleanup[845]: 05FE74A1864: resent-message-id=<cf567956d043772a5592d1e1f2aa8529>
Nov 14 08:56:03 zimbra postfix/cleanup[845]: 05FE74A1864: message-id=<002c01d23e11$e234e850$a69eb8f0$@com>
Nov 14 08:56:03 zimbra postfix/qmgr[6416]: 05FE74A1864: from=<auto_annie.li+xiaohua_zhang=jishiks.com@fulltech-metal.com>, size=45679, nrcpt=1 (queue active)
Nov 14 08:56:03 zimbra postfix/smtpd[844]: disconnect from unknown[222.92.254.194] helo=1 mail=1 rcpt=1 data=1 quit=1 commands=5
Nov 14 08:56:03 zimbra postfix/postscreen[843]: CONNECT from [222.92.254.194]:59513 to [203.66.83.217]:25
Nov 14 08:56:03 zimbra postfix/postscreen[843]: PASS OLD [222.92.254.194]:59513
Nov 14 08:56:03 zimbra postfix/smtpd[844]: connect from unknown[222.92.254.194]
Nov 14 08:56:03 zimbra postfix/smtpd[844]: NOQUEUE: filter: RCPT from unknown[222.92.254.194]: <auto_danny.liang+xiaohua_zhang=jishiks.com@fulltech-metal.com>: Sender address triggers FILTER smtp-amavis:[127.0.0.1]:10026; from=<auto_danny.liang+xiaohua_zhang=jishiks.com@fulltech-metal.com> to=<service04@fulltech-metal.net> proto=SMTP helo=<fulltech-metal.com>
Nov 14 08:56:03 zimbra postfix/smtpd[844]: NOQUEUE: filter: RCPT from unknown[222.92.254.194]: <auto_danny.liang+xiaohua_zhang=jishiks.com@fulltech-metal.com>: Sender address triggers FILTER smtp-amavis:[127.0.0.1]:10024; from=<auto_danny.liang+xiaohua_zhang=jishiks.com@fulltech-metal.com> to=<service04@fulltech-metal.net> proto=SMTP helo=<fulltech-metal.com>
Nov 14 08:56:03 zimbra postfix/smtpd[844]: E646E4A187C: client=unknown[222.92.254.194]
Nov 14 08:56:04 zimbra postfix/amavisd/smtpd[31254]: connect from localhost[127.0.0.1]
Nov 14 08:56:04 zimbra postfix/amavisd/smtpd[31254]: 0680F4A1882: client=localhost[127.0.0.1]
Nov 14 08:56:04 zimbra postfix/cleanup[1020]: 0680F4A1882: resent-message-id=<cf567956d043772a5592d1e1f2aa8529>
Nov 14 08:56:04 zimbra postfix/cleanup[1020]: 0680F4A1882: message-id=<002c01d23e11$e234e850$a69eb8f0$@com>
Nov 14 08:56:04 zimbra postfix/qmgr[6416]: 0680F4A1882: from=<auto_annie.li+xiaohua_zhang=jishiks.com@fulltech-metal.com>, size=46466, nrcpt=1 (queue active)
Nov 14 08:56:04 zimbra postfix/amavisd/smtpd[31254]: disconnect from localhost[127.0.0.1] ehlo=1 mail=1 rcpt=1 data=1 quit=1 commands=5
Nov 14 08:56:04 zimbra postfix/smtp[846]: 05FE74A1864: to=<service03@fulltech-metal.net>, relay=127.0.0.1[127.0.0.1]:10024, delay=1.1, delays=0.52/0/0/0.61, dsn=2.0.0, status=sent (250 2.0.0 from MTA(smtp:[127.0.0.1]:10025): 250 2.0.0 Ok: queued as 0680F4A1882)
Nov 14 08:56:04 zimbra postfix/qmgr[6416]: 05FE74A1864: removed
Nov 14 08:56:04 zimbra postfix/cleanup[845]: E646E4A187C: resent-message-id=<17aff092e273e4cb958f46207c04cf23>
Nov 14 08:56:04 zimbra postfix/cleanup[845]: E646E4A187C: message-id=<002c01d23e11$e234e850$a69eb8f0$@com>
Nov 14 08:56:04 zimbra postfix/lmtp[852]: 0680F4A1882: to=<service03@fulltech-metal.net>, relay=zimbra.fulltech-metal.net[203.66.83.217]:7025, delay=0.26, delays=0.05/0.01/0.07/0.13, dsn=2.1.5, status=sent (250 2.1.5 Delivery OK)
Nov 14 08:56:04 zimbra postfix/qmgr[6416]: 0680F4A1882: removed
Nov 14 08:56:04 zimbra postfix/qmgr[6416]: E646E4A187C: from=<auto_danny.liang+xiaohua_zhang=jishiks.com@fulltech-metal.com>, size=45688, nrcpt=1 (queue active)
Nov 14 08:56:04 zimbra postfix/smtpd[844]: disconnect from unknown[222.92.254.194] helo=1 mail=1 rcpt=1 data=1 quit=1 commands=5
Nov 14 08:56:04 zimbra postfix/amavisd/smtpd[851]: connect from localhost[127.0.0.1]
Nov 14 08:56:04 zimbra postfix/amavisd/smtpd[851]: CF6B34A1864: client=localhost[127.0.0.1]
Nov 14 08:56:04 zimbra postfix/cleanup[1020]: CF6B34A1864: resent-message-id=<17aff092e273e4cb958f46207c04cf23>
Nov 14 08:56:04 zimbra postfix/cleanup[1020]: CF6B34A1864: message-id=<002c01d23e11$e234e850$a69eb8f0$@com>
Nov 14 08:56:04 zimbra postfix/qmgr[6416]: CF6B34A1864: from=<auto_danny.liang+xiaohua_zhang=jishiks.com@fulltech-metal.com>, size=46475, nrcpt=1 (queue active)
Nov 14 08:56:04 zimbra postfix/amavisd/smtpd[851]: disconnect from localhost[127.0.0.1] ehlo=1 mail=1 rcpt=1 data=1 quit=1 commands=5
Nov 14 08:56:04 zimbra postfix/smtp[849]: E646E4A187C: to=<service04@fulltech-metal.net>, relay=127.0.0.1[127.0.0.1]:10024, delay=1, delays=0.54/0/0/0.49, dsn=2.0.0, status=sent (250 2.0.0 from MTA(smtp:[127.0.0.1]:10025): 250 2.0.0 Ok: queued as CF6B34A1864)
Nov 14 08:56:04 zimbra postfix/qmgr[6416]: E646E4A187C: removed
Nov 14 08:56:05 zimbra postfix/lmtp[852]: CF6B34A1864: to=<service04@fulltech-metal.net>, relay=zimbra.fulltech-metal.net[203.66.83.217]:7025, delay=0.22, delays=0.05/0.01/0.05/0.11, dsn=2.1.5, status=sent (250 2.1.5 Delivery OK)
Nov 14 08:56:05 zimbra postfix/qmgr[6416]: CF6B34A1864: removed
Nov 14 08:56:05 zimbra postfix/postscreen[843]: CONNECT from [222.92.254.194]:59514 to [203.66.83.217]:25
Nov 14 08:56:05 zimbra postfix/postscreen[843]: PASS OLD [222.92.254.194]:59514
Nov 14 08:56:05 zimbra postfix/smtpd[844]: connect from unknown[222.92.254.194]
Nov 14 08:56:05 zimbra postfix/smtpd[844]: NOQUEUE: filter: RCPT from unknown[222.92.254.194]: <auto_joanna.zhang+xiaohua_zhang=jishiks.com@fulltech-metal.com>: Sender address triggers FILTER smtp-amavis:[127.0.0.1]:10026; from=<auto_joanna.zhang+xiaohua_zhang=jishiks.com@fulltech-metal.com> to=<service07@fulltech-metal.net> proto=SMTP helo=<fulltech-metal.com>
Nov 14 08:56:05 zimbra postfix/smtpd[844]: NOQUEUE: filter: RCPT from unknown[222.92.254.194]: <auto_joanna.zhang+xiaohua_zhang=jishiks.com@fulltech-metal.com>: Sender address triggers FILTER smtp-amavis:[127.0.0.1]:10024; from=<auto_joanna.zhang+xiaohua_zhang=jishiks.com@fulltech-metal.com> to=<service07@fulltech-metal.net> proto=SMTP helo=<fulltech-metal.com>
Nov 14 08:56:05 zimbra postfix/smtpd[844]: 54DBB4A1864: client=unknown[222.92.254.194]
Nov 14 08:56:05 zimbra postfix/cleanup[845]: 54DBB4A1864: resent-message-id=<4d67dc6ecd92d8104511acd31f7dd3a1>
Nov 14 08:56:05 zimbra postfix/cleanup[845]: 54DBB4A1864: message-id=<002c01d23e11$e234e850$a69eb8f0$@com>
Nov 14 08:56:05 zimbra postfix/qmgr[6416]: 54DBB4A1864: from=<auto_joanna.zhang+xiaohua_zhang=jishiks.com@fulltech-metal.com>, size=45691, nrcpt=1 (queue active)
Nov 14 08:56:05 zimbra postfix/smtpd[844]: disconnect from unknown[222.92.254.194] helo=1 mail=1 rcpt=1 data=1 quit=1 commands=5
Nov 14 08:56:06 zimbra postfix/amavisd/smtpd[31254]: connect from localhost[127.0.0.1]
Nov 14 08:56:06 zimbra postfix/amavisd/smtpd[31254]: 3BF5F4A187C: client=localhost[127.0.0.1]
Nov 14 08:56:06 zimbra postfix/cleanup[1020]: 3BF5F4A187C: resent-message-id=<4d67dc6ecd92d8104511acd31f7dd3a1>
Nov 14 08:56:06 zimbra postfix/cleanup[1020]: 3BF5F4A187C: message-id=<002c01d23e11$e234e850$a69eb8f0$@com>
Nov 14 08:56:06 zimbra postfix/amavisd/smtpd[31254]: disconnect from localhost[127.0.0.1] ehlo=1 mail=1 rcpt=1 data=1 quit=1 commands=5
Nov 14 08:56:06 zimbra postfix/qmgr[6416]: 3BF5F4A187C: from=<auto_joanna.zhang+xiaohua_zhang=jishiks.com@fulltech-metal.com>, size=46478, nrcpt=1 (queue active)
Nov 14 08:56:06 zimbra postfix/smtp[850]: 54DBB4A1864: to=<service07@fulltech-metal.net>, relay=127.0.0.1[127.0.0.1]:10024, delay=1, delays=0.53/0/0/0.49, dsn=2.0.0, status=sent (250 2.0.0 from MTA(smtp:[127.0.0.1]:10025): 250 2.0.0 Ok: queued as 3BF5F4A187C)
Nov 14 08:56:06 zimbra postfix/qmgr[6416]: 54DBB4A1864: removed
Nov 14 08:56:06 zimbra postfix/lmtp[852]: 3BF5F4A187C: to=<service07@fulltech-metal.net>, relay=zimbra.fulltech-metal.net[203.66.83.217]:7025, delay=0.21, delays=0.04/0/0.05/0.11, dsn=2.1.5, status=sent (250 2.1.5 Delivery OK)
Nov 14 08:56:06 zimbra postfix/qmgr[6416]: 3BF5F4A187C: removed
Nov 14 08:59:26 zimbra postfix/anvil[31222]: statistics: max connection rate 6/60s for (smtpd:222.92.254.194) at Nov 14 08:56:05
Nov 14 08:59:26 zimbra postfix/anvil[31222]: statistics: max connection count 1 for (smtpd:222.92.254.194) at Nov 14 08:52:06
Nov 14 08:59:26 zimbra postfix/anvil[31222]: statistics: max cache size 1 at Nov 14 08:52:06
Nov 14 09:01:22 zimbra postfix/postscreen[4349]: CONNECT from [222.92.254.194]:54246 to [203.66.83.217]:25
Nov 14 09:01:22 zimbra postfix/postscreen[4349]: PASS OLD [222.92.254.194]:54246
Nov 14 09:01:27 zimbra postfix/smtpd[4350]: connect from unknown[222.92.254.194]
Nov 14 09:01:27 zimbra postfix/smtpd[4350]: Anonymous TLS connection established from unknown[222.92.254.194]: TLSv1.2 with cipher ECDHE-RSA-AES256-GCM-SHA384 (256/256 bits)
Nov 14 09:01:28 zimbra postfix/smtpd[4350]: NOQUEUE: filter: RCPT from unknown[222.92.254.194]: <service07@fulltech-metal.net>: Sender address triggers FILTER smtp-amavis:[127.0.0.1]:10026; from=<service07@fulltech-metal.net> to=<xiaohua_zhang@jishiks.com> proto=ESMTP helo=<ftyw26>
Nov 14 09:01:28 zimbra postfix/smtpd[4350]: 55EF24A1864: client=unknown[222.92.254.194], sasl_method=LOGIN, sasl_username=service07@fulltech-metal.net
Nov 14 09:01:28 zimbra postfix/smtpd[4350]: 55EF24A1864: filter: RCPT from unknown[222.92.254.194]: <service07@fulltech-metal.net>: Sender address triggers FILTER smtp-amavis:[127.0.0.1]:10026; from=<service07@fulltech-metal.net> to=<wt.liu@fulltech-metal.com> proto=ESMTP helo=<ftyw26>
Nov 14 09:01:28 zimbra postfix/smtpd[4350]: 55EF24A1864: filter: RCPT from unknown[222.92.254.194]: <service07@fulltech-metal.net>: Sender address triggers FILTER smtp-amavis:[127.0.0.1]:10026; from=<service07@fulltech-metal.net> to=<lichao.li@fulltech-metal.com> proto=ESMTP helo=<ftyw26>
Nov 14 09:01:28 zimbra postfix/smtpd[4350]: 55EF24A1864: filter: RCPT from unknown[222.92.254.194]: <service07@fulltech-metal.net>: Sender address triggers FILTER smtp-amavis:[127.0.0.1]:10026; from=<service07@fulltech-metal.net> to=<hm.zhu@fulltech-metal.com> proto=ESMTP helo=<ftyw26>
Nov 14 09:01:28 zimbra postfix/cleanup[4356]: 55EF24A1864: message-id=<2016111409012201215613@fulltech-metal.net>
Nov 14 09:01:29 zimbra postfix/qmgr[6416]: 55EF24A1864: from=<service07@fulltech-metal.net>, size=91809, nrcpt=4 (queue active)
Nov 14 09:01:29 zimbra postfix/dkimmilter/smtpd[4359]: connect from localhost[127.0.0.1]
Nov 14 09:01:29 zimbra postfix/dkimmilter/smtpd[4359]: 414484A187C: client=localhost[127.0.0.1]
Nov 14 09:01:29 zimbra postfix/cleanup[4356]: 414484A187C: message-id=<2016111409012201215613@fulltech-metal.net>
Nov 14 09:01:29 zimbra postfix/qmgr[6416]: 414484A187C: from=<service07@fulltech-metal.net>, size=92263, nrcpt=4 (queue active)
Nov 14 09:01:29 zimbra postfix/dkimmilter/smtpd[4359]: disconnect from localhost[127.0.0.1] ehlo=1 mail=1 rcpt=4 data=1 quit=1 commands=8
Nov 14 09:01:29 zimbra postfix/smtp[4357]: 55EF24A1864: to=<hm.zhu@fulltech-metal.com>, relay=127.0.0.1[127.0.0.1]:10026, delay=1.1, delays=0.85/0.01/0/0.2, dsn=2.0.0, status=sent (250 2.0.0 from MTA(smtp:[127.0.0.1]:10030): 250 2.0.0 Ok: queued as 414484A187C)
Nov 14 09:01:29 zimbra postfix/smtp[4357]: 55EF24A1864: to=<lichao.li@fulltech-metal.com>, relay=127.0.0.1[127.0.0.1]:10026, delay=1.1, delays=0.85/0.01/0/0.2, dsn=2.0.0, status=sent (250 2.0.0 from MTA(smtp:[127.0.0.1]:10030): 250 2.0.0 Ok: queued as 414484A187C)
Nov 14 09:01:29 zimbra postfix/smtp[4357]: 55EF24A1864: to=<wt.liu@fulltech-metal.com>, relay=127.0.0.1[127.0.0.1]:10026, delay=1.1, delays=0.85/0.01/0/0.2, dsn=2.0.0, status=sent (250 2.0.0 from MTA(smtp:[127.0.0.1]:10030): 250 2.0.0 Ok: queued as 414484A187C)
Nov 14 09:01:29 zimbra postfix/smtp[4357]: 55EF24A1864: to=<xiaohua_zhang@jishiks.com>, relay=127.0.0.1[127.0.0.1]:10026, delay=1.1, delays=0.85/0.01/0/0.2, dsn=2.0.0, status=sent (250 2.0.0 from MTA(smtp:[127.0.0.1]:10030): 250 2.0.0 Ok: queued as 414484A187C)
Nov 14 09:01:29 zimbra postfix/qmgr[6416]: 55EF24A1864: removed
Nov 14 09:01:30 zimbra postfix/smtpd[4350]: disconnect from unknown[222.92.254.194] ehlo=2 starttls=1 auth=1 mail=1 rcpt=4 data=1 quit=1 commands=11
Nov 14 09:01:33 zimbra postfix/amavisd/smtpd[4366]: connect from localhost[127.0.0.1]
Nov 14 09:01:33 zimbra postfix/amavisd/smtpd[4366]: 9773B4A1864: client=localhost[127.0.0.1]
Nov 14 09:01:33 zimbra postfix/cleanup[4356]: 9773B4A1864: message-id=<2016111409012201215613@fulltech-metal.net>
Nov 14 09:01:33 zimbra postfix/amavisd/smtpd[4366]: disconnect from localhost[127.0.0.1] ehlo=1 mail=1 rcpt=4 data=1 quit=1 commands=8
Nov 14 09:01:33 zimbra postfix/qmgr[6416]: 9773B4A1864: from=<service07@fulltech-metal.net>, size=92591, nrcpt=4 (queue active)
Nov 14 09:01:33 zimbra postfix/smtp[4361]: 414484A187C: to=<hm.zhu@fulltech-metal.com>, relay=127.0.0.1[127.0.0.1]:10032, delay=4.4, delays=0.05/0.01/0/4.3, dsn=2.0.0, status=sent (250 2.0.0 from MTA(smtp:[127.0.0.1]:10025): 250 2.0.0 Ok: queued as 9773B4A1864)
Nov 14 09:01:33 zimbra postfix/smtp[4361]: 414484A187C: to=<lichao.li@fulltech-metal.com>, relay=127.0.0.1[127.0.0.1]:10032, delay=4.4, delays=0.05/0.01/0/4.3, dsn=2.0.0, status=sent (250 2.0.0 from MTA(smtp:[127.0.0.1]:10025): 250 2.0.0 Ok: queued as 9773B4A1864)
