Nov  7 11:05:19 zimbra postfix/smtpd[4664]: NOQUEUE: filter: RCPT from unknown[222.92.254.194]: <auto_joanna.zhang+prvs=111261c8b9=jack.han=wnc.com.tw@fulltech-metal.com>: Sender address triggers FILTER smtp-amavis:[127.0.0.1]:10024; from=<auto_joanna.zhang+prvs=111261c8b9=jack.han=wnc.com.tw@fulltech-metal.com> to=<service07@fulltech-metal.net> proto=SMTP helo=<fulltech-metal.com>
Nov  7 11:05:19 zimbra postfix/smtpd[4664]: 0DAEF4B8F13: client=unknown[222.92.254.194]
Nov  7 11:05:19 zimbra postfix/amavisd/smtpd[5031]: connect from localhost[127.0.0.1]
Nov  7 11:05:19 zimbra postfix/amavisd/smtpd[5031]: 4EA444B8F15: client=localhost[127.0.0.1]
Nov  7 11:05:19 zimbra postfix/cleanup[5560]: 4EA444B8F15: resent-message-id=<892d8d4cebe0e63993c854961b46f681>
Nov  7 11:05:19 zimbra postfix/cleanup[5560]: 4EA444B8F15: message-id=<145DD21727AE0E4593D24FA5D2E7DEDCD1DE66F9@CNMBOX3.wneweb.com.cn>
Nov  7 11:05:19 zimbra postfix/qmgr[6416]: 4EA444B8F15: from=<auto_vicky.li+prvs=111261c8b9=jack.han=wnc.com.tw@fulltech-metal.com>, size=170370, nrcpt=1 (queue active)
Nov  7 11:05:19 zimbra postfix/amavisd/smtpd[5031]: disconnect from localhost[127.0.0.1] ehlo=1 mail=1 rcpt=1 data=1 quit=1 commands=5
Nov  7 11:05:19 zimbra postfix/smtp[4745]: 5B3CC4A187F: to=<service01@fulltech-metal.net>, relay=127.0.0.1[127.0.0.1]:10024, delay=2.1, delays=1.1/0/0/1, dsn=2.0.0, status=sent (250 2.0.0 from MTA(smtp:[127.0.0.1]:10025): 250 2.0.0 Ok: queued as 4EA444B8F15)
Nov  7 11:05:19 zimbra postfix/qmgr[6416]: 5B3CC4A187F: removed
Nov  7 11:05:19 zimbra postfix/cleanup[4740]: 0DAEF4B8F13: resent-message-id=<7979ddd110176ab35dc4b57a17dae5f6>
Nov  7 11:05:19 zimbra postfix/cleanup[4740]: 0DAEF4B8F13: message-id=<145DD21727AE0E4593D24FA5D2E7DEDCD1DE66F9@CNMBOX3.wneweb.com.cn>
Nov  7 11:05:19 zimbra postfix/lmtp[5038]: 4EA444B8F15: to=<service01@fulltech-metal.net>, relay=zimbra.fulltech-metal.net[203.66.83.217]:7025, delay=0.33, delays=0.07/0.01/0.06/0.2, dsn=2.1.5, status=sent (250 2.1.5 Delivery OK)
Nov  7 11:05:19 zimbra postfix/qmgr[6416]: 4EA444B8F15: removed
Nov  7 11:05:20 zimbra postfix/qmgr[6416]: 0DAEF4B8F13: from=<auto_joanna.zhang+prvs=111261c8b9=jack.han=wnc.com.tw@fulltech-metal.com>, size=169602, nrcpt=1 (queue active)
Nov  7 11:05:20 zimbra postfix/smtpd[4664]: disconnect from unknown[222.92.254.194] helo=1 mail=1 rcpt=1 data=1 quit=1 commands=5
Nov  7 11:05:20 zimbra postfix/postscreen[4142]: CONNECT from [222.92.254.194]:60589 to [203.66.83.217]:25
Nov  7 11:05:20 zimbra postfix/postscreen[4142]: PASS OLD [222.92.254.194]:60589
Nov  7 11:05:20 zimbra postfix/smtpd[4664]: connect from unknown[222.92.254.194]
Nov  7 11:05:20 zimbra postfix/amavisd/smtpd[5031]: connect from localhost[127.0.0.1]
Nov  7 11:05:20 zimbra postfix/amavisd/smtpd[5031]: 982584A187F: client=localhost[127.0.0.1]
Nov  7 11:05:20 zimbra postfix/cleanup[5560]: 982584A187F: resent-message-id=<7979ddd110176ab35dc4b57a17dae5f6>
Nov  7 11:05:20 zimbra postfix/cleanup[5560]: 982584A187F: message-id=<145DD21727AE0E4593D24FA5D2E7DEDCD1DE66F9@CNMBOX3.wneweb.com.cn>
Nov  7 11:05:20 zimbra postfix/qmgr[6416]: 982584A187F: from=<auto_joanna.zhang+prvs=111261c8b9=jack.han=wnc.com.tw@fulltech-metal.com>, size=170382, nrcpt=1 (queue active)
Nov  7 11:05:20 zimbra postfix/amavisd/smtpd[5031]: disconnect from localhost[127.0.0.1] ehlo=1 mail=1 rcpt=1 data=1 quit=1 commands=5
Nov  7 11:05:20 zimbra postfix/smtp[4745]: 0DAEF4B8F13: to=<service07@fulltech-metal.net>, relay=127.0.0.1[127.0.0.1]:10024, delay=1.8, delays=1.2/0/0/0.6, dsn=2.0.0, status=sent (250 2.0.0 from MTA(smtp:[127.0.0.1]:10025): 250 2.0.0 Ok: queued as 982584A187F)
Nov  7 11:05:20 zimbra postfix/qmgr[6416]: 0DAEF4B8F13: removed
Nov  7 11:05:20 zimbra postfix/smtpd[4664]: NOQUEUE: filter: RCPT from unknown[222.92.254.194]: <auto_danny.liang+prvs=111261c8b9=jack.han=wnc.com.tw@fulltech-metal.com>: Sender address triggers FILTER smtp-amavis:[127.0.0.1]:10026; from=<auto_danny.liang+prvs=111261c8b9=jack.han=wnc.com.tw@fulltech-metal.com> to=<service04@fulltech-metal.net> proto=SMTP helo=<fulltech-metal.com>
Nov  7 11:05:20 zimbra postfix/smtpd[4664]: NOQUEUE: filter: RCPT from unknown[222.92.254.194]: <auto_danny.liang+prvs=111261c8b9=jack.han=wnc.com.tw@fulltech-metal.com>: Sender address triggers FILTER smtp-amavis:[127.0.0.1]:10024; from=<auto_danny.liang+prvs=111261c8b9=jack.han=wnc.com.tw@fulltech-metal.com> to=<service04@fulltech-metal.net> proto=SMTP helo=<fulltech-metal.com>
Nov  7 11:05:20 zimbra postfix/smtpd[4664]: BFDC84B8F13: client=unknown[222.92.254.194]
Nov  7 11:05:20 zimbra postfix/lmtp[5038]: 982584A187F: to=<service07@fulltech-metal.net>, relay=zimbra.fulltech-metal.net[203.66.83.217]:7025, delay=0.32, delays=0.05/0/0.1/0.17, dsn=2.1.5, status=sent (250 2.1.5 Delivery OK)
Nov  7 11:05:20 zimbra postfix/qmgr[6416]: 982584A187F: removed
Nov  7 11:05:21 zimbra postfix/cleanup[4740]: BFDC84B8F13: resent-message-id=<80e7cfce00c3c79e2a0ac9397d659c1d>
Nov  7 11:05:21 zimbra postfix/cleanup[4740]: BFDC84B8F13: message-id=<145DD21727AE0E4593D24FA5D2E7DEDCD1DE66F9@CNMBOX3.wneweb.com.cn>
Nov  7 11:05:23 zimbra postfix/qmgr[6416]: BFDC84B8F13: from=<auto_danny.liang+prvs=111261c8b9=jack.han=wnc.com.tw@fulltech-metal.com>, size=169599, nrcpt=1 (queue active)
Nov  7 11:05:24 zimbra postfix/smtpd[4664]: disconnect from unknown[222.92.254.194] helo=1 mail=1 rcpt=1 data=1 quit=1 commands=5
Nov  7 11:05:24 zimbra postfix/amavisd/smtpd[5031]: connect from localhost[127.0.0.1]
Nov  7 11:05:24 zimbra postfix/amavisd/smtpd[5031]: 201B94A187F: client=localhost[127.0.0.1]
Nov  7 11:05:24 zimbra postfix/cleanup[5560]: 201B94A187F: resent-message-id=<80e7cfce00c3c79e2a0ac9397d659c1d>
Nov  7 11:05:24 zimbra postfix/cleanup[5560]: 201B94A187F: message-id=<145DD21727AE0E4593D24FA5D2E7DEDCD1DE66F9@CNMBOX3.wneweb.com.cn>
Nov  7 11:05:24 zimbra postfix/amavisd/smtpd[5031]: disconnect from localhost[127.0.0.1] ehlo=1 mail=1 rcpt=1 data=1 quit=1 commands=5
Nov  7 11:05:24 zimbra postfix/qmgr[6416]: 201B94A187F: from=<auto_danny.liang+prvs=111261c8b9=jack.han=wnc.com.tw@fulltech-metal.com>, size=170379, nrcpt=1 (queue active)
Nov  7 11:05:24 zimbra postfix/smtp[4745]: BFDC84B8F13: to=<service04@fulltech-metal.net>, relay=127.0.0.1[127.0.0.1]:10024, delay=3.5, delays=2.9/0/0/0.6, dsn=2.0.0, status=sent (250 2.0.0 from MTA(smtp:[127.0.0.1]:10025): 250 2.0.0 Ok: queued as 201B94A187F)
Nov  7 11:05:24 zimbra postfix/qmgr[6416]: BFDC84B8F13: removed
Nov  7 11:05:24 zimbra postfix/lmtp[5038]: 201B94A187F: to=<service04@fulltech-metal.net>, relay=zimbra.fulltech-metal.net[203.66.83.217]:7025, delay=0.22, delays=0.05/0/0.05/0.12, dsn=2.1.5, status=sent (250 2.1.5 Delivery OK)
Nov  7 11:05:24 zimbra postfix/qmgr[6416]: 201B94A187F: removed
Nov  7 11:08:38 zimbra postfix/anvil[1496]: statistics: max connection rate 3/60s for (smtpd:222.92.254.194) at Nov  7 11:05:20
Nov  7 11:08:38 zimbra postfix/anvil[1496]: statistics: max connection count 1 for (smtpd:211.150.99.136) at Nov  7 10:58:38
Nov  7 11:08:38 zimbra postfix/anvil[1496]: statistics: max cache size 2 at Nov  7 11:04:32
Nov  7 11:09:09 zimbra postfix/postscreen[7905]: CONNECT from [123.252.221.11]:57050 to [203.66.83.217]:25
Nov  7 11:09:09 zimbra postfix/postscreen[7905]: PASS OLD [123.252.221.11]:57050
Nov  7 11:09:09 zimbra postfix/smtpd[7906]: connect from unknown[123.252.221.11]
Nov  7 11:09:12 zimbra postfix/smtpd[7906]: disconnect from unknown[123.252.221.11] helo=1 auth=0/1 quit=1 commands=2/3
Nov  7 11:12:32 zimbra postfix/anvil[7908]: statistics: max connection rate 1/60s for (smtpd:123.252.221.11) at Nov  7 11:09:09
Nov  7 11:12:32 zimbra postfix/anvil[7908]: statistics: max connection count 1 for (smtpd:123.252.221.11) at Nov  7 11:09:09
Nov  7 11:12:32 zimbra postfix/anvil[7908]: statistics: max cache size 1 at Nov  7 11:09:09
Nov  7 11:13:48 zimbra postfix/postscreen[10593]: CONNECT from [185.34.18.3]:53549 to [203.66.83.217]:25
Nov  7 11:13:48 zimbra postfix/postscreen[10593]: PASS OLD [185.34.18.3]:53549
Nov  7 11:13:48 zimbra postfix/smtpd[10594]: connect from unknown[185.34.18.3]
Nov  7 11:13:50 zimbra postfix/smtpd[10594]: disconnect from unknown[185.34.18.3] helo=1 auth=0/1 quit=1 commands=2/3
Nov  7 11:14:38 zimbra postfix/postscreen[10593]: CONNECT from [211.150.80.14]:56639 to [203.66.83.217]:25
Nov  7 11:14:44 zimbra postfix/postscreen[10593]: PASS OLD [211.150.80.14]:56639
Nov  7 11:14:44 zimbra postfix/smtpd[10594]: connect from vipregular4.263.net[211.150.80.14]
Nov  7 11:14:44 zimbra postfix/smtpd[10594]: Anonymous TLS connection established from vipregular4.263.net[211.150.80.14]: TLSv1 with cipher ADH-AES256-SHA (256/256 bits)
Nov  7 11:14:44 zimbra postfix/smtpd[10594]: NOQUEUE: filter: RCPT from vipregular4.263.net[211.150.80.14]: <vicky.li@skyrock-casting.com>: Sender address triggers FILTER smtp-amavis:[127.0.0.1]:10026; from=<vicky.li@skyrock-casting.com> to=<service08@fulltech-metal.net> proto=ESMTP helo=<vipregular4.263.net>
Nov  7 11:14:44 zimbra postfix/smtpd[10594]: NOQUEUE: filter: RCPT from vipregular4.263.net[211.150.80.14]: <vicky.li@skyrock-casting.com>: Sender address triggers FILTER smtp-amavis:[127.0.0.1]:10024; from=<vicky.li@skyrock-casting.com> to=<service08@fulltech-metal.net> proto=ESMTP helo=<vipregular4.263.net>
Nov  7 11:14:44 zimbra postfix/smtpd[10594]: D63C84A187F: client=vipregular4.263.net[211.150.80.14]
Nov  7 11:14:44 zimbra postfix/cleanup[11301]: D63C84A187F: message-id=<55E7B93EF0514C58A68DA4AD6C9A8E73@ftyw09>
Nov  7 11:14:45 zimbra postfix/qmgr[6416]: D63C84A187F: from=<vicky.li@skyrock-casting.com>, size=232348, nrcpt=1 (queue active)
Nov  7 11:14:45 zimbra postfix/smtpd[10594]: disconnect from vipregular4.263.net[211.150.80.14] ehlo=2 starttls=1 mail=1 rcpt=1 data=1 quit=1 commands=7
Nov  7 11:14:50 zimbra postfix/amavisd/smtpd[11361]: connect from localhost[127.0.0.1]
Nov  7 11:14:50 zimbra postfix/amavisd/smtpd[11361]: 7A2BC4C9B9B: client=localhost[127.0.0.1]
Nov  7 11:14:50 zimbra postfix/cleanup[11301]: 7A2BC4C9B9B: message-id=<55E7B93EF0514C58A68DA4AD6C9A8E73@ftyw09>
Nov  7 11:14:50 zimbra postfix/qmgr[6416]: 7A2BC4C9B9B: from=<vicky.li@skyrock-casting.com>, size=233078, nrcpt=1 (queue active)
Nov  7 11:14:50 zimbra postfix/amavisd/smtpd[11361]: disconnect from localhost[127.0.0.1] ehlo=1 mail=1 rcpt=1 data=1 quit=1 commands=5
Nov  7 11:14:50 zimbra postfix/smtp[11302]: D63C84A187F: to=<service08@fulltech-metal.net>, relay=127.0.0.1[127.0.0.1]:10024, delay=5.7, delays=0.54/0.01/0/5.1, dsn=2.0.0, status=sent (250 2.0.0 from MTA(smtp:[127.0.0.1]:10025): 250 2.0.0 Ok: queued as 7A2BC4C9B9B)
Nov  7 11:14:50 zimbra postfix/qmgr[6416]: D63C84A187F: removed
Nov  7 11:14:50 zimbra postfix/lmtp[11364]: 7A2BC4C9B9B: to=<service08@fulltech-metal.net>, relay=zimbra.fulltech-metal.net[203.66.83.217]:7025, delay=0.17, delays=0.01/0.02/0.05/0.09, dsn=2.1.5, status=sent (250 2.1.5 Delivery OK)
Nov  7 11:14:50 zimbra postfix/qmgr[6416]: 7A2BC4C9B9B: removed
Nov  7 11:15:03 zimbra postfix/postscreen[10593]: CONNECT from [211.150.80.30]:49812 to [203.66.83.217]:25
Nov  7 11:15:09 zimbra postfix/postscreen[10593]: PASS NEW [211.150.80.30]:49812
Nov  7 11:15:09 zimbra postfix/smtpd[10594]: connect from vipregular20.263.net[211.150.80.30]
Nov  7 11:15:10 zimbra postfix/smtpd[10594]: Anonymous TLS connection established from vipregular20.263.net[211.150.80.30]: TLSv1 with cipher ADH-AES256-SHA (256/256 bits)
Nov  7 11:15:10 zimbra postfix/smtpd[10594]: NOQUEUE: filter: RCPT from vipregular20.263.net[211.150.80.30]: <vicky.li@skyrock-casting.com>: Sender address triggers FILTER smtp-amavis:[127.0.0.1]:10026; from=<vicky.li@skyrock-casting.com> to=<service08@fulltech-metal.net> proto=ESMTP helo=<vipregular20.263.net>
Nov  7 11:15:10 zimbra postfix/smtpd[10594]: NOQUEUE: filter: RCPT from vipregular20.263.net[211.150.80.30]: <vicky.li@skyrock-casting.com>: Sender address triggers FILTER smtp-amavis:[127.0.0.1]:10024; from=<vicky.li@skyrock-casting.com> to=<service08@fulltech-metal.net> proto=ESMTP helo=<vipregular20.263.net>
Nov  7 11:15:10 zimbra postfix/smtpd[10594]: 4C3364B8F13: client=vipregular20.263.net[211.150.80.30]
Nov  7 11:15:10 zimbra postfix/cleanup[11301]: 4C3364B8F13: message-id=<56BAC3F3CE98427F8D24614011585280@ftyw09>
Nov  7 11:15:11 zimbra postfix/qmgr[6416]: 4C3364B8F13: from=<vicky.li@skyrock-casting.com>, size=709822, nrcpt=1 (queue active)
Nov  7 11:15:11 zimbra postfix/smtpd[10594]: disconnect from vipregular20.263.net[211.150.80.30] ehlo=2 starttls=1 mail=1 rcpt=1 data=1 quit=1 commands=7
Nov  7 11:15:15 zimbra postfix/amavisd/smtpd[11361]: connect from localhost[127.0.0.1]
Nov  7 11:15:15 zimbra postfix/amavisd/smtpd[11361]: 9B65A4A187F: client=localhost[127.0.0.1]
Nov  7 11:15:15 zimbra postfix/cleanup[11301]: 9B65A4A187F: message-id=<56BAC3F3CE98427F8D24614011585280@ftyw09>
Nov  7 11:15:15 zimbra postfix/amavisd/smtpd[11361]: disconnect from localhost[127.0.0.1] ehlo=1 mail=1 rcpt=1 data=1 quit=1 commands=5
Nov  7 11:15:15 zimbra postfix/qmgr[6416]: 9B65A4A187F: from=<vicky.li@skyrock-casting.com>, size=710552, nrcpt=1 (queue active)
Nov  7 11:15:15 zimbra postfix/smtp[11302]: 4C3364B8F13: to=<service08@fulltech-metal.net>, relay=127.0.0.1[127.0.0.1]:10024, delay=5.4, delays=0.73/0/0/4.7, dsn=2.0.0, status=sent (250 2.0.0 from MTA(smtp:[127.0.0.1]:10025): 250 2.0.0 Ok: queued as 9B65A4A187F)
Nov  7 11:15:15 zimbra postfix/qmgr[6416]: 4C3364B8F13: removed
Nov  7 11:15:15 zimbra postfix/lmtp[11364]: 9B65A4A187F: to=<service08@fulltech-metal.net>, relay=zimbra.fulltech-metal.net[203.66.83.217]:7025, delay=0.22, delays=0.05/0/0.05/0.11, dsn=2.1.5, status=sent (250 2.1.5 Delivery OK)
Nov  7 11:15:15 zimbra postfix/qmgr[6416]: 9B65A4A187F: removed
Nov  7 11:15:17 zimbra postfix/postscreen[10593]: CONNECT from [222.92.254.194]:55017 to [203.66.83.217]:25
Nov  7 11:15:17 zimbra postfix/postscreen[10593]: PASS OLD [222.92.254.194]:55017
Nov  7 11:15:19 zimbra postfix/smtpd[10594]: connect from unknown[222.92.254.194]
Nov  7 11:15:20 zimbra postfix/smtpd[10594]: NOQUEUE: filter: RCPT from unknown[222.92.254.194]: <wyz.wang@fulltech-metal.com>: Sender address triggers FILTER smtp-amavis:[127.0.0.1]:10026; from=<wyz.wang@fulltech-metal.com> to=<service01@fulltech-metal.net> proto=SMTP helo=<fulltech-metal.com>
Nov  7 11:15:20 zimbra postfix/smtpd[10594]: NOQUEUE: filter: RCPT from unknown[222.92.254.194]: <wyz.wang@fulltech-metal.com>: Sender address triggers FILTER smtp-amavis:[127.0.0.1]:10024; from=<wyz.wang@fulltech-metal.com> to=<service01@fulltech-metal.net> proto=SMTP helo=<fulltech-metal.com>
Nov  7 11:15:20 zimbra postfix/smtpd[10594]: 0DC0D4A187F: client=unknown[222.92.254.194]
Nov  7 11:15:20 zimbra postfix/cleanup[11301]: 0DC0D4A187F: message-id=<201611071115118686955@fulltech-metal.com>
Nov  7 11:15:21 zimbra postfix/qmgr[6416]: 0DC0D4A187F: from=<wyz.wang@fulltech-metal.com>, size=154022, nrcpt=1 (queue active)
Nov  7 11:15:21 zimbra postfix/smtpd[10594]: disconnect from unknown[222.92.254.194] helo=1 mail=1 rcpt=1 data=1 quit=1 commands=5
Nov  7 11:15:24 zimbra postfix/amavisd/smtpd[11361]: connect from localhost[127.0.0.1]
Nov  7 11:15:24 zimbra postfix/amavisd/smtpd[11361]: 145134B8F13: client=localhost[127.0.0.1]
Nov  7 11:15:24 zimbra postfix/cleanup[11301]: 145134B8F13: message-id=<201611071115118686955@fulltech-metal.com>
Nov  7 11:15:24 zimbra postfix/amavisd/smtpd[11361]: disconnect from localhost[127.0.0.1] ehlo=1 mail=1 rcpt=1 data=1 quit=1 commands=5
Nov  7 11:15:24 zimbra postfix/qmgr[6416]: 145134B8F13: from=<wyz.wang@fulltech-metal.com>, size=154738, nrcpt=1 (queue active)
Nov  7 11:15:24 zimbra postfix/smtp[11302]: 0DC0D4A187F: to=<service01@fulltech-metal.net>, relay=127.0.0.1[127.0.0.1]:10024, delay=4.2, delays=1.1/0/0/3.1, dsn=2.0.0, status=sent (250 2.0.0 from MTA(smtp:[127.0.0.1]:10025): 250 2.0.0 Ok: queued as 145134B8F13)
Nov  7 11:15:24 zimbra postfix/qmgr[6416]: 0DC0D4A187F: removed
Nov  7 11:15:24 zimbra postfix/lmtp[11364]: 145134B8F13: to=<service01@fulltech-metal.net>, relay=zimbra.fulltech-metal.net[203.66.83.217]:7025, delay=0.2, delays=0.05/0/0.05/0.1, dsn=2.1.5, status=sent (250 2.1.5 Delivery OK)
Nov  7 11:15:24 zimbra postfix/qmgr[6416]: 145134B8F13: removed
Nov  7 11:17:06 zimbra postfix/smtps/smtpd[12905]: connect from unknown[222.92.254.194]
Nov  7 11:17:07 zimbra postfix/smtps/smtpd[12905]: Anonymous TLS connection established from unknown[222.92.254.194]: TLSv1.2 with cipher ECDHE-RSA-AES256-GCM-SHA384 (256/256 bits)
Nov  7 11:17:07 zimbra postfix/smtps/smtpd[12905]: NOQUEUE: filter: RCPT from unknown[222.92.254.194]: <service01@fulltech-metal.net>: Sender address triggers FILTER smtp-amavis:[127.0.0.1]:10026; from=<service01@fulltech-metal.net> to=<wyz.wang@fulltech-metal.com> proto=ESMTP helo=<ftyw09>
Nov  7 11:17:07 zimbra postfix/smtps/smtpd[12905]: B833619A7A0: client=unknown[222.92.254.194], sasl_method=LOGIN, sasl_username=service01@fulltech-metal.net
Nov  7 11:17:07 zimbra postfix/cleanup[12907]: B833619A7A0: message-id=<0CB232F958CB498BA8B68701E20EC703@ftyw09>
Nov  7 11:17:08 zimbra postfix/qmgr[6416]: B833619A7A0: from=<service01@fulltech-metal.net>, size=178253, nrcpt=1 (queue active)
Nov  7 11:17:08 zimbra postfix/smtps/smtpd[12905]: disconnect from unknown[222.92.254.194] ehlo=1 auth=1 mail=1 rcpt=1 data=1 quit=1 commands=6
Nov  7 11:17:08 zimbra postfix/dkimmilter/smtpd[12910]: connect from localhost[127.0.0.1]
Nov  7 11:17:08 zimbra postfix/dkimmilter/smtpd[12910]: 69C0E4B8F13: client=localhost[127.0.0.1]
Nov  7 11:17:08 zimbra postfix/cleanup[12907]: 69C0E4B8F13: message-id=<0CB232F958CB498BA8B68701E20EC703@ftyw09>
Nov  7 11:17:08 zimbra postfix/qmgr[6416]: 69C0E4B8F13: from=<service01@fulltech-metal.net>, size=178775, nrcpt=1 (queue active)
Nov  7 11:17:08 zimbra postfix/dkimmilter/smtpd[12910]: disconnect from localhost[127.0.0.1] ehlo=1 mail=1 rcpt=1 data=1 quit=1 commands=5
Nov  7 11:17:08 zimbra postfix/smtp[12908]: B833619A7A0: to=<wyz.wang@fulltech-metal.com>, relay=127.0.0.1[127.0.0.1]:10026, delay=0.82, delays=0.57/0.01/0/0.24, dsn=2.0.0, status=sent (250 2.0.0 from MTA(smtp:[127.0.0.1]:10030): 250 2.0.0 Ok: queued as 69C0E4B8F13)
Nov  7 11:17:08 zimbra postfix/qmgr[6416]: B833619A7A0: removed
Nov  7 11:17:11 zimbra postfix/amavisd/smtpd[12913]: connect from localhost[127.0.0.1]
Nov  7 11:17:11 zimbra postfix/amavisd/smtpd[12913]: 52D4719A7A0: client=localhost[127.0.0.1]
Nov  7 11:17:11 zimbra postfix/cleanup[12907]: 52D4719A7A0: message-id=<0CB232F958CB498BA8B68701E20EC703@ftyw09>
Nov  7 11:17:11 zimbra postfix/amavisd/smtpd[12913]: disconnect from localhost[127.0.0.1] ehlo=1 mail=1 rcpt=1 data=1 quit=1 commands=5
Nov  7 11:17:11 zimbra postfix/qmgr[6416]: 52D4719A7A0: from=<service01@fulltech-metal.net>, size=179171, nrcpt=1 (queue active)
Nov  7 11:17:11 zimbra postfix/smtp[12912]: 69C0E4B8F13: to=<wyz.wang@fulltech-metal.com>, relay=127.0.0.1[127.0.0.1]:10032, delay=3, delays=0.05/0.01/0/2.9, dsn=2.0.0, status=sent (250 2.0.0 from MTA(smtp:[127.0.0.1]:10025): 250 2.0.0 Ok: queued as 52D4719A7A0)
Nov  7 11:17:11 zimbra postfix/qmgr[6416]: 69C0E4B8F13: removed
Nov  7 11:17:47 zimbra postfix/smtp[12914]: 52D4719A7A0: to=<wyz.wang@fulltech-metal.com>, relay=mail.fulltech-metal.com[222.92.254.200]:25, delay=36, delays=0.05/0.01/0.68/36, dsn=2.0.0, status=sent (250 ok message accepted [1478488667.23349.6760,S=179377]?)
Nov  7 11:17:47 zimbra postfix/qmgr[6416]: 52D4719A7A0: removed
Nov  7 11:19:34 zimbra postfix/postscreen[14146]: CONNECT from [222.92.254.194]:57464 to [203.66.83.217]:25
Nov  7 11:19:34 zimbra postfix/postscreen[14146]: PASS OLD [222.92.254.194]:57464
Nov  7 11:19:34 zimbra postfix/smtpd[14147]: connect from unknown[222.92.254.194]
Nov  7 11:19:35 zimbra postfix/smtpd[14147]: Anonymous TLS connection established from unknown[222.92.254.194]: TLSv1.2 with cipher ECDHE-RSA-AES256-GCM-SHA384 (256/256 bits)
Nov  7 11:19:35 zimbra postfix/smtpd[14147]: NOQUEUE: filter: RCPT from unknown[222.92.254.194]: <service07@fulltech-metal.net>: Sender address triggers FILTER smtp-amavis:[127.0.0.1]:10026; from=<service07@fulltech-metal.net> to=<SalmonYe@altek.com.cn> proto=ESMTP helo=<ftyw26>
Nov  7 11:19:35 zimbra postfix/smtpd[14147]: 8F46F4B8F13: client=unknown[222.92.254.194], sasl_method=LOGIN, sasl_username=service07@fulltech-metal.net
Nov  7 11:19:35 zimbra postfix/smtpd[14147]: 8F46F4B8F13: filter: RCPT from unknown[222.92.254.194]: <service07@fulltech-metal.net>: Sender address triggers FILTER smtp-amavis:[127.0.0.1]:10026; from=<service07@fulltech-metal.net> to=<Mikelli@altek.com.cn> proto=ESMTP helo=<ftyw26>
Nov  7 11:19:35 zimbra postfix/smtpd[14147]: 8F46F4B8F13: filter: RCPT from unknown[222.92.254.194]: <service07@fulltech-metal.net>: Sender address triggers FILTER smtp-amavis:[127.0.0.1]:10026; from=<service07@fulltech-metal.net> to=<annie.li@skyrock-casting.com> proto=ESMTP helo=<ftyw26>
Nov  7 11:19:35 zimbra postfix/cleanup[14151]: 8F46F4B8F13: message-id=<2016110711193408351716@fulltech-metal.net>
Nov  7 11:19:36 zimbra postfix/qmgr[6416]: 8F46F4B8F13: from=<service07@fulltech-metal.net>, size=16932, nrcpt=3 (queue active)
Nov  7 11:19:36 zimbra postfix/dkimmilter/smtpd[14154]: connect from localhost[127.0.0.1]
Nov  7 11:19:36 zimbra postfix/dkimmilter/smtpd[14154]: 3C4444A188E: client=localhost[127.0.0.1]
Nov  7 11:19:36 zimbra postfix/cleanup[14151]: 3C4444A188E: message-id=<2016110711193408351716@fulltech-metal.net>
Nov  7 11:19:36 zimbra postfix/qmgr[6416]: 3C4444A188E: from=<service07@fulltech-metal.net>, size=17384, nrcpt=3 (queue active)
Nov  7 11:19:36 zimbra postfix/dkimmilter/smtpd[14154]: disconnect from localhost[127.0.0.1] ehlo=1 mail=1 rcpt=3 data=1 quit=1 commands=7
Nov  7 11:19:36 zimbra postfix/smtp[14152]: 8F46F4B8F13: to=<Mikelli@altek.com.cn>, relay=127.0.0.1[127.0.0.1]:10026, delay=0.8, delays=0.64/0.01/0/0.15, dsn=2.0.0, status=sent (250 2.0.0 from MTA(smtp:[127.0.0.1]:10030): 250 2.0.0 Ok: queued as 3C4444A188E)
Nov  7 11:19:36 zimbra postfix/smtp[14152]: 8F46F4B8F13: to=<SalmonYe@altek.com.cn>, relay=127.0.0.1[127.0.0.1]:10026, delay=0.8, delays=0.64/0.01/0/0.15, dsn=2.0.0, status=sent (250 2.0.0 from MTA(smtp:[127.0.0.1]:10030): 250 2.0.0 Ok: queued as 3C4444A188E)
Nov  7 11:19:36 zimbra postfix/smtp[14152]: 8F46F4B8F13: to=<annie.li@skyrock-casting.com>, relay=127.0.0.1[127.0.0.1]:10026, delay=0.8, delays=0.64/0.01/0/0.15, dsn=2.0.0, status=sent (250 2.0.0 from MTA(smtp:[127.0.0.1]:10030): 250 2.0.0 Ok: queued as 3C4444A188E)
Nov  7 11:19:36 zimbra postfix/qmgr[6416]: 8F46F4B8F13: removed
Nov  7 11:19:37 zimbra postfix/amavisd/smtpd[14157]: connect from localhost[127.0.0.1]
Nov  7 11:19:37 zimbra postfix/amavisd/smtpd[14157]: 1F26A19A7A0: client=localhost[127.0.0.1]
Nov  7 11:19:37 zimbra postfix/cleanup[14151]: 1F26A19A7A0: message-id=<2016110711193408351716@fulltech-metal.net>
Nov  7 11:19:37 zimbra postfix/qmgr[6416]: 1F26A19A7A0: from=<service07@fulltech-metal.net>, size=17710, nrcpt=3 (queue active)
Nov  7 11:19:37 zimbra postfix/amavisd/smtpd[14157]: disconnect from localhost[127.0.0.1] ehlo=1 mail=1 rcpt=3 data=1 quit=1 commands=7
Nov  7 11:19:37 zimbra postfix/smtp[14156]: 3C4444A188E: to=<Mikelli@altek.com.cn>, relay=127.0.0.1[127.0.0.1]:10032, delay=0.9, delays=0.05/0.01/0/0.84, dsn=2.0.0, status=sent (250 2.0.0 from MTA(smtp:[127.0.0.1]:10025): 250 2.0.0 Ok: queued as 1F26A19A7A0)
Nov  7 11:19:37 zimbra postfix/smtp[14156]: 3C4444A188E: to=<SalmonYe@altek.com.cn>, relay=127.0.0.1[127.0.0.1]:10032, delay=0.9, delays=0.05/0.01/0/0.84, dsn=2.0.0, status=sent (250 2.0.0 from MTA(smtp:[127.0.0.1]:10025): 250 2.0.0 Ok: queued as 1F26A19A7A0)
Nov  7 11:19:37 zimbra postfix/smtp[14156]: 3C4444A188E: to=<annie.li@skyrock-casting.com>, relay=127.0.0.1[127.0.0.1]:10032, delay=0.9, delays=0.05/0.01/0/0.84, dsn=2.0.0, status=sent (250 2.0.0 from MTA(smtp:[127.0.0.1]:10025): 250 2.0.0 Ok: queued as 1F26A19A7A0)
Nov  7 11:19:37 zimbra postfix/qmgr[6416]: 3C4444A188E: removed
Nov  7 11:19:39 zimbra postfix/smtp[14159]: 1F26A19A7A0: to=<annie.li@skyrock-casting.com>, relay=mxw.263xmail.com[54.255.165.24]:25, delay=2.2, delays=0.01/0.02/1.6/0.58, dsn=2.0.0, status=sent (250 Ok: queued as EAF8ADF311)
Nov  7 11:19:40 zimbra postfix/smtpd[14147]: disconnect from unknown[222.92.254.194] ehlo=2 starttls=1 auth=1 mail=1 rcpt=3 data=1 quit=1 commands=10
Nov  7 11:19:41 zimbra postfix/smtp[14158]: 1F26A19A7A0: to=<Mikelli@altek.com.cn>, relay=msw02.altek.com.tw[60.248.182.133]:25, delay=4.1, delays=0.01/0.02/0.44/3.6, dsn=2.0.0, status=sent (250 2.0.0 uA73JbEe013475 Message accepted for delivery)
Nov  7 11:19:41 zimbra postfix/smtp[14158]: 1F26A19A7A0: to=<SalmonYe@altek.com.cn>, relay=msw02.altek.com.tw[60.248.182.133]:25, delay=4.1, delays=0.01/0.02/0.44/3.6, dsn=2.0.0, status=sent (250 2.0.0 uA73JbEe013475 Message accepted for delivery)
Nov  7 11:19:41 zimbra postfix/qmgr[6416]: 1F26A19A7A0: removed
Nov  7 11:22:07 zimbra postfix/postscreen[15926]: CONNECT from [60.248.182.131]:20171 to [203.66.83.217]:25
Nov  7 11:22:13 zimbra postfix/postscreen[15926]: PASS OLD [60.248.182.131]:20171
Nov  7 11:22:13 zimbra postfix/smtpd[15927]: connect from msw02.altek.com.tw[60.248.182.131]
Nov  7 11:22:13 zimbra postfix/smtpd[15927]: NOQUEUE: filter: RCPT from msw02.altek.com.tw[60.248.182.131]: <SalmonYe@altek.com.cn>: Sender address triggers FILTER smtp-amavis:[127.0.0.1]:10026; from=<SalmonYe@altek.com.cn> to=<service07@fulltech-metal.net> proto=ESMTP helo=<msw02.altek.com.tw>
Nov  7 11:22:13 zimbra postfix/smtpd[15927]: NOQUEUE: filter: RCPT from msw02.altek.com.tw[60.248.182.131]: <SalmonYe@altek.com.cn>: Sender address triggers FILTER smtp-amavis:[127.0.0.1]:10024; from=<SalmonYe@altek.com.cn> to=<service07@fulltech-metal.net> proto=ESMTP helo=<msw02.altek.com.tw>
Nov  7 11:22:13 zimbra postfix/smtpd[15927]: DD20C4B8F13: client=msw02.altek.com.tw[60.248.182.131]
Nov  7 11:22:13 zimbra postfix/cleanup[15930]: DD20C4B8F13: message-id=<54768619345C794B8926192FF513C5C93D6CC2A2@MBX-CN-02.altek.c.t>
Nov  7 11:22:14 zimbra postfix/qmgr[6416]: DD20C4B8F13: from=<SalmonYe@altek.com.cn>, size=126670, nrcpt=1 (queue active)
Nov  7 11:22:14 zimbra postfix/smtpd[15927]: disconnect from msw02.altek.com.tw[60.248.182.131] ehlo=1 mail=1 rcpt=1 data=1 quit=1 commands=5
Nov  7 11:22:18 zimbra postfix/amavisd/smtpd[15936]: connect from localhost[127.0.0.1]
Nov  7 11:22:18 zimbra postfix/amavisd/smtpd[15936]: 4C8134A188E: client=localhost[127.0.0.1]
Nov  7 11:22:18 zimbra postfix/cleanup[15930]: 4C8134A188E: message-id=<54768619345C794B8926192FF513C5C93D6CC2A2@MBX-CN-02.altek.c.t>
Nov  7 11:22:18 zimbra postfix/amavisd/smtpd[15936]: disconnect from localhost[127.0.0.1] ehlo=1 mail=1 rcpt=1 data=1 quit=1 commands=5
Nov  7 11:22:18 zimbra postfix/qmgr[6416]: 4C8134A188E: from=<SalmonYe@altek.com.cn>, size=127369, nrcpt=1 (queue active)
Nov  7 11:22:18 zimbra postfix/smtp[15931]: DD20C4B8F13: to=<service07@fulltech-metal.net>, relay=127.0.0.1[127.0.0.1]:10024, delay=4.4, delays=0.21/0.01/0/4.2, dsn=2.0.0, status=sent (250 2.0.0 from MTA(smtp:[127.0.0.1]:10025): 250 2.0.0 Ok: queued as 4C8134A188E)
Nov  7 11:22:18 zimbra postfix/qmgr[6416]: DD20C4B8F13: removed
Nov  7 11:22:18 zimbra postfix/lmtp[15937]: 4C8134A188E: to=<service07@fulltech-metal.net>, relay=zimbra.fulltech-metal.net[203.66.83.217]:7025, delay=0.17, delays=0.01/0.01/0.05/0.1, dsn=2.1.5, status=sent (250 2.1.5 Delivery OK)
Nov  7 11:22:18 zimbra postfix/qmgr[6416]: 4C8134A188E: removed
Nov  7 11:22:49 zimbra postfix/postscreen[15926]: CONNECT from [60.248.183.13]:20172 to [203.66.83.217]:25
Nov  7 11:22:55 zimbra postfix/postscreen[15926]: PASS OLD [60.248.183.13]:20172
Nov  7 11:22:55 zimbra postfix/smtpd[15927]: connect from msw02.altek.com.tw[60.248.183.13]
Nov  7 11:22:55 zimbra postfix/smtpd[15927]: NOQUEUE: filter: RCPT from msw02.altek.com.tw[60.248.183.13]: <SalmonYe@altek.com.cn>: Sender address triggers FILTER smtp-amavis:[127.0.0.1]:10026; from=<SalmonYe@altek.com.cn> to=<service07@fulltech-metal.net> proto=ESMTP helo=<msw02.altek.com.tw>
Nov  7 11:22:55 zimbra postfix/smtpd[15927]: NOQUEUE: filter: RCPT from msw02.altek.com.tw[60.248.183.13]: <SalmonYe@altek.com.cn>: Sender address triggers FILTER smtp-amavis:[127.0.0.1]:10024; from=<SalmonYe@altek.com.cn> to=<service07@fulltech-metal.net> proto=ESMTP helo=<msw02.altek.com.tw>
Nov  7 11:22:55 zimbra postfix/smtpd[15927]: 87FA54A188E: client=msw02.altek.com.tw[60.248.183.13]
Nov  7 11:22:55 zimbra postfix/cleanup[15930]: 87FA54A188E: message-id=<54768619345C794B8926192FF513C5C93D6CC2A9@MBX-CN-02.altek.c.t>
Nov  7 11:22:56 zimbra postfix/qmgr[6416]: 87FA54A188E: from=<SalmonYe@altek.com.cn>, size=28587, nrcpt=1 (queue active)
Nov  7 11:22:56 zimbra postfix/smtpd[15927]: disconnect from msw02.altek.com.tw[60.248.183.13] ehlo=1 mail=1 rcpt=1 data=1 quit=1 commands=5
Nov  7 11:22:57 zimbra postfix/amavisd/smtpd[15936]: connect from localhost[127.0.0.1]
Nov  7 11:22:57 zimbra postfix/amavisd/smtpd[15936]: 37A9F19A7A0: client=localhost[127.0.0.1]
Nov  7 11:22:57 zimbra postfix/cleanup[15930]: 37A9F19A7A0: message-id=<54768619345C794B8926192FF513C5C93D6CC2A9@MBX-CN-02.altek.c.t>
Nov  7 11:22:57 zimbra postfix/amavisd/smtpd[15936]: disconnect from localhost[127.0.0.1] ehlo=1 mail=1 rcpt=1 data=1 quit=1 commands=5
Nov  7 11:22:57 zimbra postfix/qmgr[6416]: 37A9F19A7A0: from=<SalmonYe@altek.com.cn>, size=29234, nrcpt=1 (queue active)
Nov  7 11:22:57 zimbra postfix/smtp[15931]: 87FA54A188E: to=<service07@fulltech-metal.net>, relay=127.0.0.1[127.0.0.1]:10024, delay=1.7, delays=0.67/0/0/1, dsn=2.0.0, status=sent (250 2.0.0 from MTA(smtp:[127.0.0.1]:10025): 250 2.0.0 Ok: queued as 37A9F19A7A0)
Nov  7 11:22:57 zimbra postfix/qmgr[6416]: 87FA54A188E: removed
Nov  7 11:22:57 zimbra postfix/lmtp[15937]: 37A9F19A7A0: to=<service07@fulltech-metal.net>, relay=zimbra.fulltech-metal.net[203.66.83.217]:7025, delay=0.13, delays=0/0.01/0.05/0.06, dsn=2.1.5, status=sent (250 2.1.5 Delivery OK)
Nov  7 11:22:57 zimbra postfix/qmgr[6416]: 37A9F19A7A0: removed
Nov  7 11:23:40 zimbra postfix/postscreen[15926]: CONNECT from [222.92.254.194]:55064 to [203.66.83.217]:25
Nov  7 11:23:40 zimbra postfix/postscreen[15926]: PASS OLD [222.92.254.194]:55064
Nov  7 11:23:40 zimbra postfix/smtpd[15927]: connect from unknown[222.92.254.194]
Nov  7 11:23:40 zimbra postfix/smtpd[15927]: NOQUEUE: filter: RCPT from unknown[222.92.254.194]: <auto_joanna.zhang+liqun=skyrockdiecasting.com@fulltech-metal.com>: Sender address triggers FILTER smtp-amavis:[127.0.0.1]:10026; from=<auto_joanna.zhang+liqun=skyrockdiecasting.com@fulltech-metal.com> to=<service07@fulltech-metal.net> proto=SMTP helo=<fulltech-metal.com>
Nov  7 11:23:40 zimbra postfix/smtpd[15927]: NOQUEUE: filter: RCPT from unknown[222.92.254.194]: <auto_joanna.zhang+liqun=skyrockdiecasting.com@fulltech-metal.com>: Sender address triggers FILTER smtp-amavis:[127.0.0.1]:10024; from=<auto_joanna.zhang+liqun=skyrockdiecasting.com@fulltech-metal.com> to=<service07@fulltech-metal.net> proto=SMTP helo=<fulltech-metal.com>
Nov  7 11:23:40 zimbra postfix/smtpd[15927]: 734654B8F13: client=unknown[222.92.254.194]
Nov  7 11:23:40 zimbra postfix/cleanup[15930]: 734654B8F13: resent-message-id=<faac913f1b947293cd3c737aae8ffe81>
Nov  7 11:23:40 zimbra postfix/cleanup[15930]: 734654B8F13: message-id=<FFFFCFB51E444095952CF0CA9189B8CB@hxzengliqun>
Nov  7 11:23:43 zimbra postfix/qmgr[6416]: 734654B8F13: from=<auto_joanna.zhang+liqun=skyrockdiecasting.com@fulltech-metal.com>, size=2188876, nrcpt=1 (queue active)
Nov  7 11:23:43 zimbra postfix/smtpd[15927]: disconnect from unknown[222.92.254.194] helo=1 mail=1 rcpt=1 data=1 quit=1 commands=5
Nov  7 11:23:44 zimbra postfix/amavisd/smtpd[15936]: connect from localhost[127.0.0.1]
Nov  7 11:23:44 zimbra postfix/amavisd/smtpd[15936]: 8BED04A188E: client=localhost[127.0.0.1]
Nov  7 11:23:44 zimbra postfix/cleanup[15930]: 8BED04A188E: resent-message-id=<faac913f1b947293cd3c737aae8ffe81>
Nov  7 11:23:44 zimbra postfix/cleanup[15930]: 8BED04A188E: message-id=<FFFFCFB51E444095952CF0CA9189B8CB@hxzengliqun>
Nov  7 11:23:44 zimbra postfix/qmgr[6416]: 8BED04A188E: from=<auto_joanna.zhang+liqun=skyrockdiecasting.com@fulltech-metal.com>, size=2189647, nrcpt=1 (queue active)
Nov  7 11:23:44 zimbra postfix/amavisd/smtpd[15936]: disconnect from localhost[127.0.0.1] ehlo=1 mail=1 rcpt=1 data=1 quit=1 commands=5
Nov  7 11:23:44 zimbra postfix/smtp[15931]: 734654B8F13: to=<service07@fulltech-metal.net>, relay=127.0.0.1[127.0.0.1]:10024, delay=4.2, delays=2.9/0/0/1.4, dsn=2.0.0, status=sent (250 2.0.0 from MTA(smtp:[127.0.0.1]:10025): 250 2.0.0 Ok: queued as 8BED04A188E)
Nov  7 11:23:44 zimbra postfix/qmgr[6416]: 734654B8F13: removed
Nov  7 11:23:44 zimbra postfix/lmtp[15937]: 8BED04A188E: to=<service07@fulltech-metal.net>, relay=zimbra.fulltech-metal.net[203.66.83.217]:7025, delay=0.32, delays=0.04/0/0.05/0.23, dsn=2.1.5, status=sent (250 2.1.5 Delivery OK)
Nov  7 11:23:44 zimbra postfix/qmgr[6416]: 8BED04A188E: removed
Nov  7 11:23:48 zimbra postfix/anvil[10598]: statistics: max connection rate 1/60s for (smtpd:185.34.18.3) at Nov  7 11:13:48
Nov  7 11:23:48 zimbra postfix/anvil[10598]: statistics: max connection count 1 for (smtpd:185.34.18.3) at Nov  7 11:13:48
Nov  7 11:23:48 zimbra postfix/anvil[10598]: statistics: max cache size 3 at Nov  7 11:15:19
Nov  7 11:25:15 zimbra postfix/postscreen[15926]: CONNECT from [222.92.254.194]:55076 to [203.66.83.217]:25
Nov  7 11:25:15 zimbra postfix/postscreen[15926]: PASS OLD [222.92.254.194]:55076
Nov  7 11:25:15 zimbra postfix/smtpd[15927]: connect from unknown[222.92.254.194]
Nov  7 11:25:15 zimbra postfix/smtpd[15927]: NOQUEUE: filter: RCPT from unknown[222.92.254.194]: <auto_danny.liang+yb.fan=fulltech-metal.com@fulltech-metal.com>: Sender address triggers FILTER smtp-amavis:[127.0.0.1]:10026; from=<auto_danny.liang+yb.fan=fulltech-metal.com@fulltech-metal.com> to=<service04@fulltech-metal.net> proto=SMTP helo=<fulltech-metal.com>
Nov  7 11:25:15 zimbra postfix/smtpd[15927]: NOQUEUE: filter: RCPT from unknown[222.92.254.194]: <auto_danny.liang+yb.fan=fulltech-metal.com@fulltech-metal.com>: Sender address triggers FILTER smtp-amavis:[127.0.0.1]:10024; from=<auto_danny.liang+yb.fan=fulltech-metal.com@fulltech-metal.com> to=<service04@fulltech-metal.net> proto=SMTP helo=<fulltech-metal.com>
Nov  7 11:25:15 zimbra postfix/smtpd[15927]: AD6F74A188E: client=unknown[222.92.254.194]
Nov  7 11:25:15 zimbra postfix/cleanup[15930]: AD6F74A188E: resent-message-id=<f39afd741f2c0a117ada85a573ed0b55>
Nov  7 11:25:15 zimbra postfix/cleanup[15930]: AD6F74A188E: message-id=<2016110711251356178711@fulltech-metal.com>
Nov  7 11:25:17 zimbra postfix/qmgr[6416]: AD6F74A188E: from=<auto_danny.liang+yb.fan=fulltech-metal.com@fulltech-metal.com>, size=2727901, nrcpt=1 (queue active)
Nov  7 11:25:18 zimbra postfix/smtpd[15927]: disconnect from unknown[222.92.254.194] helo=1 mail=1 rcpt=1 data=1 quit=1 commands=5
Nov  7 11:25:20 zimbra postfix/amavisd/smtpd[15936]: connect from localhost[127.0.0.1]
Nov  7 11:25:20 zimbra postfix/amavisd/smtpd[15936]: 0E6E719A7A0: client=localhost[127.0.0.1]
Nov  7 11:25:20 zimbra postfix/cleanup[15930]: 0E6E719A7A0: resent-message-id=<f39afd741f2c0a117ada85a573ed0b55>
Nov  7 11:25:20 zimbra postfix/cleanup[15930]: 0E6E719A7A0: message-id=<2016110711251356178711@fulltech-metal.com>
Nov  7 11:25:20 zimbra postfix/qmgr[6416]: 0E6E719A7A0: from=<auto_danny.liang+yb.fan=fulltech-metal.com@fulltech-metal.com>, size=2728752, nrcpt=1 (queue active)
Nov  7 11:25:20 zimbra postfix/amavisd/smtpd[15936]: disconnect from localhost[127.0.0.1] ehlo=1 mail=1 rcpt=1 data=1 quit=1 commands=5
Nov  7 11:25:20 zimbra postfix/smtp[15931]: AD6F74A188E: to=<service04@fulltech-metal.net>, relay=127.0.0.1[127.0.0.1]:10024, delay=4.5, delays=2.4/0/0/2.1, dsn=2.0.0, status=sent (250 2.0.0 from MTA(smtp:[127.0.0.1]:10025): 250 2.0.0 Ok: queued as 0E6E719A7A0)
Nov  7 11:25:20 zimbra postfix/qmgr[6416]: AD6F74A188E: removed
Nov  7 11:25:20 zimbra postfix/lmtp[15937]: 0E6E719A7A0: to=<service04@fulltech-metal.net>, relay=zimbra.fulltech-metal.net[203.66.83.217]:7025, delay=0.37, delays=0.04/0/0.05/0.27, dsn=2.1.5, status=sent (250 2.1.5 Delivery OK)
Nov  7 11:25:20 zimbra postfix/qmgr[6416]: 0E6E719A7A0: removed
Nov  7 11:27:45 zimbra postfix/postscreen[19155]: CONNECT from [212.118.124.109]:62672 to [203.66.83.217]:25
Nov  7 11:27:45 zimbra postfix/postscreen[19155]: PASS OLD [212.118.124.109]:62672
Nov  7 11:27:45 zimbra postfix/smtpd[19156]: connect from unknown[212.118.124.109]
Nov  7 11:27:46 zimbra postfix/smtpd[19156]: disconnect from unknown[212.118.124.109] helo=1 auth=0/1 quit=1 commands=2/3
Nov  7 11:31:06 zimbra postfix/anvil[10598]: statistics: max connection rate 1/60s for (smtpd:222.92.254.194) at Nov  7 11:25:15
Nov  7 11:31:06 zimbra postfix/anvil[10598]: statistics: max connection count 1 for (smtpd:222.92.254.194) at Nov  7 11:25:15
Nov  7 11:31:06 zimbra postfix/anvil[10598]: statistics: max cache size 1 at Nov  7 11:25:15
Nov  7 11:32:25 zimbra postfix/postscreen[22163]: CONNECT from [185.34.18.3]:58611 to [203.66.83.217]:25
Nov  7 11:32:25 zimbra postfix/postscreen[22163]: PASS OLD [185.34.18.3]:58611
Nov  7 11:32:25 zimbra postfix/smtpd[22164]: connect from unknown[185.34.18.3]
Nov  7 11:32:26 zimbra postfix/smtpd[22164]: disconnect from unknown[185.34.18.3] helo=1 auth=0/1 quit=1 commands=2/3
Nov  7 11:35:46 zimbra postfix/anvil[22167]: statistics: max connection rate 1/60s for (smtpd:185.34.18.3) at Nov  7 11:32:25
Nov  7 11:35:46 zimbra postfix/anvil[22167]: statistics: max connection count 1 for (smtpd:185.34.18.3) at Nov  7 11:32:25
Nov  7 11:35:46 zimbra postfix/anvil[22167]: statistics: max cache size 1 at Nov  7 11:32:25
Nov  7 11:37:06 zimbra postfix/postscreen[24624]: CONNECT from [202.83.57.46]:12451 to [203.66.83.217]:25
Nov  7 11:37:11 zimbra postfix/postscreen[24624]: PREGREET 36 after 5.5 from [202.83.57.46]:12451: HELO 220-zimbra.fulltech-metal.net\r\n
Nov  7 11:37:11 zimbra postfix/smtpd[24625]: warning: hostname 46.57.83.202.asianet.co.in does not resolve to address 202.83.57.46: Name or service not known
Nov  7 11:37:11 zimbra postfix/smtpd[24625]: connect from unknown[202.83.57.46]
Nov  7 11:37:11 zimbra postfix/smtpd[24625]: disconnect from unknown[202.83.57.46] helo=1 quit=1 commands=2
Nov  7 11:38:03 zimbra postfix/postscreen[24624]: CONNECT from [222.92.254.194]:55148 to [203.66.83.217]:25
Nov  7 11:38:03 zimbra postfix/postscreen[24624]: PASS OLD [222.92.254.194]:55148
Nov  7 11:38:03 zimbra postfix/smtpd[24625]: connect from unknown[222.92.254.194]
Nov  7 11:38:03 zimbra postfix/smtpd[24625]: NOQUEUE: filter: RCPT from unknown[222.92.254.194]: <auto_sg.song+xq.liu=fulltech-metal.com@fulltech-metal.com>: Sender address triggers FILTER smtp-amavis:[127.0.0.1]:10026; from=<auto_sg.song+xq.liu=fulltech-metal.com@fulltech-metal.com> to=<service06@fulltech-metal.net> proto=SMTP helo=<fulltech-metal.com>
Nov  7 11:38:03 zimbra postfix/smtpd[24625]: NOQUEUE: filter: RCPT from unknown[222.92.254.194]: <auto_sg.song+xq.liu=fulltech-metal.com@fulltech-metal.com>: Sender address triggers FILTER smtp-amavis:[127.0.0.1]:10024; from=<auto_sg.song+xq.liu=fulltech-metal.com@fulltech-metal.com> to=<service06@fulltech-metal.net> proto=SMTP helo=<fulltech-metal.com>
Nov  7 11:38:03 zimbra postfix/smtpd[24625]: 76BBB4B8F13: client=unknown[222.92.254.194]
Nov  7 11:38:03 zimbra postfix/cleanup[25171]: 76BBB4B8F13: resent-message-id=<98830fec1df94ea54105d222c36f244f>
Nov  7 11:38:03 zimbra postfix/cleanup[25171]: 76BBB4B8F13: message-id=<201611071137565009291@fulltech-metal.com>
Nov  7 11:38:04 zimbra postfix/qmgr[6416]: 76BBB4B8F13: from=<auto_sg.song+xq.liu=fulltech-metal.com@fulltech-metal.com>, size=90497, nrcpt=1 (queue active)
Nov  7 11:38:04 zimbra postfix/smtpd[24625]: disconnect from unknown[222.92.254.194] helo=1 mail=1 rcpt=1 data=1 quit=1 commands=5
Nov  7 11:38:10 zimbra postfix/amavisd/smtpd[25456]: connect from localhost[127.0.0.1]
Nov  7 11:38:10 zimbra postfix/amavisd/smtpd[25456]: 01D964A188E: client=localhost[127.0.0.1]
Nov  7 11:38:10 zimbra postfix/cleanup[25171]: 01D964A188E: resent-message-id=<98830fec1df94ea54105d222c36f244f>
Nov  7 11:38:10 zimbra postfix/cleanup[25171]: 01D964A188E: message-id=<201611071137565009291@fulltech-metal.com>
Nov  7 11:38:10 zimbra postfix/qmgr[6416]: 01D964A188E: from=<auto_sg.song+xq.liu=fulltech-metal.com@fulltech-metal.com>, size=91271, nrcpt=1 (queue active)
Nov  7 11:38:10 zimbra postfix/amavisd/smtpd[25456]: disconnect from localhost[127.0.0.1] ehlo=1 mail=1 rcpt=1 data=1 quit=1 commands=5
Nov  7 11:38:10 zimbra postfix/smtp[25184]: 76BBB4B8F13: to=<service06@fulltech-metal.net>, relay=127.0.0.1[127.0.0.1]:10024, delay=6.7, delays=0.7/0.02/0/6, dsn=2.0.0, status=sent (250 2.0.0 from MTA(smtp:[127.0.0.1]:10025): 250 2.0.0 Ok: queued as 01D964A188E)
Nov  7 11:38:10 zimbra postfix/qmgr[6416]: 76BBB4B8F13: removed
Nov  7 11:38:10 zimbra postfix/lmtp[25457]: 01D964A188E: to=<service06@fulltech-metal.net>, relay=zimbra.fulltech-metal.net[203.66.83.217]:7025, delay=0.21, delays=0.04/0.01/0.05/0.1, dsn=2.1.5, status=sent (250 2.1.5 Delivery OK)
Nov  7 11:38:10 zimbra postfix/qmgr[6416]: 01D964A188E: removed
Nov  7 11:40:25 zimbra postfix/postscreen[26795]: CONNECT from [222.92.254.194]:55160 to [203.66.83.217]:25
Nov  7 11:40:25 zimbra postfix/postscreen[26795]: PASS OLD [222.92.254.194]:55160
Nov  7 11:40:25 zimbra postfix/smtpd[26796]: connect from unknown[222.92.254.194]
Nov  7 11:40:25 zimbra postfix/smtpd[26796]: NOQUEUE: filter: RCPT from unknown[222.92.254.194]: <auto_joanna.zhang+hm.zhu=fulltech-metal.com@fulltech-metal.com>: Sender address triggers FILTER smtp-amavis:[127.0.0.1]:10026; from=<auto_joanna.zhang+hm.zhu=fulltech-metal.com@fulltech-metal.com> to=<service07@fulltech-metal.net> proto=SMTP helo=<fulltech-metal.com>
Nov  7 11:40:25 zimbra postfix/smtpd[26796]: NOQUEUE: filter: RCPT from unknown[222.92.254.194]: <auto_joanna.zhang+hm.zhu=fulltech-metal.com@fulltech-metal.com>: Sender address triggers FILTER smtp-amavis:[127.0.0.1]:10024; from=<auto_joanna.zhang+hm.zhu=fulltech-metal.com@fulltech-metal.com> to=<service07@fulltech-metal.net> proto=SMTP helo=<fulltech-metal.com>
Nov  7 11:40:25 zimbra postfix/smtpd[26796]: 549324A188E: client=unknown[222.92.254.194]
Nov  7 11:40:25 zimbra postfix/cleanup[26799]: 549324A188E: resent-message-id=<fcdfaed859d7d1ec48580034a474769b>
Nov  7 11:40:25 zimbra postfix/cleanup[26799]: 549324A188E: message-id=<201611071140193905134@fulltech-metal.com>
Nov  7 11:40:25 zimbra postfix/qmgr[6416]: 549324A188E: from=<auto_joanna.zhang+hm.zhu=fulltech-metal.com@fulltech-metal.com>, size=130732, nrcpt=1 (queue active)
Nov  7 11:40:26 zimbra postfix/smtpd[26796]: disconnect from unknown[222.92.254.194] helo=1 mail=1 rcpt=1 data=1 quit=1 commands=5
Nov  7 11:40:26 zimbra postfix/amavisd/smtpd[26803]: connect from localhost[127.0.0.1]
Nov  7 11:40:26 zimbra postfix/amavisd/smtpd[26803]: E9FA819A7A0: client=localhost[127.0.0.1]
Nov  7 11:40:26 zimbra postfix/cleanup[26799]: E9FA819A7A0: resent-message-id=<fcdfaed859d7d1ec48580034a474769b>
Nov  7 11:40:26 zimbra postfix/cleanup[26799]: E9FA819A7A0: message-id=<201611071140193905134@fulltech-metal.com>
Nov  7 11:40:26 zimbra postfix/qmgr[6416]: E9FA819A7A0: from=<auto_joanna.zhang+hm.zhu=fulltech-metal.com@fulltech-metal.com>, size=131448, nrcpt=1 (queue active)
Nov  7 11:40:26 zimbra postfix/amavisd/smtpd[26803]: disconnect from localhost[127.0.0.1] ehlo=1 mail=1 rcpt=1 data=1 quit=1 commands=5
Nov  7 11:40:26 zimbra postfix/smtp[26801]: 549324A188E: to=<service07@fulltech-metal.net>, relay=127.0.0.1[127.0.0.1]:10024, delay=1.7, delays=0.73/0.01/0/0.98, dsn=2.0.0, status=sent (250 2.0.0 from MTA(smtp:[127.0.0.1]:10025): 250 2.0.0 Ok: queued as E9FA819A7A0)
Nov  7 11:40:26 zimbra postfix/qmgr[6416]: 549324A188E: removed
Nov  7 11:40:27 zimbra postfix/lmtp[26804]: E9FA819A7A0: to=<service07@fulltech-metal.net>, relay=zimbra.fulltech-metal.net[203.66.83.217]:7025, delay=0.17, delays=0.01/0.02/0.05/0.1, dsn=2.1.5, status=sent (250 2.1.5 Delivery OK)
Nov  7 11:40:27 zimbra postfix/qmgr[6416]: E9FA819A7A0: removed
Nov  7 11:41:52 zimbra postfix/postscreen[26795]: CONNECT from [222.92.254.194]:55172 to [203.66.83.217]:25
Nov  7 11:41:52 zimbra postfix/postscreen[26795]: PASS OLD [222.92.254.194]:55172
Nov  7 11:41:52 zimbra postfix/smtpd[26796]: connect from unknown[222.92.254.194]
Nov  7 11:41:52 zimbra postfix/smtpd[26796]: NOQUEUE: filter: RCPT from unknown[222.92.254.194]: <xq.liu@fulltech-metal.com>: Sender address triggers FILTER smtp-amavis:[127.0.0.1]:10026; from=<xq.liu@fulltech-metal.com> to=<service07@fulltech-metal.net> proto=SMTP helo=<fulltech-metal.com>
Nov  7 11:41:52 zimbra postfix/smtpd[26796]: NOQUEUE: filter: RCPT from unknown[222.92.254.194]: <xq.liu@fulltech-metal.com>: Sender address triggers FILTER smtp-amavis:[127.0.0.1]:10024; from=<xq.liu@fulltech-metal.com> to=<service07@fulltech-metal.net> proto=SMTP helo=<fulltech-metal.com>
Nov  7 11:41:52 zimbra postfix/smtpd[26796]: 528994B8F13: client=unknown[222.92.254.194]
Nov  7 11:41:52 zimbra postfix/cleanup[26799]: 528994B8F13: message-id=<201611071141517181814@fulltech-metal.com>
Nov  7 11:41:52 zimbra postfix/qmgr[6416]: 528994B8F13: from=<xq.liu@fulltech-metal.com>, size=47721, nrcpt=1 (queue active)
Nov  7 11:41:52 zimbra postfix/smtpd[26796]: disconnect from unknown[222.92.254.194] helo=1 mail=1 rcpt=1 data=1 quit=1 commands=5
Nov  7 11:41:53 zimbra postfix/amavisd/smtpd[26803]: connect from localhost[127.0.0.1]
Nov  7 11:41:53 zimbra postfix/amavisd/smtpd[26803]: 50CAE4A188E: client=localhost[127.0.0.1]
Nov  7 11:41:53 zimbra postfix/cleanup[26799]: 50CAE4A188E: message-id=<201611071141517181814@fulltech-metal.com>
Nov  7 11:41:53 zimbra postfix/amavisd/smtpd[26803]: disconnect from localhost[127.0.0.1] ehlo=1 mail=1 rcpt=1 data=1 quit=1 commands=5
Nov  7 11:41:53 zimbra postfix/qmgr[6416]: 50CAE4A188E: from=<xq.liu@fulltech-metal.com>, size=48471, nrcpt=1 (queue active)
Nov  7 11:41:53 zimbra postfix/smtp[26801]: 528994B8F13: to=<service07@fulltech-metal.net>, relay=127.0.0.1[127.0.0.1]:10024, delay=1.1, delays=0.59/0/0/0.53, dsn=2.0.0, status=sent (250 2.0.0 from MTA(smtp:[127.0.0.1]:10025): 250 2.0.0 Ok: queued as 50CAE4A188E)
Nov  7 11:41:53 zimbra postfix/qmgr[6416]: 528994B8F13: removed
Nov  7 11:41:53 zimbra postfix/lmtp[26804]: 50CAE4A188E: to=<service07@fulltech-metal.net>, relay=zimbra.fulltech-metal.net[203.66.83.217]:7025, delay=0.24, delays=0.04/0/0.05/0.14, dsn=2.1.5, status=sent (250 2.1.5 Delivery OK)
Nov  7 11:41:53 zimbra postfix/qmgr[6416]: 50CAE4A188E: removed
Nov  7 11:42:35 zimbra postfix/postscreen[26795]: CONNECT from [222.92.254.194]:58255 to [203.66.83.217]:25
Nov  7 11:42:35 zimbra postfix/postscreen[26795]: PASS OLD [222.92.254.194]:58255
Nov  7 11:42:35 zimbra postfix/smtpd[26796]: connect from unknown[222.92.254.194]
Nov  7 11:42:35 zimbra postfix/smtpd[26796]: Anonymous TLS connection established from unknown[222.92.254.194]: TLSv1.2 with cipher ECDHE-RSA-AES256-GCM-SHA384 (256/256 bits)
Nov  7 11:42:36 zimbra postfix/smtpd[26796]: NOQUEUE: filter: RCPT from unknown[222.92.254.194]: <service07@fulltech-metal.net>: Sender address triggers FILTER smtp-amavis:[127.0.0.1]:10026; from=<service07@fulltech-metal.net> to=<sdearden@seltech.net> proto=ESMTP helo=<ftyw26>
Nov  7 11:42:36 zimbra postfix/smtpd[26796]: 62D204A188E: client=unknown[222.92.254.194], sasl_method=LOGIN, sasl_username=service07@fulltech-metal.net
Nov  7 11:42:36 zimbra postfix/smtpd[26796]: 62D204A188E: filter: RCPT from unknown[222.92.254.194]: <service07@fulltech-metal.net>: Sender address triggers FILTER smtp-amavis:[127.0.0.1]:10026; from=<service07@fulltech-metal.net> to=<vicky.li@skyrock-casting.com> proto=ESMTP helo=<ftyw26>
Nov  7 11:42:36 zimbra postfix/cleanup[26799]: 62D204A188E: message-id=<2016110711423518110623@fulltech-metal.net>
Nov  7 11:42:36 zimbra postfix/qmgr[6416]: 62D204A188E: from=<service07@fulltech-metal.net>, size=31702, nrcpt=2 (queue active)
Nov  7 11:42:37 zimbra postfix/dkimmilter/smtpd[28292]: connect from localhost[127.0.0.1]
Nov  7 11:42:37 zimbra postfix/dkimmilter/smtpd[28292]: 1733E19A7A0: client=localhost[127.0.0.1]
Nov  7 11:42:37 zimbra postfix/cleanup[26799]: 1733E19A7A0: message-id=<2016110711423518110623@fulltech-metal.net>
Nov  7 11:42:37 zimbra postfix/qmgr[6416]: 1733E19A7A0: from=<service07@fulltech-metal.net>, size=32154, nrcpt=2 (queue active)
Nov  7 11:42:37 zimbra postfix/dkimmilter/smtpd[28292]: disconnect from localhost[127.0.0.1] ehlo=1 mail=1 rcpt=2 data=1 quit=1 commands=6
Nov  7 11:42:37 zimbra postfix/smtp[26801]: 62D204A188E: to=<sdearden@seltech.net>, relay=127.0.0.1[127.0.0.1]:10026, delay=0.86, delays=0.7/0/0/0.16, dsn=2.0.0, status=sent (250 2.0.0 from MTA(smtp:[127.0.0.1]:10030): 250 2.0.0 Ok: queued as 1733E19A7A0)
Nov  7 11:42:37 zimbra postfix/smtp[26801]: 62D204A188E: to=<vicky.li@skyrock-casting.com>, relay=127.0.0.1[127.0.0.1]:10026, delay=0.86, delays=0.7/0/0/0.16, dsn=2.0.0, status=sent (250 2.0.0 from MTA(smtp:[127.0.0.1]:10030): 250 2.0.0 Ok: queued as 1733E19A7A0)
Nov  7 11:42:37 zimbra postfix/qmgr[6416]: 62D204A188E: removed
Nov  7 11:42:37 zimbra postfix/smtpd[26796]: disconnect from unknown[222.92.254.194] ehlo=2 starttls=1 auth=1 mail=1 rcpt=2 data=1 quit=1 commands=9
Nov  7 11:42:41 zimbra postfix/amavisd/smtpd[26803]: connect from localhost[127.0.0.1]
Nov  7 11:42:41 zimbra postfix/amavisd/smtpd[26803]: 6B1284A188E: client=localhost[127.0.0.1]
Nov  7 11:42:41 zimbra postfix/cleanup[26799]: 6B1284A188E: message-id=<2016110711423518110623@fulltech-metal.net>
Nov  7 11:42:41 zimbra postfix/amavisd/smtpd[26803]: disconnect from localhost[127.0.0.1] ehlo=1 mail=1 rcpt=2 data=1 quit=1 commands=6
Nov  7 11:42:41 zimbra postfix/qmgr[6416]: 6B1284A188E: from=<service07@fulltech-metal.net>, size=32480, nrcpt=2 (queue active)
