Nov  7 07:49:17 zimbra postfix/smtpd[15874]: disconnect from unknown[180.222.157.66] helo=1 auth=0/1 quit=1 commands=2/3
Nov  7 07:52:37 zimbra postfix/anvil[15876]: statistics: max connection rate 1/60s for (smtpd:180.222.157.66) at Nov  7 07:49:16
Nov  7 07:52:37 zimbra postfix/anvil[15876]: statistics: max connection count 1 for (smtpd:180.222.157.66) at Nov  7 07:49:16
Nov  7 07:52:37 zimbra postfix/anvil[15876]: statistics: max cache size 1 at Nov  7 07:49:16
Nov  7 07:54:03 zimbra postfix/postscreen[18975]: CONNECT from [69.57.230.216]:18108 to [203.66.83.217]:25
Nov  7 07:54:03 zimbra postfix/postscreen[18975]: PASS OLD [69.57.230.216]:18108
Nov  7 07:54:03 zimbra postfix/smtpd[18976]: connect from unknown[69.57.230.216]
Nov  7 07:54:04 zimbra postfix/smtpd[18976]: disconnect from unknown[69.57.230.216] helo=1 auth=0/1 quit=1 commands=2/3
Nov  7 07:57:24 zimbra postfix/anvil[18978]: statistics: max connection rate 1/60s for (smtpd:69.57.230.216) at Nov  7 07:54:03
Nov  7 07:57:24 zimbra postfix/anvil[18978]: statistics: max connection count 1 for (smtpd:69.57.230.216) at Nov  7 07:54:03
Nov  7 07:57:24 zimbra postfix/anvil[18978]: statistics: max cache size 1 at Nov  7 07:54:03
Nov  7 07:58:33 zimbra postfix/postscreen[21711]: CONNECT from [121.41.88.139]:63010 to [203.66.83.217]:25
Nov  7 07:58:33 zimbra postfix/postscreen[21711]: PASS OLD [121.41.88.139]:63010
Nov  7 07:58:34 zimbra postfix/smtpd[21712]: connect from unknown[121.41.88.139]
Nov  7 07:58:34 zimbra postfix/smtpd[21712]: disconnect from unknown[121.41.88.139] helo=1 auth=0/1 quit=1 commands=2/3
Nov  7 08:01:54 zimbra postfix/anvil[21714]: statistics: max connection rate 1/60s for (smtpd:121.41.88.139) at Nov  7 07:58:34
Nov  7 08:01:54 zimbra postfix/anvil[21714]: statistics: max connection count 1 for (smtpd:121.41.88.139) at Nov  7 07:58:34
Nov  7 08:01:54 zimbra postfix/anvil[21714]: statistics: max cache size 1 at Nov  7 07:58:34
Nov  7 08:03:01 zimbra postfix/postscreen[24290]: CONNECT from [180.222.157.66]:41332 to [203.66.83.217]:25
Nov  7 08:03:01 zimbra postfix/postscreen[24290]: PASS OLD [180.222.157.66]:41332
Nov  7 08:03:01 zimbra postfix/smtpd[24291]: warning: hostname ppp-180.222.157.66.revip.NTT.CO.TH does not resolve to address 180.222.157.66: Name or service not known
Nov  7 08:03:01 zimbra postfix/smtpd[24291]: connect from unknown[180.222.157.66]
Nov  7 08:03:02 zimbra postfix/smtpd[24291]: disconnect from unknown[180.222.157.66] helo=1 auth=0/1 quit=1 commands=2/3
Nov  7 08:06:22 zimbra postfix/anvil[24293]: statistics: max connection rate 1/60s for (smtpd:180.222.157.66) at Nov  7 08:03:01
Nov  7 08:06:22 zimbra postfix/anvil[24293]: statistics: max connection count 1 for (smtpd:180.222.157.66) at Nov  7 08:03:01
Nov  7 08:06:22 zimbra postfix/anvil[24293]: statistics: max cache size 1 at Nov  7 08:03:01
Nov  7 08:07:56 zimbra postfix/postscreen[27126]: CONNECT from [123.252.221.11]:49232 to [203.66.83.217]:25
Nov  7 08:07:56 zimbra postfix/postscreen[27126]: PASS OLD [123.252.221.11]:49232
Nov  7 08:07:56 zimbra postfix/smtpd[27127]: connect from unknown[123.252.221.11]
Nov  7 08:07:57 zimbra postfix/smtpd[27127]: disconnect from unknown[123.252.221.11] helo=1 auth=0/1 quit=1 commands=2/3
Nov  7 08:10:45 zimbra postfix/postscreen[29330]: CONNECT from [222.92.254.194]:49461 to [203.66.83.217]:25
Nov  7 08:10:45 zimbra postfix/postscreen[29330]: PASS OLD [222.92.254.194]:49461
Nov  7 08:10:46 zimbra postfix/smtpd[29331]: connect from unknown[222.92.254.194]
Nov  7 08:10:46 zimbra postfix/smtpd[29331]: Anonymous TLS connection established from unknown[222.92.254.194]: TLSv1.2 with cipher ECDHE-RSA-AES256-GCM-SHA384 (256/256 bits)
Nov  7 08:10:47 zimbra postfix/smtpd[29331]: NOQUEUE: filter: RCPT from unknown[222.92.254.194]: <service07@fulltech-metal.net>: Sender address triggers FILTER smtp-amavis:[127.0.0.1]:10026; from=<service07@fulltech-metal.net> to=<jj.yao@fulltech-metal.com> proto=ESMTP helo=<ftyw26>
Nov  7 08:10:47 zimbra postfix/smtpd[29331]: 68BED4A186C: client=unknown[222.92.254.194], sasl_method=LOGIN, sasl_username=service07@fulltech-metal.net
Nov  7 08:10:47 zimbra postfix/cleanup[29335]: 68BED4A186C: message-id=<201611070810469991311@fulltech-metal.net>
Nov  7 08:10:47 zimbra postfix/qmgr[6416]: 68BED4A186C: from=<service07@fulltech-metal.net>, size=50175, nrcpt=1 (queue active)
Nov  7 08:10:48 zimbra postfix/dkimmilter/smtpd[29338]: connect from localhost[127.0.0.1]
Nov  7 08:10:48 zimbra postfix/dkimmilter/smtpd[29338]: 137CC4A187F: client=localhost[127.0.0.1]
Nov  7 08:10:48 zimbra postfix/cleanup[29335]: 137CC4A187F: message-id=<201611070810469991311@fulltech-metal.net>
Nov  7 08:10:48 zimbra postfix/qmgr[6416]: 137CC4A187F: from=<service07@fulltech-metal.net>, size=50695, nrcpt=1 (queue active)
Nov  7 08:10:48 zimbra postfix/smtp[29336]: 68BED4A186C: to=<jj.yao@fulltech-metal.com>, relay=127.0.0.1[127.0.0.1]:10026, delay=0.79, delays=0.6/0.01/0.01/0.18, dsn=2.0.0, status=sent (250 2.0.0 from MTA(smtp:[127.0.0.1]:10030): 250 2.0.0 Ok: queued as 137CC4A187F)
Nov  7 08:10:48 zimbra postfix/qmgr[6416]: 68BED4A186C: removed
Nov  7 08:10:48 zimbra postfix/smtpd[29331]: disconnect from unknown[222.92.254.194] ehlo=2 starttls=1 auth=1 mail=1 rcpt=1 data=1 quit=1 commands=8
Nov  7 08:10:49 zimbra postfix/amavisd/smtpd[29341]: connect from localhost[127.0.0.1]
Nov  7 08:10:49 zimbra postfix/amavisd/smtpd[29341]: 37A044A188E: client=localhost[127.0.0.1]
Nov  7 08:10:49 zimbra postfix/cleanup[29335]: 37A044A188E: message-id=<201611070810469991311@fulltech-metal.net>
Nov  7 08:10:49 zimbra postfix/qmgr[6416]: 37A044A188E: from=<service07@fulltech-metal.net>, size=51089, nrcpt=1 (queue active)
Nov  7 08:10:49 zimbra postfix/smtp[29340]: 137CC4A187F: to=<jj.yao@fulltech-metal.com>, relay=127.0.0.1[127.0.0.1]:10032, delay=1.2, delays=0.05/0.01/0.01/1.1, dsn=2.0.0, status=sent (250 2.0.0 from MTA(smtp:[127.0.0.1]:10025): 250 2.0.0 Ok: queued as 37A044A188E)
Nov  7 08:10:49 zimbra postfix/qmgr[6416]: 137CC4A187F: removed
Nov  7 08:11:20 zimbra postfix/smtp[29342]: 37A044A188E: to=<jj.yao@fulltech-metal.com>, relay=mail.fulltech-metal.com[222.92.254.200]:25, delay=31, delays=0.04/0.01/0.7/30, dsn=2.0.0, status=sent (250 ok message accepted [1478477480.2009.4652,S=51294]?)
Nov  7 08:11:20 zimbra postfix/qmgr[6416]: 37A044A188E: removed
Nov  7 08:12:08 zimbra postfix/postscreen[29330]: CONNECT from [101.200.123.160]:50218 to [203.66.83.217]:25
Nov  7 08:12:08 zimbra postfix/postscreen[29330]: PASS OLD [101.200.123.160]:50218
Nov  7 08:12:08 zimbra postfix/smtpd[29331]: connect from unknown[101.200.123.160]
Nov  7 08:12:08 zimbra postfix/smtpd[29331]: disconnect from unknown[101.200.123.160] helo=1 auth=0/1 quit=1 commands=2/3
Nov  7 08:12:49 zimbra postfix/postscreen[29330]: CONNECT from [222.92.254.194]:63000 to [203.66.83.217]:25
Nov  7 08:12:49 zimbra postfix/postscreen[29330]: PASS OLD [222.92.254.194]:63000
Nov  7 08:12:49 zimbra postfix/smtpd[29331]: connect from unknown[222.92.254.194]
Nov  7 08:12:49 zimbra postfix/smtpd[29331]: NOQUEUE: filter: RCPT from unknown[222.92.254.194]: <auto_irene.wang+xq.liu=fulltech-metal.com@fulltech-metal.com>: Sender address triggers FILTER smtp-amavis:[127.0.0.1]:10026; from=<auto_irene.wang+xq.liu=fulltech-metal.com@fulltech-metal.com> to=<service05@fulltech-metal.net> proto=SMTP helo=<fulltech-metal.com>
Nov  7 08:12:49 zimbra postfix/smtpd[29331]: NOQUEUE: filter: RCPT from unknown[222.92.254.194]: <auto_irene.wang+xq.liu=fulltech-metal.com@fulltech-metal.com>: Sender address triggers FILTER smtp-amavis:[127.0.0.1]:10024; from=<auto_irene.wang+xq.liu=fulltech-metal.com@fulltech-metal.com> to=<service05@fulltech-metal.net> proto=SMTP helo=<fulltech-metal.com>
Nov  7 08:12:49 zimbra postfix/smtpd[29331]: 788004A187F: client=unknown[222.92.254.194]
Nov  7 08:12:49 zimbra postfix/cleanup[30690]: 788004A187F: resent-message-id=<f64e60b76c37817989423da54fcc87cd>
Nov  7 08:12:49 zimbra postfix/cleanup[30690]: 788004A187F: message-id=<201611070812233284864@fulltech-metal.com>
Nov  7 08:12:50 zimbra postfix/qmgr[6416]: 788004A187F: from=<auto_irene.wang+xq.liu=fulltech-metal.com@fulltech-metal.com>, size=191573, nrcpt=1 (queue active)
Nov  7 08:12:50 zimbra postfix/smtpd[29331]: disconnect from unknown[222.92.254.194] helo=1 mail=1 rcpt=1 data=1 quit=1 commands=5
Nov  7 08:12:54 zimbra postfix/amavisd/smtpd[30693]: connect from localhost[127.0.0.1]
Nov  7 08:12:54 zimbra postfix/amavisd/smtpd[30693]: 8B9D34A188E: client=localhost[127.0.0.1]
Nov  7 08:12:54 zimbra postfix/cleanup[30690]: 8B9D34A188E: resent-message-id=<f64e60b76c37817989423da54fcc87cd>
Nov  7 08:12:54 zimbra postfix/cleanup[30690]: 8B9D34A188E: message-id=<201611070812233284864@fulltech-metal.com>
Nov  7 08:12:54 zimbra postfix/qmgr[6416]: 8B9D34A188E: from=<auto_irene.wang+xq.liu=fulltech-metal.com@fulltech-metal.com>, size=192341, nrcpt=1 (queue active)
Nov  7 08:12:54 zimbra postfix/smtp[30691]: 788004A187F: to=<service05@fulltech-metal.net>, relay=127.0.0.1[127.0.0.1]:10024, delay=5.2, delays=0.78/0.01/0.01/4.4, dsn=2.0.0, status=sent (250 2.0.0 from MTA(smtp:[127.0.0.1]:10025): 250 2.0.0 Ok: queued as 8B9D34A188E)
Nov  7 08:12:54 zimbra postfix/qmgr[6416]: 788004A187F: removed
Nov  7 08:12:54 zimbra postfix/lmtp[30694]: 8B9D34A188E: to=<service05@fulltech-metal.net>, relay=zimbra.fulltech-metal.net[203.66.83.217]:7025, delay=0.36, delays=0.05/0.01/0.06/0.24, dsn=2.1.5, status=sent (250 2.1.5 Delivery OK)
Nov  7 08:12:54 zimbra postfix/qmgr[6416]: 8B9D34A188E: removed
Nov  7 08:13:27 zimbra postfix/submission/smtpd[30711]: connect from unknown[222.92.254.194]
Nov  7 08:13:27 zimbra postfix/submission/smtpd[30711]: Anonymous TLS connection established from unknown[222.92.254.194]: TLSv1.2 with cipher ECDHE-RSA-AES128-GCM-SHA256 (128/128 bits)
Nov  7 08:13:28 zimbra postfix/submission/smtpd[30711]: NOQUEUE: filter: RCPT from unknown[222.92.254.194]: <service08@fulltech-metal.net>: Sender address triggers FILTER smtp-amavis:[127.0.0.1]:10026; from=<service08@fulltech-metal.net> to=<jason.hsu@fulltech-metal.com> proto=ESMTP helo=<[10.10.0.93]>
Nov  7 08:13:28 zimbra postfix/submission/smtpd[30711]: 141684A187F: client=unknown[222.92.254.194], sasl_method=PLAIN, sasl_username=service08
Nov  7 08:13:28 zimbra postfix/cleanup[30690]: 141684A187F: message-id=<f230dc22-034e-2e81-92c2-4234a0c3e4f7@fulltech-metal.net>
Nov  7 08:13:28 zimbra postfix/qmgr[6416]: 141684A187F: from=<service08@fulltech-metal.net>, size=40117, nrcpt=1 (queue active)
Nov  7 08:13:28 zimbra postfix/dkimmilter/smtpd[30715]: connect from localhost[127.0.0.1]
Nov  7 08:13:28 zimbra postfix/dkimmilter/smtpd[30715]: A3BF74A188F: client=localhost[127.0.0.1]
Nov  7 08:13:28 zimbra postfix/cleanup[30690]: A3BF74A188F: message-id=<f230dc22-034e-2e81-92c2-4234a0c3e4f7@fulltech-metal.net>
Nov  7 08:13:28 zimbra postfix/submission/smtpd[30711]: disconnect from unknown[222.92.254.194] ehlo=2 starttls=1 auth=1 mail=1 rcpt=1 data=1 quit=1 commands=8
Nov  7 08:13:28 zimbra postfix/qmgr[6416]: A3BF74A188F: from=<service08@fulltech-metal.net>, size=43695, nrcpt=1 (queue active)
Nov  7 08:13:28 zimbra postfix/smtp[30691]: 141684A187F: to=<jason.hsu@fulltech-metal.com>, relay=127.0.0.1[127.0.0.1]:10026, delay=0.73, delays=0.5/0/0.01/0.21, dsn=2.0.0, status=sent (250 2.0.0 from MTA(smtp:[127.0.0.1]:10030): 250 2.0.0 Ok: queued as A3BF74A188F)
Nov  7 08:13:28 zimbra postfix/qmgr[6416]: 141684A187F: removed
Nov  7 08:13:29 zimbra postfix/amavisd/smtpd[30693]: 558D24A187F: client=localhost[127.0.0.1]
Nov  7 08:13:29 zimbra postfix/cleanup[30690]: 558D24A187F: message-id=<f230dc22-034e-2e81-92c2-4234a0c3e4f7@fulltech-metal.net>
Nov  7 08:13:29 zimbra postfix/qmgr[6416]: 558D24A187F: from=<service08@fulltech-metal.net>, size=44098, nrcpt=1 (queue active)
Nov  7 08:13:29 zimbra postfix/amavisd/smtpd[30693]: disconnect from localhost[127.0.0.1] ehlo=1 mail=2 rcpt=2 data=2 noop=1 quit=1 commands=9
Nov  7 08:13:29 zimbra postfix/smtp[30691]: A3BF74A188F: to=<jason.hsu@fulltech-metal.com>, relay=127.0.0.1[127.0.0.1]:10032, delay=0.73, delays=0.04/0.01/0/0.67, dsn=2.0.0, status=sent (250 2.0.0 from MTA(smtp:[127.0.0.1]:10025): 250 2.0.0 Ok: queued as 558D24A187F)
Nov  7 08:13:29 zimbra postfix/qmgr[6416]: A3BF74A188F: removed
Nov  7 08:13:30 zimbra postfix/smtp[30718]: 558D24A187F: to=<jason.hsu@fulltech-metal.com>, relay=mail.fulltech-metal.com[222.92.254.200]:25, delay=1.1, delays=0.04/0.01/0.57/0.5, dsn=2.0.0, status=sent (250 ok message accepted [1478477610.25965.3216,S=44306]?)
Nov  7 08:13:30 zimbra postfix/qmgr[6416]: 558D24A187F: removed
Nov  7 08:14:00 zimbra postfix/postscreen[29330]: CONNECT from [222.92.254.194]:53984 to [203.66.83.217]:25
Nov  7 08:14:00 zimbra postfix/postscreen[29330]: PASS OLD [222.92.254.194]:53984
Nov  7 08:14:00 zimbra postfix/smtpd[29331]: connect from unknown[222.92.254.194]
Nov  7 08:14:01 zimbra postfix/smtpd[29331]: Anonymous TLS connection established from unknown[222.92.254.194]: TLSv1.2 with cipher ECDHE-RSA-AES256-GCM-SHA384 (256/256 bits)
Nov  7 08:14:03 zimbra postfix/smtpd[29331]: NOQUEUE: filter: RCPT from unknown[222.92.254.194]: <service04@fulltech-metal.net>: Sender address triggers FILTER smtp-amavis:[127.0.0.1]:10026; from=<service04@fulltech-metal.net> to=<hm.zhu@fulltech-metal.com> proto=ESMTP helo=<ft-yw20>
Nov  7 08:14:03 zimbra postfix/smtpd[29331]: 80C964A187F: client=unknown[222.92.254.194], sasl_method=LOGIN, sasl_username=service04@fulltech-metal.net
Nov  7 08:14:04 zimbra postfix/smtpd[29331]: 80C964A187F: filter: RCPT from unknown[222.92.254.194]: <service04@fulltech-metal.net>: Sender address triggers FILTER smtp-amavis:[127.0.0.1]:10026; from=<service04@fulltech-metal.net> to=<jg.chen@fulltech-metal.com> proto=ESMTP helo=<ft-yw20>
Nov  7 08:14:04 zimbra postfix/smtpd[29331]: 80C964A187F: filter: RCPT from unknown[222.92.254.194]: <service04@fulltech-metal.net>: Sender address triggers FILTER smtp-amavis:[127.0.0.1]:10026; from=<service04@fulltech-metal.net> to=<zg.hu@fulltech-metal.com> proto=ESMTP helo=<ft-yw20>
Nov  7 08:14:04 zimbra postfix/smtpd[29331]: 80C964A187F: filter: RCPT from unknown[222.92.254.194]: <service04@fulltech-metal.net>: Sender address triggers FILTER smtp-amavis:[127.0.0.1]:10026; from=<service04@fulltech-metal.net> to=<joanna.zhang@fulltech-metal.com> proto=ESMTP helo=<ft-yw20>
Nov  7 08:14:05 zimbra postfix/cleanup[30690]: 80C964A187F: message-id=<201611070813599275542@fulltech-metal.net>
Nov  7 08:14:05 zimbra postfix/qmgr[6416]: 80C964A187F: from=<service04@fulltech-metal.net>, size=241946, nrcpt=4 (queue active)
Nov  7 08:14:05 zimbra postfix/dkimmilter/smtpd[31478]: connect from localhost[127.0.0.1]
Nov  7 08:14:05 zimbra postfix/dkimmilter/smtpd[31478]: D93E94A188F: client=localhost[127.0.0.1]
Nov  7 08:14:05 zimbra postfix/cleanup[30690]: D93E94A188F: message-id=<201611070813599275542@fulltech-metal.net>
Nov  7 08:14:05 zimbra postfix/dkimmilter/smtpd[31478]: disconnect from localhost[127.0.0.1] ehlo=1 mail=1 rcpt=4 data=1 quit=1 commands=8
Nov  7 08:14:05 zimbra postfix/qmgr[6416]: D93E94A188F: from=<service04@fulltech-metal.net>, size=242400, nrcpt=4 (queue active)
Nov  7 08:14:05 zimbra postfix/smtp[30717]: 80C964A187F: to=<hm.zhu@fulltech-metal.com>, relay=127.0.0.1[127.0.0.1]:10026, delay=2.6, delays=2.3/0.03/0/0.27, dsn=2.0.0, status=sent (250 2.0.0 from MTA(smtp:[127.0.0.1]:10030): 250 2.0.0 Ok: queued as D93E94A188F)
Nov  7 08:14:05 zimbra postfix/smtp[30717]: 80C964A187F: to=<jg.chen@fulltech-metal.com>, relay=127.0.0.1[127.0.0.1]:10026, delay=2.6, delays=2.3/0.03/0/0.27, dsn=2.0.0, status=sent (250 2.0.0 from MTA(smtp:[127.0.0.1]:10030): 250 2.0.0 Ok: queued as D93E94A188F)
Nov  7 08:14:05 zimbra postfix/smtp[30717]: 80C964A187F: to=<joanna.zhang@fulltech-metal.com>, relay=127.0.0.1[127.0.0.1]:10026, delay=2.6, delays=2.3/0.03/0/0.27, dsn=2.0.0, status=sent (250 2.0.0 from MTA(smtp:[127.0.0.1]:10030): 250 2.0.0 Ok: queued as D93E94A188F)
Nov  7 08:14:05 zimbra postfix/smtp[30717]: 80C964A187F: to=<zg.hu@fulltech-metal.com>, relay=127.0.0.1[127.0.0.1]:10026, delay=2.6, delays=2.3/0.03/0/0.27, dsn=2.0.0, status=sent (250 2.0.0 from MTA(smtp:[127.0.0.1]:10030): 250 2.0.0 Ok: queued as D93E94A188F)
Nov  7 08:14:05 zimbra postfix/qmgr[6416]: 80C964A187F: removed
Nov  7 08:14:06 zimbra postfix/amavisd/smtpd[30693]: connect from localhost[127.0.0.1]
Nov  7 08:14:06 zimbra postfix/amavisd/smtpd[30693]: D103A4A187F: client=localhost[127.0.0.1]
Nov  7 08:14:06 zimbra postfix/cleanup[30690]: D103A4A187F: message-id=<201611070813599275542@fulltech-metal.net>
Nov  7 08:14:06 zimbra postfix/qmgr[6416]: D103A4A187F: from=<service04@fulltech-metal.net>, size=242728, nrcpt=4 (queue active)
Nov  7 08:14:06 zimbra postfix/smtp[30691]: D93E94A188F: to=<hm.zhu@fulltech-metal.com>, relay=127.0.0.1[127.0.0.1]:10032, delay=1, delays=0.05/0/0.01/0.97, dsn=2.0.0, status=sent (250 2.0.0 from MTA(smtp:[127.0.0.1]:10025): 250 2.0.0 Ok: queued as D103A4A187F)
Nov  7 08:14:06 zimbra postfix/smtp[30691]: D93E94A188F: to=<jg.chen@fulltech-metal.com>, relay=127.0.0.1[127.0.0.1]:10032, delay=1, delays=0.05/0/0.01/0.97, dsn=2.0.0, status=sent (250 2.0.0 from MTA(smtp:[127.0.0.1]:10025): 250 2.0.0 Ok: queued as D103A4A187F)
Nov  7 08:14:06 zimbra postfix/smtp[30691]: D93E94A188F: to=<joanna.zhang@fulltech-metal.com>, relay=127.0.0.1[127.0.0.1]:10032, delay=1, delays=0.05/0/0.01/0.97, dsn=2.0.0, status=sent (250 2.0.0 from MTA(smtp:[127.0.0.1]:10025): 250 2.0.0 Ok: queued as D103A4A187F)
Nov  7 08:14:06 zimbra postfix/smtp[30691]: D93E94A188F: to=<zg.hu@fulltech-metal.com>, relay=127.0.0.1[127.0.0.1]:10032, delay=1, delays=0.05/0/0.01/0.97, dsn=2.0.0, status=sent (250 2.0.0 from MTA(smtp:[127.0.0.1]:10025): 250 2.0.0 Ok: queued as D103A4A187F)
Nov  7 08:14:06 zimbra postfix/qmgr[6416]: D93E94A188F: removed
Nov  7 08:14:08 zimbra postfix/smtp[30718]: D103A4A187F: to=<hm.zhu@fulltech-metal.com>, relay=mail.fulltech-metal.com[222.92.254.200]:25, delay=1.6, delays=0.05/0.01/0.58/0.98, dsn=2.0.0, status=sent (250 ok message accepted [1478477648.7675.4556,S=242933]?)
Nov  7 08:14:08 zimbra postfix/smtp[30718]: D103A4A187F: to=<jg.chen@fulltech-metal.com>, relay=mail.fulltech-metal.com[222.92.254.200]:25, delay=1.6, delays=0.05/0.01/0.58/0.98, dsn=2.0.0, status=sent (250 ok message accepted [1478477648.7675.4556,S=242933]?)
Nov  7 08:14:08 zimbra postfix/smtp[30718]: D103A4A187F: to=<joanna.zhang@fulltech-metal.com>, relay=mail.fulltech-metal.com[222.92.254.200]:25, delay=1.6, delays=0.05/0.01/0.58/0.98, dsn=2.0.0, status=sent (250 ok message accepted [1478477648.7675.4556,S=242933]?)
Nov  7 08:14:08 zimbra postfix/smtp[30718]: D103A4A187F: to=<zg.hu@fulltech-metal.com>, relay=mail.fulltech-metal.com[222.92.254.200]:25, delay=1.6, delays=0.05/0.01/0.58/0.98, dsn=2.0.0, status=sent (250 ok message accepted [1478477648.7675.4556,S=242933]?)
Nov  7 08:14:08 zimbra postfix/qmgr[6416]: D103A4A187F: removed
Nov  7 08:14:08 zimbra postfix/postscreen[29330]: CONNECT from [222.92.254.194]:63013 to [203.66.83.217]:25
Nov  7 08:14:08 zimbra postfix/postscreen[29330]: PASS OLD [222.92.254.194]:63013
Nov  7 08:14:08 zimbra postfix/smtpd[31543]: connect from unknown[222.92.254.194]
Nov  7 08:14:09 zimbra postfix/smtpd[31543]: NOQUEUE: filter: RCPT from unknown[222.92.254.194]: <auto_joanna.zhang+service04=fulltech-metal.net@fulltech-metal.com>: Sender address triggers FILTER smtp-amavis:[127.0.0.1]:10026; from=<auto_joanna.zhang+service04=fulltech-metal.net@fulltech-metal.com> to=<service07@fulltech-metal.net> proto=SMTP helo=<fulltech-metal.com>
Nov  7 08:14:09 zimbra postfix/smtpd[31543]: NOQUEUE: filter: RCPT from unknown[222.92.254.194]: <auto_joanna.zhang+service04=fulltech-metal.net@fulltech-metal.com>: Sender address triggers FILTER smtp-amavis:[127.0.0.1]:10024; from=<auto_joanna.zhang+service04=fulltech-metal.net@fulltech-metal.com> to=<service07@fulltech-metal.net> proto=SMTP helo=<fulltech-metal.com>
Nov  7 08:14:09 zimbra postfix/smtpd[31543]: 201B04A187F: client=unknown[222.92.254.194]
Nov  7 08:14:09 zimbra postfix/cleanup[30690]: 201B04A187F: resent-message-id=<f2a9287b126a7fa13b2d6fee5bf11d7b>
Nov  7 08:14:09 zimbra postfix/cleanup[30690]: 201B04A187F: message-id=<201611070813599275542@fulltech-metal.net>
Nov  7 08:14:09 zimbra postfix/qmgr[6416]: 201B04A187F: from=<auto_joanna.zhang+service04=fulltech-metal.net@fulltech-metal.com>, size=243423, nrcpt=1 (queue active)
Nov  7 08:14:09 zimbra postfix/smtpd[31543]: disconnect from unknown[222.92.254.194] helo=1 mail=1 rcpt=1 data=1 quit=1 commands=5
Nov  7 08:14:11 zimbra postfix/amavisd/smtpd[31544]: connect from localhost[127.0.0.1]
Nov  7 08:14:11 zimbra postfix/amavisd/smtpd[31544]: B6B284A1890: client=localhost[127.0.0.1]
Nov  7 08:14:11 zimbra postfix/cleanup[30690]: B6B284A1890: resent-message-id=<f2a9287b126a7fa13b2d6fee5bf11d7b>
Nov  7 08:14:11 zimbra postfix/cleanup[30690]: B6B284A1890: message-id=<201611070813599275542@fulltech-metal.net>
Nov  7 08:14:11 zimbra postfix/qmgr[6416]: B6B284A1890: from=<auto_joanna.zhang+service04=fulltech-metal.net@fulltech-metal.com>, size=244180, nrcpt=1 (queue active)
Nov  7 08:14:11 zimbra postfix/smtp[30717]: 201B04A187F: to=<service07@fulltech-metal.net>, relay=127.0.0.1[127.0.0.1]:10024, delay=2.7, delays=0.77/0/0.01/1.9, dsn=2.0.0, status=sent (250 2.0.0 from MTA(smtp:[127.0.0.1]:10025): 250 2.0.0 Ok: queued as B6B284A1890)
Nov  7 08:14:11 zimbra postfix/qmgr[6416]: 201B04A187F: removed
Nov  7 08:14:11 zimbra postfix/lmtp[30694]: B6B284A1890: to=<service07@fulltech-metal.net>, relay=zimbra.fulltech-metal.net[203.66.83.217]:7025, delay=0.14, delays=0.01/0.01/0.05/0.07, dsn=2.1.5, status=sent (250 2.1.5 Delivery OK)
Nov  7 08:14:11 zimbra postfix/qmgr[6416]: B6B284A1890: removed
Nov  7 08:14:16 zimbra postfix/smtpd[29331]: disconnect from unknown[222.92.254.194] ehlo=2 starttls=1 auth=1 mail=1 rcpt=4 data=1 quit=1 commands=11
Nov  7 08:15:48 zimbra postfix/dkimmilter/smtpd[29338]: timeout after END-OF-MESSAGE from localhost[127.0.0.1]
Nov  7 08:15:48 zimbra postfix/dkimmilter/smtpd[29338]: disconnect from localhost[127.0.0.1] ehlo=1 mail=1 rcpt=1 data=1 commands=4
Nov  7 08:15:49 zimbra postfix/amavisd/smtpd[29341]: timeout after END-OF-MESSAGE from localhost[127.0.0.1]
Nov  7 08:15:49 zimbra postfix/amavisd/smtpd[29341]: disconnect from localhost[127.0.0.1] ehlo=1 mail=1 rcpt=1 data=1 commands=4
Nov  7 08:16:39 zimbra postfix/postscreen[320]: CONNECT from [222.211.90.56]:22352 to [203.66.83.217]:25
Nov  7 08:16:45 zimbra postfix/postscreen[320]: PASS OLD [222.211.90.56]:22352
Nov  7 08:16:45 zimbra postfix/smtpd[322]: connect from unknown[222.211.90.56]
Nov  7 08:16:46 zimbra postfix/smtpd[322]: disconnect from unknown[222.211.90.56] helo=1 auth=0/1 quit=1 commands=2/3
Nov  7 08:17:56 zimbra postfix/anvil[27129]: statistics: max connection rate 2/60s for (smtpd:222.92.254.194) at Nov  7 08:14:08
Nov  7 08:17:56 zimbra postfix/anvil[27129]: statistics: max connection count 1 for (smtpd:123.252.221.11) at Nov  7 08:07:56
Nov  7 08:17:56 zimbra postfix/anvil[27129]: statistics: max cache size 2 at Nov  7 08:12:49
Nov  7 08:18:28 zimbra postfix/postscreen[1644]: CONNECT from [222.92.254.194]:63040 to [203.66.83.217]:25
Nov  7 08:18:28 zimbra postfix/postscreen[1644]: PASS OLD [222.92.254.194]:63040
Nov  7 08:18:28 zimbra postfix/smtpd[1645]: connect from unknown[222.92.254.194]
Nov  7 08:18:28 zimbra postfix/smtpd[1645]: NOQUEUE: filter: RCPT from unknown[222.92.254.194]: <auto_joanna.zhang+danny.liang=skyrock-casting.com@fulltech-metal.com>: Sender address triggers FILTER smtp-amavis:[127.0.0.1]:10026; from=<auto_joanna.zhang+danny.liang=skyrock-casting.com@fulltech-metal.com> to=<service07@fulltech-metal.net> proto=SMTP helo=<fulltech-metal.com>
Nov  7 08:18:28 zimbra postfix/smtpd[1645]: NOQUEUE: filter: RCPT from unknown[222.92.254.194]: <auto_joanna.zhang+danny.liang=skyrock-casting.com@fulltech-metal.com>: Sender address triggers FILTER smtp-amavis:[127.0.0.1]:10024; from=<auto_joanna.zhang+danny.liang=skyrock-casting.com@fulltech-metal.com> to=<service07@fulltech-metal.net> proto=SMTP helo=<fulltech-metal.com>
Nov  7 08:18:28 zimbra postfix/smtpd[1645]: 5FA864A187F: client=unknown[222.92.254.194]
Nov  7 08:18:28 zimbra postfix/cleanup[1646]: 5FA864A187F: resent-message-id=<2dc962141eed553d2a308179c01c69e1>
Nov  7 08:18:28 zimbra postfix/cleanup[1646]: 5FA864A187F: message-id=<201611070817007984265@skyrock-casting.com>
Nov  7 08:18:28 zimbra postfix/dkimmilter/smtpd[30715]: timeout after END-OF-MESSAGE from localhost[127.0.0.1]
Nov  7 08:18:28 zimbra postfix/dkimmilter/smtpd[30715]: disconnect from localhost[127.0.0.1] ehlo=1 mail=1 rcpt=1 data=1 commands=4
Nov  7 08:18:29 zimbra postfix/qmgr[6416]: 5FA864A187F: from=<auto_joanna.zhang+danny.liang=skyrock-casting.com@fulltech-metal.com>, size=601452, nrcpt=1 (queue active)
Nov  7 08:18:29 zimbra postfix/smtpd[1645]: disconnect from unknown[222.92.254.194] helo=1 mail=1 rcpt=1 data=1 quit=1 commands=5
Nov  7 08:18:30 zimbra postfix/amavisd/smtpd[30693]: 89C604A1890: client=localhost[127.0.0.1]
Nov  7 08:18:30 zimbra postfix/cleanup[1646]: 89C604A1890: resent-message-id=<2dc962141eed553d2a308179c01c69e1>
Nov  7 08:18:30 zimbra postfix/cleanup[1646]: 89C604A1890: message-id=<201611070817007984265@skyrock-casting.com>
Nov  7 08:18:30 zimbra postfix/qmgr[6416]: 89C604A1890: from=<auto_joanna.zhang+danny.liang=skyrock-casting.com@fulltech-metal.com>, size=602239, nrcpt=1 (queue active)
Nov  7 08:18:30 zimbra postfix/amavisd/smtpd[30693]: disconnect from localhost[127.0.0.1] ehlo=1 mail=2 rcpt=5 data=2 noop=1 quit=1 commands=12
Nov  7 08:18:30 zimbra postfix/smtp[1647]: 5FA864A187F: to=<service07@fulltech-metal.net>, relay=127.0.0.1[127.0.0.1]:10024, delay=2.3, delays=0.94/0.01/0/1.4, dsn=2.0.0, status=sent (250 2.0.0 from MTA(smtp:[127.0.0.1]:10025): 250 2.0.0 Ok: queued as 89C604A1890)
Nov  7 08:18:30 zimbra postfix/qmgr[6416]: 5FA864A187F: removed
Nov  7 08:18:30 zimbra postfix/lmtp[1653]: 89C604A1890: to=<service07@fulltech-metal.net>, relay=zimbra.fulltech-metal.net[203.66.83.217]:7025, delay=0.24, delays=0.07/0.01/0.05/0.1, dsn=2.1.5, status=sent (250 2.1.5 Delivery OK)
Nov  7 08:18:30 zimbra postfix/qmgr[6416]: 89C604A1890: removed
Nov  7 08:19:11 zimbra postfix/amavisd/smtpd[31544]: timeout after END-OF-MESSAGE from localhost[127.0.0.1]
Nov  7 08:19:11 zimbra postfix/amavisd/smtpd[31544]: disconnect from localhost[127.0.0.1] ehlo=1 mail=1 rcpt=1 data=1 commands=4
Nov  7 08:21:08 zimbra postfix/postscreen[3065]: CONNECT from [185.34.18.3]:52117 to [203.66.83.217]:25
Nov  7 08:21:08 zimbra postfix/postscreen[3065]: PASS OLD [185.34.18.3]:52117
Nov  7 08:21:08 zimbra postfix/smtpd[3066]: connect from unknown[185.34.18.3]
Nov  7 08:21:10 zimbra postfix/smtpd[3066]: disconnect from unknown[185.34.18.3] helo=1 auth=0/1 quit=1 commands=2/3
Nov  7 08:24:30 zimbra postfix/anvil[27129]: statistics: max connection rate 1/60s for (smtpd:222.92.254.194) at Nov  7 08:18:28
Nov  7 08:24:30 zimbra postfix/anvil[27129]: statistics: max connection count 1 for (smtpd:222.92.254.194) at Nov  7 08:18:28
Nov  7 08:24:30 zimbra postfix/anvil[27129]: statistics: max cache size 1 at Nov  7 08:18:28
Nov  7 08:24:59 zimbra postfix/postscreen[5551]: CONNECT from [222.92.254.194]:63075 to [203.66.83.217]:25
Nov  7 08:24:59 zimbra postfix/postscreen[5551]: PASS OLD [222.92.254.194]:63075
Nov  7 08:24:59 zimbra postfix/smtpd[5552]: connect from unknown[222.92.254.194]
Nov  7 08:24:59 zimbra postfix/smtpd[5552]: NOQUEUE: filter: RCPT from unknown[222.92.254.194]: <auto_zm.zhang+nancy.song=fulltech-metal.com@fulltech-metal.com>: Sender address triggers FILTER smtp-amavis:[127.0.0.1]:10026; from=<auto_zm.zhang+nancy.song=fulltech-metal.com@fulltech-metal.com> to=<service02@fulltech-metal.net> proto=SMTP helo=<fulltech-metal.com>
Nov  7 08:24:59 zimbra postfix/smtpd[5552]: NOQUEUE: filter: RCPT from unknown[222.92.254.194]: <auto_zm.zhang+nancy.song=fulltech-metal.com@fulltech-metal.com>: Sender address triggers FILTER smtp-amavis:[127.0.0.1]:10024; from=<auto_zm.zhang+nancy.song=fulltech-metal.com@fulltech-metal.com> to=<service02@fulltech-metal.net> proto=SMTP helo=<fulltech-metal.com>
Nov  7 08:24:59 zimbra postfix/smtpd[5552]: 7716F4A187F: client=unknown[222.92.254.194]
Nov  7 08:24:59 zimbra postfix/cleanup[5556]: 7716F4A187F: resent-message-id=<fa125add034c05512a2c3937911cb95c>
Nov  7 08:24:59 zimbra postfix/cleanup[5556]: 7716F4A187F: message-id=<201611070824353907898@fulltech-metal.com>
Nov  7 08:25:00 zimbra postfix/qmgr[6416]: 7716F4A187F: from=<auto_zm.zhang+nancy.song=fulltech-metal.com@fulltech-metal.com>, size=502564, nrcpt=1 (queue active)
Nov  7 08:25:00 zimbra postfix/smtpd[5552]: disconnect from unknown[222.92.254.194] helo=1 mail=1 rcpt=1 data=1 quit=1 commands=5
Nov  7 08:25:01 zimbra postfix/amavisd/smtpd[5563]: connect from localhost[127.0.0.1]
Nov  7 08:25:01 zimbra postfix/amavisd/smtpd[5563]: 249534A1890: client=localhost[127.0.0.1]
Nov  7 08:25:01 zimbra postfix/cleanup[5556]: 249534A1890: resent-message-id=<fa125add034c05512a2c3937911cb95c>
Nov  7 08:25:01 zimbra postfix/cleanup[5556]: 249534A1890: message-id=<201611070824353907898@fulltech-metal.com>
Nov  7 08:25:01 zimbra postfix/amavisd/smtpd[5563]: disconnect from localhost[127.0.0.1] ehlo=1 mail=1 rcpt=1 data=1 quit=1 commands=5
Nov  7 08:25:01 zimbra postfix/qmgr[6416]: 249534A1890: from=<auto_zm.zhang+nancy.song=fulltech-metal.com@fulltech-metal.com>, size=503280, nrcpt=1 (queue active)
Nov  7 08:25:01 zimbra postfix/smtp[5558]: 7716F4A187F: to=<service02@fulltech-metal.net>, relay=127.0.0.1[127.0.0.1]:10024, delay=1.8, delays=0.86/0.01/0/0.91, dsn=2.0.0, status=sent (250 2.0.0 from MTA(smtp:[127.0.0.1]:10025): 250 2.0.0 Ok: queued as 249534A1890)
Nov  7 08:25:01 zimbra postfix/qmgr[6416]: 7716F4A187F: removed
Nov  7 08:25:01 zimbra postfix/lmtp[5564]: 249534A1890: to=<service02@fulltech-metal.net>, relay=zimbra.fulltech-metal.net[203.66.83.217]:7025, delay=0.17, delays=0.02/0.01/0.05/0.09, dsn=2.1.5, status=sent (250 2.1.5 Delivery OK)
Nov  7 08:25:01 zimbra postfix/qmgr[6416]: 249534A1890: removed
Nov  7 08:25:56 zimbra postfix/postscreen[5551]: CONNECT from [94.183.4.136]:22163 to [203.66.83.217]:25
Nov  7 08:26:02 zimbra postfix/postscreen[5551]: PASS OLD [94.183.4.136]:22163
Nov  7 08:26:02 zimbra postfix/smtpd[5552]: warning: hostname 94-183-4-136.shatel.ir does not resolve to address 94.183.4.136: Name or service not known
Nov  7 08:26:02 zimbra postfix/smtpd[5552]: connect from unknown[94.183.4.136]
Nov  7 08:26:04 zimbra postfix/smtpd[5552]: disconnect from unknown[94.183.4.136] helo=1 auth=0/1 quit=1 commands=2/3
Nov  7 08:26:17 zimbra postfix/postscreen[5551]: CONNECT from [222.92.254.194]:63082 to [203.66.83.217]:25
Nov  7 08:26:17 zimbra postfix/postscreen[5551]: PASS OLD [222.92.254.194]:63082
Nov  7 08:26:17 zimbra postfix/smtpd[5552]: connect from unknown[222.92.254.194]
Nov  7 08:26:17 zimbra postfix/smtpd[5552]: NOQUEUE: filter: RCPT from unknown[222.92.254.194]: <auto_annie.li+tim.hong=fulltech-metal.com@fulltech-metal.com>: Sender address triggers FILTER smtp-amavis:[127.0.0.1]:10026; from=<auto_annie.li+tim.hong=fulltech-metal.com@fulltech-metal.com> to=<service03@fulltech-metal.net> proto=SMTP helo=<fulltech-metal.com>
Nov  7 08:26:17 zimbra postfix/smtpd[5552]: NOQUEUE: filter: RCPT from unknown[222.92.254.194]: <auto_annie.li+tim.hong=fulltech-metal.com@fulltech-metal.com>: Sender address triggers FILTER smtp-amavis:[127.0.0.1]:10024; from=<auto_annie.li+tim.hong=fulltech-metal.com@fulltech-metal.com> to=<service03@fulltech-metal.net> proto=SMTP helo=<fulltech-metal.com>
Nov  7 08:26:17 zimbra postfix/smtpd[5552]: 6E6AE4A187F: client=unknown[222.92.254.194]
Nov  7 08:26:17 zimbra postfix/cleanup[5556]: 6E6AE4A187F: resent-message-id=<7ea7fe363bdff4fe90de837175de8de5>
Nov  7 08:26:17 zimbra postfix/cleanup[5556]: 6E6AE4A187F: message-id=<20161107082601037783104@fulltech-metal.com>
Nov  7 08:26:18 zimbra postfix/qmgr[6416]: 6E6AE4A187F: from=<auto_annie.li+tim.hong=fulltech-metal.com@fulltech-metal.com>, size=1806275, nrcpt=1 (queue active)
Nov  7 08:26:18 zimbra postfix/smtpd[5552]: disconnect from unknown[222.92.254.194] helo=1 mail=1 rcpt=1 data=1 quit=1 commands=5
Nov  7 08:26:21 zimbra postfix/amavisd/smtpd[5563]: connect from localhost[127.0.0.1]
Nov  7 08:26:21 zimbra postfix/amavisd/smtpd[5563]: 4E6A14A1890: client=localhost[127.0.0.1]
Nov  7 08:26:21 zimbra postfix/cleanup[5556]: 4E6A14A1890: resent-message-id=<7ea7fe363bdff4fe90de837175de8de5>
Nov  7 08:26:21 zimbra postfix/cleanup[5556]: 4E6A14A1890: message-id=<20161107082601037783104@fulltech-metal.com>
Nov  7 08:26:21 zimbra postfix/amavisd/smtpd[5563]: disconnect from localhost[127.0.0.1] ehlo=1 mail=1 rcpt=1 data=1 quit=1 commands=5
Nov  7 08:26:21 zimbra postfix/qmgr[6416]: 4E6A14A1890: from=<auto_annie.li+tim.hong=fulltech-metal.com@fulltech-metal.com>, size=1807049, nrcpt=1 (queue active)
Nov  7 08:26:21 zimbra postfix/smtp[5558]: 6E6AE4A187F: to=<service03@fulltech-metal.net>, relay=127.0.0.1[127.0.0.1]:10024, delay=4, delays=1.3/0/0/2.7, dsn=2.0.0, status=sent (250 2.0.0 from MTA(smtp:[127.0.0.1]:10025): 250 2.0.0 Ok: queued as 4E6A14A1890)
Nov  7 08:26:21 zimbra postfix/qmgr[6416]: 6E6AE4A187F: removed
Nov  7 08:26:21 zimbra postfix/lmtp[5564]: 4E6A14A1890: to=<service03@fulltech-metal.net>, relay=zimbra.fulltech-metal.net[203.66.83.217]:7025, delay=0.36, delays=0.07/0/0.05/0.23, dsn=2.1.5, status=sent (250 2.1.5 Delivery OK)
Nov  7 08:26:21 zimbra postfix/qmgr[6416]: 4E6A14A1890: removed
Nov  7 08:26:31 zimbra postfix/postscreen[5551]: CONNECT from [222.92.254.194]:63085 to [203.66.83.217]:25
Nov  7 08:26:31 zimbra postfix/postscreen[5551]: PASS OLD [222.92.254.194]:63085
Nov  7 08:26:31 zimbra postfix/smtpd[5552]: connect from unknown[222.92.254.194]
Nov  7 08:26:32 zimbra postfix/smtpd[5552]: NOQUEUE: filter: RCPT from unknown[222.92.254.194]: <auto_zm.zhang+tim.hong=fulltech-metal.com@fulltech-metal.com>: Sender address triggers FILTER smtp-amavis:[127.0.0.1]:10026; from=<auto_zm.zhang+tim.hong=fulltech-metal.com@fulltech-metal.com> to=<service02@fulltech-metal.net> proto=SMTP helo=<fulltech-metal.com>
Nov  7 08:26:32 zimbra postfix/smtpd[5552]: NOQUEUE: filter: RCPT from unknown[222.92.254.194]: <auto_zm.zhang+tim.hong=fulltech-metal.com@fulltech-metal.com>: Sender address triggers FILTER smtp-amavis:[127.0.0.1]:10024; from=<auto_zm.zhang+tim.hong=fulltech-metal.com@fulltech-metal.com> to=<service02@fulltech-metal.net> proto=SMTP helo=<fulltech-metal.com>
Nov  7 08:26:32 zimbra postfix/smtpd[5552]: 0ECBA4A187F: client=unknown[222.92.254.194]
Nov  7 08:26:32 zimbra postfix/cleanup[5556]: 0ECBA4A187F: resent-message-id=<10f493396fa2c73e4436ed2242bb1a2c>
Nov  7 08:26:32 zimbra postfix/cleanup[5556]: 0ECBA4A187F: message-id=<20161107082601037783104@fulltech-metal.com>
Nov  7 08:26:33 zimbra postfix/qmgr[6416]: 0ECBA4A187F: from=<auto_zm.zhang+tim.hong=fulltech-metal.com@fulltech-metal.com>, size=1806275, nrcpt=1 (queue active)
Nov  7 08:26:33 zimbra postfix/smtpd[5552]: disconnect from unknown[222.92.254.194] helo=1 mail=1 rcpt=1 data=1 quit=1 commands=5
Nov  7 08:26:35 zimbra postfix/amavisd/smtpd[5563]: connect from localhost[127.0.0.1]
Nov  7 08:26:35 zimbra postfix/amavisd/smtpd[5563]: 1ECF94A1890: client=localhost[127.0.0.1]
Nov  7 08:26:35 zimbra postfix/cleanup[5556]: 1ECF94A1890: resent-message-id=<10f493396fa2c73e4436ed2242bb1a2c>
Nov  7 08:26:35 zimbra postfix/cleanup[5556]: 1ECF94A1890: message-id=<20161107082601037783104@fulltech-metal.com>
Nov  7 08:26:35 zimbra postfix/qmgr[6416]: 1ECF94A1890: from=<auto_zm.zhang+tim.hong=fulltech-metal.com@fulltech-metal.com>, size=1807049, nrcpt=1 (queue active)
Nov  7 08:26:35 zimbra postfix/amavisd/smtpd[5563]: disconnect from localhost[127.0.0.1] ehlo=1 mail=1 rcpt=1 data=1 quit=1 commands=5
Nov  7 08:26:35 zimbra postfix/smtp[5558]: 0ECBA4A187F: to=<service02@fulltech-metal.net>, relay=127.0.0.1[127.0.0.1]:10024, delay=3.2, delays=1.1/0/0/2.1, dsn=2.0.0, status=sent (250 2.0.0 from MTA(smtp:[127.0.0.1]:10025): 250 2.0.0 Ok: queued as 1ECF94A1890)
Nov  7 08:26:35 zimbra postfix/qmgr[6416]: 0ECBA4A187F: removed
Nov  7 08:26:35 zimbra postfix/lmtp[5564]: 1ECF94A1890: to=<service02@fulltech-metal.net>, relay=zimbra.fulltech-metal.net[203.66.83.217]:7025, delay=0.34, delays=0.07/0/0.05/0.21, dsn=2.1.5, status=sent (250 2.1.5 Delivery OK)
Nov  7 08:26:35 zimbra postfix/qmgr[6416]: 1ECF94A1890: removed
Nov  7 08:26:41 zimbra postfix/postscreen[5551]: CONNECT from [222.92.254.194]:63086 to [203.66.83.217]:25
Nov  7 08:26:41 zimbra postfix/postscreen[5551]: PASS OLD [222.92.254.194]:63086
Nov  7 08:26:41 zimbra postfix/smtpd[5552]: connect from unknown[222.92.254.194]
Nov  7 08:26:41 zimbra postfix/smtpd[5552]: NOQUEUE: filter: RCPT from unknown[222.92.254.194]: <auto_danny.liang+tim.hong=fulltech-metal.com@fulltech-metal.com>: Sender address triggers FILTER smtp-amavis:[127.0.0.1]:10026; from=<auto_danny.liang+tim.hong=fulltech-metal.com@fulltech-metal.com> to=<service04@fulltech-metal.net> proto=SMTP helo=<fulltech-metal.com>
Nov  7 08:26:41 zimbra postfix/smtpd[5552]: NOQUEUE: filter: RCPT from unknown[222.92.254.194]: <auto_danny.liang+tim.hong=fulltech-metal.com@fulltech-metal.com>: Sender address triggers FILTER smtp-amavis:[127.0.0.1]:10024; from=<auto_danny.liang+tim.hong=fulltech-metal.com@fulltech-metal.com> to=<service04@fulltech-metal.net> proto=SMTP helo=<fulltech-metal.com>
Nov  7 08:26:41 zimbra postfix/smtpd[5552]: 464F24A187F: client=unknown[222.92.254.194]
Nov  7 08:26:41 zimbra postfix/cleanup[5556]: 464F24A187F: resent-message-id=<5bb8bcdec92aca5bb897f1ddf93e4979>
Nov  7 08:26:41 zimbra postfix/cleanup[5556]: 464F24A187F: message-id=<20161107082601037783104@fulltech-metal.com>
Nov  7 08:26:42 zimbra postfix/qmgr[6416]: 464F24A187F: from=<auto_danny.liang+tim.hong=fulltech-metal.com@fulltech-metal.com>, size=1806284, nrcpt=1 (queue active)
Nov  7 08:26:42 zimbra postfix/smtpd[5552]: disconnect from unknown[222.92.254.194] helo=1 mail=1 rcpt=1 data=1 quit=1 commands=5
Nov  7 08:26:42 zimbra postfix/postscreen[5551]: CONNECT from [222.92.254.194]:63087 to [203.66.83.217]:25
Nov  7 08:26:42 zimbra postfix/postscreen[5551]: PASS OLD [222.92.254.194]:63087
Nov  7 08:26:42 zimbra postfix/smtpd[5552]: connect from unknown[222.92.254.194]
Nov  7 08:26:42 zimbra postfix/smtpd[5552]: NOQUEUE: filter: RCPT from unknown[222.92.254.194]: <auto_vicky.li+tim.hong=fulltech-metal.com@fulltech-metal.com>: Sender address triggers FILTER smtp-amavis:[127.0.0.1]:10026; from=<auto_vicky.li+tim.hong=fulltech-metal.com@fulltech-metal.com> to=<service01@fulltech-metal.net> proto=SMTP helo=<fulltech-metal.com>
Nov  7 08:26:42 zimbra postfix/smtpd[5552]: NOQUEUE: filter: RCPT from unknown[222.92.254.194]: <auto_vicky.li+tim.hong=fulltech-metal.com@fulltech-metal.com>: Sender address triggers FILTER smtp-amavis:[127.0.0.1]:10024; from=<auto_vicky.li+tim.hong=fulltech-metal.com@fulltech-metal.com> to=<service01@fulltech-metal.net> proto=SMTP helo=<fulltech-metal.com>
Nov  7 08:26:42 zimbra postfix/smtpd[5552]: F33A04C9B9B: client=unknown[222.92.254.194]
Nov  7 08:26:43 zimbra postfix/cleanup[5556]: F33A04C9B9B: resent-message-id=<72f0bec0513333667ddebb37978f7543>
Nov  7 08:26:43 zimbra postfix/cleanup[5556]: F33A04C9B9B: message-id=<20161107082601037783104@fulltech-metal.com>
Nov  7 08:26:44 zimbra postfix/amavisd/smtpd[5563]: connect from localhost[127.0.0.1]
Nov  7 08:26:44 zimbra postfix/amavisd/smtpd[5563]: 8F0CF4C9B9A: client=localhost[127.0.0.1]
Nov  7 08:26:44 zimbra postfix/cleanup[6797]: 8F0CF4C9B9A: resent-message-id=<5bb8bcdec92aca5bb897f1ddf93e4979>
Nov  7 08:26:44 zimbra postfix/cleanup[6797]: 8F0CF4C9B9A: message-id=<20161107082601037783104@fulltech-metal.com>
Nov  7 08:26:44 zimbra postfix/qmgr[6416]: 8F0CF4C9B9A: from=<auto_danny.liang+tim.hong=fulltech-metal.com@fulltech-metal.com>, size=1807058, nrcpt=1 (queue active)
Nov  7 08:26:44 zimbra postfix/amavisd/smtpd[5563]: disconnect from localhost[127.0.0.1] ehlo=1 mail=1 rcpt=1 data=1 quit=1 commands=5
Nov  7 08:26:44 zimbra postfix/smtp[5558]: 464F24A187F: to=<service04@fulltech-metal.net>, relay=127.0.0.1[127.0.0.1]:10024, delay=3.5, delays=1.3/0/0/2.2, dsn=2.0.0, status=sent (250 2.0.0 from MTA(smtp:[127.0.0.1]:10025): 250 2.0.0 Ok: queued as 8F0CF4C9B9A)
Nov  7 08:26:44 zimbra postfix/qmgr[6416]: 464F24A187F: removed
Nov  7 08:26:44 zimbra postfix/lmtp[5564]: 8F0CF4C9B9A: to=<service04@fulltech-metal.net>, relay=zimbra.fulltech-metal.net[203.66.83.217]:7025, delay=0.34, delays=0.07/0/0.05/0.21, dsn=2.1.5, status=sent (250 2.1.5 Delivery OK)
Nov  7 08:26:44 zimbra postfix/qmgr[6416]: 8F0CF4C9B9A: removed
Nov  7 08:26:45 zimbra postfix/qmgr[6416]: F33A04C9B9B: from=<auto_vicky.li+tim.hong=fulltech-metal.com@fulltech-metal.com>, size=1806275, nrcpt=1 (queue active)
Nov  7 08:26:45 zimbra postfix/smtpd[5552]: disconnect from unknown[222.92.254.194] helo=1 mail=1 rcpt=1 data=1 quit=1 commands=5
Nov  7 08:26:47 zimbra postfix/amavisd/smtpd[5563]: connect from localhost[127.0.0.1]
Nov  7 08:26:47 zimbra postfix/amavisd/smtpd[5563]: 39DB74A187F: client=localhost[127.0.0.1]
Nov  7 08:26:47 zimbra postfix/cleanup[6797]: 39DB74A187F: resent-message-id=<72f0bec0513333667ddebb37978f7543>
Nov  7 08:26:47 zimbra postfix/cleanup[6797]: 39DB74A187F: message-id=<20161107082601037783104@fulltech-metal.com>
Nov  7 08:26:47 zimbra postfix/amavisd/smtpd[5563]: disconnect from localhost[127.0.0.1] ehlo=1 mail=1 rcpt=1 data=1 quit=1 commands=5
Nov  7 08:26:47 zimbra postfix/qmgr[6416]: 39DB74A187F: from=<auto_vicky.li+tim.hong=fulltech-metal.com@fulltech-metal.com>, size=1807049, nrcpt=1 (queue active)
Nov  7 08:26:47 zimbra postfix/smtp[5558]: F33A04C9B9B: to=<service01@fulltech-metal.net>, relay=127.0.0.1[127.0.0.1]:10024, delay=4.4, delays=2.3/0/0/2, dsn=2.0.0, status=sent (250 2.0.0 from MTA(smtp:[127.0.0.1]:10025): 250 2.0.0 Ok: queued as 39DB74A187F)
Nov  7 08:26:47 zimbra postfix/qmgr[6416]: F33A04C9B9B: removed
Nov  7 08:26:47 zimbra postfix/lmtp[5564]: 39DB74A187F: to=<service01@fulltech-metal.net>, relay=zimbra.fulltech-metal.net[203.66.83.217]:7025, delay=0.3, delays=0.03/0/0.05/0.21, dsn=2.1.5, status=sent (250 2.1.5 Delivery OK)
Nov  7 08:26:47 zimbra postfix/qmgr[6416]: 39DB74A187F: removed
Nov  7 08:26:47 zimbra postfix/postscreen[5551]: CONNECT from [222.92.254.194]:63088 to [203.66.83.217]:25
Nov  7 08:26:47 zimbra postfix/postscreen[5551]: PASS OLD [222.92.254.194]:63088
Nov  7 08:26:47 zimbra postfix/smtpd[5552]: connect from unknown[222.92.254.194]
Nov  7 08:26:48 zimbra postfix/smtpd[5552]: NOQUEUE: filter: RCPT from unknown[222.92.254.194]: <auto_joanna.zhang+tim.hong=fulltech-metal.com@fulltech-metal.com>: Sender address triggers FILTER smtp-amavis:[127.0.0.1]:10026; from=<auto_joanna.zhang+tim.hong=fulltech-metal.com@fulltech-metal.com> to=<service07@fulltech-metal.net> proto=SMTP helo=<fulltech-metal.com>
Nov  7 08:26:48 zimbra postfix/smtpd[5552]: NOQUEUE: filter: RCPT from unknown[222.92.254.194]: <auto_joanna.zhang+tim.hong=fulltech-metal.com@fulltech-metal.com>: Sender address triggers FILTER smtp-amavis:[127.0.0.1]:10024; from=<auto_joanna.zhang+tim.hong=fulltech-metal.com@fulltech-metal.com> to=<service07@fulltech-metal.net> proto=SMTP helo=<fulltech-metal.com>
Nov  7 08:26:48 zimbra postfix/smtpd[5552]: 206544A187F: client=unknown[222.92.254.194]
Nov  7 08:26:48 zimbra postfix/cleanup[5556]: 206544A187F: resent-message-id=<0ee539275e2867657adde393da21f2ae>
Nov  7 08:26:48 zimbra postfix/cleanup[5556]: 206544A187F: message-id=<20161107082601037783104@fulltech-metal.com>
Nov  7 08:26:50 zimbra postfix/qmgr[6416]: 206544A187F: from=<auto_joanna.zhang+tim.hong=fulltech-metal.com@fulltech-metal.com>, size=1806287, nrcpt=1 (queue active)
Nov  7 08:26:50 zimbra postfix/smtpd[5552]: disconnect from unknown[222.92.254.194] helo=1 mail=1 rcpt=1 data=1 quit=1 commands=5
Nov  7 08:26:50 zimbra postfix/postscreen[5551]: CONNECT from [222.92.254.194]:63089 to [203.66.83.217]:25
Nov  7 08:26:50 zimbra postfix/postscreen[5551]: PASS OLD [222.92.254.194]:63089
Nov  7 08:26:50 zimbra postfix/smtpd[5552]: connect from unknown[222.92.254.194]
Nov  7 08:26:50 zimbra postfix/smtpd[5552]: NOQUEUE: filter: RCPT from unknown[222.92.254.194]: <auto_sg.song+tim.hong=fulltech-metal.com@fulltech-metal.com>: Sender address triggers FILTER smtp-amavis:[127.0.0.1]:10026; from=<auto_sg.song+tim.hong=fulltech-metal.com@fulltech-metal.com> to=<service06@fulltech-metal.net> proto=SMTP helo=<fulltech-metal.com>
Nov  7 08:26:50 zimbra postfix/smtpd[5552]: NOQUEUE: filter: RCPT from unknown[222.92.254.194]: <auto_sg.song+tim.hong=fulltech-metal.com@fulltech-metal.com>: Sender address triggers FILTER smtp-amavis:[127.0.0.1]:10024; from=<auto_sg.song+tim.hong=fulltech-metal.com@fulltech-metal.com> to=<service06@fulltech-metal.net> proto=SMTP helo=<fulltech-metal.com>
Nov  7 08:26:50 zimbra postfix/smtpd[5552]: D9BEC4B8EE4: client=unknown[222.92.254.194]
Nov  7 08:26:51 zimbra postfix/cleanup[6797]: D9BEC4B8EE4: resent-message-id=<70f93f363eba0faaa16481ba07adc544>
Nov  7 08:26:51 zimbra postfix/cleanup[6797]: D9BEC4B8EE4: message-id=<20161107082601037783104@fulltech-metal.com>
Nov  7 08:26:52 zimbra postfix/amavisd/smtpd[5563]: connect from localhost[127.0.0.1]
Nov  7 08:26:52 zimbra postfix/amavisd/smtpd[5563]: 8830E4B8F13: client=localhost[127.0.0.1]
Nov  7 08:26:52 zimbra postfix/cleanup[5556]: 8830E4B8F13: resent-message-id=<0ee539275e2867657adde393da21f2ae>
Nov  7 08:26:52 zimbra postfix/cleanup[5556]: 8830E4B8F13: message-id=<20161107082601037783104@fulltech-metal.com>
Nov  7 08:26:52 zimbra postfix/amavisd/smtpd[5563]: disconnect from localhost[127.0.0.1] ehlo=1 mail=1 rcpt=1 data=1 quit=1 commands=5
Nov  7 08:26:52 zimbra postfix/qmgr[6416]: 8830E4B8F13: from=<auto_joanna.zhang+tim.hong=fulltech-metal.com@fulltech-metal.com>, size=1807061, nrcpt=1 (queue active)
Nov  7 08:26:52 zimbra postfix/smtp[5558]: 206544A187F: to=<service07@fulltech-metal.net>, relay=127.0.0.1[127.0.0.1]:10024, delay=4.6, delays=2.4/0/0/2.2, dsn=2.0.0, status=sent (250 2.0.0 from MTA(smtp:[127.0.0.1]:10025): 250 2.0.0 Ok: queued as 8830E4B8F13)
Nov  7 08:26:52 zimbra postfix/qmgr[6416]: 206544A187F: removed
Nov  7 08:26:52 zimbra postfix/lmtp[5564]: 8830E4B8F13: to=<service07@fulltech-metal.net>, relay=zimbra.fulltech-metal.net[203.66.83.217]:7025, delay=0.34, delays=0.07/0/0.05/0.21, dsn=2.1.5, status=sent (250 2.1.5 Delivery OK)
Nov  7 08:26:52 zimbra postfix/qmgr[6416]: 8830E4B8F13: removed
Nov  7 08:26:53 zimbra postfix/qmgr[6416]: D9BEC4B8EE4: from=<auto_sg.song+tim.hong=fulltech-metal.com@fulltech-metal.com>, size=1806272, nrcpt=1 (queue active)
Nov  7 08:26:53 zimbra postfix/smtpd[5552]: disconnect from unknown[222.92.254.194] helo=1 mail=1 rcpt=1 data=1 quit=1 commands=5
Nov  7 08:26:55 zimbra postfix/amavisd/smtpd[5563]: connect from localhost[127.0.0.1]
Nov  7 08:26:55 zimbra postfix/amavisd/smtpd[5563]: 66A574A187F: client=localhost[127.0.0.1]
Nov  7 08:26:55 zimbra postfix/cleanup[5556]: 66A574A187F: resent-message-id=<70f93f363eba0faaa16481ba07adc544>
Nov  7 08:26:55 zimbra postfix/cleanup[5556]: 66A574A187F: message-id=<20161107082601037783104@fulltech-metal.com>
Nov  7 08:26:55 zimbra postfix/amavisd/smtpd[5563]: disconnect from localhost[127.0.0.1] ehlo=1 mail=1 rcpt=1 data=1 quit=1 commands=5
Nov  7 08:26:55 zimbra postfix/qmgr[6416]: 66A574A187F: from=<auto_sg.song+tim.hong=fulltech-metal.com@fulltech-metal.com>, size=1807046, nrcpt=1 (queue active)
Nov  7 08:26:55 zimbra postfix/smtp[5558]: D9BEC4B8EE4: to=<service06@fulltech-metal.net>, relay=127.0.0.1[127.0.0.1]:10024, delay=4.7, delays=2.6/0/0/2.1, dsn=2.0.0, status=sent (250 2.0.0 from MTA(smtp:[127.0.0.1]:10025): 250 2.0.0 Ok: queued as 66A574A187F)
Nov  7 08:26:55 zimbra postfix/qmgr[6416]: D9BEC4B8EE4: removed
Nov  7 08:26:55 zimbra postfix/lmtp[5564]: 66A574A187F: to=<service06@fulltech-metal.net>, relay=zimbra.fulltech-metal.net[203.66.83.217]:7025, delay=0.33, delays=0.07/0/0.05/0.2, dsn=2.1.5, status=sent (250 2.1.5 Delivery OK)
Nov  7 08:26:55 zimbra postfix/qmgr[6416]: 66A574A187F: removed
Nov  7 08:27:23 zimbra postfix/submission/smtpd[6812]: connect from unknown[222.92.254.194]
Nov  7 08:27:23 zimbra postfix/submission/smtpd[6812]: Anonymous TLS connection established from unknown[222.92.254.194]: TLSv1.2 with cipher ECDHE-RSA-AES128-GCM-SHA256 (128/128 bits)
Nov  7 08:27:24 zimbra postfix/submission/smtpd[6812]: NOQUEUE: filter: RCPT from unknown[222.92.254.194]: <service08@fulltech-metal.net>: Sender address triggers FILTER smtp-amavis:[127.0.0.1]:10026; from=<service08@fulltech-metal.net> to=<vinod.miranda@fulltechcasting.com> proto=ESMTP helo=<[10.10.0.93]>
Nov  7 08:27:24 zimbra postfix/submission/smtpd[6812]: 2BD594A187F: client=unknown[222.92.254.194], sasl_method=PLAIN, sasl_username=service08
Nov  7 08:27:24 zimbra postfix/submission/smtpd[6812]: 2BD594A187F: filter: RCPT from unknown[222.92.254.194]: <service08@fulltech-metal.net>: Sender address triggers FILTER smtp-amavis:[127.0.0.1]:10026; from=<service08@fulltech-metal.net> to=<jason.hsu@fulltech-metal.com> proto=ESMTP helo=<[10.10.0.93]>
Nov  7 08:27:24 zimbra postfix/submission/smtpd[6812]: 2BD594A187F: filter: RCPT from unknown[222.92.254.194]: <service08@fulltech-metal.net>: Sender address triggers FILTER smtp-amavis:[127.0.0.1]:10026; from=<service08@fulltech-metal.net> to=<vicky.li@fulltech-metal.com> proto=ESMTP helo=<[10.10.0.93]>
Nov  7 08:27:24 zimbra postfix/submission/smtpd[6812]: 2BD594A187F: filter: RCPT from unknown[222.92.254.194]: <service08@fulltech-metal.net>: Sender address triggers FILTER smtp-amavis:[127.0.0.1]:10026; from=<service08@fulltech-metal.net> to=<della.zhai@fulltech-metal.com> proto=ESMTP helo=<[10.10.0.93]>
