Nov 14 09:01:33 zimbra postfix/smtp[4361]: 414484A187C: to=<wt.liu@fulltech-metal.com>, relay=127.0.0.1[127.0.0.1]:10032, delay=4.4, delays=0.05/0.01/0/4.3, dsn=2.0.0, status=sent (250 2.0.0 from MTA(smtp:[127.0.0.1]:10025): 250 2.0.0 Ok: queued as 9773B4A1864)
Nov 14 09:01:33 zimbra postfix/smtp[4361]: 414484A187C: to=<xiaohua_zhang@jishiks.com>, relay=127.0.0.1[127.0.0.1]:10032, delay=4.4, delays=0.05/0.01/0/4.3, dsn=2.0.0, status=sent (250 2.0.0 from MTA(smtp:[127.0.0.1]:10025): 250 2.0.0 Ok: queued as 9773B4A1864)
Nov 14 09:01:33 zimbra postfix/qmgr[6416]: 414484A187C: removed
Nov 14 09:01:34 zimbra postfix/smtp[4368]: 9773B4A1864: to=<xiaohua_zhang@jishiks.com>, relay=mail.feiliks.com[58.210.168.35]:25, delay=0.94, delays=0.05/0.02/0.22/0.65, dsn=2.0.0, status=sent (250 ok:  Message 183997695 accepted)
Nov 14 09:01:46 zimbra postfix/smtp[4367]: 9773B4A1864: to=<hm.zhu@fulltech-metal.com>, relay=mail.fulltech-metal.com[222.92.254.200]:25, delay=13, delays=0.05/0.01/0.68/12, dsn=2.0.0, status=sent (250 ok message accepted [1479085306.10144.664,S=92796]?)
Nov 14 09:01:46 zimbra postfix/smtp[4367]: 9773B4A1864: to=<lichao.li@fulltech-metal.com>, relay=mail.fulltech-metal.com[222.92.254.200]:25, delay=13, delays=0.05/0.01/0.68/12, dsn=2.0.0, status=sent (250 ok message accepted [1479085306.10144.664,S=92796]?)
Nov 14 09:01:46 zimbra postfix/smtp[4367]: 9773B4A1864: to=<wt.liu@fulltech-metal.com>, relay=mail.fulltech-metal.com[222.92.254.200]:25, delay=13, delays=0.05/0.01/0.68/12, dsn=2.0.0, status=sent (250 ok message accepted [1479085306.10144.664,S=92796]?)
Nov 14 09:01:46 zimbra postfix/qmgr[6416]: 9773B4A1864: removed
Nov 14 09:03:38 zimbra postfix/postscreen[5626]: CONNECT from [222.92.254.194]:59535 to [203.66.83.217]:25
Nov 14 09:03:38 zimbra postfix/postscreen[5626]: PASS OLD [222.92.254.194]:59535
Nov 14 09:03:38 zimbra postfix/smtpd[5627]: connect from unknown[222.92.254.194]
Nov 14 09:03:38 zimbra postfix/smtpd[5627]: NOQUEUE: filter: RCPT from unknown[222.92.254.194]: <auto_danny.liang+lichao.li=fulltech-metal.com@fulltech-metal.com>: Sender address triggers FILTER smtp-amavis:[127.0.0.1]:10026; from=<auto_danny.liang+lichao.li=fulltech-metal.com@fulltech-metal.com> to=<service04@fulltech-metal.net> proto=SMTP helo=<fulltech-metal.com>
Nov 14 09:03:38 zimbra postfix/smtpd[5627]: NOQUEUE: filter: RCPT from unknown[222.92.254.194]: <auto_danny.liang+lichao.li=fulltech-metal.com@fulltech-metal.com>: Sender address triggers FILTER smtp-amavis:[127.0.0.1]:10024; from=<auto_danny.liang+lichao.li=fulltech-metal.com@fulltech-metal.com> to=<service04@fulltech-metal.net> proto=SMTP helo=<fulltech-metal.com>
Nov 14 09:03:38 zimbra postfix/smtpd[5627]: B69264A1864: client=unknown[222.92.254.194]
Nov 14 09:03:38 zimbra postfix/cleanup[5630]: B69264A1864: resent-message-id=<eb189efcf4e4002ab679aa77810d172b>
Nov 14 09:03:38 zimbra postfix/cleanup[5630]: B69264A1864: message-id=<201611140903159941611@fulltech-metal.com>
Nov 14 09:03:39 zimbra postfix/qmgr[6416]: B69264A1864: from=<auto_danny.liang+lichao.li=fulltech-metal.com@fulltech-metal.com>, size=365135, nrcpt=1 (queue active)
Nov 14 09:03:39 zimbra postfix/smtpd[5627]: disconnect from unknown[222.92.254.194] helo=1 mail=1 rcpt=1 data=1 quit=1 commands=5
Nov 14 09:03:40 zimbra postfix/amavisd/smtpd[5633]: connect from localhost[127.0.0.1]
Nov 14 09:03:40 zimbra postfix/amavisd/smtpd[5633]: 9D0874A187C: client=localhost[127.0.0.1]
Nov 14 09:03:40 zimbra postfix/cleanup[5630]: 9D0874A187C: resent-message-id=<eb189efcf4e4002ab679aa77810d172b>
Nov 14 09:03:40 zimbra postfix/cleanup[5630]: 9D0874A187C: message-id=<201611140903159941611@fulltech-metal.com>
Nov 14 09:03:40 zimbra postfix/qmgr[6416]: 9D0874A187C: from=<auto_danny.liang+lichao.li=fulltech-metal.com@fulltech-metal.com>, size=365851, nrcpt=1 (queue active)
Nov 14 09:03:40 zimbra postfix/amavisd/smtpd[5633]: disconnect from localhost[127.0.0.1] ehlo=1 mail=1 rcpt=1 data=1 quit=1 commands=5
Nov 14 09:03:40 zimbra postfix/smtp[5631]: B69264A1864: to=<service04@fulltech-metal.net>, relay=127.0.0.1[127.0.0.1]:10024, delay=2, delays=1.2/0.01/0/0.81, dsn=2.0.0, status=sent (250 2.0.0 from MTA(smtp:[127.0.0.1]:10025): 250 2.0.0 Ok: queued as 9D0874A187C)
Nov 14 09:03:40 zimbra postfix/qmgr[6416]: B69264A1864: removed
Nov 14 09:03:40 zimbra postfix/lmtp[5634]: 9D0874A187C: to=<service04@fulltech-metal.net>, relay=zimbra.fulltech-metal.net[203.66.83.217]:7025, delay=0.31, delays=0.05/0.01/0.05/0.19, dsn=2.1.5, status=sent (250 2.1.5 Delivery OK)
Nov 14 09:03:40 zimbra postfix/qmgr[6416]: 9D0874A187C: removed
Nov 14 09:04:20 zimbra postfix/postscreen[5626]: CONNECT from [222.92.254.194]:59547 to [203.66.83.217]:25
Nov 14 09:04:20 zimbra postfix/postscreen[5626]: PASS OLD [222.92.254.194]:59547
Nov 14 09:04:20 zimbra postfix/smtpd[5627]: connect from unknown[222.92.254.194]
Nov 14 09:04:20 zimbra postfix/smtpd[5627]: NOQUEUE: filter: RCPT from unknown[222.92.254.194]: <auto_joanna.zhang+daisy.xu=skyrock-casting.com@fulltech-metal.com>: Sender address triggers FILTER smtp-amavis:[127.0.0.1]:10026; from=<auto_joanna.zhang+daisy.xu=skyrock-casting.com@fulltech-metal.com> to=<service07@fulltech-metal.net> proto=SMTP helo=<fulltech-metal.com>
Nov 14 09:04:20 zimbra postfix/smtpd[5627]: NOQUEUE: filter: RCPT from unknown[222.92.254.194]: <auto_joanna.zhang+daisy.xu=skyrock-casting.com@fulltech-metal.com>: Sender address triggers FILTER smtp-amavis:[127.0.0.1]:10024; from=<auto_joanna.zhang+daisy.xu=skyrock-casting.com@fulltech-metal.com> to=<service07@fulltech-metal.net> proto=SMTP helo=<fulltech-metal.com>
Nov 14 09:04:20 zimbra postfix/smtpd[5627]: 69A9F4A1864: client=unknown[222.92.254.194]
Nov 14 09:04:20 zimbra postfix/cleanup[5630]: 69A9F4A1864: resent-message-id=<3d0e7978158dcf128904359399753cbb>
Nov 14 09:04:20 zimbra postfix/cleanup[5630]: 69A9F4A1864: message-id=<9190E1305C964B76A364928DD7C4FFC2@skyrockcasting.com>
Nov 14 09:04:21 zimbra postfix/qmgr[6416]: 69A9F4A1864: from=<auto_joanna.zhang+daisy.xu=skyrock-casting.com@fulltech-metal.com>, size=5860358, nrcpt=1 (queue active)
Nov 14 09:04:22 zimbra postfix/smtpd[5627]: disconnect from unknown[222.92.254.194] helo=1 mail=1 rcpt=1 data=1 quit=1 commands=5
Nov 14 09:04:23 zimbra postfix/amavisd/smtpd[5633]: connect from localhost[127.0.0.1]
Nov 14 09:04:23 zimbra postfix/amavisd/smtpd[5633]: 70F474A187C: client=localhost[127.0.0.1]
Nov 14 09:04:23 zimbra postfix/cleanup[5630]: 70F474A187C: resent-message-id=<3d0e7978158dcf128904359399753cbb>
Nov 14 09:04:23 zimbra postfix/cleanup[5630]: 70F474A187C: message-id=<9190E1305C964B76A364928DD7C4FFC2@skyrockcasting.com>
Nov 14 09:04:23 zimbra postfix/qmgr[6416]: 70F474A187C: from=<auto_joanna.zhang+daisy.xu=skyrock-casting.com@fulltech-metal.com>, size=5861168, nrcpt=1 (queue active)
Nov 14 09:04:23 zimbra postfix/amavisd/smtpd[5633]: disconnect from localhost[127.0.0.1] ehlo=1 mail=1 rcpt=1 data=1 quit=1 commands=5
Nov 14 09:04:23 zimbra postfix/smtp[5631]: 69A9F4A1864: to=<service07@fulltech-metal.net>, relay=127.0.0.1[127.0.0.1]:10024, delay=3.3, delays=1.6/0/0/1.6, dsn=2.0.0, status=sent (250 2.0.0 from MTA(smtp:[127.0.0.1]:10025): 250 2.0.0 Ok: queued as 70F474A187C)
Nov 14 09:04:23 zimbra postfix/qmgr[6416]: 69A9F4A1864: removed
Nov 14 09:04:24 zimbra postfix/lmtp[5634]: 70F474A187C: to=<service07@fulltech-metal.net>, relay=zimbra.fulltech-metal.net[203.66.83.217]:7025, delay=0.81, delays=0.14/0/0.05/0.62, dsn=2.1.5, status=sent (250 2.1.5 Delivery OK)
Nov 14 09:04:24 zimbra postfix/qmgr[6416]: 70F474A187C: removed
Nov 14 09:04:51 zimbra postfix/postscreen[5626]: CONNECT from [220.181.97.174]:62910 to [203.66.83.217]:25
Nov 14 09:04:57 zimbra postfix/postscreen[5626]: PASS OLD [220.181.97.174]:62910
Nov 14 09:04:57 zimbra postfix/smtpd[5627]: connect from m97174.mail.qiye.163.com[220.181.97.174]
Nov 14 09:04:57 zimbra postfix/smtpd[5627]: NOQUEUE: filter: RCPT from m97174.mail.qiye.163.com[220.181.97.174]: <taowei@nanhua.com>: Sender address triggers FILTER smtp-amavis:[127.0.0.1]:10026; from=<taowei@nanhua.com> to=<service06@fulltech-metal.net> proto=ESMTP helo=<m97174.mail.qiye.163.com>
Nov 14 09:04:57 zimbra postfix/smtpd[5627]: NOQUEUE: filter: RCPT from m97174.mail.qiye.163.com[220.181.97.174]: <taowei@nanhua.com>: Sender address triggers FILTER smtp-amavis:[127.0.0.1]:10024; from=<taowei@nanhua.com> to=<service06@fulltech-metal.net> proto=ESMTP helo=<m97174.mail.qiye.163.com>
Nov 14 09:04:57 zimbra postfix/smtpd[5627]: A57DA4A1864: client=m97174.mail.qiye.163.com[220.181.97.174]
Nov 14 09:04:57 zimbra postfix/cleanup[5630]: A57DA4A1864: message-id=<a07f567.1c2d.158605d5115.Coremail.taowei@nanhua.com>
Nov 14 09:04:58 zimbra postfix/qmgr[6416]: A57DA4A1864: from=<taowei@nanhua.com>, size=221898, nrcpt=1 (queue active)
Nov 14 09:04:58 zimbra postfix/smtpd[5627]: disconnect from m97174.mail.qiye.163.com[220.181.97.174] ehlo=1 mail=1 rcpt=1 data=1 quit=1 commands=5
Nov 14 09:05:15 zimbra postfix/amavisd/smtpd[5633]: connect from localhost[127.0.0.1]
Nov 14 09:05:15 zimbra postfix/amavisd/smtpd[5633]: 5898A4A187C: client=localhost[127.0.0.1]
Nov 14 09:05:15 zimbra postfix/cleanup[5630]: 5898A4A187C: message-id=<a07f567.1c2d.158605d5115.Coremail.taowei@nanhua.com>
Nov 14 09:05:15 zimbra postfix/amavisd/smtpd[5633]: disconnect from localhost[127.0.0.1] ehlo=1 mail=1 rcpt=1 data=1 quit=1 commands=5
Nov 14 09:05:15 zimbra postfix/qmgr[6416]: 5898A4A187C: from=<taowei@nanhua.com>, size=222680, nrcpt=1 (queue active)
Nov 14 09:05:15 zimbra postfix/smtp[5631]: A57DA4A1864: to=<service06@fulltech-metal.net>, relay=127.0.0.1[127.0.0.1]:10024, delay=18, delays=0.59/0/0/17, dsn=2.0.0, status=sent (250 2.0.0 from MTA(smtp:[127.0.0.1]:10025): 250 2.0.0 Ok: queued as 5898A4A187C)
Nov 14 09:05:15 zimbra postfix/qmgr[6416]: A57DA4A1864: removed
Nov 14 09:05:15 zimbra postfix/lmtp[5634]: 5898A4A187C: to=<service06@fulltech-metal.net>, relay=zimbra.fulltech-metal.net[203.66.83.217]:7025, delay=0.15, delays=0.01/0/0.05/0.08, dsn=2.1.5, status=sent (250 2.1.5 Delivery OK)
Nov 14 09:05:15 zimbra postfix/qmgr[6416]: 5898A4A187C: removed
Nov 14 09:05:19 zimbra postfix/postscreen[5626]: CONNECT from [222.92.254.194]:59556 to [203.66.83.217]:25
Nov 14 09:05:19 zimbra postfix/postscreen[5626]: PASS OLD [222.92.254.194]:59556
Nov 14 09:05:19 zimbra postfix/smtpd[5627]: connect from unknown[222.92.254.194]
Nov 14 09:05:19 zimbra postfix/smtpd[5627]: NOQUEUE: filter: RCPT from unknown[222.92.254.194]: <auto_zm.zhang+taowei=nanhua.com@fulltech-metal.com>: Sender address triggers FILTER smtp-amavis:[127.0.0.1]:10026; from=<auto_zm.zhang+taowei=nanhua.com@fulltech-metal.com> to=<service02@fulltech-metal.net> proto=SMTP helo=<fulltech-metal.com>
Nov 14 09:05:19 zimbra postfix/smtpd[5627]: NOQUEUE: filter: RCPT from unknown[222.92.254.194]: <auto_zm.zhang+taowei=nanhua.com@fulltech-metal.com>: Sender address triggers FILTER smtp-amavis:[127.0.0.1]:10024; from=<auto_zm.zhang+taowei=nanhua.com@fulltech-metal.com> to=<service02@fulltech-metal.net> proto=SMTP helo=<fulltech-metal.com>
Nov 14 09:05:19 zimbra postfix/smtpd[5627]: B00304A1864: client=unknown[222.92.254.194]
Nov 14 09:05:19 zimbra postfix/cleanup[5630]: B00304A1864: resent-message-id=<3a5d92f6484cab35efc5556d5eec614e>
Nov 14 09:05:19 zimbra postfix/cleanup[5630]: B00304A1864: message-id=<a07f567.1c2d.158605d5115.Coremail.taowei@nanhua.com>
Nov 14 09:05:20 zimbra postfix/qmgr[6416]: B00304A1864: from=<auto_zm.zhang+taowei=nanhua.com@fulltech-metal.com>, size=222344, nrcpt=1 (queue active)
Nov 14 09:05:20 zimbra postfix/smtpd[5627]: disconnect from unknown[222.92.254.194] helo=1 mail=1 rcpt=1 data=1 quit=1 commands=5
Nov 14 09:05:32 zimbra postfix/amavisd/smtpd[5633]: connect from localhost[127.0.0.1]
Nov 14 09:05:32 zimbra postfix/amavisd/smtpd[5633]: 9E4704A187C: client=localhost[127.0.0.1]
Nov 14 09:05:32 zimbra postfix/cleanup[5630]: 9E4704A187C: resent-message-id=<3a5d92f6484cab35efc5556d5eec614e>
Nov 14 09:05:32 zimbra postfix/cleanup[5630]: 9E4704A187C: message-id=<a07f567.1c2d.158605d5115.Coremail.taowei@nanhua.com>
Nov 14 09:05:32 zimbra postfix/amavisd/smtpd[5633]: disconnect from localhost[127.0.0.1] ehlo=1 mail=1 rcpt=1 data=1 quit=1 commands=5
Nov 14 09:05:32 zimbra postfix/qmgr[6416]: 9E4704A187C: from=<auto_zm.zhang+taowei=nanhua.com@fulltech-metal.com>, size=223131, nrcpt=1 (queue active)
Nov 14 09:05:32 zimbra postfix/smtp[5631]: B00304A1864: to=<service02@fulltech-metal.net>, relay=127.0.0.1[127.0.0.1]:10024, delay=13, delays=0.75/0/0/12, dsn=2.0.0, status=sent (250 2.0.0 from MTA(smtp:[127.0.0.1]:10025): 250 2.0.0 Ok: queued as 9E4704A187C)
Nov 14 09:05:32 zimbra postfix/qmgr[6416]: B00304A1864: removed
Nov 14 09:05:32 zimbra postfix/lmtp[5634]: 9E4704A187C: to=<service02@fulltech-metal.net>, relay=zimbra.fulltech-metal.net[203.66.83.217]:7025, delay=0.15, delays=0.01/0.01/0.06/0.08, dsn=2.1.5, status=sent (250 2.1.5 Delivery OK)
Nov 14 09:05:32 zimbra postfix/qmgr[6416]: 9E4704A187C: removed
Nov 14 09:08:40 zimbra postfix/anvil[4353]: statistics: max connection rate 2/60s for (smtpd:222.92.254.194) at Nov 14 09:04:20
Nov 14 09:08:40 zimbra postfix/anvil[4353]: statistics: max connection count 1 for (smtpd:222.92.254.194) at Nov 14 09:01:27
Nov 14 09:08:40 zimbra postfix/anvil[4353]: statistics: max cache size 2 at Nov 14 09:04:57
Nov 14 09:08:52 zimbra postfix/postscreen[8921]: CONNECT from [222.92.254.194]:59581 to [203.66.83.217]:25
Nov 14 09:08:52 zimbra postfix/postscreen[8921]: PASS OLD [222.92.254.194]:59581
Nov 14 09:08:52 zimbra postfix/smtpd[8922]: connect from unknown[222.92.254.194]
Nov 14 09:08:52 zimbra postfix/smtpd[8922]: NOQUEUE: filter: RCPT from unknown[222.92.254.194]: <yb.fan@fulltech-metal.com>: Sender address triggers FILTER smtp-amavis:[127.0.0.1]:10026; from=<yb.fan@fulltech-metal.com> to=<service04@fulltech-metal.net> proto=SMTP helo=<fulltech-metal.com>
Nov 14 09:08:52 zimbra postfix/smtpd[8922]: NOQUEUE: filter: RCPT from unknown[222.92.254.194]: <yb.fan@fulltech-metal.com>: Sender address triggers FILTER smtp-amavis:[127.0.0.1]:10024; from=<yb.fan@fulltech-metal.com> to=<service04@fulltech-metal.net> proto=SMTP helo=<fulltech-metal.com>
Nov 14 09:08:52 zimbra postfix/smtpd[8922]: 939404A1864: client=unknown[222.92.254.194]
Nov 14 09:08:52 zimbra postfix/cleanup[8926]: 939404A1864: message-id=<201611140908505529761@fulltech-metal.com>
Nov 14 09:08:53 zimbra postfix/qmgr[6416]: 939404A1864: from=<yb.fan@fulltech-metal.com>, size=239419, nrcpt=1 (queue active)
Nov 14 09:08:53 zimbra postfix/smtpd[8922]: disconnect from unknown[222.92.254.194] helo=1 mail=1 rcpt=1 data=1 quit=1 commands=5
Nov 14 09:08:54 zimbra postfix/amavisd/smtpd[8929]: connect from localhost[127.0.0.1]
Nov 14 09:08:54 zimbra postfix/amavisd/smtpd[8929]: 2867C4A187C: client=localhost[127.0.0.1]
Nov 14 09:08:54 zimbra postfix/cleanup[8926]: 2867C4A187C: message-id=<201611140908505529761@fulltech-metal.com>
Nov 14 09:08:54 zimbra postfix/amavisd/smtpd[8929]: disconnect from localhost[127.0.0.1] ehlo=1 mail=1 rcpt=1 data=1 quit=1 commands=5
Nov 14 09:08:54 zimbra postfix/qmgr[6416]: 2867C4A187C: from=<yb.fan@fulltech-metal.com>, size=240167, nrcpt=1 (queue active)
Nov 14 09:08:54 zimbra postfix/smtp[8927]: 939404A1864: to=<service04@fulltech-metal.net>, relay=127.0.0.1[127.0.0.1]:10024, delay=1.7, delays=0.72/0.01/0/0.93, dsn=2.0.0, status=sent (250 2.0.0 from MTA(smtp:[127.0.0.1]:10025): 250 2.0.0 Ok: queued as 2867C4A187C)
Nov 14 09:08:54 zimbra postfix/qmgr[6416]: 939404A1864: removed
Nov 14 09:08:54 zimbra postfix/lmtp[8930]: 2867C4A187C: to=<service04@fulltech-metal.net>, relay=zimbra.fulltech-metal.net[203.66.83.217]:7025, delay=0.37, delays=0.01/0.01/0.26/0.09, dsn=2.1.5, status=sent (250 2.1.5 Delivery OK)
Nov 14 09:08:54 zimbra postfix/qmgr[6416]: 2867C4A187C: removed
Nov 14 09:10:25 zimbra postfix/postscreen[8921]: CONNECT from [222.92.254.194]:59597 to [203.66.83.217]:25
Nov 14 09:10:25 zimbra postfix/postscreen[8921]: PASS OLD [222.92.254.194]:59597
Nov 14 09:10:25 zimbra postfix/smtpd[8922]: connect from unknown[222.92.254.194]
Nov 14 09:10:25 zimbra postfix/smtpd[8922]: NOQUEUE: filter: RCPT from unknown[222.92.254.194]: <auto_joanna.zhang+fy.fang=fulltech-metal.com@fulltech-metal.com>: Sender address triggers FILTER smtp-amavis:[127.0.0.1]:10026; from=<auto_joanna.zhang+fy.fang=fulltech-metal.com@fulltech-metal.com> to=<service07@fulltech-metal.net> proto=SMTP helo=<fulltech-metal.com>
Nov 14 09:10:25 zimbra postfix/smtpd[8922]: NOQUEUE: filter: RCPT from unknown[222.92.254.194]: <auto_joanna.zhang+fy.fang=fulltech-metal.com@fulltech-metal.com>: Sender address triggers FILTER smtp-amavis:[127.0.0.1]:10024; from=<auto_joanna.zhang+fy.fang=fulltech-metal.com@fulltech-metal.com> to=<service07@fulltech-metal.net> proto=SMTP helo=<fulltech-metal.com>
Nov 14 09:10:25 zimbra postfix/smtpd[8922]: 91B4F4A1864: client=unknown[222.92.254.194]
Nov 14 09:10:25 zimbra postfix/cleanup[8926]: 91B4F4A1864: resent-message-id=<c8ec588028287db584607af01713019b>
Nov 14 09:10:25 zimbra postfix/cleanup[8926]: 91B4F4A1864: message-id=<201611140910066927025@fulltech-metal.com>
Nov 14 09:10:26 zimbra postfix/qmgr[6416]: 91B4F4A1864: from=<auto_joanna.zhang+fy.fang=fulltech-metal.com@fulltech-metal.com>, size=783519, nrcpt=1 (queue active)
Nov 14 09:10:26 zimbra postfix/smtpd[8922]: disconnect from unknown[222.92.254.194] helo=1 mail=1 rcpt=1 data=1 quit=1 commands=5
Nov 14 09:10:28 zimbra postfix/amavisd/smtpd[8929]: connect from localhost[127.0.0.1]
Nov 14 09:10:28 zimbra postfix/amavisd/smtpd[8929]: 1814F4A187C: client=localhost[127.0.0.1]
Nov 14 09:10:28 zimbra postfix/cleanup[8926]: 1814F4A187C: resent-message-id=<c8ec588028287db584607af01713019b>
Nov 14 09:10:28 zimbra postfix/cleanup[8926]: 1814F4A187C: message-id=<201611140910066927025@fulltech-metal.com>
Nov 14 09:10:28 zimbra postfix/qmgr[6416]: 1814F4A187C: from=<auto_joanna.zhang+fy.fang=fulltech-metal.com@fulltech-metal.com>, size=784267, nrcpt=1 (queue active)
Nov 14 09:10:28 zimbra postfix/amavisd/smtpd[8929]: disconnect from localhost[127.0.0.1] ehlo=1 mail=1 rcpt=1 data=1 quit=1 commands=5
Nov 14 09:10:28 zimbra postfix/smtp[8927]: 91B4F4A1864: to=<service07@fulltech-metal.net>, relay=127.0.0.1[127.0.0.1]:10024, delay=2.7, delays=0.87/0/0/1.8, dsn=2.0.0, status=sent (250 2.0.0 from MTA(smtp:[127.0.0.1]:10025): 250 2.0.0 Ok: queued as 1814F4A187C)
Nov 14 09:10:28 zimbra postfix/qmgr[6416]: 91B4F4A1864: removed
Nov 14 09:10:28 zimbra postfix/lmtp[8930]: 1814F4A187C: to=<service07@fulltech-metal.net>, relay=zimbra.fulltech-metal.net[203.66.83.217]:7025, delay=0.31, delays=0.07/0/0.05/0.18, dsn=2.1.5, status=sent (250 2.1.5 Delivery OK)
Nov 14 09:10:28 zimbra postfix/qmgr[6416]: 1814F4A187C: removed
Nov 14 09:10:41 zimbra postfix/postscreen[8921]: CONNECT from [222.92.254.194]:59600 to [203.66.83.217]:25
Nov 14 09:10:41 zimbra postfix/postscreen[8921]: PASS OLD [222.92.254.194]:59600
Nov 14 09:10:41 zimbra postfix/smtpd[8922]: connect from unknown[222.92.254.194]
Nov 14 09:10:42 zimbra postfix/smtpd[8922]: NOQUEUE: filter: RCPT from unknown[222.92.254.194]: <auto_annie.li+fy.fang=fulltech-metal.com@fulltech-metal.com>: Sender address triggers FILTER smtp-amavis:[127.0.0.1]:10026; from=<auto_annie.li+fy.fang=fulltech-metal.com@fulltech-metal.com> to=<service03@fulltech-metal.net> proto=SMTP helo=<fulltech-metal.com>
Nov 14 09:10:42 zimbra postfix/smtpd[8922]: NOQUEUE: filter: RCPT from unknown[222.92.254.194]: <auto_annie.li+fy.fang=fulltech-metal.com@fulltech-metal.com>: Sender address triggers FILTER smtp-amavis:[127.0.0.1]:10024; from=<auto_annie.li+fy.fang=fulltech-metal.com@fulltech-metal.com> to=<service03@fulltech-metal.net> proto=SMTP helo=<fulltech-metal.com>
Nov 14 09:10:42 zimbra postfix/smtpd[8922]: 29E3E4A1864: client=unknown[222.92.254.194]
Nov 14 09:10:42 zimbra postfix/cleanup[8926]: 29E3E4A1864: resent-message-id=<f0ff7a894872a1b422e8f6d8ae7af0c2>
Nov 14 09:10:42 zimbra postfix/cleanup[8926]: 29E3E4A1864: message-id=<201611140910066927025@fulltech-metal.com>
Nov 14 09:10:42 zimbra postfix/qmgr[6416]: 29E3E4A1864: from=<auto_annie.li+fy.fang=fulltech-metal.com@fulltech-metal.com>, size=783507, nrcpt=1 (queue active)
Nov 14 09:10:43 zimbra postfix/smtpd[8922]: disconnect from unknown[222.92.254.194] helo=1 mail=1 rcpt=1 data=1 quit=1 commands=5
Nov 14 09:10:43 zimbra postfix/amavisd/smtpd[8929]: connect from localhost[127.0.0.1]
Nov 14 09:10:43 zimbra postfix/amavisd/smtpd[8929]: ED95C4A187C: client=localhost[127.0.0.1]
Nov 14 09:10:43 zimbra postfix/cleanup[8926]: ED95C4A187C: resent-message-id=<f0ff7a894872a1b422e8f6d8ae7af0c2>
Nov 14 09:10:43 zimbra postfix/cleanup[8926]: ED95C4A187C: message-id=<201611140910066927025@fulltech-metal.com>
Nov 14 09:10:44 zimbra postfix/amavisd/smtpd[8929]: disconnect from localhost[127.0.0.1] ehlo=1 mail=1 rcpt=1 data=1 quit=1 commands=5
Nov 14 09:10:44 zimbra postfix/qmgr[6416]: ED95C4A187C: from=<auto_annie.li+fy.fang=fulltech-metal.com@fulltech-metal.com>, size=784255, nrcpt=1 (queue active)
Nov 14 09:10:44 zimbra postfix/smtp[8927]: 29E3E4A1864: to=<service03@fulltech-metal.net>, relay=127.0.0.1[127.0.0.1]:10024, delay=1.9, delays=0.89/0/0.03/1, dsn=2.0.0, status=sent (250 2.0.0 from MTA(smtp:[127.0.0.1]:10025): 250 2.0.0 Ok: queued as ED95C4A187C)
Nov 14 09:10:44 zimbra postfix/qmgr[6416]: 29E3E4A1864: removed
Nov 14 09:10:44 zimbra postfix/lmtp[8930]: ED95C4A187C: to=<service03@fulltech-metal.net>, relay=zimbra.fulltech-metal.net[203.66.83.217]:7025, delay=0.28, delays=0.06/0/0.05/0.17, dsn=2.1.5, status=sent (250 2.1.5 Delivery OK)
Nov 14 09:10:44 zimbra postfix/qmgr[6416]: ED95C4A187C: removed
Nov 14 09:10:47 zimbra postfix/postscreen[8921]: CONNECT from [222.92.254.194]:59601 to [203.66.83.217]:25
Nov 14 09:10:47 zimbra postfix/postscreen[8921]: PASS OLD [222.92.254.194]:59601
Nov 14 09:10:47 zimbra postfix/smtpd[8922]: connect from unknown[222.92.254.194]
Nov 14 09:10:47 zimbra postfix/smtpd[8922]: NOQUEUE: filter: RCPT from unknown[222.92.254.194]: <auto_danny.liang+fy.fang=fulltech-metal.com@fulltech-metal.com>: Sender address triggers FILTER smtp-amavis:[127.0.0.1]:10026; from=<auto_danny.liang+fy.fang=fulltech-metal.com@fulltech-metal.com> to=<service04@fulltech-metal.net> proto=SMTP helo=<fulltech-metal.com>
Nov 14 09:10:47 zimbra postfix/smtpd[8922]: NOQUEUE: filter: RCPT from unknown[222.92.254.194]: <auto_danny.liang+fy.fang=fulltech-metal.com@fulltech-metal.com>: Sender address triggers FILTER smtp-amavis:[127.0.0.1]:10024; from=<auto_danny.liang+fy.fang=fulltech-metal.com@fulltech-metal.com> to=<service04@fulltech-metal.net> proto=SMTP helo=<fulltech-metal.com>
Nov 14 09:10:47 zimbra postfix/smtpd[8922]: A4BB24A1864: client=unknown[222.92.254.194]
Nov 14 09:10:47 zimbra postfix/cleanup[8926]: A4BB24A1864: resent-message-id=<ca4b302f3b9c35b4b10ae2c130465db4>
Nov 14 09:10:48 zimbra postfix/cleanup[8926]: A4BB24A1864: message-id=<201611140910066927025@fulltech-metal.com>
Nov 14 09:10:48 zimbra postfix/qmgr[6416]: A4BB24A1864: from=<auto_danny.liang+fy.fang=fulltech-metal.com@fulltech-metal.com>, size=783516, nrcpt=1 (queue active)
Nov 14 09:10:48 zimbra postfix/smtpd[8922]: disconnect from unknown[222.92.254.194] helo=1 mail=1 rcpt=1 data=1 quit=1 commands=5
Nov 14 09:10:50 zimbra postfix/amavisd/smtpd[8929]: connect from localhost[127.0.0.1]
Nov 14 09:10:50 zimbra postfix/amavisd/smtpd[8929]: 57A6A4A187C: client=localhost[127.0.0.1]
Nov 14 09:10:50 zimbra postfix/cleanup[8926]: 57A6A4A187C: resent-message-id=<ca4b302f3b9c35b4b10ae2c130465db4>
Nov 14 09:10:50 zimbra postfix/cleanup[8926]: 57A6A4A187C: message-id=<201611140910066927025@fulltech-metal.com>
Nov 14 09:10:50 zimbra postfix/amavisd/smtpd[8929]: disconnect from localhost[127.0.0.1] ehlo=1 mail=1 rcpt=1 data=1 quit=1 commands=5
Nov 14 09:10:50 zimbra postfix/qmgr[6416]: 57A6A4A187C: from=<auto_danny.liang+fy.fang=fulltech-metal.com@fulltech-metal.com>, size=784264, nrcpt=1 (queue active)
Nov 14 09:10:50 zimbra postfix/smtp[8927]: A4BB24A1864: to=<service04@fulltech-metal.net>, relay=127.0.0.1[127.0.0.1]:10024, delay=2.8, delays=0.98/0/0.05/1.8, dsn=2.0.0, status=sent (250 2.0.0 from MTA(smtp:[127.0.0.1]:10025): 250 2.0.0 Ok: queued as 57A6A4A187C)
Nov 14 09:10:50 zimbra postfix/qmgr[6416]: A4BB24A1864: removed
Nov 14 09:10:50 zimbra postfix/lmtp[8930]: 57A6A4A187C: to=<service04@fulltech-metal.net>, relay=zimbra.fulltech-metal.net[203.66.83.217]:7025, delay=0.3, delays=0.06/0/0.05/0.19, dsn=2.1.5, status=sent (250 2.1.5 Delivery OK)
Nov 14 09:10:50 zimbra postfix/qmgr[6416]: 57A6A4A187C: removed
Nov 14 09:13:12 zimbra postfix/postscreen[11486]: CONNECT from [222.92.254.194]:59614 to [203.66.83.217]:25
Nov 14 09:13:12 zimbra postfix/postscreen[11486]: PASS OLD [222.92.254.194]:59614
Nov 14 09:13:12 zimbra postfix/smtpd[11487]: connect from unknown[222.92.254.194]
Nov 14 09:13:12 zimbra postfix/smtpd[11487]: NOQUEUE: filter: RCPT from unknown[222.92.254.194]: <auto_danny.liang+june.chen=qisda.com@fulltech-metal.com>: Sender address triggers FILTER smtp-amavis:[127.0.0.1]:10026; from=<auto_danny.liang+june.chen=qisda.com@fulltech-metal.com> to=<service04@fulltech-metal.net> proto=SMTP helo=<fulltech-metal.com>
Nov 14 09:13:12 zimbra postfix/smtpd[11487]: NOQUEUE: filter: RCPT from unknown[222.92.254.194]: <auto_danny.liang+june.chen=qisda.com@fulltech-metal.com>: Sender address triggers FILTER smtp-amavis:[127.0.0.1]:10024; from=<auto_danny.liang+june.chen=qisda.com@fulltech-metal.com> to=<service04@fulltech-metal.net> proto=SMTP helo=<fulltech-metal.com>
Nov 14 09:13:12 zimbra postfix/smtpd[11487]: 988AD4A1864: client=unknown[222.92.254.194]
Nov 14 09:13:12 zimbra postfix/cleanup[11490]: 988AD4A1864: resent-message-id=<8b48a17336900a77f24a647e3dd50074>
Nov 14 09:13:12 zimbra postfix/cleanup[11490]: 988AD4A1864: message-id=<01F973DFFBDE354D8E733080455D9D69027A3D92@QS-MBX01.benq.corp.com>
Nov 14 09:13:13 zimbra postfix/qmgr[6416]: 988AD4A1864: from=<auto_danny.liang+june.chen=qisda.com@fulltech-metal.com>, size=237735, nrcpt=1 (queue active)
Nov 14 09:13:13 zimbra postfix/smtpd[11487]: disconnect from unknown[222.92.254.194] helo=1 mail=1 rcpt=1 data=1 quit=1 commands=5
Nov 14 09:13:15 zimbra postfix/amavisd/smtpd[11494]: connect from localhost[127.0.0.1]
Nov 14 09:13:15 zimbra postfix/amavisd/smtpd[11494]: 043124A187C: client=localhost[127.0.0.1]
Nov 14 09:13:15 zimbra postfix/cleanup[11490]: 043124A187C: resent-message-id=<8b48a17336900a77f24a647e3dd50074>
Nov 14 09:13:15 zimbra postfix/cleanup[11490]: 043124A187C: message-id=<01F973DFFBDE354D8E733080455D9D69027A3D92@QS-MBX01.benq.corp.com>
Nov 14 09:13:15 zimbra postfix/amavisd/smtpd[11494]: disconnect from localhost[127.0.0.1] ehlo=1 mail=1 rcpt=1 data=1 quit=1 commands=5
Nov 14 09:13:15 zimbra postfix/qmgr[6416]: 043124A187C: from=<auto_danny.liang+june.chen=qisda.com@fulltech-metal.com>, size=238522, nrcpt=1 (queue active)
Nov 14 09:13:15 zimbra postfix/smtp[11491]: 988AD4A1864: to=<service04@fulltech-metal.net>, relay=127.0.0.1[127.0.0.1]:10024, delay=2.5, delays=0.74/0.01/0/1.7, dsn=2.0.0, status=sent (250 2.0.0 from MTA(smtp:[127.0.0.1]:10025): 250 2.0.0 Ok: queued as 043124A187C)
Nov 14 09:13:15 zimbra postfix/qmgr[6416]: 988AD4A1864: removed
Nov 14 09:13:15 zimbra postfix/lmtp[11495]: 043124A187C: to=<service04@fulltech-metal.net>, relay=zimbra.fulltech-metal.net[203.66.83.217]:7025, delay=0.16, delays=0.01/0.01/0.05/0.08, dsn=2.1.5, status=sent (250 2.1.5 Delivery OK)
Nov 14 09:13:15 zimbra postfix/qmgr[6416]: 043124A187C: removed
Nov 14 09:14:50 zimbra postfix/postscreen[11486]: CONNECT from [222.92.254.194]:59621 to [203.66.83.217]:25
Nov 14 09:14:50 zimbra postfix/postscreen[11486]: PASS OLD [222.92.254.194]:59621
Nov 14 09:14:50 zimbra postfix/smtpd[11487]: connect from unknown[222.92.254.194]
Nov 14 09:14:50 zimbra postfix/smtpd[11487]: NOQUEUE: filter: RCPT from unknown[222.92.254.194]: <auto_danny.liang+yb.fan=fulltech-metal.com@fulltech-metal.com>: Sender address triggers FILTER smtp-amavis:[127.0.0.1]:10026; from=<auto_danny.liang+yb.fan=fulltech-metal.com@fulltech-metal.com> to=<service04@fulltech-metal.net> proto=SMTP helo=<fulltech-metal.com>
Nov 14 09:14:50 zimbra postfix/smtpd[11487]: NOQUEUE: filter: RCPT from unknown[222.92.254.194]: <auto_danny.liang+yb.fan=fulltech-metal.com@fulltech-metal.com>: Sender address triggers FILTER smtp-amavis:[127.0.0.1]:10024; from=<auto_danny.liang+yb.fan=fulltech-metal.com@fulltech-metal.com> to=<service04@fulltech-metal.net> proto=SMTP helo=<fulltech-metal.com>
Nov 14 09:14:50 zimbra postfix/smtpd[11487]: F018E4A1864: client=unknown[222.92.254.194]
Nov 14 09:14:51 zimbra postfix/cleanup[11490]: F018E4A1864: resent-message-id=<0406916f365abed97c338c502c64f2bd>
Nov 14 09:14:51 zimbra postfix/cleanup[11490]: F018E4A1864: message-id=<201611140914476083182@fulltech-metal.com>
Nov 14 09:14:52 zimbra postfix/qmgr[6416]: F018E4A1864: from=<auto_danny.liang+yb.fan=fulltech-metal.com@fulltech-metal.com>, size=3428084, nrcpt=1 (queue active)
Nov 14 09:14:52 zimbra postfix/smtpd[11487]: disconnect from unknown[222.92.254.194] helo=1 mail=1 rcpt=1 data=1 quit=1 commands=5
Nov 14 09:14:56 zimbra postfix/amavisd/smtpd[12709]: connect from localhost[127.0.0.1]
Nov 14 09:14:56 zimbra postfix/amavisd/smtpd[12709]: 21CD24A187C: client=localhost[127.0.0.1]
Nov 14 09:14:56 zimbra postfix/cleanup[11490]: 21CD24A187C: resent-message-id=<0406916f365abed97c338c502c64f2bd>
Nov 14 09:14:56 zimbra postfix/cleanup[11490]: 21CD24A187C: message-id=<201611140914476083182@fulltech-metal.com>
Nov 14 09:14:56 zimbra postfix/qmgr[6416]: 21CD24A187C: from=<auto_danny.liang+yb.fan=fulltech-metal.com@fulltech-metal.com>, size=3428892, nrcpt=1 (queue active)
Nov 14 09:14:56 zimbra postfix/amavisd/smtpd[12709]: disconnect from localhost[127.0.0.1] ehlo=1 mail=1 rcpt=1 data=1 quit=1 commands=5
Nov 14 09:14:56 zimbra postfix/smtp[11491]: F018E4A1864: to=<service04@fulltech-metal.net>, relay=127.0.0.1[127.0.0.1]:10024, delay=5.3, delays=1.5/0/0/3.8, dsn=2.0.0, status=sent (250 2.0.0 from MTA(smtp:[127.0.0.1]:10025): 250 2.0.0 Ok: queued as 21CD24A187C)
Nov 14 09:14:56 zimbra postfix/qmgr[6416]: F018E4A1864: removed
Nov 14 09:14:56 zimbra postfix/lmtp[12710]: 21CD24A187C: to=<service04@fulltech-metal.net>, relay=zimbra.fulltech-metal.net[203.66.83.217]:7025, delay=0.54, delays=0.09/0.01/0.05/0.38, dsn=2.1.5, status=sent (250 2.1.5 Delivery OK)
Nov 14 09:14:56 zimbra postfix/qmgr[6416]: 21CD24A187C: removed
Nov 14 09:18:12 zimbra postfix/anvil[8924]: statistics: max connection rate 3/60s for (smtpd:222.92.254.194) at Nov 14 09:10:47
Nov 14 09:18:12 zimbra postfix/anvil[8924]: statistics: max connection count 1 for (smtpd:222.92.254.194) at Nov 14 09:08:52
Nov 14 09:18:12 zimbra postfix/anvil[8924]: statistics: max cache size 1 at Nov 14 09:08:52
Nov 14 09:19:36 zimbra postfix/postscreen[15176]: CONNECT from [222.92.254.194]:54683 to [203.66.83.217]:25
Nov 14 09:19:36 zimbra postfix/postscreen[15176]: PASS OLD [222.92.254.194]:54683
Nov 14 09:19:37 zimbra postfix/smtpd[15177]: connect from unknown[222.92.254.194]
Nov 14 09:19:37 zimbra postfix/smtpd[15177]: Anonymous TLS connection established from unknown[222.92.254.194]: TLSv1.2 with cipher ECDHE-RSA-AES256-GCM-SHA384 (256/256 bits)
Nov 14 09:19:37 zimbra postfix/smtpd[15177]: NOQUEUE: filter: RCPT from unknown[222.92.254.194]: <service07@fulltech-metal.net>: Sender address triggers FILTER smtp-amavis:[127.0.0.1]:10026; from=<service07@fulltech-metal.net> to=<xiaohua_zhang@jishiks.com> proto=ESMTP helo=<ftyw26>
Nov 14 09:19:37 zimbra postfix/smtpd[15177]: CE1614A1864: client=unknown[222.92.254.194], sasl_method=LOGIN, sasl_username=service07@fulltech-metal.net
Nov 14 09:19:37 zimbra postfix/smtpd[15177]: CE1614A1864: filter: RCPT from unknown[222.92.254.194]: <service07@fulltech-metal.net>: Sender address triggers FILTER smtp-amavis:[127.0.0.1]:10026; from=<service07@fulltech-metal.net> to=<ftsg02@fulltech-metal.com> proto=ESMTP helo=<ftyw26>
Nov 14 09:19:38 zimbra postfix/cleanup[15182]: CE1614A1864: message-id=<2016111409193668570314@fulltech-metal.net>
Nov 14 09:19:38 zimbra postfix/qmgr[6416]: CE1614A1864: from=<service07@fulltech-metal.net>, size=103521, nrcpt=2 (queue active)
Nov 14 09:19:38 zimbra postfix/dkimmilter/smtpd[15185]: connect from localhost[127.0.0.1]
Nov 14 09:19:38 zimbra postfix/dkimmilter/smtpd[15185]: 9E4954A187C: client=localhost[127.0.0.1]
Nov 14 09:19:38 zimbra postfix/cleanup[15182]: 9E4954A187C: message-id=<2016111409193668570314@fulltech-metal.net>
Nov 14 09:19:38 zimbra postfix/qmgr[6416]: 9E4954A187C: from=<service07@fulltech-metal.net>, size=103973, nrcpt=2 (queue active)
Nov 14 09:19:38 zimbra postfix/dkimmilter/smtpd[15185]: disconnect from localhost[127.0.0.1] ehlo=1 mail=1 rcpt=2 data=1 quit=1 commands=6
Nov 14 09:19:38 zimbra postfix/smtp[15183]: CE1614A1864: to=<ftsg02@fulltech-metal.com>, relay=127.0.0.1[127.0.0.1]:10026, delay=0.94, delays=0.73/0.01/0/0.2, dsn=2.0.0, status=sent (250 2.0.0 from MTA(smtp:[127.0.0.1]:10030): 250 2.0.0 Ok: queued as 9E4954A187C)
Nov 14 09:19:38 zimbra postfix/smtp[15183]: CE1614A1864: to=<xiaohua_zhang@jishiks.com>, relay=127.0.0.1[127.0.0.1]:10026, delay=0.94, delays=0.73/0.01/0/0.2, dsn=2.0.0, status=sent (250 2.0.0 from MTA(smtp:[127.0.0.1]:10030): 250 2.0.0 Ok: queued as 9E4954A187C)
Nov 14 09:19:38 zimbra postfix/qmgr[6416]: CE1614A1864: removed
Nov 14 09:19:42 zimbra postfix/smtpd[15177]: disconnect from unknown[222.92.254.194] ehlo=2 starttls=1 auth=1 mail=1 rcpt=2 data=1 quit=1 commands=9
Nov 14 09:19:43 zimbra postfix/amavisd/smtpd[15188]: connect from localhost[127.0.0.1]
Nov 14 09:19:43 zimbra postfix/amavisd/smtpd[15188]: 1655F4A1864: client=localhost[127.0.0.1]
Nov 14 09:19:43 zimbra postfix/cleanup[15182]: 1655F4A1864: message-id=<2016111409193668570314@fulltech-metal.net>
Nov 14 09:19:43 zimbra postfix/amavisd/smtpd[15188]: disconnect from localhost[127.0.0.1] ehlo=1 mail=1 rcpt=2 data=1 quit=1 commands=6
Nov 14 09:19:43 zimbra postfix/qmgr[6416]: 1655F4A1864: from=<service07@fulltech-metal.net>, size=104299, nrcpt=2 (queue active)
Nov 14 09:19:43 zimbra postfix/smtp[15183]: 9E4954A187C: to=<ftsg02@fulltech-metal.com>, relay=127.0.0.1[127.0.0.1]:10032, delay=4.5, delays=0.05/0.01/0/4.4, dsn=2.0.0, status=sent (250 2.0.0 from MTA(smtp:[127.0.0.1]:10025): 250 2.0.0 Ok: queued as 1655F4A1864)
Nov 14 09:19:43 zimbra postfix/smtp[15183]: 9E4954A187C: to=<xiaohua_zhang@jishiks.com>, relay=127.0.0.1[127.0.0.1]:10032, delay=4.5, delays=0.05/0.01/0/4.4, dsn=2.0.0, status=sent (250 2.0.0 from MTA(smtp:[127.0.0.1]:10025): 250 2.0.0 Ok: queued as 1655F4A1864)
Nov 14 09:19:43 zimbra postfix/qmgr[6416]: 9E4954A187C: removed
Nov 14 09:19:44 zimbra postfix/smtp[15190]: 1655F4A1864: to=<xiaohua_zhang@jishiks.com>, relay=mail.feiliks.com[58.210.168.35]:25, delay=1.4, delays=0.05/0.02/0.69/0.64, dsn=2.0.0, status=sent (250 ok:  Message 184001014 accepted)
Nov 14 09:20:28 zimbra postfix/smtp[15189]: 1655F4A1864: to=<ftsg02@fulltech-metal.com>, relay=mail.fulltech-metal.com[222.92.254.200]:25, delay=45, delays=0.05/0.01/0.6/45, dsn=2.0.0, status=sent (250 ok message accepted [1479086428.20729.6044,S=104504]?)
Nov 14 09:20:28 zimbra postfix/qmgr[6416]: 1655F4A1864: removed
Nov 14 09:20:59 zimbra postfix/postscreen[15176]: CONNECT from [222.92.254.194]:59643 to [203.66.83.217]:25
Nov 14 09:20:59 zimbra postfix/postscreen[15176]: PASS OLD [222.92.254.194]:59643
Nov 14 09:20:59 zimbra postfix/smtpd[15177]: connect from unknown[222.92.254.194]
Nov 14 09:20:59 zimbra postfix/smtpd[15177]: NOQUEUE: filter: RCPT from unknown[222.92.254.194]: <auto_annie.li+angela.zhang=skyrock-casting.com@fulltech-metal.com>: Sender address triggers FILTER smtp-amavis:[127.0.0.1]:10026; from=<auto_annie.li+angela.zhang=skyrock-casting.com@fulltech-metal.com> to=<service03@fulltech-metal.net> proto=SMTP helo=<fulltech-metal.com>
Nov 14 09:20:59 zimbra postfix/smtpd[15177]: NOQUEUE: filter: RCPT from unknown[222.92.254.194]: <auto_annie.li+angela.zhang=skyrock-casting.com@fulltech-metal.com>: Sender address triggers FILTER smtp-amavis:[127.0.0.1]:10024; from=<auto_annie.li+angela.zhang=skyrock-casting.com@fulltech-metal.com> to=<service03@fulltech-metal.net> proto=SMTP helo=<fulltech-metal.com>
Nov 14 09:20:59 zimbra postfix/smtpd[15177]: 549F44A1864: client=unknown[222.92.254.194]
Nov 14 09:20:59 zimbra postfix/cleanup[15182]: 549F44A1864: resent-message-id=<aea03be19059f14a6bdcda460ff9995c>
Nov 14 09:20:59 zimbra postfix/cleanup[15182]: 549F44A1864: message-id=<2016111409202902355410@skyrock-casting.com>
Nov 14 09:20:59 zimbra postfix/qmgr[6416]: 549F44A1864: from=<auto_annie.li+angela.zhang=skyrock-casting.com@fulltech-metal.com>, size=151553, nrcpt=1 (queue active)
Nov 14 09:21:00 zimbra postfix/smtpd[15177]: disconnect from unknown[222.92.254.194] helo=1 mail=1 rcpt=1 data=1 quit=1 commands=5
Nov 14 09:21:00 zimbra postfix/postscreen[15176]: CONNECT from [222.92.254.194]:59644 to [203.66.83.217]:25
Nov 14 09:21:00 zimbra postfix/postscreen[15176]: PASS OLD [222.92.254.194]:59644
Nov 14 09:21:00 zimbra postfix/smtpd[15177]: connect from unknown[222.92.254.194]
Nov 14 09:21:00 zimbra postfix/smtpd[15177]: NOQUEUE: filter: RCPT from unknown[222.92.254.194]: <auto_irene.wang+angela.zhang=skyrock-casting.com@fulltech-metal.com>: Sender address triggers FILTER smtp-amavis:[127.0.0.1]:10026; from=<auto_irene.wang+angela.zhang=skyrock-casting.com@fulltech-metal.com> to=<service05@fulltech-metal.net> proto=SMTP helo=<fulltech-metal.com>
Nov 14 09:21:00 zimbra postfix/smtpd[15177]: NOQUEUE: filter: RCPT from unknown[222.92.254.194]: <auto_irene.wang+angela.zhang=skyrock-casting.com@fulltech-metal.com>: Sender address triggers FILTER smtp-amavis:[127.0.0.1]:10024; from=<auto_irene.wang+angela.zhang=skyrock-casting.com@fulltech-metal.com> to=<service05@fulltech-metal.net> proto=SMTP helo=<fulltech-metal.com>
Nov 14 09:21:00 zimbra postfix/smtpd[15177]: 5CC6C4A187C: client=unknown[222.92.254.194]
Nov 14 09:21:00 zimbra postfix/cleanup[15182]: 5CC6C4A187C: resent-message-id=<50e0ad70a834c575032449f01f63d187>
Nov 14 09:21:00 zimbra postfix/cleanup[15182]: 5CC6C4A187C: message-id=<2016111409202902355410@skyrock-casting.com>
Nov 14 09:21:00 zimbra postfix/amavisd/smtpd[15188]: connect from localhost[127.0.0.1]
Nov 14 09:21:00 zimbra postfix/amavisd/smtpd[15188]: BEE4F4A1882: client=localhost[127.0.0.1]
Nov 14 09:21:00 zimbra postfix/cleanup[16500]: BEE4F4A1882: resent-message-id=<aea03be19059f14a6bdcda460ff9995c>
Nov 14 09:21:00 zimbra postfix/cleanup[16500]: BEE4F4A1882: message-id=<2016111409202902355410@skyrock-casting.com>
Nov 14 09:21:00 zimbra postfix/amavisd/smtpd[15188]: disconnect from localhost[127.0.0.1] ehlo=1 mail=1 rcpt=1 data=1 quit=1 commands=5
Nov 14 09:21:00 zimbra postfix/qmgr[6416]: BEE4F4A1882: from=<auto_annie.li+angela.zhang=skyrock-casting.com@fulltech-metal.com>, size=152372, nrcpt=1 (queue active)
Nov 14 09:21:00 zimbra postfix/smtp[15187]: 549F44A1864: to=<service03@fulltech-metal.net>, relay=127.0.0.1[127.0.0.1]:10024, delay=1.6, delays=0.67/0/0/0.89, dsn=2.0.0, status=sent (250 2.0.0 from MTA(smtp:[127.0.0.1]:10025): 250 2.0.0 Ok: queued as BEE4F4A1882)
Nov 14 09:21:00 zimbra postfix/qmgr[6416]: 549F44A1864: removed
Nov 14 09:21:00 zimbra postfix/qmgr[6416]: 5CC6C4A187C: from=<auto_irene.wang+angela.zhang=skyrock-casting.com@fulltech-metal.com>, size=151559, nrcpt=1 (queue active)
Nov 14 09:21:00 zimbra postfix/lmtp[16501]: BEE4F4A1882: to=<service03@fulltech-metal.net>, relay=zimbra.fulltech-metal.net[203.66.83.217]:7025, delay=0.22, delays=0.05/0.01/0.05/0.11, dsn=2.1.5, status=sent (250 2.1.5 Delivery OK)
Nov 14 09:21:01 zimbra postfix/qmgr[6416]: BEE4F4A1882: removed
Nov 14 09:21:01 zimbra postfix/smtpd[15177]: disconnect from unknown[222.92.254.194] helo=1 mail=1 rcpt=1 data=1 quit=1 commands=5
Nov 14 09:21:01 zimbra postfix/postscreen[15176]: CONNECT from [222.92.254.194]:59645 to [203.66.83.217]:25
Nov 14 09:21:01 zimbra postfix/postscreen[15176]: PASS OLD [222.92.254.194]:59645
Nov 14 09:21:01 zimbra postfix/smtpd[15177]: connect from unknown[222.92.254.194]
Nov 14 09:21:01 zimbra postfix/amavisd/smtpd[15188]: connect from localhost[127.0.0.1]
Nov 14 09:21:01 zimbra postfix/amavisd/smtpd[15188]: 4A07D4A1864: client=localhost[127.0.0.1]
Nov 14 09:21:01 zimbra postfix/cleanup[16500]: 4A07D4A1864: resent-message-id=<50e0ad70a834c575032449f01f63d187>
Nov 14 09:21:01 zimbra postfix/cleanup[16500]: 4A07D4A1864: message-id=<2016111409202902355410@skyrock-casting.com>
Nov 14 09:21:01 zimbra postfix/amavisd/smtpd[15188]: disconnect from localhost[127.0.0.1] ehlo=1 mail=1 rcpt=1 data=1 quit=1 commands=5
Nov 14 09:21:01 zimbra postfix/qmgr[6416]: 4A07D4A1864: from=<auto_irene.wang+angela.zhang=skyrock-casting.com@fulltech-metal.com>, size=152378, nrcpt=1 (queue active)
Nov 14 09:21:01 zimbra postfix/smtp[15183]: 5CC6C4A187C: to=<service05@fulltech-metal.net>, relay=127.0.0.1[127.0.0.1]:10024, delay=1, delays=0.65/0/0/0.4, dsn=2.0.0, status=sent (250 2.0.0 from MTA(smtp:[127.0.0.1]:10025): 250 2.0.0 Ok: queued as 4A07D4A1864)
Nov 14 09:21:01 zimbra postfix/qmgr[6416]: 5CC6C4A187C: removed
Nov 14 09:21:01 zimbra postfix/smtpd[15177]: NOQUEUE: filter: RCPT from unknown[222.92.254.194]: <auto_zm.zhang+angela.zhang=skyrock-casting.com@fulltech-metal.com>: Sender address triggers FILTER smtp-amavis:[127.0.0.1]:10026; from=<auto_zm.zhang+angela.zhang=skyrock-casting.com@fulltech-metal.com> to=<service02@fulltech-metal.net> proto=SMTP helo=<fulltech-metal.com>
Nov 14 09:21:01 zimbra postfix/smtpd[15177]: NOQUEUE: filter: RCPT from unknown[222.92.254.194]: <auto_zm.zhang+angela.zhang=skyrock-casting.com@fulltech-metal.com>: Sender address triggers FILTER smtp-amavis:[127.0.0.1]:10024; from=<auto_zm.zhang+angela.zhang=skyrock-casting.com@fulltech-metal.com> to=<service02@fulltech-metal.net> proto=SMTP helo=<fulltech-metal.com>
Nov 14 09:21:01 zimbra postfix/smtpd[15177]: 6A7CA4A187C: client=unknown[222.92.254.194]
Nov 14 09:21:01 zimbra postfix/lmtp[16501]: 4A07D4A1864: to=<service05@fulltech-metal.net>, relay=zimbra.fulltech-metal.net[203.66.83.217]:7025, delay=0.2, delays=0.05/0/0.05/0.1, dsn=2.1.5, status=sent (250 2.1.5 Delivery OK)
Nov 14 09:21:01 zimbra postfix/qmgr[6416]: 4A07D4A1864: removed
Nov 14 09:21:01 zimbra postfix/cleanup[15182]: 6A7CA4A187C: resent-message-id=<92889e0cb4b3626b4f05d6de7eb1e47b>
Nov 14 09:21:01 zimbra postfix/cleanup[15182]: 6A7CA4A187C: message-id=<2016111409202902355410@skyrock-casting.com>
Nov 14 09:21:02 zimbra postfix/qmgr[6416]: 6A7CA4A187C: from=<auto_zm.zhang+angela.zhang=skyrock-casting.com@fulltech-metal.com>, size=151553, nrcpt=1 (queue active)
Nov 14 09:21:02 zimbra postfix/smtpd[15177]: disconnect from unknown[222.92.254.194] helo=1 mail=1 rcpt=1 data=1 quit=1 commands=5
Nov 14 09:21:02 zimbra postfix/amavisd/smtpd[15188]: connect from localhost[127.0.0.1]
Nov 14 09:21:02 zimbra postfix/amavisd/smtpd[15188]: 7857F4A1864: client=localhost[127.0.0.1]
Nov 14 09:21:02 zimbra postfix/cleanup[16500]: 7857F4A1864: resent-message-id=<92889e0cb4b3626b4f05d6de7eb1e47b>
Nov 14 09:21:02 zimbra postfix/cleanup[16500]: 7857F4A1864: message-id=<2016111409202902355410@skyrock-casting.com>
Nov 14 09:21:02 zimbra postfix/amavisd/smtpd[15188]: disconnect from localhost[127.0.0.1] ehlo=1 mail=1 rcpt=1 data=1 quit=1 commands=5
Nov 14 09:21:02 zimbra postfix/qmgr[6416]: 7857F4A1864: from=<auto_zm.zhang+angela.zhang=skyrock-casting.com@fulltech-metal.com>, size=152372, nrcpt=1 (queue active)
Nov 14 09:21:02 zimbra postfix/smtp[15187]: 6A7CA4A187C: to=<service02@fulltech-metal.net>, relay=127.0.0.1[127.0.0.1]:10024, delay=1.2, delays=0.66/0/0/0.52, dsn=2.0.0, status=sent (250 2.0.0 from MTA(smtp:[127.0.0.1]:10025): 250 2.0.0 Ok: queued as 7857F4A1864)
Nov 14 09:21:02 zimbra postfix/qmgr[6416]: 6A7CA4A187C: removed
Nov 14 09:21:02 zimbra postfix/lmtp[16501]: 7857F4A1864: to=<service02@fulltech-metal.net>, relay=zimbra.fulltech-metal.net[203.66.83.217]:7025, delay=0.2, delays=0.05/0/0.05/0.1, dsn=2.1.5, status=sent (250 2.1.5 Delivery OK)
Nov 14 09:21:02 zimbra postfix/qmgr[6416]: 7857F4A1864: removed
Nov 14 09:21:59 zimbra postfix/postscreen[15176]: CONNECT from [222.92.254.194]:54733 to [203.66.83.217]:25
Nov 14 09:21:59 zimbra postfix/postscreen[15176]: PASS OLD [222.92.254.194]:54733
Nov 14 09:21:59 zimbra postfix/smtpd[15177]: connect from unknown[222.92.254.194]
Nov 14 09:21:59 zimbra postfix/smtpd[15177]: Anonymous TLS connection established from unknown[222.92.254.194]: TLSv1.2 with cipher ECDHE-RSA-AES256-GCM-SHA384 (256/256 bits)
Nov 14 09:22:00 zimbra postfix/smtpd[15177]: NOQUEUE: filter: RCPT from unknown[222.92.254.194]: <service07@fulltech-metal.net>: Sender address triggers FILTER smtp-amavis:[127.0.0.1]:10026; from=<service07@fulltech-metal.net> to=<cs.chen@fulltech-metal.com> proto=ESMTP helo=<ftyw26>
Nov 14 09:22:00 zimbra postfix/smtpd[15177]: 1BAA84A1864: client=unknown[222.92.254.194], sasl_method=LOGIN, sasl_username=service07@fulltech-metal.net
Nov 14 09:22:00 zimbra postfix/smtpd[15177]: 1BAA84A1864: filter: RCPT from unknown[222.92.254.194]: <service07@fulltech-metal.net>: Sender address triggers FILTER smtp-amavis:[127.0.0.1]:10026; from=<service07@fulltech-metal.net> to=<hm.zhu@fulltech-metal.com> proto=ESMTP helo=<ftyw26>
Nov 14 09:22:00 zimbra postfix/smtpd[15177]: 1BAA84A1864: filter: RCPT from unknown[222.92.254.194]: <service07@fulltech-metal.net>: Sender address triggers FILTER smtp-amavis:[127.0.0.1]:10026; from=<service07@fulltech-metal.net> to=<annie.li@skyrock-casting.com> proto=ESMTP helo=<ftyw26>
Nov 14 09:22:00 zimbra postfix/smtpd[15177]: 1BAA84A1864: filter: RCPT from unknown[222.92.254.194]: <service07@fulltech-metal.net>: Sender address triggers FILTER smtp-amavis:[127.0.0.1]:10026; from=<service07@fulltech-metal.net> to=<jh.xia@fulltech-metal.com> proto=ESMTP helo=<ftyw26>
Nov 14 09:22:00 zimbra postfix/smtpd[15177]: 1BAA84A1864: filter: RCPT from unknown[222.92.254.194]: <service07@fulltech-metal.net>: Sender address triggers FILTER smtp-amavis:[127.0.0.1]:10026; from=<service07@fulltech-metal.net> to=<danny.liang@skyrock-casting.com> proto=ESMTP helo=<ftyw26>
Nov 14 09:22:00 zimbra postfix/smtpd[15177]: 1BAA84A1864: filter: RCPT from unknown[222.92.254.194]: <service07@fulltech-metal.net>: Sender address triggers FILTER smtp-amavis:[127.0.0.1]:10026; from=<service07@fulltech-metal.net> to=<ftsg02@fulltech-metal.com> proto=ESMTP helo=<ftyw26>
Nov 14 09:22:00 zimbra postfix/smtpd[15177]: 1BAA84A1864: filter: RCPT from unknown[222.92.254.194]: <service07@fulltech-metal.net>: Sender address triggers FILTER smtp-amavis:[127.0.0.1]:10026; from=<service07@fulltech-metal.net> to=<lichao.li@fulltech-metal.com> proto=ESMTP helo=<ftyw26>
Nov 14 09:22:00 zimbra postfix/smtpd[15177]: 1BAA84A1864: filter: RCPT from unknown[222.92.254.194]: <service07@fulltech-metal.net>: Sender address triggers FILTER smtp-amavis:[127.0.0.1]:10026; from=<service07@fulltech-metal.net> to=<fy.fang@fulltech-metal.com> proto=ESMTP helo=<ftyw26>
Nov 14 09:22:00 zimbra postfix/smtpd[15177]: 1BAA84A1864: filter: RCPT from unknown[222.92.254.194]: <service07@fulltech-metal.net>: Sender address triggers FILTER smtp-amavis:[127.0.0.1]:10026; from=<service07@fulltech-metal.net> to=<wt.liu@fulltech-metal.com> proto=ESMTP helo=<ftyw26>
Nov 14 09:22:00 zimbra postfix/cleanup[15182]: 1BAA84A1864: message-id=<2016111409215912361015@fulltech-metal.net>
Nov 14 09:22:01 zimbra postfix/qmgr[6416]: 1BAA84A1864: from=<service07@fulltech-metal.net>, size=20112, nrcpt=9 (queue active)
Nov 14 09:22:01 zimbra postfix/dkimmilter/smtpd[16899]: connect from localhost[127.0.0.1]
Nov 14 09:22:01 zimbra postfix/dkimmilter/smtpd[16899]: 242474A187C: client=localhost[127.0.0.1]
Nov 14 09:22:01 zimbra postfix/cleanup[16500]: 242474A187C: message-id=<2016111409215912361015@fulltech-metal.net>
Nov 14 09:22:01 zimbra postfix/qmgr[6416]: 242474A187C: from=<service07@fulltech-metal.net>, size=20564, nrcpt=9 (queue active)
Nov 14 09:22:01 zimbra postfix/dkimmilter/smtpd[16899]: disconnect from localhost[127.0.0.1] ehlo=1 mail=1 rcpt=9 data=1 quit=1 commands=13
Nov 14 09:22:01 zimbra postfix/smtp[15183]: 1BAA84A1864: to=<cs.chen@fulltech-metal.com>, relay=127.0.0.1[127.0.0.1]:10026, delay=1.2, delays=1/0/0/0.17, dsn=2.0.0, status=sent (250 2.0.0 from MTA(smtp:[127.0.0.1]:10030): 250 2.0.0 Ok: queued as 242474A187C)
Nov 14 09:22:01 zimbra postfix/smtp[15183]: 1BAA84A1864: to=<ftsg02@fulltech-metal.com>, relay=127.0.0.1[127.0.0.1]:10026, delay=1.2, delays=1/0/0/0.17, dsn=2.0.0, status=sent (250 2.0.0 from MTA(smtp:[127.0.0.1]:10030): 250 2.0.0 Ok: queued as 242474A187C)
Nov 14 09:22:01 zimbra postfix/smtp[15183]: 1BAA84A1864: to=<fy.fang@fulltech-metal.com>, relay=127.0.0.1[127.0.0.1]:10026, delay=1.2, delays=1/0/0/0.17, dsn=2.0.0, status=sent (250 2.0.0 from MTA(smtp:[127.0.0.1]:10030): 250 2.0.0 Ok: queued as 242474A187C)
Nov 14 09:22:01 zimbra postfix/smtp[15183]: 1BAA84A1864: to=<hm.zhu@fulltech-metal.com>, relay=127.0.0.1[127.0.0.1]:10026, delay=1.2, delays=1/0/0/0.17, dsn=2.0.0, status=sent (250 2.0.0 from MTA(smtp:[127.0.0.1]:10030): 250 2.0.0 Ok: queued as 242474A187C)
Nov 14 09:22:01 zimbra postfix/smtp[15183]: 1BAA84A1864: to=<jh.xia@fulltech-metal.com>, relay=127.0.0.1[127.0.0.1]:10026, delay=1.2, delays=1/0/0/0.17, dsn=2.0.0, status=sent (250 2.0.0 from MTA(smtp:[127.0.0.1]:10030): 250 2.0.0 Ok: queued as 242474A187C)
Nov 14 09:22:01 zimbra postfix/smtp[15183]: 1BAA84A1864: to=<lichao.li@fulltech-metal.com>, relay=127.0.0.1[127.0.0.1]:10026, delay=1.2, delays=1/0/0/0.17, dsn=2.0.0, status=sent (250 2.0.0 from MTA(smtp:[127.0.0.1]:10030): 250 2.0.0 Ok: queued as 242474A187C)
Nov 14 09:22:01 zimbra postfix/smtp[15183]: 1BAA84A1864: to=<wt.liu@fulltech-metal.com>, relay=127.0.0.1[127.0.0.1]:10026, delay=1.2, delays=1/0/0/0.17, dsn=2.0.0, status=sent (250 2.0.0 from MTA(smtp:[127.0.0.1]:10030): 250 2.0.0 Ok: queued as 242474A187C)
