Nov  7 08:27:24 zimbra postfix/submission/smtpd[6812]: 2BD594A187F: filter: RCPT from unknown[222.92.254.194]: <service08@fulltech-metal.net>: Sender address triggers FILTER smtp-amavis:[127.0.0.1]:10026; from=<service08@fulltech-metal.net> to=<Mario.Negrete@fulltechcasting.com> proto=ESMTP helo=<[10.10.0.93]>
Nov  7 08:27:24 zimbra postfix/cleanup[6797]: 2BD594A187F: message-id=<587b57a2-2f1f-7683-9473-c3fb162b0a12@fulltech-metal.net>
Nov  7 08:27:24 zimbra postfix/qmgr[6416]: 2BD594A187F: from=<service08@fulltech-metal.net>, size=17961, nrcpt=5 (queue active)
Nov  7 08:27:24 zimbra postfix/dkimmilter/smtpd[6815]: connect from localhost[127.0.0.1]
Nov  7 08:27:24 zimbra postfix/dkimmilter/smtpd[6815]: DC5444A1890: client=localhost[127.0.0.1]
Nov  7 08:27:24 zimbra postfix/cleanup[5556]: DC5444A1890: message-id=<587b57a2-2f1f-7683-9473-c3fb162b0a12@fulltech-metal.net>
Nov  7 08:27:24 zimbra postfix/dkimmilter/smtpd[6815]: disconnect from localhost[127.0.0.1] ehlo=1 mail=1 rcpt=5 data=1 quit=1 commands=9
Nov  7 08:27:24 zimbra postfix/qmgr[6416]: DC5444A1890: from=<service08@fulltech-metal.net>, size=19675, nrcpt=5 (queue active)
Nov  7 08:27:24 zimbra postfix/smtp[5558]: 2BD594A187F: to=<della.zhai@fulltech-metal.com>, relay=127.0.0.1[127.0.0.1]:10026, delay=0.87, delays=0.71/0/0/0.16, dsn=2.0.0, status=sent (250 2.0.0 from MTA(smtp:[127.0.0.1]:10030): 250 2.0.0 Ok: queued as DC5444A1890)
Nov  7 08:27:24 zimbra postfix/smtp[5558]: 2BD594A187F: to=<jason.hsu@fulltech-metal.com>, relay=127.0.0.1[127.0.0.1]:10026, delay=0.87, delays=0.71/0/0/0.16, dsn=2.0.0, status=sent (250 2.0.0 from MTA(smtp:[127.0.0.1]:10030): 250 2.0.0 Ok: queued as DC5444A1890)
Nov  7 08:27:24 zimbra postfix/smtp[5558]: 2BD594A187F: to=<vicky.li@fulltech-metal.com>, relay=127.0.0.1[127.0.0.1]:10026, delay=0.87, delays=0.71/0/0/0.16, dsn=2.0.0, status=sent (250 2.0.0 from MTA(smtp:[127.0.0.1]:10030): 250 2.0.0 Ok: queued as DC5444A1890)
Nov  7 08:27:24 zimbra postfix/smtp[5558]: 2BD594A187F: to=<Mario.Negrete@fulltechcasting.com>, relay=127.0.0.1[127.0.0.1]:10026, delay=0.87, delays=0.71/0/0/0.16, dsn=2.0.0, status=sent (250 2.0.0 from MTA(smtp:[127.0.0.1]:10030): 250 2.0.0 Ok: queued as DC5444A1890)
Nov  7 08:27:24 zimbra postfix/smtp[5558]: 2BD594A187F: to=<vinod.miranda@fulltechcasting.com>, relay=127.0.0.1[127.0.0.1]:10026, delay=0.87, delays=0.71/0/0/0.16, dsn=2.0.0, status=sent (250 2.0.0 from MTA(smtp:[127.0.0.1]:10030): 250 2.0.0 Ok: queued as DC5444A1890)
Nov  7 08:27:24 zimbra postfix/qmgr[6416]: 2BD594A187F: removed
Nov  7 08:27:25 zimbra postfix/submission/smtpd[6812]: disconnect from unknown[222.92.254.194] ehlo=2 starttls=1 auth=1 mail=1 rcpt=5 data=1 quit=1 commands=12
Nov  7 08:27:25 zimbra postfix/amavisd/smtpd[5563]: connect from localhost[127.0.0.1]
Nov  7 08:27:25 zimbra postfix/amavisd/smtpd[5563]: 53BCD4A187F: client=localhost[127.0.0.1]
Nov  7 08:27:25 zimbra postfix/cleanup[6797]: 53BCD4A187F: message-id=<587b57a2-2f1f-7683-9473-c3fb162b0a12@fulltech-metal.net>
Nov  7 08:27:25 zimbra postfix/qmgr[6416]: 53BCD4A187F: from=<service08@fulltech-metal.net>, size=20004, nrcpt=5 (queue active)
Nov  7 08:27:25 zimbra postfix/amavisd/smtpd[5563]: disconnect from localhost[127.0.0.1] ehlo=1 mail=1 rcpt=5 data=1 quit=1 commands=9
Nov  7 08:27:25 zimbra postfix/smtp[5558]: DC5444A1890: to=<della.zhai@fulltech-metal.com>, relay=127.0.0.1[127.0.0.1]:10032, delay=0.46, delays=0.06/0.01/0/0.39, dsn=2.0.0, status=sent (250 2.0.0 from MTA(smtp:[127.0.0.1]:10025): 250 2.0.0 Ok: queued as 53BCD4A187F)
Nov  7 08:27:25 zimbra postfix/smtp[5558]: DC5444A1890: to=<jason.hsu@fulltech-metal.com>, relay=127.0.0.1[127.0.0.1]:10032, delay=0.46, delays=0.06/0.01/0/0.39, dsn=2.0.0, status=sent (250 2.0.0 from MTA(smtp:[127.0.0.1]:10025): 250 2.0.0 Ok: queued as 53BCD4A187F)
Nov  7 08:27:25 zimbra postfix/smtp[5558]: DC5444A1890: to=<vicky.li@fulltech-metal.com>, relay=127.0.0.1[127.0.0.1]:10032, delay=0.46, delays=0.06/0.01/0/0.39, dsn=2.0.0, status=sent (250 2.0.0 from MTA(smtp:[127.0.0.1]:10025): 250 2.0.0 Ok: queued as 53BCD4A187F)
Nov  7 08:27:25 zimbra postfix/smtp[5558]: DC5444A1890: to=<Mario.Negrete@fulltechcasting.com>, relay=127.0.0.1[127.0.0.1]:10032, delay=0.46, delays=0.06/0.01/0/0.39, dsn=2.0.0, status=sent (250 2.0.0 from MTA(smtp:[127.0.0.1]:10025): 250 2.0.0 Ok: queued as 53BCD4A187F)
Nov  7 08:27:25 zimbra postfix/smtp[5558]: DC5444A1890: to=<vinod.miranda@fulltechcasting.com>, relay=127.0.0.1[127.0.0.1]:10032, delay=0.46, delays=0.06/0.01/0/0.39, dsn=2.0.0, status=sent (250 2.0.0 from MTA(smtp:[127.0.0.1]:10025): 250 2.0.0 Ok: queued as 53BCD4A187F)
Nov  7 08:27:25 zimbra postfix/qmgr[6416]: DC5444A1890: removed
Nov  7 08:27:30 zimbra postfix/smtp[6821]: 53BCD4A187F: to=<Mario.Negrete@fulltechcasting.com>, relay=fulltechcasting-com.mail.protection.outlook.com[207.46.163.247]:25, delay=5, delays=0.01/0.02/2.4/2.6, dsn=2.6.0, status=sent (250 2.6.0 <587b57a2-2f1f-7683-9473-c3fb162b0a12@fulltech-metal.net> [InternalId=50212462657936, Hostname=BN3PR14MB0881.namprd14.prod.outlook.com] 26282 bytes in 0.394, 65.083 KB/sec Queued mail for delivery)
Nov  7 08:27:30 zimbra postfix/smtp[6821]: 53BCD4A187F: to=<vinod.miranda@fulltechcasting.com>, relay=fulltechcasting-com.mail.protection.outlook.com[207.46.163.247]:25, delay=5, delays=0.01/0.02/2.4/2.6, dsn=2.6.0, status=sent (250 2.6.0 <587b57a2-2f1f-7683-9473-c3fb162b0a12@fulltech-metal.net> [InternalId=50212462657936, Hostname=BN3PR14MB0881.namprd14.prod.outlook.com] 26282 bytes in 0.394, 65.083 KB/sec Queued mail for delivery)
Nov  7 08:27:34 zimbra postfix/smtp[6820]: 53BCD4A187F: to=<della.zhai@fulltech-metal.com>, relay=mail.fulltech-metal.com[222.92.254.200]:25, delay=8.9, delays=0.01/0.02/0.64/8.2, dsn=2.0.0, status=sent (250 ok message accepted [1478478454.15298.6628,S=20213]?)
Nov  7 08:27:34 zimbra postfix/smtp[6820]: 53BCD4A187F: to=<jason.hsu@fulltech-metal.com>, relay=mail.fulltech-metal.com[222.92.254.200]:25, delay=8.9, delays=0.01/0.02/0.64/8.2, dsn=2.0.0, status=sent (250 ok message accepted [1478478454.15298.6628,S=20213]?)
Nov  7 08:27:34 zimbra postfix/smtp[6820]: 53BCD4A187F: to=<vicky.li@fulltech-metal.com>, relay=mail.fulltech-metal.com[222.92.254.200]:25, delay=8.9, delays=0.01/0.02/0.64/8.2, dsn=2.0.0, status=sent (250 ok message accepted [1478478454.15298.6628,S=20213]?)
Nov  7 08:27:34 zimbra postfix/qmgr[6416]: 53BCD4A187F: removed
Nov  7 08:28:10 zimbra postfix/postscreen[5551]: CONNECT from [222.92.254.194]:63100 to [203.66.83.217]:25
Nov  7 08:28:10 zimbra postfix/postscreen[5551]: PASS OLD [222.92.254.194]:63100
Nov  7 08:28:10 zimbra postfix/smtpd[5552]: connect from unknown[222.92.254.194]
Nov  7 08:28:10 zimbra postfix/smtpd[5552]: NOQUEUE: filter: RCPT from unknown[222.92.254.194]: <auto_vicky.li+service08=fulltech-metal.net@fulltech-metal.com>: Sender address triggers FILTER smtp-amavis:[127.0.0.1]:10026; from=<auto_vicky.li+service08=fulltech-metal.net@fulltech-metal.com> to=<service01@fulltech-metal.net> proto=SMTP helo=<fulltech-metal.com>
Nov  7 08:28:10 zimbra postfix/smtpd[5552]: NOQUEUE: filter: RCPT from unknown[222.92.254.194]: <auto_vicky.li+service08=fulltech-metal.net@fulltech-metal.com>: Sender address triggers FILTER smtp-amavis:[127.0.0.1]:10024; from=<auto_vicky.li+service08=fulltech-metal.net@fulltech-metal.com> to=<service01@fulltech-metal.net> proto=SMTP helo=<fulltech-metal.com>
Nov  7 08:28:10 zimbra postfix/smtpd[5552]: A4F464A187F: client=unknown[222.92.254.194]
Nov  7 08:28:10 zimbra postfix/cleanup[5556]: A4F464A187F: resent-message-id=<0b24e6f7d37e76c811f5c125010c7ee7>
Nov  7 08:28:10 zimbra postfix/cleanup[5556]: A4F464A187F: message-id=<587b57a2-2f1f-7683-9473-c3fb162b0a12@fulltech-metal.net>
Nov  7 08:28:11 zimbra postfix/qmgr[6416]: A4F464A187F: from=<auto_vicky.li+service08=fulltech-metal.net@fulltech-metal.com>, size=20691, nrcpt=1 (queue active)
Nov  7 08:28:11 zimbra postfix/smtpd[5552]: disconnect from unknown[222.92.254.194] helo=1 mail=1 rcpt=1 data=1 quit=1 commands=5
Nov  7 08:28:11 zimbra postfix/amavisd/smtpd[5563]: connect from localhost[127.0.0.1]
Nov  7 08:28:11 zimbra postfix/amavisd/smtpd[5563]: D7B754A189D: client=localhost[127.0.0.1]
Nov  7 08:28:11 zimbra postfix/cleanup[6797]: D7B754A189D: resent-message-id=<0b24e6f7d37e76c811f5c125010c7ee7>
Nov  7 08:28:11 zimbra postfix/cleanup[6797]: D7B754A189D: message-id=<587b57a2-2f1f-7683-9473-c3fb162b0a12@fulltech-metal.net>
Nov  7 08:28:11 zimbra postfix/qmgr[6416]: D7B754A189D: from=<auto_vicky.li+service08=fulltech-metal.net@fulltech-metal.com>, size=21473, nrcpt=1 (queue active)
Nov  7 08:28:11 zimbra postfix/smtp[6819]: A4F464A187F: to=<service01@fulltech-metal.net>, relay=127.0.0.1[127.0.0.1]:10024, delay=1.3, delays=0.51/0/0.03/0.79, dsn=2.0.0, status=sent (250 2.0.0 from MTA(smtp:[127.0.0.1]:10025): 250 2.0.0 Ok: queued as D7B754A189D)
Nov  7 08:28:11 zimbra postfix/qmgr[6416]: A4F464A187F: removed
Nov  7 08:28:12 zimbra postfix/lmtp[5564]: D7B754A189D: to=<service01@fulltech-metal.net>, relay=zimbra.fulltech-metal.net[203.66.83.217]:7025, delay=0.13, delays=0.01/0/0.05/0.06, dsn=2.1.5, status=sent (250 2.1.5 Delivery OK)
Nov  7 08:28:12 zimbra postfix/qmgr[6416]: D7B754A189D: removed
Nov  7 08:28:13 zimbra postfix/postscreen[5551]: CONNECT from [69.89.21.30]:43040 to [203.66.83.217]:25
Nov  7 08:28:19 zimbra postfix/postscreen[5551]: PASS NEW [69.89.21.30]:43040
Nov  7 08:28:20 zimbra postfix/smtpd[5552]: connect from qproxy5-pub.mail.unifiedlayer.com[69.89.21.30]
Nov  7 08:28:20 zimbra postfix/smtpd[5552]: NOQUEUE: filter: RCPT from qproxy5-pub.mail.unifiedlayer.com[69.89.21.30]: <service08@skyrock-casting.org>: Sender address triggers FILTER smtp-amavis:[127.0.0.1]:10026; from=<service08@skyrock-casting.org> to=<service08@fulltech-metal.net> proto=SMTP helo=<qproxy5-pub.mail.unifiedlayer.com>
Nov  7 08:28:20 zimbra postfix/smtpd[5552]: NOQUEUE: filter: RCPT from qproxy5-pub.mail.unifiedlayer.com[69.89.21.30]: <service08@skyrock-casting.org>: Sender address triggers FILTER smtp-amavis:[127.0.0.1]:10024; from=<service08@skyrock-casting.org> to=<service08@fulltech-metal.net> proto=SMTP helo=<qproxy5-pub.mail.unifiedlayer.com>
Nov  7 08:28:20 zimbra postfix/smtpd[5552]: 91DAA4A187F: client=qproxy5-pub.mail.unifiedlayer.com[69.89.21.30]
Nov  7 08:28:21 zimbra postfix/cleanup[5556]: 91DAA4A187F: message-id=<E1c3XnF-0002Zk-PR@host411.hostmonster.com>
Nov  7 08:28:21 zimbra postfix/qmgr[6416]: 91DAA4A187F: from=<service08@skyrock-casting.org>, size=2295, nrcpt=1 (queue active)
Nov  7 08:28:21 zimbra postfix/smtpd[5552]: disconnect from qproxy5-pub.mail.unifiedlayer.com[69.89.21.30] helo=1 mail=1 rcpt=1 data=1 quit=1 commands=5
Nov  7 08:28:24 zimbra postfix/amavisd/smtpd[7647]: connect from localhost[127.0.0.1]
Nov  7 08:28:24 zimbra postfix/amavisd/smtpd[7647]: 19D8A4A189D: client=localhost[127.0.0.1]
Nov  7 08:28:24 zimbra postfix/cleanup[6797]: 19D8A4A189D: message-id=<E1c3XnF-0002Zk-PR@host411.hostmonster.com>
Nov  7 08:28:24 zimbra postfix/qmgr[6416]: 19D8A4A189D: from=<service08@skyrock-casting.org>, size=3046, nrcpt=1 (queue active)
Nov  7 08:28:24 zimbra postfix/amavisd/smtpd[7647]: disconnect from localhost[127.0.0.1] ehlo=1 mail=1 rcpt=1 data=1 quit=1 commands=5
Nov  7 08:28:24 zimbra postfix/smtp[5558]: 91DAA4A187F: to=<service08@fulltech-metal.net>, relay=127.0.0.1[127.0.0.1]:10024, delay=3.7, delays=0.69/0/0/3, dsn=2.0.0, status=sent (250 2.0.0 from MTA(smtp:[127.0.0.1]:10025): 250 2.0.0 Ok: queued as 19D8A4A189D)
Nov  7 08:28:24 zimbra postfix/qmgr[6416]: 91DAA4A187F: removed
Nov  7 08:28:24 zimbra postfix/lmtp[5564]: 19D8A4A189D: to=<service08@fulltech-metal.net>, relay=zimbra.fulltech-metal.net[203.66.83.217]:7025, delay=0.11, delays=0.01/0/0.05/0.05, dsn=2.1.5, status=sent (250 2.1.5 Delivery OK)
Nov  7 08:28:24 zimbra postfix/qmgr[6416]: 19D8A4A189D: removed
Nov  7 08:29:07 zimbra postfix/submission/smtpd[8038]: connect from unknown[222.92.254.194]
Nov  7 08:29:07 zimbra postfix/submission/smtpd[8038]: Anonymous TLS connection established from unknown[222.92.254.194]: TLSv1.2 with cipher ECDHE-RSA-AES128-GCM-SHA256 (128/128 bits)
Nov  7 08:29:07 zimbra postfix/submission/smtpd[8038]: NOQUEUE: filter: RCPT from unknown[222.92.254.194]: <service08@fulltech-metal.net>: Sender address triggers FILTER smtp-amavis:[127.0.0.1]:10026; from=<service08@fulltech-metal.net> to=<vicky.li@skyrock-casting.com> proto=ESMTP helo=<[10.10.0.93]>
Nov  7 08:29:07 zimbra postfix/submission/smtpd[8038]: BD90A4A187F: client=unknown[222.92.254.194], sasl_method=PLAIN, sasl_username=service08
Nov  7 08:29:07 zimbra postfix/submission/smtpd[8038]: BD90A4A187F: filter: RCPT from unknown[222.92.254.194]: <service08@fulltech-metal.net>: Sender address triggers FILTER smtp-amavis:[127.0.0.1]:10026; from=<service08@fulltech-metal.net> to=<della.zhai@fulltech-metal.com> proto=ESMTP helo=<[10.10.0.93]>
Nov  7 08:29:07 zimbra postfix/submission/smtpd[8038]: BD90A4A187F: filter: RCPT from unknown[222.92.254.194]: <service08@fulltech-metal.net>: Sender address triggers FILTER smtp-amavis:[127.0.0.1]:10026; from=<service08@fulltech-metal.net> to=<vinod.miranda@fulltechcasting.com> proto=ESMTP helo=<[10.10.0.93]>
Nov  7 08:29:08 zimbra postfix/cleanup[5556]: BD90A4A187F: message-id=<3ea8d5d3-b260-3da2-78f4-431b5e38fd16@fulltech-metal.net>
Nov  7 08:29:08 zimbra postfix/qmgr[6416]: BD90A4A187F: from=<service08@fulltech-metal.net>, size=20742, nrcpt=3 (queue active)
Nov  7 08:29:08 zimbra postfix/dkimmilter/smtpd[8041]: connect from localhost[127.0.0.1]
Nov  7 08:29:08 zimbra postfix/dkimmilter/smtpd[8041]: 581414A189D: client=localhost[127.0.0.1]
Nov  7 08:29:08 zimbra postfix/cleanup[6797]: 581414A189D: message-id=<3ea8d5d3-b260-3da2-78f4-431b5e38fd16@fulltech-metal.net>
Nov  7 08:29:08 zimbra postfix/qmgr[6416]: 581414A189D: from=<service08@fulltech-metal.net>, size=21437, nrcpt=3 (queue active)
Nov  7 08:29:08 zimbra postfix/dkimmilter/smtpd[8041]: disconnect from localhost[127.0.0.1] ehlo=1 mail=1 rcpt=3 data=1 quit=1 commands=7
Nov  7 08:29:08 zimbra postfix/smtp[6819]: BD90A4A187F: to=<della.zhai@fulltech-metal.com>, relay=127.0.0.1[127.0.0.1]:10026, delay=0.72, delays=0.57/0/0/0.15, dsn=2.0.0, status=sent (250 2.0.0 from MTA(smtp:[127.0.0.1]:10030): 250 2.0.0 Ok: queued as 581414A189D)
Nov  7 08:29:08 zimbra postfix/smtp[6819]: BD90A4A187F: to=<vinod.miranda@fulltechcasting.com>, relay=127.0.0.1[127.0.0.1]:10026, delay=0.72, delays=0.57/0/0/0.15, dsn=2.0.0, status=sent (250 2.0.0 from MTA(smtp:[127.0.0.1]:10030): 250 2.0.0 Ok: queued as 581414A189D)
Nov  7 08:29:08 zimbra postfix/smtp[6819]: BD90A4A187F: to=<vicky.li@skyrock-casting.com>, relay=127.0.0.1[127.0.0.1]:10026, delay=0.72, delays=0.57/0/0/0.15, dsn=2.0.0, status=sent (250 2.0.0 from MTA(smtp:[127.0.0.1]:10030): 250 2.0.0 Ok: queued as 581414A189D)
Nov  7 08:29:08 zimbra postfix/amavisd/smtpd[5563]: disconnect from localhost[127.0.0.1] ehlo=1 mail=1 rcpt=1 data=1 commands=4
Nov  7 08:29:08 zimbra postfix/qmgr[6416]: BD90A4A187F: removed
Nov  7 08:29:08 zimbra postfix/submission/smtpd[8038]: disconnect from unknown[222.92.254.194] ehlo=2 starttls=1 auth=1 mail=1 rcpt=3 data=1 quit=1 commands=10
Nov  7 08:29:13 zimbra postfix/amavisd/smtpd[7647]: connect from localhost[127.0.0.1]
Nov  7 08:29:13 zimbra postfix/amavisd/smtpd[7647]: A41604A187F: client=localhost[127.0.0.1]
Nov  7 08:29:13 zimbra postfix/cleanup[5556]: A41604A187F: message-id=<3ea8d5d3-b260-3da2-78f4-431b5e38fd16@fulltech-metal.net>
Nov  7 08:29:13 zimbra postfix/amavisd/smtpd[7647]: disconnect from localhost[127.0.0.1] ehlo=1 mail=1 rcpt=3 data=1 quit=1 commands=7
Nov  7 08:29:13 zimbra postfix/qmgr[6416]: A41604A187F: from=<service08@fulltech-metal.net>, size=21766, nrcpt=3 (queue active)
Nov  7 08:29:13 zimbra postfix/smtp[5558]: 581414A189D: to=<della.zhai@fulltech-metal.com>, relay=127.0.0.1[127.0.0.1]:10032, delay=5.3, delays=0.05/0/0/5.3, dsn=2.0.0, status=sent (250 2.0.0 from MTA(smtp:[127.0.0.1]:10025): 250 2.0.0 Ok: queued as A41604A187F)
Nov  7 08:29:13 zimbra postfix/smtp[5558]: 581414A189D: to=<vinod.miranda@fulltechcasting.com>, relay=127.0.0.1[127.0.0.1]:10032, delay=5.3, delays=0.05/0/0/5.3, dsn=2.0.0, status=sent (250 2.0.0 from MTA(smtp:[127.0.0.1]:10025): 250 2.0.0 Ok: queued as A41604A187F)
Nov  7 08:29:13 zimbra postfix/smtp[5558]: 581414A189D: to=<vicky.li@skyrock-casting.com>, relay=127.0.0.1[127.0.0.1]:10032, delay=5.3, delays=0.05/0/0/5.3, dsn=2.0.0, status=sent (250 2.0.0 from MTA(smtp:[127.0.0.1]:10025): 250 2.0.0 Ok: queued as A41604A187F)
Nov  7 08:29:13 zimbra postfix/qmgr[6416]: 581414A189D: removed
Nov  7 08:29:43 zimbra postfix/smtp[6820]: connect to mail.fulltech-metal.com[222.92.254.200]:25: Connection timed out
Nov  7 08:29:43 zimbra postfix/smtp[6820]: A41604A187F: to=<della.zhai@fulltech-metal.com>, relay=none, delay=30, delays=0.01/0.01/30/0, dsn=4.4.1, status=deferred (connect to mail.fulltech-metal.com[222.92.254.200]:25: Connection timed out)
Nov  7 08:29:45 zimbra postfix/smtp[8043]: A41604A187F: to=<vinod.miranda@fulltechcasting.com>, relay=fulltechcasting-com.mail.protection.outlook.com[207.46.163.138]:25, delay=32, delays=0.01/0.02/29/2.8, dsn=2.6.0, status=sent (250 2.6.0 <3ea8d5d3-b260-3da2-78f4-431b5e38fd16@fulltech-metal.net> [InternalId=50032074031497, Hostname=DM3PR14MB0896.namprd14.prod.outlook.com] 28108 bytes in 0.610, 44.952 KB/sec Queued mail for delivery)
Nov  7 08:29:48 zimbra postfix/smtp[8044]: A41604A187F: to=<vicky.li@skyrock-casting.com>, relay=mxw.263xmail.com[54.255.165.24]:25, delay=35, delays=0.01/0.02/34/0.97, dsn=2.0.0, status=sent (250 Ok: queued as A5B83DF309)
Nov  7 08:30:21 zimbra postfix/postscreen[8991]: CONNECT from [185.34.18.3]:63736 to [203.66.83.217]:25
Nov  7 08:30:26 zimbra postfix/postscreen[8991]: PREGREET 36 after 5.1 from [185.34.18.3]:63736: HELO 220-zimbra.fulltech-metal.net\r\n
Nov  7 08:30:26 zimbra postfix/smtpd[8993]: connect from unknown[185.34.18.3]
Nov  7 08:30:26 zimbra postfix/smtpd[8993]: disconnect from unknown[185.34.18.3] helo=1 quit=1 commands=2
Nov  7 08:32:09 zimbra postfix/postscreen[10206]: CONNECT from [222.92.254.194]:63115 to [203.66.83.217]:25
Nov  7 08:32:09 zimbra postfix/postscreen[10206]: PASS OLD [222.92.254.194]:63115
Nov  7 08:32:09 zimbra postfix/smtpd[10207]: connect from unknown[222.92.254.194]
Nov  7 08:32:09 zimbra postfix/smtpd[10207]: NOQUEUE: filter: RCPT from unknown[222.92.254.194]: <auto_zm.zhang+sg.song=fulltech-metal.com@fulltech-metal.com>: Sender address triggers FILTER smtp-amavis:[127.0.0.1]:10026; from=<auto_zm.zhang+sg.song=fulltech-metal.com@fulltech-metal.com> to=<service02@fulltech-metal.net> proto=SMTP helo=<fulltech-metal.com>
Nov  7 08:32:09 zimbra postfix/smtpd[10207]: NOQUEUE: filter: RCPT from unknown[222.92.254.194]: <auto_zm.zhang+sg.song=fulltech-metal.com@fulltech-metal.com>: Sender address triggers FILTER smtp-amavis:[127.0.0.1]:10024; from=<auto_zm.zhang+sg.song=fulltech-metal.com@fulltech-metal.com> to=<service02@fulltech-metal.net> proto=SMTP helo=<fulltech-metal.com>
Nov  7 08:32:09 zimbra postfix/smtpd[10207]: D723B4A189D: client=unknown[222.92.254.194]
Nov  7 08:32:10 zimbra postfix/cleanup[10208]: D723B4A189D: resent-message-id=<7bacb2c1be853936425b3327e921ea67>
Nov  7 08:32:10 zimbra postfix/cleanup[10208]: D723B4A189D: message-id=<201611070832037906522@fulltech-metal.com>
Nov  7 08:32:10 zimbra postfix/qmgr[6416]: D723B4A189D: from=<auto_zm.zhang+sg.song=fulltech-metal.com@fulltech-metal.com>, size=715875, nrcpt=1 (queue active)
Nov  7 08:32:10 zimbra postfix/smtpd[10207]: disconnect from unknown[222.92.254.194] helo=1 mail=1 rcpt=1 data=1 quit=1 commands=5
Nov  7 08:32:11 zimbra postfix/amavisd/smtpd[10212]: connect from localhost[127.0.0.1]
Nov  7 08:32:11 zimbra postfix/amavisd/smtpd[10212]: E91254B8EE4: client=localhost[127.0.0.1]
Nov  7 08:32:11 zimbra postfix/cleanup[10208]: E91254B8EE4: resent-message-id=<7bacb2c1be853936425b3327e921ea67>
Nov  7 08:32:11 zimbra postfix/cleanup[10208]: E91254B8EE4: message-id=<201611070832037906522@fulltech-metal.com>
Nov  7 08:32:11 zimbra postfix/amavisd/smtpd[10212]: disconnect from localhost[127.0.0.1] ehlo=1 mail=1 rcpt=1 data=1 quit=1 commands=5
Nov  7 08:32:11 zimbra postfix/qmgr[6416]: E91254B8EE4: from=<auto_zm.zhang+sg.song=fulltech-metal.com@fulltech-metal.com>, size=716623, nrcpt=1 (queue active)
Nov  7 08:32:11 zimbra postfix/smtp[10209]: D723B4A189D: to=<service02@fulltech-metal.net>, relay=127.0.0.1[127.0.0.1]:10024, delay=2.2, delays=0.99/0.01/0/1.2, dsn=2.0.0, status=sent (250 2.0.0 from MTA(smtp:[127.0.0.1]:10025): 250 2.0.0 Ok: queued as E91254B8EE4)
Nov  7 08:32:11 zimbra postfix/qmgr[6416]: D723B4A189D: removed
Nov  7 08:32:12 zimbra postfix/lmtp[10213]: E91254B8EE4: to=<service02@fulltech-metal.net>, relay=zimbra.fulltech-metal.net[203.66.83.217]:7025, delay=0.2, delays=0.02/0.01/0.05/0.11, dsn=2.1.5, status=sent (250 2.1.5 Delivery OK)
Nov  7 08:32:12 zimbra postfix/qmgr[6416]: E91254B8EE4: removed
Nov  7 08:32:35 zimbra postfix/postscreen[10206]: CONNECT from [222.92.254.194]:63120 to [203.66.83.217]:25
Nov  7 08:32:35 zimbra postfix/postscreen[10206]: PASS OLD [222.92.254.194]:63120
Nov  7 08:32:35 zimbra postfix/smtpd[10207]: connect from unknown[222.92.254.194]
Nov  7 08:32:35 zimbra postfix/smtpd[10207]: NOQUEUE: filter: RCPT from unknown[222.92.254.194]: <auto_sg.song+postmaster=fulltech-metal.com@fulltech-metal.com>: Sender address triggers FILTER smtp-amavis:[127.0.0.1]:10026; from=<auto_sg.song+postmaster=fulltech-metal.com@fulltech-metal.com> to=<service06@fulltech-metal.net> proto=SMTP helo=<fulltech-metal.com>
Nov  7 08:32:35 zimbra postfix/smtpd[10207]: NOQUEUE: filter: RCPT from unknown[222.92.254.194]: <auto_sg.song+postmaster=fulltech-metal.com@fulltech-metal.com>: Sender address triggers FILTER smtp-amavis:[127.0.0.1]:10024; from=<auto_sg.song+postmaster=fulltech-metal.com@fulltech-metal.com> to=<service06@fulltech-metal.net> proto=SMTP helo=<fulltech-metal.com>
Nov  7 08:32:35 zimbra postfix/smtpd[10207]: BF8984B8EE4: client=unknown[222.92.254.194]
Nov  7 08:32:36 zimbra postfix/cleanup[10208]: BF8984B8EE4: resent-message-id=<943b9143b74a25ff73a690592c47efff>
Nov  7 08:32:36 zimbra postfix/cleanup[10208]: BF8984B8EE4: message-id=<2f33bba1f492cddb447dc624c8183f88>
Nov  7 08:32:36 zimbra postfix/qmgr[6416]: BF8984B8EE4: from=<auto_sg.song+postmaster=fulltech-metal.com@fulltech-metal.com>, size=985406, nrcpt=1 (queue active)
Nov  7 08:32:37 zimbra postfix/smtpd[10207]: disconnect from unknown[222.92.254.194] helo=1 mail=1 rcpt=1 data=1 quit=1 commands=5
Nov  7 08:32:40 zimbra postfix/amavisd/smtpd[10212]: connect from localhost[127.0.0.1]
Nov  7 08:32:40 zimbra postfix/amavisd/smtpd[10212]: E01544A189D: client=localhost[127.0.0.1]
Nov  7 08:32:40 zimbra postfix/cleanup[10208]: E01544A189D: resent-message-id=<943b9143b74a25ff73a690592c47efff>
Nov  7 08:32:40 zimbra postfix/cleanup[10208]: E01544A189D: message-id=<2f33bba1f492cddb447dc624c8183f88>
Nov  7 08:32:40 zimbra postfix/qmgr[6416]: E01544A189D: from=<auto_sg.song+postmaster=fulltech-metal.com@fulltech-metal.com>, size=986197, nrcpt=1 (queue active)
Nov  7 08:32:40 zimbra postfix/amavisd/smtpd[10212]: disconnect from localhost[127.0.0.1] ehlo=1 mail=1 rcpt=1 data=1 quit=1 commands=5
Nov  7 08:32:40 zimbra postfix/smtp[10209]: BF8984B8EE4: to=<service06@fulltech-metal.net>, relay=127.0.0.1[127.0.0.1]:10024, delay=5.3, delays=1.3/0/0/4, dsn=2.0.0, status=sent (250 2.0.0 from MTA(smtp:[127.0.0.1]:10025): 250 2.0.0 Ok: queued as E01544A189D)
Nov  7 08:32:40 zimbra postfix/qmgr[6416]: BF8984B8EE4: removed
Nov  7 08:32:41 zimbra postfix/lmtp[10213]: E01544A189D: to=<service06@fulltech-metal.net>, relay=zimbra.fulltech-metal.net[203.66.83.217]:7025, delay=0.3, delays=0.06/0/0.05/0.19, dsn=2.1.5, status=sent (250 2.1.5 Delivery OK)
Nov  7 08:32:41 zimbra postfix/qmgr[6416]: E01544A189D: removed
Nov  7 08:34:54 zimbra postfix/postscreen[11452]: CONNECT from [185.34.18.3]:55594 to [203.66.83.217]:25
Nov  7 08:34:59 zimbra postfix/anvil[5554]: statistics: max connection rate 6/60s for (smtpd:222.92.254.194) at Nov  7 08:26:50
Nov  7 08:34:59 zimbra postfix/anvil[5554]: statistics: max connection count 1 for (smtpd:222.92.254.194) at Nov  7 08:24:59
Nov  7 08:34:59 zimbra postfix/anvil[5554]: statistics: max cache size 3 at Nov  7 08:28:20
Nov  7 08:35:00 zimbra postfix/postscreen[11452]: PASS OLD [185.34.18.3]:55594
Nov  7 08:35:00 zimbra postfix/smtpd[11456]: connect from unknown[185.34.18.3]
Nov  7 08:35:00 zimbra postfix/smtpd[11456]: disconnect from unknown[185.34.18.3] helo=1 quit=1 commands=2
Nov  7 08:36:41 zimbra postfix/qmgr[6416]: A41604A187F: from=<service08@fulltech-metal.net>, size=21766, nrcpt=3 (queue active)
Nov  7 08:36:42 zimbra postfix/smtp[12673]: A41604A187F: to=<della.zhai@fulltech-metal.com>, relay=mail.fulltech-metal.com[222.92.254.200]:25, delay=449, delays=448/0.12/0.57/0.44, dsn=2.0.0, status=sent (250 ok message accepted [1478479002.17123.1976,S=21975]?)
Nov  7 08:36:42 zimbra postfix/qmgr[6416]: A41604A187F: removed
Nov  7 08:37:02 zimbra postfix/postscreen[12683]: CONNECT from [104.47.42.88]:58044 to [203.66.83.217]:25
Nov  7 08:37:08 zimbra postfix/postscreen[12683]: PASS NEW [104.47.42.88]:58044
Nov  7 08:37:08 zimbra postfix/smtpd[12685]: connect from mail-by2nam03on0088.outbound.protection.outlook.com[104.47.42.88]
Nov  7 08:37:09 zimbra postfix/smtpd[12685]: Anonymous TLS connection established from mail-by2nam03on0088.outbound.protection.outlook.com[104.47.42.88]: TLSv1.2 with cipher ECDHE-RSA-AES256-SHA384 (256/256 bits)
Nov  7 08:37:09 zimbra postfix/smtpd[12685]: NOQUEUE: filter: RCPT from mail-by2nam03on0088.outbound.protection.outlook.com[104.47.42.88]: <Mario.Negrete@fulltechcasting.com>: Sender address triggers FILTER smtp-amavis:[127.0.0.1]:10026; from=<Mario.Negrete@fulltechcasting.com> to=<service08@fulltech-metal.net> proto=ESMTP helo=<NAM03-BY2-obe.outbound.protection.outlook.com>
Nov  7 08:37:09 zimbra postfix/smtpd[12685]: NOQUEUE: filter: RCPT from mail-by2nam03on0088.outbound.protection.outlook.com[104.47.42.88]: <Mario.Negrete@fulltechcasting.com>: Sender address triggers FILTER smtp-amavis:[127.0.0.1]:10024; from=<Mario.Negrete@fulltechcasting.com> to=<service08@fulltech-metal.net> proto=ESMTP helo=<NAM03-BY2-obe.outbound.protection.outlook.com>
Nov  7 08:37:09 zimbra postfix/smtpd[12685]: EB7B44A187F: client=mail-by2nam03on0088.outbound.protection.outlook.com[104.47.42.88]
Nov  7 08:37:10 zimbra postfix/cleanup[12686]: EB7B44A187F: message-id=<CY4PR14MB17029F31CD2834AB3573DE5EE5A70@CY4PR14MB1702.namprd14.prod.outlook.com>
Nov  7 08:37:10 zimbra postfix/qmgr[6416]: EB7B44A187F: from=<Mario.Negrete@fulltechcasting.com>, size=19845, nrcpt=1 (queue active)
Nov  7 08:37:10 zimbra postfix/smtpd[12685]: disconnect from mail-by2nam03on0088.outbound.protection.outlook.com[104.47.42.88] ehlo=2 starttls=1 mail=1 rcpt=1 data=1 quit=1 commands=7
Nov  7 08:37:13 zimbra postfix/postscreen[12683]: CONNECT from [221.224.49.180]:54279 to [203.66.83.217]:25
Nov  7 08:37:19 zimbra postfix/postscreen[12683]: PASS OLD [221.224.49.180]:54279
Nov  7 08:37:24 zimbra postfix/amavisd/smtpd[12694]: connect from localhost[127.0.0.1]
Nov  7 08:37:24 zimbra postfix/amavisd/smtpd[12694]: EACD44A189D: client=localhost[127.0.0.1]
Nov  7 08:37:24 zimbra postfix/cleanup[12686]: EACD44A189D: message-id=<CY4PR14MB17029F31CD2834AB3573DE5EE5A70@CY4PR14MB1702.namprd14.prod.outlook.com>
Nov  7 08:37:24 zimbra postfix/amavisd/smtpd[12694]: disconnect from localhost[127.0.0.1] ehlo=1 mail=1 rcpt=1 data=1 quit=1 commands=5
Nov  7 08:37:24 zimbra postfix/qmgr[6416]: EACD44A189D: from=<Mario.Negrete@fulltechcasting.com>, size=20704, nrcpt=1 (queue active)
Nov  7 08:37:24 zimbra postfix/smtp[12687]: EB7B44A187F: to=<service08@fulltech-metal.net>, relay=127.0.0.1[127.0.0.1]:10024, delay=15, delays=0.79/0.01/0/14, dsn=2.0.0, status=sent (250 2.0.0 from MTA(smtp:[127.0.0.1]:10025): 250 2.0.0 Ok: queued as EACD44A189D)
Nov  7 08:37:24 zimbra postfix/qmgr[6416]: EB7B44A187F: removed
Nov  7 08:37:25 zimbra postfix/lmtp[12695]: EACD44A189D: to=<service08@fulltech-metal.net>, relay=zimbra.fulltech-metal.net[203.66.83.217]:7025, delay=0.13, delays=0/0.01/0.05/0.06, dsn=2.1.5, status=sent (250 2.1.5 Delivery OK)
Nov  7 08:37:25 zimbra postfix/qmgr[6416]: EACD44A189D: removed
Nov  7 08:37:47 zimbra postfix/smtpd[12685]: connect from unknown[221.224.49.180]
Nov  7 08:37:47 zimbra postfix/smtpd[12685]: NOQUEUE: filter: RCPT from unknown[221.224.49.180]: <zy.cao@skyrockcasting.com>: Sender address triggers FILTER smtp-amavis:[127.0.0.1]:10026; from=<zy.cao@skyrockcasting.com> to=<service08@fulltech-metal.net> proto=SMTP helo=<skyrockcasting.com>
Nov  7 08:37:47 zimbra postfix/smtpd[12685]: NOQUEUE: filter: RCPT from unknown[221.224.49.180]: <zy.cao@skyrockcasting.com>: Sender address triggers FILTER smtp-amavis:[127.0.0.1]:10024; from=<zy.cao@skyrockcasting.com> to=<service08@fulltech-metal.net> proto=SMTP helo=<skyrockcasting.com>
Nov  7 08:37:47 zimbra postfix/smtpd[12685]: EB9534A187F: client=unknown[221.224.49.180]
Nov  7 08:37:48 zimbra postfix/cleanup[12686]: EB9534A187F: message-id=<8428B2C1CA68438BA6E04394FF9731EE@skyrockcasting.com>
Nov  7 08:37:48 zimbra postfix/qmgr[6416]: EB9534A187F: from=<zy.cao@skyrockcasting.com>, size=1677, nrcpt=1 (queue active)
Nov  7 08:37:48 zimbra postfix/smtpd[12685]: disconnect from unknown[221.224.49.180] helo=1 mail=1 rcpt=1 data=1 quit=1 commands=5
Nov  7 08:37:48 zimbra postfix/amavisd/smtpd[12694]: connect from localhost[127.0.0.1]
Nov  7 08:37:48 zimbra postfix/amavisd/smtpd[12694]: 8A2C34A189D: client=localhost[127.0.0.1]
Nov  7 08:37:48 zimbra postfix/cleanup[12686]: 8A2C34A189D: message-id=<8428B2C1CA68438BA6E04394FF9731EE@skyrockcasting.com>
Nov  7 08:37:48 zimbra postfix/qmgr[6416]: 8A2C34A189D: from=<zy.cao@skyrockcasting.com>, size=2419, nrcpt=1 (queue active)
Nov  7 08:37:48 zimbra postfix/amavisd/smtpd[12694]: disconnect from localhost[127.0.0.1] ehlo=1 mail=1 rcpt=1 data=1 quit=1 commands=5
Nov  7 08:37:48 zimbra postfix/smtp[12687]: EB9534A187F: to=<service08@fulltech-metal.net>, relay=127.0.0.1[127.0.0.1]:10024, delay=0.68, delays=0.3/0/0/0.37, dsn=2.0.0, status=sent (250 2.0.0 from MTA(smtp:[127.0.0.1]:10025): 250 2.0.0 Ok: queued as 8A2C34A189D)
Nov  7 08:37:48 zimbra postfix/qmgr[6416]: EB9534A187F: removed
Nov  7 08:37:48 zimbra postfix/lmtp[12695]: 8A2C34A189D: to=<service08@fulltech-metal.net>, relay=zimbra.fulltech-metal.net[203.66.83.217]:7025, delay=0.13, delays=0/0.01/0.05/0.07, dsn=2.1.5, status=sent (250 2.1.5 Delivery OK)
Nov  7 08:37:48 zimbra postfix/qmgr[6416]: 8A2C34A189D: removed
Nov  7 08:39:38 zimbra postfix/postscreen[14296]: CONNECT from [193.86.66.130]:63086 to [203.66.83.217]:25
Nov  7 08:39:44 zimbra postfix/postscreen[14296]: PASS OLD [193.86.66.130]:63086
Nov  7 08:39:44 zimbra postfix/smtpd[14298]: connect from unknown[193.86.66.130]
Nov  7 08:39:46 zimbra postfix/smtpd[14298]: disconnect from unknown[193.86.66.130] helo=1 auth=0/1 quit=1 commands=2/3
Nov  7 08:39:58 zimbra postfix/postscreen[14296]: CONNECT from [222.92.254.194]:63174 to [203.66.83.217]:25
Nov  7 08:39:58 zimbra postfix/postscreen[14296]: PASS OLD [222.92.254.194]:63174
Nov  7 08:39:58 zimbra postfix/smtpd[14298]: connect from unknown[222.92.254.194]
Nov  7 08:39:58 zimbra postfix/smtpd[14298]: NOQUEUE: filter: RCPT from unknown[222.92.254.194]: <auto_sg.song+xiaohua_zhang=jishiks.com@fulltech-metal.com>: Sender address triggers FILTER smtp-amavis:[127.0.0.1]:10026; from=<auto_sg.song+xiaohua_zhang=jishiks.com@fulltech-metal.com> to=<service06@fulltech-metal.net> proto=SMTP helo=<fulltech-metal.com>
Nov  7 08:39:58 zimbra postfix/smtpd[14298]: NOQUEUE: filter: RCPT from unknown[222.92.254.194]: <auto_sg.song+xiaohua_zhang=jishiks.com@fulltech-metal.com>: Sender address triggers FILTER smtp-amavis:[127.0.0.1]:10024; from=<auto_sg.song+xiaohua_zhang=jishiks.com@fulltech-metal.com> to=<service06@fulltech-metal.net> proto=SMTP helo=<fulltech-metal.com>
Nov  7 08:39:58 zimbra postfix/smtpd[14298]: C8B1B4A187F: client=unknown[222.92.254.194]
Nov  7 08:39:59 zimbra postfix/cleanup[14305]: C8B1B4A187F: resent-message-id=<cd9a1a445e12c3a1320b7f95caf35185>
Nov  7 08:39:59 zimbra postfix/cleanup[14305]: C8B1B4A187F: message-id=<000601d2388f$c9deb420$5d9c1c60$@com>
Nov  7 08:39:59 zimbra postfix/qmgr[6416]: C8B1B4A187F: from=<auto_sg.song+xiaohua_zhang=jishiks.com@fulltech-metal.com>, size=195676, nrcpt=1 (queue active)
Nov  7 08:39:59 zimbra postfix/smtpd[14298]: disconnect from unknown[222.92.254.194] helo=1 mail=1 rcpt=1 data=1 quit=1 commands=5
Nov  7 08:40:00 zimbra postfix/amavisd/smtpd[14312]: connect from localhost[127.0.0.1]
Nov  7 08:40:00 zimbra postfix/amavisd/smtpd[14312]: 9703B4A189D: client=localhost[127.0.0.1]
Nov  7 08:40:00 zimbra postfix/cleanup[14305]: 9703B4A189D: resent-message-id=<cd9a1a445e12c3a1320b7f95caf35185>
Nov  7 08:40:00 zimbra postfix/cleanup[14305]: 9703B4A189D: message-id=<000601d2388f$c9deb420$5d9c1c60$@com>
Nov  7 08:40:00 zimbra postfix/amavisd/smtpd[14312]: disconnect from localhost[127.0.0.1] ehlo=1 mail=1 rcpt=1 data=1 quit=1 commands=5
Nov  7 08:40:00 zimbra postfix/qmgr[6416]: 9703B4A189D: from=<auto_sg.song+xiaohua_zhang=jishiks.com@fulltech-metal.com>, size=196433, nrcpt=1 (queue active)
Nov  7 08:40:00 zimbra postfix/smtp[14306]: C8B1B4A187F: to=<service06@fulltech-metal.net>, relay=127.0.0.1[127.0.0.1]:10024, delay=1.9, delays=0.74/0.01/0/1.2, dsn=2.0.0, status=sent (250 2.0.0 from MTA(smtp:[127.0.0.1]:10025): 250 2.0.0 Ok: queued as 9703B4A189D)
Nov  7 08:40:00 zimbra postfix/qmgr[6416]: C8B1B4A187F: removed
Nov  7 08:40:00 zimbra postfix/lmtp[14313]: 9703B4A189D: to=<service06@fulltech-metal.net>, relay=zimbra.fulltech-metal.net[203.66.83.217]:7025, delay=0.18, delays=0.05/0.01/0.05/0.07, dsn=2.1.5, status=sent (250 2.1.5 Delivery OK)
Nov  7 08:40:00 zimbra postfix/qmgr[6416]: 9703B4A189D: removed
Nov  7 08:41:22 zimbra postfix/postscreen[14296]: CONNECT from [222.92.254.194]:62619 to [203.66.83.217]:25
Nov  7 08:41:22 zimbra postfix/postscreen[14296]: PASS OLD [222.92.254.194]:62619
Nov  7 08:41:22 zimbra postfix/smtpd[14298]: connect from unknown[222.92.254.194]
Nov  7 08:41:22 zimbra postfix/smtpd[14298]: Anonymous TLS connection established from unknown[222.92.254.194]: TLSv1.2 with cipher ECDHE-RSA-AES256-GCM-SHA384 (256/256 bits)
Nov  7 08:41:23 zimbra postfix/smtpd[14298]: NOQUEUE: filter: RCPT from unknown[222.92.254.194]: <service06@fulltech-metal.net>: Sender address triggers FILTER smtp-amavis:[127.0.0.1]:10026; from=<service06@fulltech-metal.net> to=<joanna.zhang@fulltech-metal.com> proto=ESMTP helo=<ftyw25>
Nov  7 08:41:23 zimbra postfix/smtpd[14298]: 9A7284A187F: client=unknown[222.92.254.194], sasl_method=LOGIN, sasl_username=service06@fulltech-metal.net
Nov  7 08:41:23 zimbra postfix/smtpd[14298]: 9A7284A187F: filter: RCPT from unknown[222.92.254.194]: <service06@fulltech-metal.net>: Sender address triggers FILTER smtp-amavis:[127.0.0.1]:10026; from=<service06@fulltech-metal.net> to=<zm.zhang@fulltech-metal.com> proto=ESMTP helo=<ftyw25>
Nov  7 08:41:23 zimbra postfix/cleanup[14305]: 9A7284A187F: message-id=<201611070841222021386@fulltech-metal.net>
Nov  7 08:41:24 zimbra postfix/qmgr[6416]: 9A7284A187F: from=<service06@fulltech-metal.net>, size=177297, nrcpt=2 (queue active)
Nov  7 08:41:24 zimbra postfix/smtpd[14298]: disconnect from unknown[222.92.254.194] ehlo=2 starttls=1 auth=1 mail=1 rcpt=2 data=1 quit=1 commands=9
Nov  7 08:41:25 zimbra postfix/dkimmilter/smtpd[15252]: connect from localhost[127.0.0.1]
Nov  7 08:41:25 zimbra postfix/dkimmilter/smtpd[15252]: 485DB4A189D: client=localhost[127.0.0.1]
Nov  7 08:41:25 zimbra postfix/cleanup[14305]: 485DB4A189D: message-id=<201611070841222021386@fulltech-metal.net>
Nov  7 08:41:25 zimbra postfix/qmgr[6416]: 485DB4A189D: from=<service06@fulltech-metal.net>, size=177749, nrcpt=2 (queue active)
Nov  7 08:41:25 zimbra postfix/dkimmilter/smtpd[15252]: disconnect from localhost[127.0.0.1] ehlo=1 mail=1 rcpt=2 data=1 quit=1 commands=6
Nov  7 08:41:25 zimbra postfix/smtp[14306]: 9A7284A187F: to=<joanna.zhang@fulltech-metal.com>, relay=127.0.0.1[127.0.0.1]:10026, delay=1.9, delays=0.85/0/0.6/0.41, dsn=2.0.0, status=sent (250 2.0.0 from MTA(smtp:[127.0.0.1]:10030): 250 2.0.0 Ok: queued as 485DB4A189D)
Nov  7 08:41:25 zimbra postfix/smtp[14306]: 9A7284A187F: to=<zm.zhang@fulltech-metal.com>, relay=127.0.0.1[127.0.0.1]:10026, delay=1.9, delays=0.85/0/0.6/0.41, dsn=2.0.0, status=sent (250 2.0.0 from MTA(smtp:[127.0.0.1]:10030): 250 2.0.0 Ok: queued as 485DB4A189D)
Nov  7 08:41:25 zimbra postfix/qmgr[6416]: 9A7284A187F: removed
Nov  7 08:41:25 zimbra postfix/amavisd/smtpd[14312]: connect from localhost[127.0.0.1]
Nov  7 08:41:25 zimbra postfix/amavisd/smtpd[14312]: F25ED4A187F: client=localhost[127.0.0.1]
Nov  7 08:41:25 zimbra postfix/cleanup[14305]: F25ED4A187F: message-id=<201611070841222021386@fulltech-metal.net>
Nov  7 08:41:26 zimbra postfix/amavisd/smtpd[14312]: disconnect from localhost[127.0.0.1] ehlo=1 mail=1 rcpt=2 data=1 quit=1 commands=6
Nov  7 08:41:26 zimbra postfix/qmgr[6416]: F25ED4A187F: from=<service06@fulltech-metal.net>, size=178075, nrcpt=2 (queue active)
Nov  7 08:41:26 zimbra postfix/smtp[15254]: 485DB4A189D: to=<joanna.zhang@fulltech-metal.com>, relay=127.0.0.1[127.0.0.1]:10032, delay=0.75, delays=0.05/0.03/0/0.67, dsn=2.0.0, status=sent (250 2.0.0 from MTA(smtp:[127.0.0.1]:10025): 250 2.0.0 Ok: queued as F25ED4A187F)
Nov  7 08:41:26 zimbra postfix/smtp[15254]: 485DB4A189D: to=<zm.zhang@fulltech-metal.com>, relay=127.0.0.1[127.0.0.1]:10032, delay=0.75, delays=0.05/0.03/0/0.67, dsn=2.0.0, status=sent (250 2.0.0 from MTA(smtp:[127.0.0.1]:10025): 250 2.0.0 Ok: queued as F25ED4A187F)
Nov  7 08:41:26 zimbra postfix/qmgr[6416]: 485DB4A189D: removed
Nov  7 08:41:27 zimbra postfix/smtp[15255]: F25ED4A187F: to=<joanna.zhang@fulltech-metal.com>, relay=mail.fulltech-metal.com[222.92.254.200]:25, delay=1.5, delays=0.05/0.01/0.66/0.75, dsn=2.0.0, status=sent (250 ok message accepted [1478479287.27404.5136,S=178286]?)
Nov  7 08:41:27 zimbra postfix/smtp[15255]: F25ED4A187F: to=<zm.zhang@fulltech-metal.com>, relay=mail.fulltech-metal.com[222.92.254.200]:25, delay=1.5, delays=0.05/0.01/0.66/0.75, dsn=2.0.0, status=sent (250 ok message accepted [1478479287.27404.5136,S=178286]?)
Nov  7 08:41:27 zimbra postfix/qmgr[6416]: F25ED4A187F: removed
Nov  7 08:41:38 zimbra postfix/postscreen[14296]: CONNECT from [222.92.254.194]:63187 to [203.66.83.217]:25
Nov  7 08:41:38 zimbra postfix/postscreen[14296]: PASS OLD [222.92.254.194]:63187
Nov  7 08:41:38 zimbra postfix/smtpd[14298]: connect from unknown[222.92.254.194]
Nov  7 08:41:38 zimbra postfix/smtpd[14298]: NOQUEUE: filter: RCPT from unknown[222.92.254.194]: <auto_joanna.zhang+service06=fulltech-metal.net@fulltech-metal.com>: Sender address triggers FILTER smtp-amavis:[127.0.0.1]:10026; from=<auto_joanna.zhang+service06=fulltech-metal.net@fulltech-metal.com> to=<service07@fulltech-metal.net> proto=SMTP helo=<fulltech-metal.com>
Nov  7 08:41:38 zimbra postfix/smtpd[14298]: NOQUEUE: filter: RCPT from unknown[222.92.254.194]: <auto_joanna.zhang+service06=fulltech-metal.net@fulltech-metal.com>: Sender address triggers FILTER smtp-amavis:[127.0.0.1]:10024; from=<auto_joanna.zhang+service06=fulltech-metal.net@fulltech-metal.com> to=<service07@fulltech-metal.net> proto=SMTP helo=<fulltech-metal.com>
Nov  7 08:41:38 zimbra postfix/smtpd[14298]: A6C644A187F: client=unknown[222.92.254.194]
Nov  7 08:41:38 zimbra postfix/cleanup[14305]: A6C644A187F: resent-message-id=<0062ca3022db707e1dece7a3e8982c42>
Nov  7 08:41:38 zimbra postfix/cleanup[14305]: A6C644A187F: message-id=<201611070841222021386@fulltech-metal.net>
Nov  7 08:41:39 zimbra postfix/qmgr[6416]: A6C644A187F: from=<auto_joanna.zhang+service06=fulltech-metal.net@fulltech-metal.com>, size=178776, nrcpt=1 (queue active)
Nov  7 08:41:39 zimbra postfix/smtpd[14298]: disconnect from unknown[222.92.254.194] helo=1 mail=1 rcpt=1 data=1 quit=1 commands=5
Nov  7 08:41:40 zimbra postfix/amavisd/smtpd[14312]: connect from localhost[127.0.0.1]
Nov  7 08:41:40 zimbra postfix/amavisd/smtpd[14312]: 368434A189D: client=localhost[127.0.0.1]
Nov  7 08:41:40 zimbra postfix/cleanup[14305]: 368434A189D: resent-message-id=<0062ca3022db707e1dece7a3e8982c42>
Nov  7 08:41:40 zimbra postfix/cleanup[14305]: 368434A189D: message-id=<201611070841222021386@fulltech-metal.net>
Nov  7 08:41:40 zimbra postfix/qmgr[6416]: 368434A189D: from=<auto_joanna.zhang+service06=fulltech-metal.net@fulltech-metal.com>, size=179585, nrcpt=1 (queue active)
Nov  7 08:41:40 zimbra postfix/amavisd/smtpd[14312]: disconnect from localhost[127.0.0.1] ehlo=1 mail=1 rcpt=1 data=1 quit=1 commands=5
Nov  7 08:41:40 zimbra postfix/smtp[14306]: A6C644A187F: to=<service07@fulltech-metal.net>, relay=127.0.0.1[127.0.0.1]:10024, delay=1.7, delays=0.72/0/0/0.95, dsn=2.0.0, status=sent (250 2.0.0 from MTA(smtp:[127.0.0.1]:10025): 250 2.0.0 Ok: queued as 368434A189D)
Nov  7 08:41:40 zimbra postfix/qmgr[6416]: A6C644A187F: removed
Nov  7 08:41:40 zimbra postfix/lmtp[15263]: 368434A189D: to=<service07@fulltech-metal.net>, relay=zimbra.fulltech-metal.net[203.66.83.217]:7025, delay=0.21, delays=0.05/0.01/0.05/0.1, dsn=2.1.5, status=sent (250 2.1.5 Delivery OK)
Nov  7 08:41:40 zimbra postfix/qmgr[6416]: 368434A189D: removed
Nov  7 08:41:51 zimbra postfix/postscreen[14296]: CONNECT from [222.92.254.194]:63189 to [203.66.83.217]:25
Nov  7 08:41:51 zimbra postfix/postscreen[14296]: PASS OLD [222.92.254.194]:63189
Nov  7 08:41:51 zimbra postfix/smtpd[14298]: connect from unknown[222.92.254.194]
Nov  7 08:41:51 zimbra postfix/smtpd[14298]: NOQUEUE: filter: RCPT from unknown[222.92.254.194]: <auto_zm.zhang+service06=fulltech-metal.net@fulltech-metal.com>: Sender address triggers FILTER smtp-amavis:[127.0.0.1]:10026; from=<auto_zm.zhang+service06=fulltech-metal.net@fulltech-metal.com> to=<service02@fulltech-metal.net> proto=SMTP helo=<fulltech-metal.com>
Nov  7 08:41:51 zimbra postfix/smtpd[14298]: NOQUEUE: filter: RCPT from unknown[222.92.254.194]: <auto_zm.zhang+service06=fulltech-metal.net@fulltech-metal.com>: Sender address triggers FILTER smtp-amavis:[127.0.0.1]:10024; from=<auto_zm.zhang+service06=fulltech-metal.net@fulltech-metal.com> to=<service02@fulltech-metal.net> proto=SMTP helo=<fulltech-metal.com>
Nov  7 08:41:51 zimbra postfix/smtpd[14298]: AD3A34A187F: client=unknown[222.92.254.194]
Nov  7 08:41:51 zimbra postfix/cleanup[14305]: AD3A34A187F: resent-message-id=<474cfc28cb62c92ff4c03db5044111e5>
Nov  7 08:41:51 zimbra postfix/cleanup[14305]: AD3A34A187F: message-id=<201611070841222021386@fulltech-metal.net>
Nov  7 08:41:52 zimbra postfix/qmgr[6416]: AD3A34A187F: from=<auto_zm.zhang+service06=fulltech-metal.net@fulltech-metal.com>, size=178764, nrcpt=1 (queue active)
Nov  7 08:41:52 zimbra postfix/smtpd[14298]: disconnect from unknown[222.92.254.194] helo=1 mail=1 rcpt=1 data=1 quit=1 commands=5
Nov  7 08:41:53 zimbra postfix/amavisd/smtpd[14312]: connect from localhost[127.0.0.1]
Nov  7 08:41:53 zimbra postfix/amavisd/smtpd[14312]: 2F3CF4A189D: client=localhost[127.0.0.1]
Nov  7 08:41:53 zimbra postfix/cleanup[14305]: 2F3CF4A189D: resent-message-id=<474cfc28cb62c92ff4c03db5044111e5>
Nov  7 08:41:53 zimbra postfix/cleanup[14305]: 2F3CF4A189D: message-id=<201611070841222021386@fulltech-metal.net>
Nov  7 08:41:53 zimbra postfix/amavisd/smtpd[14312]: disconnect from localhost[127.0.0.1] ehlo=1 mail=1 rcpt=1 data=1 quit=1 commands=5
Nov  7 08:41:53 zimbra postfix/qmgr[6416]: 2F3CF4A189D: from=<auto_zm.zhang+service06=fulltech-metal.net@fulltech-metal.com>, size=179573, nrcpt=1 (queue active)
Nov  7 08:41:53 zimbra postfix/smtp[15254]: AD3A34A187F: to=<service02@fulltech-metal.net>, relay=127.0.0.1[127.0.0.1]:10024, delay=1.6, delays=0.72/0/0/0.91, dsn=2.0.0, status=sent (250 2.0.0 from MTA(smtp:[127.0.0.1]:10025): 250 2.0.0 Ok: queued as 2F3CF4A189D)
Nov  7 08:41:53 zimbra postfix/qmgr[6416]: AD3A34A187F: removed
Nov  7 08:41:53 zimbra postfix/lmtp[15263]: 2F3CF4A189D: to=<service02@fulltech-metal.net>, relay=zimbra.fulltech-metal.net[203.66.83.217]:7025, delay=0.24, delays=0.05/0/0.05/0.14, dsn=2.1.5, status=sent (250 2.1.5 Delivery OK)
Nov  7 08:41:53 zimbra postfix/qmgr[6416]: 2F3CF4A189D: removed
Nov  7 08:44:24 zimbra postfix/postscreen[17298]: CONNECT from [190.40.120.176]:50814 to [203.66.83.217]:25
Nov  7 08:44:24 zimbra postfix/postscreen[17298]: PREGREET 6 after 0 from [190.40.120.176]:50814: QUIT\r\n
Nov  7 08:44:24 zimbra postfix/smtpd[17299]: connect from unknown[190.40.120.176]
Nov  7 08:44:24 zimbra postfix/smtpd[17299]: disconnect from unknown[190.40.120.176] quit=1 commands=1
Nov  7 08:44:59 zimbra postfix/anvil[5554]: statistics: max connection rate 3/60s for (smtpd:222.92.254.194) at Nov  7 08:41:51
Nov  7 08:44:59 zimbra postfix/anvil[5554]: statistics: max connection count 1 for (smtpd:185.34.18.3) at Nov  7 08:35:00
Nov  7 08:44:59 zimbra postfix/anvil[5554]: statistics: max cache size 2 at Nov  7 08:37:47
Nov  7 08:45:52 zimbra postfix/postscreen[17298]: CONNECT from [222.92.254.194]:51061 to [203.66.83.217]:25
Nov  7 08:45:52 zimbra postfix/postscreen[17298]: PASS OLD [222.92.254.194]:51061
Nov  7 08:45:52 zimbra postfix/smtpd[17299]: connect from unknown[222.92.254.194]
Nov  7 08:45:52 zimbra postfix/smtpd[17299]: Anonymous TLS connection established from unknown[222.92.254.194]: TLSv1.2 with cipher ECDHE-RSA-AES256-GCM-SHA384 (256/256 bits)
Nov  7 08:45:53 zimbra postfix/smtpd[17299]: NOQUEUE: filter: RCPT from unknown[222.92.254.194]: <service07@fulltech-metal.net>: Sender address triggers FILTER smtp-amavis:[127.0.0.1]:10026; from=<service07@fulltech-metal.net> to=<mikelli@altek.com.cn> proto=ESMTP helo=<ftyw26>
Nov  7 08:45:53 zimbra postfix/smtpd[17299]: 33AF14A187F: client=unknown[222.92.254.194], sasl_method=LOGIN, sasl_username=service07@fulltech-metal.net
Nov  7 08:45:53 zimbra postfix/smtpd[17299]: 33AF14A187F: filter: RCPT from unknown[222.92.254.194]: <service07@fulltech-metal.net>: Sender address triggers FILTER smtp-amavis:[127.0.0.1]:10026; from=<service07@fulltech-metal.net> to=<salmonye@altek.com.cn> proto=ESMTP helo=<ftyw26>
Nov  7 08:45:53 zimbra postfix/cleanup[17707]: 33AF14A187F: message-id=<201611070845519273324@fulltech-metal.net>
Nov  7 08:45:53 zimbra postfix/qmgr[6416]: 33AF14A187F: from=<service07@fulltech-metal.net>, size=30829, nrcpt=2 (queue active)
Nov  7 08:45:53 zimbra postfix/dkimmilter/smtpd[17710]: connect from localhost[127.0.0.1]
Nov  7 08:45:53 zimbra postfix/dkimmilter/smtpd[17710]: D5A774A189D: client=localhost[127.0.0.1]
Nov  7 08:45:53 zimbra postfix/cleanup[17707]: D5A774A189D: message-id=<201611070845519273324@fulltech-metal.net>
Nov  7 08:45:53 zimbra postfix/qmgr[6416]: D5A774A189D: from=<service07@fulltech-metal.net>, size=31281, nrcpt=2 (queue active)
Nov  7 08:45:53 zimbra postfix/dkimmilter/smtpd[17710]: disconnect from localhost[127.0.0.1] ehlo=1 mail=1 rcpt=2 data=1 quit=1 commands=6
Nov  7 08:45:53 zimbra postfix/smtp[17708]: 33AF14A187F: to=<mikelli@altek.com.cn>, relay=127.0.0.1[127.0.0.1]:10026, delay=0.8, delays=0.64/0.01/0/0.15, dsn=2.0.0, status=sent (250 2.0.0 from MTA(smtp:[127.0.0.1]:10030): 250 2.0.0 Ok: queued as D5A774A189D)
Nov  7 08:45:53 zimbra postfix/smtp[17708]: 33AF14A187F: to=<salmonye@altek.com.cn>, relay=127.0.0.1[127.0.0.1]:10026, delay=0.8, delays=0.64/0.01/0/0.15, dsn=2.0.0, status=sent (250 2.0.0 from MTA(smtp:[127.0.0.1]:10030): 250 2.0.0 Ok: queued as D5A774A189D)
Nov  7 08:45:53 zimbra postfix/qmgr[6416]: 33AF14A187F: removed
Nov  7 08:45:54 zimbra postfix/amavisd/smtpd[17713]: connect from localhost[127.0.0.1]
Nov  7 08:45:54 zimbra postfix/amavisd/smtpd[17713]: 86C8A4A187F: client=localhost[127.0.0.1]
Nov  7 08:45:54 zimbra postfix/cleanup[17707]: 86C8A4A187F: message-id=<201611070845519273324@fulltech-metal.net>
Nov  7 08:45:54 zimbra postfix/qmgr[6416]: 86C8A4A187F: from=<service07@fulltech-metal.net>, size=31607, nrcpt=2 (queue active)
Nov  7 08:45:54 zimbra postfix/amavisd/smtpd[17713]: disconnect from localhost[127.0.0.1] ehlo=1 mail=1 rcpt=2 data=1 quit=1 commands=6
Nov  7 08:45:54 zimbra postfix/smtp[17712]: D5A774A189D: to=<mikelli@altek.com.cn>, relay=127.0.0.1[127.0.0.1]:10032, delay=0.69, delays=0.05/0.01/0/0.63, dsn=2.0.0, status=sent (250 2.0.0 from MTA(smtp:[127.0.0.1]:10025): 250 2.0.0 Ok: queued as 86C8A4A187F)
Nov  7 08:45:54 zimbra postfix/smtp[17712]: D5A774A189D: to=<salmonye@altek.com.cn>, relay=127.0.0.1[127.0.0.1]:10032, delay=0.69, delays=0.05/0.01/0/0.63, dsn=2.0.0, status=sent (250 2.0.0 from MTA(smtp:[127.0.0.1]:10025): 250 2.0.0 Ok: queued as 86C8A4A187F)
Nov  7 08:45:54 zimbra postfix/qmgr[6416]: D5A774A189D: removed
Nov  7 08:45:57 zimbra postfix/smtpd[17299]: disconnect from unknown[222.92.254.194] ehlo=2 starttls=1 auth=1 mail=1 rcpt=2 data=1 quit=1 commands=9
Nov  7 08:45:57 zimbra postfix/smtp[17714]: 86C8A4A187F: to=<mikelli@altek.com.cn>, relay=msw02.altek.com.tw[60.248.182.131]:25, delay=3.2, delays=0.01/0.02/0.3/2.9, dsn=2.0.0, status=sent (250 2.0.0 uA70jsA5022156 Message accepted for delivery)
Nov  7 08:45:57 zimbra postfix/smtp[17714]: 86C8A4A187F: to=<salmonye@altek.com.cn>, relay=msw02.altek.com.tw[60.248.182.131]:25, delay=3.2, delays=0.01/0.02/0.3/2.9, dsn=2.0.0, status=sent (250 2.0.0 uA70jsA5022156 Message accepted for delivery)
Nov  7 08:45:57 zimbra postfix/qmgr[6416]: 86C8A4A187F: removed
Nov  7 08:48:52 zimbra postfix/postscreen[19755]: CONNECT from [185.34.18.3]:53947 to [203.66.83.217]:25
Nov  7 08:48:52 zimbra postfix/postscreen[19755]: PASS OLD [185.34.18.3]:53947
Nov  7 08:48:52 zimbra postfix/smtpd[19756]: connect from unknown[185.34.18.3]
Nov  7 08:48:54 zimbra postfix/smtpd[19756]: disconnect from unknown[185.34.18.3] helo=1 auth=0/1 quit=1 commands=2/3
