Oct 27 16:37:03 zimbra postfix/qmgr[30443]: 4E2E14ABA7C: from=<dev1@taichiprogrammer.com>, size=1088, nrcpt=2 (queue active)
Oct 27 16:37:03 zimbra postfix/smtpd[16250]: disconnect from zimbra.fulltech-metal.net[203.66.83.217] ehlo=1 mail=1 rcpt=2 data=1 quit=1 commands=6
Oct 27 16:37:03 zimbra postfix/dkimmilter/smtpd[16256]: connect from localhost[127.0.0.1]
Oct 27 16:37:03 zimbra postfix/dkimmilter/smtpd[16256]: 66E9A4ABA7D: client=localhost[127.0.0.1]
Oct 27 16:37:03 zimbra postfix/cleanup[16253]: 66E9A4ABA7D: message-id=<1480363439.420.1477557423234.JavaMail.zimbra@taichiprogrammer.com>
Oct 27 16:37:03 zimbra postfix/qmgr[30443]: 66E9A4ABA7D: from=<dev1@taichiprogrammer.com>, size=1537, nrcpt=2 (queue active)
Oct 27 16:37:03 zimbra postfix/dkimmilter/smtpd[16256]: disconnect from localhost[127.0.0.1] ehlo=1 mail=1 rcpt=2 data=1 quit=1 commands=6
Oct 27 16:37:03 zimbra postfix/smtp[16254]: 4E2E14ABA7C: to=<15950903948@139.com>, relay=127.0.0.1[127.0.0.1]:10026, delay=0.16, delays=0.01/0.01/0.01/0.13, dsn=2.0.0, status=sent (250 2.0.0 from MTA(smtp:[127.0.0.1]:10030): 250 2.0.0 Ok: queued as 66E9A4ABA7D)
Oct 27 16:37:03 zimbra postfix/smtp[16254]: 4E2E14ABA7C: to=<info@fulltech-metal.net>, relay=127.0.0.1[127.0.0.1]:10026, delay=0.16, delays=0.01/0.01/0.01/0.13, dsn=2.0.0, status=sent (250 2.0.0 from MTA(smtp:[127.0.0.1]:10030): 250 2.0.0 Ok: queued as 66E9A4ABA7D)
Oct 27 16:37:03 zimbra postfix/qmgr[30443]: 4E2E14ABA7C: removed
Oct 27 16:37:03 zimbra postfix/amavisd/smtpd[16259]: connect from localhost[127.0.0.1]
Oct 27 16:37:03 zimbra postfix/amavisd/smtpd[16259]: ACD0B4ABA7C: client=localhost[127.0.0.1]
Oct 27 16:37:03 zimbra postfix/cleanup[16253]: ACD0B4ABA7C: message-id=<1480363439.420.1477557423234.JavaMail.zimbra@taichiprogrammer.com>
Oct 27 16:37:03 zimbra postfix/qmgr[30443]: ACD0B4ABA7C: from=<dev1@taichiprogrammer.com>, size=1892, nrcpt=1 (queue active)
Oct 27 16:37:03 zimbra postfix/amavisd/smtpd[16259]: disconnect from localhost[127.0.0.1] ehlo=1 mail=1 rcpt=1 data=1 quit=1 commands=5
Oct 27 16:37:03 zimbra postfix/amavisd/smtpd[16259]: connect from localhost[127.0.0.1]
Oct 27 16:37:03 zimbra postfix/amavisd/smtpd[16259]: AFEFC4ABA7E: client=localhost[127.0.0.1]
Oct 27 16:37:03 zimbra postfix/cleanup[16253]: AFEFC4ABA7E: message-id=<1480363439.420.1477557423234.JavaMail.zimbra@taichiprogrammer.com>
Oct 27 16:37:03 zimbra postfix/amavisd/smtpd[16259]: disconnect from localhost[127.0.0.1] ehlo=1 mail=1 rcpt=1 data=1 quit=1 commands=5
Oct 27 16:37:03 zimbra postfix/qmgr[30443]: AFEFC4ABA7E: from=<dev1@taichiprogrammer.com>, size=2123, nrcpt=1 (queue active)
Oct 27 16:37:03 zimbra postfix/smtp[16258]: 66E9A4ABA7D: to=<15950903948@139.com>, relay=127.0.0.1[127.0.0.1]:10032, delay=0.31, delays=0.05/0.01/0/0.25, dsn=2.0.0, status=sent (250 2.0.0 from MTA(smtp:[127.0.0.1]:10025): 250 2.0.0 Ok: queued as ACD0B4ABA7C)
Oct 27 16:37:03 zimbra postfix/smtp[16258]: 66E9A4ABA7D: to=<info@fulltech-metal.net>, relay=127.0.0.1[127.0.0.1]:10032, delay=0.31, delays=0.05/0.01/0/0.25, dsn=2.0.0, status=sent (250 2.0.0 from MTA(smtp:[127.0.0.1]:10025): 250 2.0.0 Ok: queued as ACD0B4ABA7C)
Oct 27 16:37:03 zimbra postfix/qmgr[30443]: 66E9A4ABA7D: removed
Oct 27 16:37:03 zimbra postfix/lmtp[16261]: AFEFC4ABA7E: to=<info@fulltech-metal.net>, relay=zimbra.fulltech-metal.net[203.66.83.217]:7025, delay=0.14, delays=0.01/0.01/0.05/0.07, dsn=2.1.5, status=sent (250 2.1.5 Delivery OK)
Oct 27 16:37:03 zimbra postfix/qmgr[30443]: AFEFC4ABA7E: removed
Oct 27 16:37:04 zimbra postfix/smtp[16260]: ACD0B4ABA7C: to=<15950903948@139.com>, relay=mx1.mail.139.com[221.176.66.188]:25, delay=0.78, delays=0/0.01/0.22/0.55, dsn=2.0.0, status=sent (250 ok)
Oct 27 16:37:04 zimbra postfix/qmgr[30443]: ACD0B4ABA7C: removed
Oct 27 16:38:20 zimbra postfix/postscreen[16249]: CONNECT from [221.176.9.38]:55342 to [203.66.83.217]:25
Oct 27 16:38:20 zimbra postfix/postscreen[16249]: PASS OLD [221.176.9.38]:55342
Oct 27 16:38:20 zimbra postfix/postscreen[16249]: CONNECT from [221.176.9.38]:36567 to [203.66.83.217]:25
Oct 27 16:38:20 zimbra postfix/postscreen[16249]: PASS OLD [221.176.9.38]:36567
Oct 27 16:38:20 zimbra postfix/smtpd[16250]: connect from n9-38.mail.139.com[221.176.9.38]
Oct 27 16:38:20 zimbra postfix/smtpd[17089]: connect from n9-38.mail.139.com[221.176.9.38]
Oct 27 16:38:20 zimbra postfix/smtpd[17089]: NOQUEUE: filter: RCPT from n9-38.mail.139.com[221.176.9.38]: <fulltech-metal@139.com>: Sender address triggers FILTER smtp-amavis:[127.0.0.1]:10026; from=<fulltech-metal@139.com> to=<dev1@taichiprogrammer.com> proto=ESMTP helo=<n9-38.mail.139.com>
Oct 27 16:38:20 zimbra postfix/smtpd[17089]: NOQUEUE: filter: RCPT from n9-38.mail.139.com[221.176.9.38]: <fulltech-metal@139.com>: Sender address triggers FILTER smtp-amavis:[127.0.0.1]:10024; from=<fulltech-metal@139.com> to=<dev1@taichiprogrammer.com> proto=ESMTP helo=<n9-38.mail.139.com>
Oct 27 16:38:20 zimbra postfix/smtpd[16250]: NOQUEUE: filter: RCPT from n9-38.mail.139.com[221.176.9.38]: <fulltech-metal@139.com>: Sender address triggers FILTER smtp-amavis:[127.0.0.1]:10026; from=<fulltech-metal@139.com> to=<info@fulltech-metal.net> proto=ESMTP helo=<n9-38.mail.139.com>
Oct 27 16:38:20 zimbra postfix/smtpd[16250]: NOQUEUE: filter: RCPT from n9-38.mail.139.com[221.176.9.38]: <fulltech-metal@139.com>: Sender address triggers FILTER smtp-amavis:[127.0.0.1]:10024; from=<fulltech-metal@139.com> to=<info@fulltech-metal.net> proto=ESMTP helo=<n9-38.mail.139.com>
Oct 27 16:38:20 zimbra postfix/smtpd[17089]: B4CDD4ABA7C: client=n9-38.mail.139.com[221.176.9.38]
Oct 27 16:38:20 zimbra postfix/smtpd[16250]: B67384ABA7D: client=n9-38.mail.139.com[221.176.9.38]
Oct 27 16:38:20 zimbra postfix/cleanup[16253]: B4CDD4ABA7C: message-id=<2b0b5811b54a721-00010.Richmail.02017514544571423164@139.com>
Oct 27 16:38:20 zimbra postfix/qmgr[30443]: B4CDD4ABA7C: from=<fulltech-metal@139.com>, size=3415, nrcpt=1 (queue active)
Oct 27 16:38:20 zimbra postfix/cleanup[17093]: B67384ABA7D: message-id=<2b0b5811b54a721-00010.Richmail.02017514544571423164@139.com>
Oct 27 16:38:20 zimbra postfix/qmgr[30443]: B67384ABA7D: from=<fulltech-metal@139.com>, size=3413, nrcpt=1 (queue active)
Oct 27 16:38:20 zimbra postfix/smtpd[17089]: disconnect from n9-38.mail.139.com[221.176.9.38] ehlo=1 mail=1 rcpt=1 data=1 quit=1 commands=5
Oct 27 16:38:20 zimbra postfix/smtpd[16250]: disconnect from n9-38.mail.139.com[221.176.9.38] ehlo=1 mail=1 rcpt=1 data=1 quit=1 commands=5
Oct 27 16:38:21 zimbra postfix/amavisd/smtpd[16259]: connect from localhost[127.0.0.1]
Oct 27 16:38:21 zimbra postfix/amavisd/smtpd[16259]: B06764ABA7E: client=localhost[127.0.0.1]
Oct 27 16:38:21 zimbra postfix/cleanup[16253]: B06764ABA7E: message-id=<2b0b5811b54a721-00010.Richmail.02017514544571423164@139.com>
Oct 27 16:38:21 zimbra postfix/amavisd/smtpd[16259]: disconnect from localhost[127.0.0.1] ehlo=1 mail=1 rcpt=1 data=1 quit=1 commands=5
Oct 27 16:38:21 zimbra postfix/amavisd/smtpd[16259]: connect from localhost[127.0.0.1]
Oct 27 16:38:21 zimbra postfix/qmgr[30443]: B06764ABA7E: from=<fulltech-metal@139.com>, size=4164, nrcpt=1 (queue active)
Oct 27 16:38:21 zimbra postfix/amavisd/smtpd[16259]: B1E424ABA7F: client=localhost[127.0.0.1]
Oct 27 16:38:21 zimbra postfix/cleanup[17093]: B1E424ABA7F: message-id=<2b0b5811b54a721-00010.Richmail.02017514544571423164@139.com>
Oct 27 16:38:21 zimbra postfix/smtp[16258]: B67384ABA7D: to=<info@fulltech-metal.net>, relay=127.0.0.1[127.0.0.1]:10024, delay=1, delays=0.12/0/0/0.9, dsn=2.0.0, status=sent (250 2.0.0 from MTA(smtp:[127.0.0.1]:10025): 250 2.0.0 Ok: queued as B06764ABA7E)
Oct 27 16:38:21 zimbra postfix/qmgr[30443]: B67384ABA7D: removed
Oct 27 16:38:21 zimbra postfix/amavisd/smtpd[16259]: disconnect from localhost[127.0.0.1] ehlo=1 mail=1 rcpt=1 data=1 quit=1 commands=5
Oct 27 16:38:21 zimbra postfix/qmgr[30443]: B1E424ABA7F: from=<fulltech-metal@139.com>, size=4178, nrcpt=1 (queue active)
Oct 27 16:38:21 zimbra postfix/smtp[16254]: B4CDD4ABA7C: to=<dev1@taichiprogrammer.com>, relay=127.0.0.1[127.0.0.1]:10024, delay=1, delays=0.11/0/0/0.92, dsn=2.0.0, status=sent (250 2.0.0 from MTA(smtp:[127.0.0.1]:10025): 250 2.0.0 Ok: queued as B1E424ABA7F)
Oct 27 16:38:21 zimbra postfix/qmgr[30443]: B4CDD4ABA7C: removed
Oct 27 16:38:21 zimbra postfix/lmtp[16261]: B06764ABA7E: to=<info@fulltech-metal.net>, relay=zimbra.fulltech-metal.net[203.66.83.217]:7025, delay=0.12, delays=0/0.01/0.06/0.06, dsn=2.1.5, status=sent (250 2.1.5 Delivery OK)
Oct 27 16:38:21 zimbra postfix/qmgr[30443]: B06764ABA7E: removed
Oct 27 16:38:21 zimbra postfix/lmtp[17096]: B1E424ABA7F: to=<dev1@taichiprogrammer.com>, relay=zimbra.fulltech-metal.net[203.66.83.217]:7025, delay=0.17, delays=0.02/0.01/0.06/0.08, dsn=2.1.5, status=sent (250 2.1.5 Delivery OK)
Oct 27 16:38:21 zimbra postfix/qmgr[30443]: B1E424ABA7F: removed
Oct 27 16:41:41 zimbra postfix/anvil[17090]: statistics: max connection rate 2/60s for (smtpd:221.176.9.38) at Oct 27 16:38:20
Oct 27 16:41:41 zimbra postfix/anvil[17090]: statistics: max connection count 2 for (smtpd:221.176.9.38) at Oct 27 16:38:20
Oct 27 16:41:41 zimbra postfix/anvil[17090]: statistics: max cache size 1 at Oct 27 16:38:20
Oct 27 16:51:08 zimbra postfix/postscreen[24634]: CONNECT from [203.66.83.217]:60254 to [203.66.83.217]:25
Oct 27 16:51:08 zimbra postfix/postscreen[24634]: WHITELISTED [203.66.83.217]:60254
Oct 27 16:51:08 zimbra postfix/smtpd[24635]: connect from zimbra.fulltech-metal.net[203.66.83.217]
Oct 27 16:51:09 zimbra postfix/smtpd[24635]: NOQUEUE: filter: RCPT from zimbra.fulltech-metal.net[203.66.83.217]: <d1@fulltech-metal.net>: Sender address triggers FILTER smtp-amavis:[127.0.0.1]:10026; from=<d1@fulltech-metal.net> to=<15950903948@139.com> proto=ESMTP helo=<zimbra.fulltech-metal.net>
Oct 27 16:51:09 zimbra postfix/smtpd[24635]: 021034BFA1D: client=zimbra.fulltech-metal.net[203.66.83.217]
Oct 27 16:51:09 zimbra postfix/cleanup[24638]: 021034BFA1D: message-id=<791724818.441.1477558268898.JavaMail.zimbra@fulltech-metal.net>
Oct 27 16:51:09 zimbra postfix/qmgr[30443]: 021034BFA1D: from=<d1@fulltech-metal.net>, size=762, nrcpt=1 (queue active)
Oct 27 16:51:09 zimbra postfix/smtpd[24635]: disconnect from zimbra.fulltech-metal.net[203.66.83.217] ehlo=1 mail=1 rcpt=1 data=1 quit=1 commands=5
Oct 27 16:51:09 zimbra postfix/dkimmilter/smtpd[24641]: connect from localhost[127.0.0.1]
Oct 27 16:51:09 zimbra postfix/dkimmilter/smtpd[24641]: 1A89C4BFA1E: client=localhost[127.0.0.1]
Oct 27 16:51:09 zimbra postfix/cleanup[24638]: 1A89C4BFA1E: message-id=<791724818.441.1477558268898.JavaMail.zimbra@fulltech-metal.net>
Oct 27 16:51:09 zimbra postfix/qmgr[30443]: 1A89C4BFA1E: from=<d1@fulltech-metal.net>, size=1352, nrcpt=1 (queue active)
Oct 27 16:51:09 zimbra postfix/dkimmilter/smtpd[24641]: disconnect from localhost[127.0.0.1] ehlo=1 mail=1 rcpt=1 data=1 quit=1 commands=5
Oct 27 16:51:09 zimbra postfix/smtp[24639]: 021034BFA1D: to=<15950903948@139.com>, relay=127.0.0.1[127.0.0.1]:10026, delay=0.21, delays=0.01/0.01/0.01/0.18, dsn=2.0.0, status=sent (250 2.0.0 from MTA(smtp:[127.0.0.1]:10030): 250 2.0.0 Ok: queued as 1A89C4BFA1E)
Oct 27 16:51:09 zimbra postfix/qmgr[30443]: 021034BFA1D: removed
Oct 27 16:51:09 zimbra postfix/amavisd/smtpd[24644]: connect from localhost[127.0.0.1]
Oct 27 16:51:09 zimbra postfix/amavisd/smtpd[24644]: 5D5C64BFA1D: client=localhost[127.0.0.1]
Oct 27 16:51:09 zimbra postfix/cleanup[24638]: 5D5C64BFA1D: message-id=<791724818.441.1477558268898.JavaMail.zimbra@fulltech-metal.net>
Oct 27 16:51:09 zimbra postfix/amavisd/smtpd[24644]: disconnect from localhost[127.0.0.1] ehlo=1 mail=1 rcpt=1 data=1 quit=1 commands=5
Oct 27 16:51:09 zimbra postfix/qmgr[30443]: 5D5C64BFA1D: from=<d1@fulltech-metal.net>, size=1735, nrcpt=1 (queue active)
Oct 27 16:51:09 zimbra postfix/smtp[24643]: 1A89C4BFA1E: to=<15950903948@139.com>, relay=127.0.0.1[127.0.0.1]:10032, delay=0.28, delays=0.05/0.01/0/0.22, dsn=2.0.0, status=sent (250 2.0.0 from MTA(smtp:[127.0.0.1]:10025): 250 2.0.0 Ok: queued as 5D5C64BFA1D)
Oct 27 16:51:09 zimbra postfix/qmgr[30443]: 1A89C4BFA1E: removed
Oct 27 16:51:09 zimbra postfix/smtp[24645]: 5D5C64BFA1D: to=<15950903948@139.com>, relay=mx1.mail.139.com[221.176.66.188]:25, delay=0.41, delays=0/0.02/0.23/0.16, dsn=2.0.0, status=sent (250 ok)
Oct 27 16:51:09 zimbra postfix/qmgr[30443]: 5D5C64BFA1D: removed
Oct 27 16:52:20 zimbra postfix/postscreen[24634]: CONNECT from [221.176.9.38]:47301 to [203.66.83.217]:25
Oct 27 16:52:20 zimbra postfix/postscreen[24634]: PASS OLD [221.176.9.38]:47301
Oct 27 16:52:20 zimbra postfix/smtpd[24635]: connect from n9-38.mail.139.com[221.176.9.38]
Oct 27 16:52:20 zimbra postfix/smtpd[24635]: NOQUEUE: filter: RCPT from n9-38.mail.139.com[221.176.9.38]: <fulltech-metal@139.com>: Sender address triggers FILTER smtp-amavis:[127.0.0.1]:10026; from=<fulltech-metal@139.com> to=<d1@fulltech-metal.net> proto=ESMTP helo=<n9-38.mail.139.com>
Oct 27 16:52:20 zimbra postfix/smtpd[24635]: NOQUEUE: filter: RCPT from n9-38.mail.139.com[221.176.9.38]: <fulltech-metal@139.com>: Sender address triggers FILTER smtp-amavis:[127.0.0.1]:10024; from=<fulltech-metal@139.com> to=<d1@fulltech-metal.net> proto=ESMTP helo=<n9-38.mail.139.com>
Oct 27 16:52:20 zimbra postfix/smtpd[24635]: B13F04BF9BE: client=n9-38.mail.139.com[221.176.9.38]
Oct 27 16:52:20 zimbra postfix/cleanup[24638]: B13F04BF9BE: message-id=<2b0b5811b54a721-00015.Richmail.02019554641511620154@139.com>
Oct 27 16:52:20 zimbra postfix/qmgr[30443]: B13F04BF9BE: from=<fulltech-metal@139.com>, size=3008, nrcpt=1 (queue active)
Oct 27 16:52:20 zimbra postfix/smtpd[24635]: disconnect from n9-38.mail.139.com[221.176.9.38] ehlo=1 mail=1 rcpt=1 data=1 quit=1 commands=5
Oct 27 16:52:23 zimbra postfix/amavisd/smtpd[24644]: connect from localhost[127.0.0.1]
Oct 27 16:52:23 zimbra postfix/amavisd/smtpd[24644]: 3A1184BFA1D: client=localhost[127.0.0.1]
Oct 27 16:52:23 zimbra postfix/cleanup[24638]: 3A1184BFA1D: message-id=<2b0b5811b54a721-00015.Richmail.02019554641511620154@139.com>
Oct 27 16:52:23 zimbra postfix/amavisd/smtpd[24644]: disconnect from localhost[127.0.0.1] ehlo=1 mail=1 rcpt=1 data=1 quit=1 commands=5
Oct 27 16:52:23 zimbra postfix/qmgr[30443]: 3A1184BFA1D: from=<fulltech-metal@139.com>, size=3732, nrcpt=1 (queue active)
Oct 27 16:52:23 zimbra postfix/smtp[24639]: B13F04BF9BE: to=<d1@fulltech-metal.net>, relay=127.0.0.1[127.0.0.1]:10024, delay=2.6, delays=0.11/0/0/2.4, dsn=2.0.0, status=sent (250 2.0.0 from MTA(smtp:[127.0.0.1]:10025): 250 2.0.0 Ok: queued as 3A1184BFA1D)
Oct 27 16:52:23 zimbra postfix/qmgr[30443]: B13F04BF9BE: removed
Oct 27 16:52:23 zimbra postfix/lmtp[25477]: 3A1184BFA1D: to=<d1@fulltech-metal.net>, relay=zimbra.fulltech-metal.net[203.66.83.217]:7025, delay=0.13, delays=0/0.02/0.05/0.05, dsn=2.1.5, status=sent (250 2.1.5 Delivery OK)
Oct 27 16:52:23 zimbra postfix/qmgr[30443]: 3A1184BFA1D: removed
Oct 27 16:55:41 zimbra postfix/anvil[25475]: statistics: max connection rate 1/60s for (smtpd:221.176.9.38) at Oct 27 16:52:20
Oct 27 16:55:41 zimbra postfix/anvil[25475]: statistics: max connection count 1 for (smtpd:221.176.9.38) at Oct 27 16:52:20
Oct 27 16:55:41 zimbra postfix/anvil[25475]: statistics: max cache size 1 at Oct 27 16:52:20
Oct 27 17:27:53 zimbra postfix/postscreen[14500]: CONNECT from [222.92.254.194]:53895 to [203.66.83.217]:25
Oct 27 17:27:53 zimbra postfix/postscreen[14500]: PASS OLD [222.92.254.194]:53895
Oct 27 17:27:53 zimbra postfix/postscreen[14500]: CONNECT from [222.92.254.194]:53893 to [203.66.83.217]:25
Oct 27 17:27:53 zimbra postfix/postscreen[14500]: PASS OLD [222.92.254.194]:53893
Oct 27 17:27:53 zimbra postfix/submission/smtpd[14498]: connect from unknown[222.92.254.194]
Oct 27 17:27:53 zimbra postfix/smtpd[14501]: connect from unknown[222.92.254.194]
Oct 27 17:27:53 zimbra postfix/smtpd[14503]: connect from unknown[222.92.254.194]
Oct 27 17:27:53 zimbra postfix/submission/smtpd[14502]: connect from unknown[222.92.254.194]
Oct 27 17:27:53 zimbra postfix/submission/smtpd[14498]: improper command pipelining after EHLO from unknown[222.92.254.194]: QUIT\r\n
Oct 27 17:27:53 zimbra postfix/submission/smtpd[14498]: disconnect from unknown[222.92.254.194] ehlo=1 quit=1 commands=2
Oct 27 17:27:53 zimbra postfix/submission/smtpd[14502]: disconnect from unknown[222.92.254.194] ehlo=1 quit=1 commands=2
Oct 27 17:27:53 zimbra postfix/smtpd[14501]: disconnect from unknown[222.92.254.194] ehlo=1 quit=1 commands=2
Oct 27 17:27:53 zimbra postfix/smtpd[14503]: disconnect from unknown[222.92.254.194] ehlo=1 quit=1 commands=2
Oct 27 17:30:53 zimbra postfix/postscreen[16656]: CONNECT from [222.92.254.194]:53947 to [203.66.83.217]:25
Oct 27 17:30:53 zimbra postfix/postscreen[16656]: PASS OLD [222.92.254.194]:53947
Oct 27 17:30:53 zimbra postfix/submission/smtpd[16655]: connect from unknown[222.92.254.194]
Oct 27 17:30:53 zimbra postfix/smtpd[16657]: connect from unknown[222.92.254.194]
Oct 27 17:30:54 zimbra postfix/postscreen[16656]: CONNECT from [222.92.254.194]:53949 to [203.66.83.217]:25
Oct 27 17:30:54 zimbra postfix/postscreen[16656]: PASS OLD [222.92.254.194]:53949
Oct 27 17:30:54 zimbra postfix/smtpd[16658]: connect from unknown[222.92.254.194]
Oct 27 17:30:54 zimbra postfix/submission/smtpd[16659]: connect from unknown[222.92.254.194]
Oct 27 17:30:54 zimbra postfix/submission/smtpd[16655]: improper command pipelining after EHLO from unknown[222.92.254.194]:
Oct 27 17:30:54 zimbra postfix/submission/smtpd[16655]: disconnect from unknown[222.92.254.194] ehlo=1 quit=1 commands=2
Oct 27 17:30:54 zimbra postfix/smtpd[16657]: disconnect from unknown[222.92.254.194] ehlo=1 quit=1 commands=2
Oct 27 17:30:54 zimbra postfix/submission/smtpd[16659]: improper command pipelining after EHLO from unknown[222.92.254.194]: QUIT\r\n
Oct 27 17:30:54 zimbra postfix/submission/smtpd[16659]: disconnect from unknown[222.92.254.194] ehlo=1 quit=1 commands=2
Oct 27 17:30:54 zimbra postfix/smtpd[16658]: disconnect from unknown[222.92.254.194] ehlo=1 quit=1 commands=2
Oct 27 17:34:14 zimbra postfix/anvil[14504]: statistics: max connection rate 2/60s for (smtpd:222.92.254.194) at Oct 27 17:27:53
Oct 27 17:34:14 zimbra postfix/anvil[14504]: statistics: max connection count 2 for (smtpd:222.92.254.194) at Oct 27 17:27:53
Oct 27 17:34:14 zimbra postfix/anvil[14504]: statistics: max cache size 2 at Oct 27 17:27:53
Oct 27 17:50:07 zimbra postfix/postscreen[28034]: CONNECT from [67.222.39.168]:54101 to [203.66.83.217]:25
Oct 27 17:50:13 zimbra postfix/postscreen[28034]: PASS NEW [67.222.39.168]:54101
Oct 27 17:50:13 zimbra postfix/smtpd[28278]: connect from gproxy6-pub.mail.unifiedlayer.com[67.222.39.168]
Oct 27 17:50:14 zimbra postfix/smtpd[28278]: NOQUEUE: filter: RCPT from gproxy6-pub.mail.unifiedlayer.com[67.222.39.168]: <fulltech-metal@139.com>: Sender address triggers FILTER smtp-amavis:[127.0.0.1]:10026; from=<fulltech-metal@139.com> to=<service08@fulltech-metal.net> proto=SMTP helo=<gproxy6-pub.mail.unifiedlayer.com>
Oct 27 17:50:14 zimbra postfix/smtpd[28278]: NOQUEUE: filter: RCPT from gproxy6-pub.mail.unifiedlayer.com[67.222.39.168]: <fulltech-metal@139.com>: Sender address triggers FILTER smtp-amavis:[127.0.0.1]:10024; from=<fulltech-metal@139.com> to=<service08@fulltech-metal.net> proto=SMTP helo=<gproxy6-pub.mail.unifiedlayer.com>
Oct 27 17:50:14 zimbra postfix/smtpd[28278]: C55B4A1ED1: client=gproxy6-pub.mail.unifiedlayer.com[67.222.39.168]
Oct 27 17:50:15 zimbra postfix/cleanup[28309]: C55B4A1ED1: message-id=<2b0b5811cd61343-0000a.Richmail.02017584749541427154@139.com>
Oct 27 17:50:15 zimbra postfix/qmgr[30443]: C55B4A1ED1: from=<fulltech-metal@139.com>, size=3233, nrcpt=1 (queue active)
Oct 27 17:50:15 zimbra postfix/smtpd[28278]: disconnect from gproxy6-pub.mail.unifiedlayer.com[67.222.39.168] helo=1 mail=1 rcpt=1 data=1 quit=1 commands=5
Oct 27 17:50:16 zimbra postfix/amavisd/smtpd[28316]: connect from localhost[127.0.0.1]
Oct 27 17:50:16 zimbra postfix/amavisd/smtpd[28316]: 6C8BE4BF9BE: client=localhost[127.0.0.1]
Oct 27 17:50:16 zimbra postfix/cleanup[28309]: 6C8BE4BF9BE: message-id=<2b0b5811cd61343-0000a.Richmail.02017584749541427154@139.com>
Oct 27 17:50:16 zimbra postfix/qmgr[30443]: 6C8BE4BF9BE: from=<fulltech-metal@139.com>, size=3994, nrcpt=1 (queue active)
Oct 27 17:50:16 zimbra postfix/amavisd/smtpd[28316]: disconnect from localhost[127.0.0.1] ehlo=1 mail=1 rcpt=1 data=1 quit=1 commands=5
Oct 27 17:50:16 zimbra postfix/smtp[28314]: C55B4A1ED1: to=<service08@fulltech-metal.net>, relay=127.0.0.1[127.0.0.1]:10024, delay=2.1, delays=0.88/0.01/0/1.2, dsn=2.0.0, status=sent (250 2.0.0 from MTA(smtp:[127.0.0.1]:10025): 250 2.0.0 Ok: queued as 6C8BE4BF9BE)
Oct 27 17:50:16 zimbra postfix/qmgr[30443]: C55B4A1ED1: removed
Oct 27 17:50:16 zimbra postfix/lmtp[28317]: 6C8BE4BF9BE: to=<service08@fulltech-metal.net>, relay=zimbra.fulltech-metal.net[203.66.83.217]:7025, delay=0.11, delays=0/0.01/0.05/0.05, dsn=2.1.5, status=sent (250 2.1.5 Delivery OK)
Oct 27 17:50:16 zimbra postfix/qmgr[30443]: 6C8BE4BF9BE: removed
Oct 27 17:53:35 zimbra postfix/anvil[28307]: statistics: max connection rate 1/60s for (smtpd:67.222.39.168) at Oct 27 17:50:13
Oct 27 17:53:35 zimbra postfix/anvil[28307]: statistics: max connection count 1 for (smtpd:67.222.39.168) at Oct 27 17:50:13
Oct 27 17:53:35 zimbra postfix/anvil[28307]: statistics: max cache size 1 at Oct 27 17:50:13
Oct 27 18:06:29 zimbra postfix/postscreen[5737]: CONNECT from [67.222.38.55]:45454 to [203.66.83.217]:25
Oct 27 18:06:35 zimbra postfix/postscreen[5737]: PASS NEW [67.222.38.55]:45454
Oct 27 18:06:36 zimbra postfix/smtpd[5743]: connect from gproxy5-pub.mail.unifiedlayer.com[67.222.38.55]
Oct 27 18:06:36 zimbra postfix/smtpd[5743]: NOQUEUE: filter: RCPT from gproxy5-pub.mail.unifiedlayer.com[67.222.38.55]: <fulltech-metal@139.com>: Sender address triggers FILTER smtp-amavis:[127.0.0.1]:10026; from=<fulltech-metal@139.com> to=<service08@fulltech-metal.net> proto=SMTP helo=<gproxy5-pub.mail.unifiedlayer.com>
Oct 27 18:06:36 zimbra postfix/smtpd[5743]: NOQUEUE: filter: RCPT from gproxy5-pub.mail.unifiedlayer.com[67.222.38.55]: <fulltech-metal@139.com>: Sender address triggers FILTER smtp-amavis:[127.0.0.1]:10024; from=<fulltech-metal@139.com> to=<service08@fulltech-metal.net> proto=SMTP helo=<gproxy5-pub.mail.unifiedlayer.com>
Oct 27 18:06:36 zimbra postfix/smtpd[5743]: D5F454BF9BE: client=gproxy5-pub.mail.unifiedlayer.com[67.222.38.55]
Oct 27 18:06:37 zimbra postfix/cleanup[5747]: D5F454BF9BE: message-id=<2b0b5811cd61343-00010.Richmail.02014554944541526174@139.com>
Oct 27 18:06:37 zimbra postfix/qmgr[30443]: D5F454BF9BE: from=<fulltech-metal@139.com>, size=5475, nrcpt=1 (queue active)
Oct 27 18:06:37 zimbra postfix/smtpd[5743]: disconnect from gproxy5-pub.mail.unifiedlayer.com[67.222.38.55] helo=1 mail=1 rcpt=1 data=1 quit=1 commands=5
Oct 27 18:06:40 zimbra postfix/amavisd/smtpd[5750]: connect from localhost[127.0.0.1]
Oct 27 18:06:40 zimbra postfix/amavisd/smtpd[5750]: DB8494C99C1: client=localhost[127.0.0.1]
Oct 27 18:06:40 zimbra postfix/cleanup[5747]: DB8494C99C1: message-id=<2b0b5811cd61343-00010.Richmail.02014554944541526174@139.com>
Oct 27 18:06:40 zimbra postfix/amavisd/smtpd[5750]: disconnect from localhost[127.0.0.1] ehlo=1 mail=1 rcpt=1 data=1 quit=1 commands=5
Oct 27 18:06:40 zimbra postfix/qmgr[30443]: DB8494C99C1: from=<fulltech-metal@139.com>, size=6220, nrcpt=1 (queue active)
Oct 27 18:06:40 zimbra postfix/smtp[5748]: D5F454BF9BE: to=<service08@fulltech-metal.net>, relay=127.0.0.1[127.0.0.1]:10024, delay=4.2, delays=0.61/0.01/0/3.6, dsn=2.0.0, status=sent (250 2.0.0 from MTA(smtp:[127.0.0.1]:10025): 250 2.0.0 Ok: queued as DB8494C99C1)
Oct 27 18:06:40 zimbra postfix/qmgr[30443]: D5F454BF9BE: removed
Oct 27 18:06:41 zimbra postfix/lmtp[5751]: DB8494C99C1: to=<service08@fulltech-metal.net>, relay=zimbra.fulltech-metal.net[203.66.83.217]:7025, delay=0.18, delays=0/0.01/0.11/0.05, dsn=2.1.5, status=sent (250 2.1.5 Delivery OK)
Oct 27 18:06:41 zimbra postfix/qmgr[30443]: DB8494C99C1: removed
Oct 27 18:09:57 zimbra postfix/anvil[5745]: statistics: max connection rate 1/60s for (smtpd:67.222.38.55) at Oct 27 18:06:36
Oct 27 18:09:57 zimbra postfix/anvil[5745]: statistics: max connection count 1 for (smtpd:67.222.38.55) at Oct 27 18:06:36
Oct 27 18:09:57 zimbra postfix/anvil[5745]: statistics: max cache size 1 at Oct 27 18:06:36
Oct 27 18:30:56 zimbra postfix/postscreen[20384]: CONNECT from [67.222.38.55]:41995 to [203.66.83.217]:25
Oct 27 18:30:56 zimbra postfix/postscreen[20384]: PASS OLD [67.222.38.55]:41995
Oct 27 18:30:56 zimbra postfix/smtpd[20385]: connect from gproxy5-pub.mail.unifiedlayer.com[67.222.38.55]
Oct 27 18:30:56 zimbra postfix/smtpd[20385]: NOQUEUE: filter: RCPT from gproxy5-pub.mail.unifiedlayer.com[67.222.38.55]: <s1@skyrock-casting.org>: Sender address triggers FILTER smtp-amavis:[127.0.0.1]:10026; from=<s1@skyrock-casting.org> to=<service08@fulltech-metal.net> proto=SMTP helo=<gproxy5-pub.mail.unifiedlayer.com>
Oct 27 18:30:56 zimbra postfix/smtpd[20385]: NOQUEUE: filter: RCPT from gproxy5-pub.mail.unifiedlayer.com[67.222.38.55]: <s1@skyrock-casting.org>: Sender address triggers FILTER smtp-amavis:[127.0.0.1]:10024; from=<s1@skyrock-casting.org> to=<service08@fulltech-metal.net> proto=SMTP helo=<gproxy5-pub.mail.unifiedlayer.com>
Oct 27 18:30:56 zimbra postfix/smtpd[20385]: B90604BF9BF: client=gproxy5-pub.mail.unifiedlayer.com[67.222.38.55]
Oct 27 18:30:57 zimbra postfix/cleanup[20389]: B90604BF9BF: message-id=<9153d017ce864ef52f40ca44b1ef6a18@skyrock-casting.org>
Oct 27 18:30:57 zimbra postfix/qmgr[30443]: B90604BF9BF: from=<s1@skyrock-casting.org>, size=3373, nrcpt=1 (queue active)
Oct 27 18:30:57 zimbra postfix/smtpd[20385]: disconnect from gproxy5-pub.mail.unifiedlayer.com[67.222.38.55] helo=1 mail=1 rcpt=1 data=1 quit=1 commands=5
Oct 27 18:30:58 zimbra postfix/amavisd/smtpd[20393]: connect from localhost[127.0.0.1]
Oct 27 18:30:58 zimbra postfix/amavisd/smtpd[20393]: 1C0294BFA1A: client=localhost[127.0.0.1]
Oct 27 18:30:58 zimbra postfix/cleanup[20389]: 1C0294BFA1A: message-id=<9153d017ce864ef52f40ca44b1ef6a18@skyrock-casting.org>
Oct 27 18:30:58 zimbra postfix/qmgr[30443]: 1C0294BFA1A: from=<s1@skyrock-casting.org>, size=4120, nrcpt=1 (queue active)
Oct 27 18:30:58 zimbra postfix/amavisd/smtpd[20393]: disconnect from localhost[127.0.0.1] ehlo=1 mail=1 rcpt=1 data=1 quit=1 commands=5
Oct 27 18:30:58 zimbra postfix/smtp[20390]: B90604BF9BF: to=<service08@fulltech-metal.net>, relay=127.0.0.1[127.0.0.1]:10024, delay=1.5, delays=0.61/0.01/0/0.91, dsn=2.0.0, status=sent (250 2.0.0 from MTA(smtp:[127.0.0.1]:10025): 250 2.0.0 Ok: queued as 1C0294BFA1A)
Oct 27 18:30:58 zimbra postfix/qmgr[30443]: B90604BF9BF: removed
Oct 27 18:30:58 zimbra postfix/lmtp[20394]: 1C0294BFA1A: to=<service08@fulltech-metal.net>, relay=zimbra.fulltech-metal.net[203.66.83.217]:7025, delay=0.12, delays=0/0.01/0.05/0.05, dsn=2.1.5, status=sent (250 2.1.5 Delivery OK)
Oct 27 18:30:58 zimbra postfix/qmgr[30443]: 1C0294BFA1A: removed
Oct 27 18:34:17 zimbra postfix/anvil[20387]: statistics: max connection rate 1/60s for (smtpd:67.222.38.55) at Oct 27 18:30:56
Oct 27 18:34:17 zimbra postfix/anvil[20387]: statistics: max connection count 1 for (smtpd:67.222.38.55) at Oct 27 18:30:56
Oct 27 18:34:17 zimbra postfix/anvil[20387]: statistics: max cache size 1 at Oct 27 18:30:56
Oct 27 18:41:56 zimbra postfix/postscreen[26618]: CONNECT from [69.89.23.142]:32780 to [203.66.83.217]:25
Oct 27 18:41:56 zimbra postfix/postscreen[26618]: CONNECT from [69.89.20.226]:48352 to [203.66.83.217]:25
Oct 27 18:41:56 zimbra postfix/postscreen[26618]: CONNECT from [69.89.20.226]:35496 to [203.66.83.217]:25
Oct 27 18:41:56 zimbra postfix/postscreen[26618]: CONNECT from [69.89.20.226]:52875 to [203.66.83.217]:25
Oct 27 18:41:56 zimbra postfix/postscreen[26618]: CONNECT from [67.222.38.55]:58497 to [203.66.83.217]:25
Oct 27 18:41:56 zimbra postfix/postscreen[26618]: PASS OLD [67.222.38.55]:58497
Oct 27 18:41:56 zimbra postfix/postscreen[26618]: CONNECT from [67.222.39.168]:58495 to [203.66.83.217]:25
Oct 27 18:41:56 zimbra postfix/postscreen[26618]: PASS OLD [67.222.39.168]:58495
Oct 27 18:41:56 zimbra postfix/smtpd[26619]: connect from gproxy5-pub.mail.unifiedlayer.com[67.222.38.55]
Oct 27 18:41:56 zimbra postfix/smtpd[26621]: connect from gproxy6-pub.mail.unifiedlayer.com[67.222.39.168]
Oct 27 18:41:56 zimbra postfix/smtpd[26619]: NOQUEUE: filter: RCPT from gproxy5-pub.mail.unifiedlayer.com[67.222.38.55]: <s1@skyrock-casting.org>: Sender address triggers FILTER smtp-amavis:[127.0.0.1]:10026; from=<s1@skyrock-casting.org> to=<service04@fulltech-metal.net> proto=SMTP helo=<gproxy5-pub.mail.unifiedlayer.com>
Oct 27 18:41:56 zimbra postfix/smtpd[26619]: NOQUEUE: filter: RCPT from gproxy5-pub.mail.unifiedlayer.com[67.222.38.55]: <s1@skyrock-casting.org>: Sender address triggers FILTER smtp-amavis:[127.0.0.1]:10024; from=<s1@skyrock-casting.org> to=<service04@fulltech-metal.net> proto=SMTP helo=<gproxy5-pub.mail.unifiedlayer.com>
Oct 27 18:41:56 zimbra postfix/smtpd[26621]: NOQUEUE: filter: RCPT from gproxy6-pub.mail.unifiedlayer.com[67.222.39.168]: <s1@skyrock-casting.org>: Sender address triggers FILTER smtp-amavis:[127.0.0.1]:10026; from=<s1@skyrock-casting.org> to=<service08@fulltech-metal.net> proto=SMTP helo=<gproxy6-pub.mail.unifiedlayer.com>
Oct 27 18:41:56 zimbra postfix/smtpd[26621]: NOQUEUE: filter: RCPT from gproxy6-pub.mail.unifiedlayer.com[67.222.39.168]: <s1@skyrock-casting.org>: Sender address triggers FILTER smtp-amavis:[127.0.0.1]:10024; from=<s1@skyrock-casting.org> to=<service08@fulltech-metal.net> proto=SMTP helo=<gproxy6-pub.mail.unifiedlayer.com>
Oct 27 18:41:56 zimbra postfix/smtpd[26619]: D422C4BF9BF: client=gproxy5-pub.mail.unifiedlayer.com[67.222.38.55]
Oct 27 18:41:56 zimbra postfix/smtpd[26621]: D58A84BFA1A: client=gproxy6-pub.mail.unifiedlayer.com[67.222.39.168]
Oct 27 18:41:57 zimbra postfix/cleanup[26624]: D422C4BF9BF: message-id=<0fe55780311b88f89dc56cd4adfd5e4b@skyrock-casting.org>
Oct 27 18:41:57 zimbra postfix/qmgr[30443]: D422C4BF9BF: from=<s1@skyrock-casting.org>, size=3910, nrcpt=1 (queue active)
Oct 27 18:41:57 zimbra postfix/cleanup[26626]: D58A84BFA1A: message-id=<0fe55780311b88f89dc56cd4adfd5e4b@skyrock-casting.org>
Oct 27 18:41:57 zimbra postfix/qmgr[30443]: D58A84BFA1A: from=<s1@skyrock-casting.org>, size=3911, nrcpt=1 (queue active)
Oct 27 18:41:57 zimbra postfix/smtpd[26619]: disconnect from gproxy5-pub.mail.unifiedlayer.com[67.222.38.55] helo=1 mail=1 rcpt=1 data=1 quit=1 commands=5
Oct 27 18:41:57 zimbra postfix/smtpd[26621]: disconnect from gproxy6-pub.mail.unifiedlayer.com[67.222.39.168] helo=1 mail=1 rcpt=1 data=1 quit=1 commands=5
Oct 27 18:41:57 zimbra postfix/amavisd/smtpd[26631]: connect from localhost[127.0.0.1]
Oct 27 18:41:57 zimbra postfix/amavisd/smtpd[26631]: BABB94C9B20: client=localhost[127.0.0.1]
Oct 27 18:41:57 zimbra postfix/amavisd/smtpd[26632]: connect from localhost[127.0.0.1]
Oct 27 18:41:57 zimbra postfix/cleanup[26624]: BABB94C9B20: message-id=<0fe55780311b88f89dc56cd4adfd5e4b@skyrock-casting.org>
Oct 27 18:41:57 zimbra postfix/amavisd/smtpd[26631]: disconnect from localhost[127.0.0.1] ehlo=1 mail=1 rcpt=1 data=1 quit=1 commands=5
Oct 27 18:41:57 zimbra postfix/qmgr[30443]: BABB94C9B20: from=<s1@skyrock-casting.org>, size=4658, nrcpt=1 (queue active)
Oct 27 18:41:57 zimbra postfix/amavisd/smtpd[26632]: BCFE54C9B23: client=localhost[127.0.0.1]
Oct 27 18:41:57 zimbra postfix/smtp[26628]: D58A84BFA1A: to=<service08@fulltech-metal.net>, relay=127.0.0.1[127.0.0.1]:10024, delay=1.1, delays=0.61/0.01/0/0.44, dsn=2.0.0, status=sent (250 2.0.0 from MTA(smtp:[127.0.0.1]:10025): 250 2.0.0 Ok: queued as BABB94C9B20)
Oct 27 18:41:57 zimbra postfix/qmgr[30443]: D58A84BFA1A: removed
Oct 27 18:41:57 zimbra postfix/cleanup[26626]: BCFE54C9B23: message-id=<0fe55780311b88f89dc56cd4adfd5e4b@skyrock-casting.org>
Oct 27 18:41:57 zimbra postfix/qmgr[30443]: BCFE54C9B23: from=<s1@skyrock-casting.org>, size=4657, nrcpt=1 (queue active)
Oct 27 18:41:57 zimbra postfix/amavisd/smtpd[26632]: disconnect from localhost[127.0.0.1] ehlo=1 mail=1 rcpt=1 data=1 quit=1 commands=5
Oct 27 18:41:57 zimbra postfix/smtp[26627]: D422C4BF9BF: to=<service04@fulltech-metal.net>, relay=127.0.0.1[127.0.0.1]:10024, delay=1.1, delays=0.6/0.01/0/0.46, dsn=2.0.0, status=sent (250 2.0.0 from MTA(smtp:[127.0.0.1]:10025): 250 2.0.0 Ok: queued as BCFE54C9B23)
Oct 27 18:41:57 zimbra postfix/qmgr[30443]: D422C4BF9BF: removed
Oct 27 18:41:57 zimbra postfix/lmtp[26634]: BCFE54C9B23: to=<service04@fulltech-metal.net>, relay=zimbra.fulltech-metal.net[203.66.83.217]:7025, delay=0.13, delays=0.01/0.01/0.05/0.05, dsn=2.1.5, status=sent (250 2.1.5 Delivery OK)
Oct 27 18:41:57 zimbra postfix/lmtp[26633]: BABB94C9B20: to=<service08@fulltech-metal.net>, relay=zimbra.fulltech-metal.net[203.66.83.217]:7025, delay=0.14, delays=0.01/0.02/0.06/0.05, dsn=2.1.5, status=sent (250 2.1.5 Delivery OK)
Oct 27 18:41:57 zimbra postfix/qmgr[30443]: BCFE54C9B23: removed
Oct 27 18:41:57 zimbra postfix/qmgr[30443]: BABB94C9B20: removed
Oct 27 18:42:02 zimbra postfix/postscreen[26618]: PASS NEW [69.89.23.142]:32780
Oct 27 18:42:02 zimbra postfix/postscreen[26618]: PASS NEW [69.89.20.226]:48352
Oct 27 18:42:02 zimbra postfix/postscreen[26618]: PASS NEW [69.89.20.226]:35496
Oct 27 18:42:02 zimbra postfix/postscreen[26618]: PASS NEW [69.89.20.226]:52875
Oct 27 18:42:02 zimbra postfix/smtpd[26808]: connect from gproxy10-pub.mail.unifiedlayer.com[69.89.20.226]
Oct 27 18:42:02 zimbra postfix/smtpd[26621]: connect from gproxy10-pub.mail.unifiedlayer.com[69.89.20.226]
Oct 27 18:42:02 zimbra postfix/smtpd[26809]: connect from gproxy10-pub.mail.unifiedlayer.com[69.89.20.226]
Oct 27 18:42:02 zimbra postfix/smtpd[26619]: connect from gproxy4-pub.mail.unifiedlayer.com[69.89.23.142]
Oct 27 18:42:03 zimbra postfix/smtpd[26619]: NOQUEUE: filter: RCPT from gproxy4-pub.mail.unifiedlayer.com[69.89.23.142]: <s1@skyrock-casting.org>: Sender address triggers FILTER smtp-amavis:[127.0.0.1]:10026; from=<s1@skyrock-casting.org> to=<service03@fulltech-metal.net> proto=SMTP helo=<gproxy4-pub.mail.unifiedlayer.com>
Oct 27 18:42:03 zimbra postfix/smtpd[26619]: NOQUEUE: filter: RCPT from gproxy4-pub.mail.unifiedlayer.com[69.89.23.142]: <s1@skyrock-casting.org>: Sender address triggers FILTER smtp-amavis:[127.0.0.1]:10024; from=<s1@skyrock-casting.org> to=<service03@fulltech-metal.net> proto=SMTP helo=<gproxy4-pub.mail.unifiedlayer.com>
Oct 27 18:42:03 zimbra postfix/smtpd[26619]: 445804BF9BF: client=gproxy4-pub.mail.unifiedlayer.com[69.89.23.142]
Oct 27 18:42:03 zimbra postfix/smtpd[26621]: NOQUEUE: filter: RCPT from gproxy10-pub.mail.unifiedlayer.com[69.89.20.226]: <s1@skyrock-casting.org>: Sender address triggers FILTER smtp-amavis:[127.0.0.1]:10026; from=<s1@skyrock-casting.org> to=<service05@fulltech-metal.net> proto=SMTP helo=<gproxy10-pub.mail.unifiedlayer.com>
Oct 27 18:42:03 zimbra postfix/smtpd[26621]: NOQUEUE: filter: RCPT from gproxy10-pub.mail.unifiedlayer.com[69.89.20.226]: <s1@skyrock-casting.org>: Sender address triggers FILTER smtp-amavis:[127.0.0.1]:10024; from=<s1@skyrock-casting.org> to=<service05@fulltech-metal.net> proto=SMTP helo=<gproxy10-pub.mail.unifiedlayer.com>
Oct 27 18:42:03 zimbra postfix/smtpd[26808]: NOQUEUE: filter: RCPT from gproxy10-pub.mail.unifiedlayer.com[69.89.20.226]: <s1@skyrock-casting.org>: Sender address triggers FILTER smtp-amavis:[127.0.0.1]:10026; from=<s1@skyrock-casting.org> to=<service07@fulltech-metal.net> proto=SMTP helo=<gproxy10-pub.mail.unifiedlayer.com>
Oct 27 18:42:03 zimbra postfix/smtpd[26808]: NOQUEUE: filter: RCPT from gproxy10-pub.mail.unifiedlayer.com[69.89.20.226]: <s1@skyrock-casting.org>: Sender address triggers FILTER smtp-amavis:[127.0.0.1]:10024; from=<s1@skyrock-casting.org> to=<service07@fulltech-metal.net> proto=SMTP helo=<gproxy10-pub.mail.unifiedlayer.com>
Oct 27 18:42:03 zimbra postfix/smtpd[26809]: NOQUEUE: filter: RCPT from gproxy10-pub.mail.unifiedlayer.com[69.89.20.226]: <s1@skyrock-casting.org>: Sender address triggers FILTER smtp-amavis:[127.0.0.1]:10026; from=<s1@skyrock-casting.org> to=<service01@fulltech-metal.net> proto=SMTP helo=<gproxy10-pub.mail.unifiedlayer.com>
Oct 27 18:42:03 zimbra postfix/smtpd[26809]: NOQUEUE: filter: RCPT from gproxy10-pub.mail.unifiedlayer.com[69.89.20.226]: <s1@skyrock-casting.org>: Sender address triggers FILTER smtp-amavis:[127.0.0.1]:10024; from=<s1@skyrock-casting.org> to=<service01@fulltech-metal.net> proto=SMTP helo=<gproxy10-pub.mail.unifiedlayer.com>
Oct 27 18:42:03 zimbra postfix/smtpd[26808]: 581C84BFA1A: client=gproxy10-pub.mail.unifiedlayer.com[69.89.20.226]
Oct 27 18:42:03 zimbra postfix/smtpd[26621]: 63DCB4C9AE0: client=gproxy10-pub.mail.unifiedlayer.com[69.89.20.226]
Oct 27 18:42:03 zimbra postfix/smtpd[26809]: 6A6CC4C9AE1: client=gproxy10-pub.mail.unifiedlayer.com[69.89.20.226]
Oct 27 18:42:03 zimbra postfix/cleanup[26624]: 445804BF9BF: message-id=<0fe55780311b88f89dc56cd4adfd5e4b@skyrock-casting.org>
Oct 27 18:42:03 zimbra postfix/qmgr[30443]: 445804BF9BF: from=<s1@skyrock-casting.org>, size=3910, nrcpt=1 (queue active)
Oct 27 18:42:03 zimbra postfix/cleanup[26626]: 581C84BFA1A: message-id=<0fe55780311b88f89dc56cd4adfd5e4b@skyrock-casting.org>
Oct 27 18:42:03 zimbra postfix/qmgr[30443]: 581C84BFA1A: from=<s1@skyrock-casting.org>, size=3913, nrcpt=1 (queue active)
Oct 27 18:42:03 zimbra postfix/cleanup[26888]: 63DCB4C9AE0: message-id=<0fe55780311b88f89dc56cd4adfd5e4b@skyrock-casting.org>
Oct 27 18:42:03 zimbra postfix/smtpd[26619]: disconnect from gproxy4-pub.mail.unifiedlayer.com[69.89.23.142] helo=1 mail=1 rcpt=1 data=1 quit=1 commands=5
Oct 27 18:42:03 zimbra postfix/qmgr[30443]: 63DCB4C9AE0: from=<s1@skyrock-casting.org>, size=3913, nrcpt=1 (queue active)
Oct 27 18:42:03 zimbra postfix/cleanup[26896]: 6A6CC4C9AE1: message-id=<0fe55780311b88f89dc56cd4adfd5e4b@skyrock-casting.org>
Oct 27 18:42:03 zimbra postfix/qmgr[30443]: 6A6CC4C9AE1: from=<s1@skyrock-casting.org>, size=3913, nrcpt=1 (queue active)
Oct 27 18:42:03 zimbra postfix/smtpd[26808]: disconnect from gproxy10-pub.mail.unifiedlayer.com[69.89.20.226] helo=1 mail=1 rcpt=1 data=1 quit=1 commands=5
Oct 27 18:42:04 zimbra postfix/smtpd[26621]: disconnect from gproxy10-pub.mail.unifiedlayer.com[69.89.20.226] helo=1 mail=1 rcpt=1 data=1 quit=1 commands=5
Oct 27 18:42:04 zimbra postfix/smtpd[26809]: disconnect from gproxy10-pub.mail.unifiedlayer.com[69.89.20.226] helo=1 mail=1 rcpt=1 data=1 quit=1 commands=5
Oct 27 18:42:04 zimbra postfix/amavisd/smtpd[26631]: connect from localhost[127.0.0.1]
Oct 27 18:42:04 zimbra postfix/amavisd/smtpd[26631]: F2C3E4C9AE2: client=localhost[127.0.0.1]
Oct 27 18:42:04 zimbra postfix/cleanup[26624]: F2C3E4C9AE2: message-id=<0fe55780311b88f89dc56cd4adfd5e4b@skyrock-casting.org>
Oct 27 18:42:05 zimbra postfix/amavisd/smtpd[26632]: connect from localhost[127.0.0.1]
Oct 27 18:42:05 zimbra postfix/qmgr[30443]: F2C3E4C9AE2: from=<s1@skyrock-casting.org>, size=4660, nrcpt=1 (queue active)
Oct 27 18:42:05 zimbra postfix/amavisd/smtpd[26631]: disconnect from localhost[127.0.0.1] ehlo=1 mail=1 rcpt=1 data=1 quit=1 commands=5
Oct 27 18:42:05 zimbra postfix/amavisd/smtpd[26631]: connect from localhost[127.0.0.1]
Oct 27 18:42:05 zimbra postfix/smtp[26949]: 63DCB4C9AE0: to=<service05@fulltech-metal.net>, relay=127.0.0.1[127.0.0.1]:10024, delay=1.9, delays=0.79/0.06/0/1.1, dsn=2.0.0, status=sent (250 2.0.0 from MTA(smtp:[127.0.0.1]:10025): 250 2.0.0 Ok: queued as F2C3E4C9AE2)
Oct 27 18:42:05 zimbra postfix/qmgr[30443]: 63DCB4C9AE0: removed
Oct 27 18:42:05 zimbra postfix/amavisd/smtpd[26631]: 07CC94C9AE0: client=localhost[127.0.0.1]
Oct 27 18:42:05 zimbra postfix/cleanup[26626]: 07CC94C9AE0: message-id=<0fe55780311b88f89dc56cd4adfd5e4b@skyrock-casting.org>
Oct 27 18:42:05 zimbra postfix/amavisd/smtpd[26632]: 0916A4C9AE5: client=localhost[127.0.0.1]
Oct 27 18:42:05 zimbra postfix/qmgr[30443]: 07CC94C9AE0: from=<s1@skyrock-casting.org>, size=4657, nrcpt=1 (queue active)
Oct 27 18:42:05 zimbra postfix/amavisd/smtpd[26631]: disconnect from localhost[127.0.0.1] ehlo=1 mail=1 rcpt=1 data=1 quit=1 commands=5
Oct 27 18:42:05 zimbra postfix/amavisd/smtpd[26631]: connect from localhost[127.0.0.1]
Oct 27 18:42:05 zimbra postfix/smtp[26628]: 445804BF9BF: to=<service03@fulltech-metal.net>, relay=127.0.0.1[127.0.0.1]:10024, delay=2, delays=0.65/0/0/1.3, dsn=2.0.0, status=sent (250 2.0.0 from MTA(smtp:[127.0.0.1]:10025): 250 2.0.0 Ok: queued as 07CC94C9AE0)
Oct 27 18:42:05 zimbra postfix/cleanup[26888]: 0916A4C9AE5: message-id=<0fe55780311b88f89dc56cd4adfd5e4b@skyrock-casting.org>
Oct 27 18:42:05 zimbra postfix/amavisd/smtpd[26632]: disconnect from localhost[127.0.0.1] ehlo=1 mail=1 rcpt=1 data=1 quit=1 commands=5
Oct 27 18:42:05 zimbra postfix/smtp[26972]: 6A6CC4C9AE1: to=<service01@fulltech-metal.net>, relay=127.0.0.1[127.0.0.1]:10024, delay=1.9, delays=0.76/0.04/0/1.1, dsn=2.0.0, status=sent (250 2.0.0 from MTA(smtp:[127.0.0.1]:10025): 250 2.0.0 Ok: queued as 0916A4C9AE5)
Oct 27 18:42:05 zimbra postfix/qmgr[30443]: 445804BF9BF: removed
Oct 27 18:42:05 zimbra postfix/qmgr[30443]: 6A6CC4C9AE1: removed
Oct 27 18:42:05 zimbra postfix/qmgr[30443]: 0916A4C9AE5: from=<s1@skyrock-casting.org>, size=4660, nrcpt=1 (queue active)
Oct 27 18:42:05 zimbra postfix/amavisd/smtpd[26631]: 1A98E4C9AE1: client=localhost[127.0.0.1]
Oct 27 18:42:05 zimbra postfix/cleanup[26896]: 1A98E4C9AE1: message-id=<0fe55780311b88f89dc56cd4adfd5e4b@skyrock-casting.org>
Oct 27 18:42:05 zimbra postfix/qmgr[30443]: 1A98E4C9AE1: from=<s1@skyrock-casting.org>, size=4660, nrcpt=1 (queue active)
Oct 27 18:42:05 zimbra postfix/amavisd/smtpd[26631]: disconnect from localhost[127.0.0.1] ehlo=1 mail=1 rcpt=1 data=1 quit=1 commands=5
Oct 27 18:42:05 zimbra postfix/smtp[26627]: 581C84BFA1A: to=<service07@fulltech-metal.net>, relay=127.0.0.1[127.0.0.1]:10024, delay=2, delays=0.69/0/0.02/1.3, dsn=2.0.0, status=sent (250 2.0.0 from MTA(smtp:[127.0.0.1]:10025): 250 2.0.0 Ok: queued as 1A98E4C9AE1)
Oct 27 18:42:05 zimbra postfix/qmgr[30443]: 581C84BFA1A: removed
Oct 27 18:42:05 zimbra postfix/lmtp[26634]: F2C3E4C9AE2: to=<service05@fulltech-metal.net>, relay=zimbra.fulltech-metal.net[203.66.83.217]:7025, delay=0.35, delays=0.01/0.03/0.07/0.23, dsn=2.1.5, status=sent (250 2.1.5 Delivery OK)
Oct 27 18:42:05 zimbra postfix/qmgr[30443]: F2C3E4C9AE2: removed
Oct 27 18:42:05 zimbra postfix/lmtp[26633]: 07CC94C9AE0: to=<service03@fulltech-metal.net>, relay=zimbra.fulltech-metal.net[203.66.83.217]:7025, delay=0.37, delays=0.03/0.04/0.07/0.22, dsn=2.1.5, status=sent (250 2.1.5 Delivery OK)
Oct 27 18:42:05 zimbra postfix/qmgr[30443]: 07CC94C9AE0: removed
Oct 27 18:42:05 zimbra postfix/lmtp[27133]: 0916A4C9AE5: to=<service01@fulltech-metal.net>, relay=zimbra.fulltech-metal.net[203.66.83.217]:7025, delay=0.41, delays=0.07/0.04/0.22/0.08, dsn=2.1.5, status=sent (250 2.1.5 Delivery OK)
Oct 27 18:42:05 zimbra postfix/qmgr[30443]: 0916A4C9AE5: removed
Oct 27 18:42:05 zimbra postfix/lmtp[27137]: 1A98E4C9AE1: to=<service07@fulltech-metal.net>, relay=zimbra.fulltech-metal.net[203.66.83.217]:7025, delay=0.6, delays=0.07/0.04/0.25/0.23, dsn=2.1.5, status=sent (250 2.1.5 Delivery OK)
Oct 27 18:42:05 zimbra postfix/qmgr[30443]: 1A98E4C9AE1: removed
Oct 27 18:43:13 zimbra postfix/postscreen[26618]: CONNECT from [69.89.25.95]:42013 to [203.66.83.217]:25
Oct 27 18:43:13 zimbra postfix/postscreen[26618]: PASS OLD [69.89.25.95]:42013
Oct 27 18:43:13 zimbra postfix/postscreen[26618]: CONNECT from [69.89.25.95]:37257 to [203.66.83.217]:25
Oct 27 18:43:13 zimbra postfix/postscreen[26618]: PASS OLD [69.89.25.95]:37257
Oct 27 18:43:13 zimbra postfix/smtpd[26619]: connect from gproxy1-pub.mail.unifiedlayer.com[69.89.25.95]
Oct 27 18:43:13 zimbra postfix/smtpd[26808]: connect from gproxy1-pub.mail.unifiedlayer.com[69.89.25.95]
Oct 27 18:43:14 zimbra postfix/smtpd[26619]: Anonymous TLS connection established from gproxy1-pub.mail.unifiedlayer.com[69.89.25.95]: TLSv1.2 with cipher AECDH-AES256-SHA (256/256 bits)
Oct 27 18:43:14 zimbra postfix/smtpd[26808]: Anonymous TLS connection established from gproxy1-pub.mail.unifiedlayer.com[69.89.25.95]: TLSv1.2 with cipher AECDH-AES256-SHA (256/256 bits)
Oct 27 18:43:14 zimbra postfix/smtpd[26619]: NOQUEUE: filter: RCPT from gproxy1-pub.mail.unifiedlayer.com[69.89.25.95]: <s1@skyrock-casting.org>: Sender address triggers FILTER smtp-amavis:[127.0.0.1]:10026; from=<s1@skyrock-casting.org> to=<service02@fulltech-metal.net> proto=ESMTP helo=<gproxy1.mail.unifiedlayer.com>
Oct 27 18:43:14 zimbra postfix/smtpd[26619]: NOQUEUE: filter: RCPT from gproxy1-pub.mail.unifiedlayer.com[69.89.25.95]: <s1@skyrock-casting.org>: Sender address triggers FILTER smtp-amavis:[127.0.0.1]:10024; from=<s1@skyrock-casting.org> to=<service02@fulltech-metal.net> proto=ESMTP helo=<gproxy1.mail.unifiedlayer.com>
Oct 27 18:43:14 zimbra postfix/smtpd[26619]: C3DDD4BF9BF: client=gproxy1-pub.mail.unifiedlayer.com[69.89.25.95]
Oct 27 18:43:14 zimbra postfix/smtpd[26808]: NOQUEUE: filter: RCPT from gproxy1-pub.mail.unifiedlayer.com[69.89.25.95]: <s1@skyrock-casting.org>: Sender address triggers FILTER smtp-amavis:[127.0.0.1]:10026; from=<s1@skyrock-casting.org> to=<service06@fulltech-metal.net> proto=ESMTP helo=<gproxy1.mail.unifiedlayer.com>
Oct 27 18:43:14 zimbra postfix/smtpd[26808]: NOQUEUE: filter: RCPT from gproxy1-pub.mail.unifiedlayer.com[69.89.25.95]: <s1@skyrock-casting.org>: Sender address triggers FILTER smtp-amavis:[127.0.0.1]:10024; from=<s1@skyrock-casting.org> to=<service06@fulltech-metal.net> proto=ESMTP helo=<gproxy1.mail.unifiedlayer.com>
Oct 27 18:43:14 zimbra postfix/smtpd[26808]: CC71C4BFA1A: client=gproxy1-pub.mail.unifiedlayer.com[69.89.25.95]
Oct 27 18:43:14 zimbra postfix/cleanup[26626]: C3DDD4BF9BF: message-id=<0fe55780311b88f89dc56cd4adfd5e4b@skyrock-casting.org>
Oct 27 18:43:14 zimbra postfix/qmgr[30443]: C3DDD4BF9BF: from=<s1@skyrock-casting.org>, size=3903, nrcpt=1 (queue active)
Oct 27 18:43:14 zimbra postfix/cleanup[26888]: CC71C4BFA1A: message-id=<0fe55780311b88f89dc56cd4adfd5e4b@skyrock-casting.org>
Oct 27 18:43:15 zimbra postfix/qmgr[30443]: CC71C4BFA1A: from=<s1@skyrock-casting.org>, size=3904, nrcpt=1 (queue active)
Oct 27 18:43:15 zimbra postfix/smtpd[26619]: disconnect from gproxy1-pub.mail.unifiedlayer.com[69.89.25.95] ehlo=2 starttls=1 mail=1 rcpt=1 data=1 quit=1 commands=7
Oct 27 18:43:15 zimbra postfix/smtpd[26808]: disconnect from gproxy1-pub.mail.unifiedlayer.com[69.89.25.95] ehlo=2 starttls=1 mail=1 rcpt=1 data=1 quit=1 commands=7
Oct 27 18:43:16 zimbra postfix/amavisd/smtpd[26632]: connect from localhost[127.0.0.1]
Oct 27 18:43:16 zimbra postfix/amavisd/smtpd[27124]: connect from localhost[127.0.0.1]
Oct 27 18:43:16 zimbra postfix/amavisd/smtpd[26632]: 866564C9B20: client=localhost[127.0.0.1]
Oct 27 18:43:16 zimbra postfix/amavisd/smtpd[27124]: 866DB4C9B21: client=localhost[127.0.0.1]
Oct 27 18:43:16 zimbra postfix/cleanup[26896]: 866564C9B20: message-id=<0fe55780311b88f89dc56cd4adfd5e4b@skyrock-casting.org>
Oct 27 18:43:16 zimbra postfix/cleanup[26626]: 866DB4C9B21: message-id=<0fe55780311b88f89dc56cd4adfd5e4b@skyrock-casting.org>
Oct 27 18:43:16 zimbra postfix/qmgr[30443]: 866564C9B20: from=<s1@skyrock-casting.org>, size=4650, nrcpt=1 (queue active)
Oct 27 18:43:16 zimbra postfix/amavisd/smtpd[26632]: disconnect from localhost[127.0.0.1] ehlo=1 mail=1 rcpt=1 data=1 quit=1 commands=5
Oct 27 18:43:16 zimbra postfix/amavisd/smtpd[27124]: disconnect from localhost[127.0.0.1] ehlo=1 mail=1 rcpt=1 data=1 quit=1 commands=5
Oct 27 18:43:16 zimbra postfix/smtp[26627]: CC71C4BFA1A: to=<service06@fulltech-metal.net>, relay=127.0.0.1[127.0.0.1]:10024, delay=1.7, delays=0.17/0/0/1.6, dsn=2.0.0, status=sent (250 2.0.0 from MTA(smtp:[127.0.0.1]:10025): 250 2.0.0 Ok: queued as 866DB4C9B21)
Oct 27 18:43:16 zimbra postfix/smtp[26949]: C3DDD4BF9BF: to=<service02@fulltech-metal.net>, relay=127.0.0.1[127.0.0.1]:10024, delay=1.8, delays=0.16/0/0/1.6, dsn=2.0.0, status=sent (250 2.0.0 from MTA(smtp:[127.0.0.1]:10025): 250 2.0.0 Ok: queued as 866564C9B20)
Oct 27 18:43:16 zimbra postfix/qmgr[30443]: CC71C4BFA1A: removed
Oct 27 18:43:16 zimbra postfix/qmgr[30443]: C3DDD4BF9BF: removed
Oct 27 18:43:16 zimbra postfix/qmgr[30443]: 866DB4C9B21: from=<s1@skyrock-casting.org>, size=4651, nrcpt=1 (queue active)
Oct 27 18:43:16 zimbra postfix/lmtp[26633]: 866DB4C9B21: to=<service06@fulltech-metal.net>, relay=zimbra.fulltech-metal.net[203.66.83.217]:7025, delay=0.13, delays=0.01/0/0.06/0.06, dsn=2.1.5, status=sent (250 2.1.5 Delivery OK)
Oct 27 18:43:16 zimbra postfix/lmtp[26634]: 866564C9B20: to=<service02@fulltech-metal.net>, relay=zimbra.fulltech-metal.net[203.66.83.217]:7025, delay=0.13, delays=0.01/0.01/0.06/0.05, dsn=2.1.5, status=sent (250 2.1.5 Delivery OK)
Oct 27 18:43:16 zimbra postfix/qmgr[30443]: 866564C9B20: removed
Oct 27 18:43:16 zimbra postfix/qmgr[30443]: 866DB4C9B21: removed
Oct 27 18:46:35 zimbra postfix/anvil[26622]: statistics: max connection rate 3/60s for (smtpd:69.89.20.226) at Oct 27 18:42:02
Oct 27 18:46:35 zimbra postfix/anvil[26622]: statistics: max connection count 3 for (smtpd:69.89.20.226) at Oct 27 18:42:02
Oct 27 18:46:35 zimbra postfix/anvil[26622]: statistics: max cache size 4 at Oct 27 18:42:02
Oct 27 23:30:25 zimbra postfix/postscreen[7778]: CONNECT from [203.66.83.217]:37354 to [203.66.83.217]:25
Oct 27 23:30:25 zimbra postfix/postscreen[7778]: WHITELISTED [203.66.83.217]:37354
Oct 27 23:30:25 zimbra postfix/smtpd[7779]: connect from zimbra.fulltech-metal.net[203.66.83.217]
Oct 27 23:30:25 zimbra postfix/smtpd[7779]: NOQUEUE: filter: RCPT from zimbra.fulltech-metal.net[203.66.83.217]: <admin@fulltech-metal.net>: Sender address triggers FILTER smtp-amavis:[127.0.0.1]:10026; from=<admin@fulltech-metal.net> to=<admin@fulltech-metal.net> proto=ESMTP helo=<localhost.localdomain>
Oct 27 23:30:25 zimbra postfix/smtpd[7779]: 973F84A164F: client=zimbra.fulltech-metal.net[203.66.83.217]
