Nov 14 09:38:44 zimbra postfix/cleanup[26054]: 18E054A1864: message-id=<01F973DFFBDE354D8E733080455D9D69027A3E4F@QS-MBX01.benq.corp.com>
Nov 14 09:38:45 zimbra postfix/qmgr[6416]: 18E054A1864: from=<June.Chen@Qisda.com>, size=180748, nrcpt=1 (queue active)
Nov 14 09:38:45 zimbra postfix/smtpd[26051]: disconnect from IMSS3.Qisda.com[210.59.182.193] ehlo=1 mail=1 rcpt=1 data=1 quit=1 commands=5
Nov 14 09:38:47 zimbra postfix/amavisd/smtpd[26057]: connect from localhost[127.0.0.1]
Nov 14 09:38:47 zimbra postfix/amavisd/smtpd[26057]: 766034A187C: client=localhost[127.0.0.1]
Nov 14 09:38:47 zimbra postfix/cleanup[26058]: 766034A187C: message-id=<01F973DFFBDE354D8E733080455D9D69027A3E4F@QS-MBX01.benq.corp.com>
Nov 14 09:38:47 zimbra postfix/amavisd/smtpd[26057]: disconnect from localhost[127.0.0.1] ehlo=1 mail=1 rcpt=1 data=1 quit=1 commands=5
Nov 14 09:38:47 zimbra postfix/qmgr[6416]: 766034A187C: from=<June.Chen@Qisda.com>, size=181501, nrcpt=1 (queue active)
Nov 14 09:38:47 zimbra postfix/smtp[26055]: 18E054A1864: to=<service04@fulltech-metal.net>, relay=127.0.0.1[127.0.0.1]:10024, delay=3.4, delays=1.2/0/0/2.3, dsn=2.0.0, status=sent (250 2.0.0 from MTA(smtp:[127.0.0.1]:10025): 250 2.0.0 Ok: queued as 766034A187C)
Nov 14 09:38:47 zimbra postfix/qmgr[6416]: 18E054A1864: removed
Nov 14 09:38:47 zimbra postfix/lmtp[26059]: 766034A187C: to=<service04@fulltech-metal.net>, relay=zimbra.fulltech-metal.net[203.66.83.217]:7025, delay=0.21, delays=0.05/0/0.05/0.11, dsn=2.1.5, status=sent (250 2.1.5 Delivery OK)
Nov 14 09:38:47 zimbra postfix/qmgr[6416]: 766034A187C: removed
Nov 14 09:39:22 zimbra postfix/postscreen[26050]: CONNECT from [210.59.182.195]:51504 to [203.66.83.217]:25
Nov 14 09:39:28 zimbra postfix/postscreen[26050]: PASS OLD [210.59.182.195]:51504
Nov 14 09:39:28 zimbra postfix/smtpd[26051]: connect from IMSS5.Qisda.com[210.59.182.195]
Nov 14 09:39:28 zimbra postfix/smtpd[26051]: NOQUEUE: filter: RCPT from IMSS5.Qisda.com[210.59.182.195]: <June.Chen@Qisda.com>: Sender address triggers FILTER smtp-amavis:[127.0.0.1]:10026; from=<June.Chen@Qisda.com> to=<service04@fulltech-metal.net> proto=ESMTP helo=<IMSS5.Qisda.com>
Nov 14 09:39:28 zimbra postfix/smtpd[26051]: NOQUEUE: filter: RCPT from IMSS5.Qisda.com[210.59.182.195]: <June.Chen@Qisda.com>: Sender address triggers FILTER smtp-amavis:[127.0.0.1]:10024; from=<June.Chen@Qisda.com> to=<service04@fulltech-metal.net> proto=ESMTP helo=<IMSS5.Qisda.com>
Nov 14 09:39:28 zimbra postfix/smtpd[26051]: 2171F4A1864: client=IMSS5.Qisda.com[210.59.182.195]
Nov 14 09:39:28 zimbra postfix/cleanup[26054]: 2171F4A1864: message-id=<01F973DFFBDE354D8E733080455D9D69027A3E67@QS-MBX01.benq.corp.com>
Nov 14 09:39:28 zimbra postfix/qmgr[6416]: 2171F4A1864: from=<June.Chen@Qisda.com>, size=181513, nrcpt=1 (queue active)
Nov 14 09:39:28 zimbra postfix/smtpd[26051]: disconnect from IMSS5.Qisda.com[210.59.182.195] ehlo=1 mail=1 rcpt=1 data=1 quit=1 commands=5
Nov 14 09:39:31 zimbra postfix/amavisd/smtpd[26057]: connect from localhost[127.0.0.1]
Nov 14 09:39:31 zimbra postfix/amavisd/smtpd[26057]: 377C24A187C: client=localhost[127.0.0.1]
Nov 14 09:39:31 zimbra postfix/cleanup[26058]: 377C24A187C: message-id=<01F973DFFBDE354D8E733080455D9D69027A3E67@QS-MBX01.benq.corp.com>
Nov 14 09:39:31 zimbra postfix/amavisd/smtpd[26057]: disconnect from localhost[127.0.0.1] ehlo=1 mail=1 rcpt=1 data=1 quit=1 commands=5
Nov 14 09:39:31 zimbra postfix/qmgr[6416]: 377C24A187C: from=<June.Chen@Qisda.com>, size=182266, nrcpt=1 (queue active)
Nov 14 09:39:31 zimbra postfix/smtp[26055]: 2171F4A1864: to=<service04@fulltech-metal.net>, relay=127.0.0.1[127.0.0.1]:10024, delay=3.2, delays=0.38/0/0/2.8, dsn=2.0.0, status=sent (250 2.0.0 from MTA(smtp:[127.0.0.1]:10025): 250 2.0.0 Ok: queued as 377C24A187C)
Nov 14 09:39:31 zimbra postfix/qmgr[6416]: 2171F4A1864: removed
Nov 14 09:39:31 zimbra postfix/lmtp[26059]: 377C24A187C: to=<service04@fulltech-metal.net>, relay=zimbra.fulltech-metal.net[203.66.83.217]:7025, delay=0.2, delays=0.04/0/0.05/0.1, dsn=2.1.5, status=sent (250 2.1.5 Delivery OK)
Nov 14 09:39:31 zimbra postfix/qmgr[6416]: 377C24A187C: removed
Nov 14 09:42:48 zimbra postfix/anvil[24142]: statistics: max connection rate 2/60s for (smtpd:222.92.254.194) at Nov 14 09:37:36
Nov 14 09:42:48 zimbra postfix/anvil[24142]: statistics: max connection count 1 for (smtpd:222.92.254.194) at Nov 14 09:34:04
Nov 14 09:42:48 zimbra postfix/anvil[24142]: statistics: max cache size 2 at Nov 14 09:39:28
Nov 14 09:42:52 zimbra postfix/postscreen[29525]: CONNECT from [222.92.254.194]:53167 to [203.66.83.217]:25
Nov 14 09:42:52 zimbra postfix/postscreen[29525]: PASS OLD [222.92.254.194]:53167
Nov 14 09:42:52 zimbra postfix/smtpd[29526]: connect from unknown[222.92.254.194]
Nov 14 09:42:53 zimbra postfix/smtpd[29526]: Anonymous TLS connection established from unknown[222.92.254.194]: TLSv1.2 with cipher ECDHE-RSA-AES256-GCM-SHA384 (256/256 bits)
Nov 14 09:42:53 zimbra postfix/smtpd[29526]: NOQUEUE: filter: RCPT from unknown[222.92.254.194]: <service04@fulltech-metal.net>: Sender address triggers FILTER smtp-amavis:[127.0.0.1]:10026; from=<service04@fulltech-metal.net> to=<Jack.han@wnc.com.tw> proto=ESMTP helo=<ft-yw20>
Nov 14 09:42:53 zimbra postfix/smtpd[29526]: BECB14A1864: client=unknown[222.92.254.194], sasl_method=LOGIN, sasl_username=service04@fulltech-metal.net
Nov 14 09:42:53 zimbra postfix/smtpd[29526]: BECB14A1864: filter: RCPT from unknown[222.92.254.194]: <service04@fulltech-metal.net>: Sender address triggers FILTER smtp-amavis:[127.0.0.1]:10026; from=<service04@fulltech-metal.net> to=<yb.fan@fulltech-metal.com> proto=ESMTP helo=<ft-yw20>
Nov 14 09:42:54 zimbra postfix/cleanup[29531]: BECB14A1864: message-id=<2016111409425252203626@fulltech-metal.net>
Nov 14 09:42:54 zimbra postfix/qmgr[6416]: BECB14A1864: from=<service04@fulltech-metal.net>, size=24008, nrcpt=2 (queue active)
Nov 14 09:42:54 zimbra postfix/dkimmilter/smtpd[29534]: connect from localhost[127.0.0.1]
Nov 14 09:42:54 zimbra postfix/dkimmilter/smtpd[29534]: 5AE334A187C: client=localhost[127.0.0.1]
Nov 14 09:42:54 zimbra postfix/cleanup[29531]: 5AE334A187C: message-id=<2016111409425252203626@fulltech-metal.net>
Nov 14 09:42:54 zimbra postfix/qmgr[6416]: 5AE334A187C: from=<service04@fulltech-metal.net>, size=24460, nrcpt=2 (queue active)
Nov 14 09:42:54 zimbra postfix/dkimmilter/smtpd[29534]: disconnect from localhost[127.0.0.1] ehlo=1 mail=1 rcpt=2 data=1 quit=1 commands=6
Nov 14 09:42:54 zimbra postfix/smtp[29532]: BECB14A1864: to=<yb.fan@fulltech-metal.com>, relay=127.0.0.1[127.0.0.1]:10026, delay=0.72, delays=0.57/0.01/0/0.14, dsn=2.0.0, status=sent (250 2.0.0 from MTA(smtp:[127.0.0.1]:10030): 250 2.0.0 Ok: queued as 5AE334A187C)
Nov 14 09:42:54 zimbra postfix/smtp[29532]: BECB14A1864: to=<Jack.han@wnc.com.tw>, relay=127.0.0.1[127.0.0.1]:10026, delay=0.72, delays=0.57/0.01/0/0.14, dsn=2.0.0, status=sent (250 2.0.0 from MTA(smtp:[127.0.0.1]:10030): 250 2.0.0 Ok: queued as 5AE334A187C)
Nov 14 09:42:54 zimbra postfix/qmgr[6416]: BECB14A1864: removed
Nov 14 09:42:54 zimbra postfix/amavisd/smtpd[29537]: connect from localhost[127.0.0.1]
Nov 14 09:42:54 zimbra postfix/amavisd/smtpd[29537]: C82484A1864: client=localhost[127.0.0.1]
Nov 14 09:42:54 zimbra postfix/cleanup[29531]: C82484A1864: message-id=<2016111409425252203626@fulltech-metal.net>
Nov 14 09:42:54 zimbra postfix/qmgr[6416]: C82484A1864: from=<service04@fulltech-metal.net>, size=24786, nrcpt=2 (queue active)
Nov 14 09:42:54 zimbra postfix/amavisd/smtpd[29537]: disconnect from localhost[127.0.0.1] ehlo=1 mail=1 rcpt=2 data=1 quit=1 commands=6
Nov 14 09:42:54 zimbra postfix/smtp[29532]: 5AE334A187C: to=<yb.fan@fulltech-metal.com>, relay=127.0.0.1[127.0.0.1]:10032, delay=0.46, delays=0.05/0.01/0/0.4, dsn=2.0.0, status=sent (250 2.0.0 from MTA(smtp:[127.0.0.1]:10025): 250 2.0.0 Ok: queued as C82484A1864)
Nov 14 09:42:54 zimbra postfix/smtp[29532]: 5AE334A187C: to=<Jack.han@wnc.com.tw>, relay=127.0.0.1[127.0.0.1]:10032, delay=0.46, delays=0.05/0.01/0/0.4, dsn=2.0.0, status=sent (250 2.0.0 from MTA(smtp:[127.0.0.1]:10025): 250 2.0.0 Ok: queued as C82484A1864)
Nov 14 09:42:54 zimbra postfix/qmgr[6416]: 5AE334A187C: removed
Nov 14 09:42:55 zimbra postfix/smtpd[29526]: disconnect from unknown[222.92.254.194] ehlo=2 starttls=1 auth=1 mail=1 rcpt=2 data=1 quit=1 commands=9
Nov 14 09:42:56 zimbra postfix/smtp[29539]: C82484A1864: to=<Jack.han@wnc.com.tw>, relay=smtp.wnc.com.tw[211.75.124.87]:25, delay=1.7, delays=0.01/0.02/1.1/0.52, dsn=2.0.0, status=sent (250 24790 bytes received: 1156771555 (b584bde68d5e4e2c88a8200ce84db493-20161114))
Nov 14 09:43:03 zimbra postfix/smtp[29538]: C82484A1864: to=<yb.fan@fulltech-metal.com>, relay=mail.fulltech-metal.com[222.92.254.200]:25, delay=8.9, delays=0.01/0.02/0.61/8.3, dsn=2.0.0, status=sent (250 ok message accepted [1479087783.31308.5564,S=24991]?)
Nov 14 09:43:03 zimbra postfix/qmgr[6416]: C82484A1864: removed
Nov 14 09:44:13 zimbra postfix/postscreen[29525]: CONNECT from [222.92.254.194]:53199 to [203.66.83.217]:25
Nov 14 09:44:13 zimbra postfix/postscreen[29525]: PASS OLD [222.92.254.194]:53199
Nov 14 09:44:13 zimbra postfix/smtpd[29526]: connect from unknown[222.92.254.194]
Nov 14 09:44:13 zimbra postfix/smtpd[29526]: Anonymous TLS connection established from unknown[222.92.254.194]: TLSv1.2 with cipher ECDHE-RSA-AES256-GCM-SHA384 (256/256 bits)
Nov 14 09:44:13 zimbra postfix/smtpd[29526]: NOQUEUE: filter: RCPT from unknown[222.92.254.194]: <service04@fulltech-metal.net>: Sender address triggers FILTER smtp-amavis:[127.0.0.1]:10026; from=<service04@fulltech-metal.net> to=<June.Chen@Qisda.com> proto=ESMTP helo=<ft-yw20>
Nov 14 09:44:13 zimbra postfix/smtpd[29526]: ED05E4A1864: client=unknown[222.92.254.194], sasl_method=LOGIN, sasl_username=service04@fulltech-metal.net
Nov 14 09:44:14 zimbra postfix/cleanup[29531]: ED05E4A1864: message-id=<2016111409441277645027@fulltech-metal.net>
Nov 14 09:44:14 zimbra postfix/qmgr[6416]: ED05E4A1864: from=<service04@fulltech-metal.net>, size=205003, nrcpt=1 (queue active)
Nov 14 09:44:14 zimbra postfix/dkimmilter/smtpd[29534]: connect from localhost[127.0.0.1]
Nov 14 09:44:14 zimbra postfix/dkimmilter/smtpd[29534]: C43B04A187C: client=localhost[127.0.0.1]
Nov 14 09:44:14 zimbra postfix/cleanup[29531]: C43B04A187C: message-id=<2016111409441277645027@fulltech-metal.net>
Nov 14 09:44:14 zimbra postfix/qmgr[6416]: C43B04A187C: from=<service04@fulltech-metal.net>, size=205509, nrcpt=1 (queue active)
Nov 14 09:44:14 zimbra postfix/dkimmilter/smtpd[29534]: disconnect from localhost[127.0.0.1] ehlo=1 mail=1 rcpt=1 data=1 quit=1 commands=5
Nov 14 09:44:14 zimbra postfix/smtp[29536]: ED05E4A1864: to=<June.Chen@Qisda.com>, relay=127.0.0.1[127.0.0.1]:10026, delay=0.97, delays=0.72/0/0/0.25, dsn=2.0.0, status=sent (250 2.0.0 from MTA(smtp:[127.0.0.1]:10030): 250 2.0.0 Ok: queued as C43B04A187C)
Nov 14 09:44:14 zimbra postfix/qmgr[6416]: ED05E4A1864: removed
Nov 14 09:44:16 zimbra postfix/smtpd[29526]: disconnect from unknown[222.92.254.194] ehlo=2 starttls=1 auth=1 mail=1 rcpt=1 data=1 quit=1 commands=8
Nov 14 09:44:16 zimbra postfix/amavisd/smtpd[29537]: connect from localhost[127.0.0.1]
Nov 14 09:44:16 zimbra postfix/amavisd/smtpd[29537]: 4E3264A1864: client=localhost[127.0.0.1]
Nov 14 09:44:16 zimbra postfix/cleanup[29531]: 4E3264A1864: message-id=<2016111409441277645027@fulltech-metal.net>
Nov 14 09:44:16 zimbra postfix/amavisd/smtpd[29537]: disconnect from localhost[127.0.0.1] ehlo=1 mail=1 rcpt=1 data=1 quit=1 commands=5
Nov 14 09:44:16 zimbra postfix/qmgr[6416]: 4E3264A1864: from=<service04@fulltech-metal.net>, size=205889, nrcpt=1 (queue active)
Nov 14 09:44:16 zimbra postfix/smtp[29532]: C43B04A187C: to=<June.Chen@Qisda.com>, relay=127.0.0.1[127.0.0.1]:10032, delay=1.6, delays=0.05/0.01/0/1.5, dsn=2.0.0, status=sent (250 2.0.0 from MTA(smtp:[127.0.0.1]:10025): 250 2.0.0 Ok: queued as 4E3264A1864)
Nov 14 09:44:16 zimbra postfix/qmgr[6416]: C43B04A187C: removed
Nov 14 09:44:17 zimbra postfix/smtp[29539]: 4E3264A1864: to=<June.Chen@Qisda.com>, relay=mx01.Qisda.com[210.59.182.119]:25, delay=0.9, delays=0.06/0.01/0.12/0.71, dsn=2.0.0, status=sent (250 OK: <00be5a7200000a1b@MX01.Qisda.com>)
Nov 14 09:44:17 zimbra postfix/qmgr[6416]: 4E3264A1864: removed
Nov 14 09:45:10 zimbra postfix/postscreen[29525]: CONNECT from [58.210.168.35]:17339 to [203.66.83.217]:25
Nov 14 09:45:10 zimbra postfix/postscreen[29525]: PASS OLD [58.210.168.35]:17339
Nov 14 09:45:10 zimbra postfix/smtpd[29526]: connect from mail.feiliks.com[58.210.168.35]
Nov 14 09:45:10 zimbra postfix/smtpd[29526]: NOQUEUE: filter: RCPT from mail.feiliks.com[58.210.168.35]: <xiaohua_zhang@jishiks.com>: Sender address triggers FILTER smtp-amavis:[127.0.0.1]:10026; from=<xiaohua_zhang@jishiks.com> to=<service07@fulltech-metal.net> proto=ESMTP helo=<mail.feiliks.com>
Nov 14 09:45:10 zimbra postfix/smtpd[29526]: NOQUEUE: filter: RCPT from mail.feiliks.com[58.210.168.35]: <xiaohua_zhang@jishiks.com>: Sender address triggers FILTER smtp-amavis:[127.0.0.1]:10024; from=<xiaohua_zhang@jishiks.com> to=<service07@fulltech-metal.net> proto=ESMTP helo=<mail.feiliks.com>
Nov 14 09:45:10 zimbra postfix/smtpd[29526]: A32E04A1864: client=mail.feiliks.com[58.210.168.35]
Nov 14 09:45:10 zimbra postfix/cleanup[29531]: A32E04A1864: message-id=<004f01d23e18$bf554760$3dffd620$@com>
Nov 14 09:45:13 zimbra postfix/qmgr[6416]: A32E04A1864: from=<xiaohua_zhang@jishiks.com>, size=706155, nrcpt=1 (queue active)
Nov 14 09:45:14 zimbra postfix/amavisd/smtpd[29537]: connect from localhost[127.0.0.1]
Nov 14 09:45:14 zimbra postfix/amavisd/smtpd[29537]: 1D0D34A187C: client=localhost[127.0.0.1]
Nov 14 09:45:14 zimbra postfix/cleanup[29531]: 1D0D34A187C: message-id=<004f01d23e18$bf554760$3dffd620$@com>
Nov 14 09:45:14 zimbra postfix/qmgr[6416]: 1D0D34A187C: from=<xiaohua_zhang@jishiks.com>, size=706802, nrcpt=1 (queue active)
Nov 14 09:45:14 zimbra postfix/amavisd/smtpd[29537]: disconnect from localhost[127.0.0.1] ehlo=1 mail=1 rcpt=1 data=1 quit=1 commands=5
Nov 14 09:45:14 zimbra postfix/smtp[29536]: A32E04A1864: to=<service07@fulltech-metal.net>, relay=127.0.0.1[127.0.0.1]:10024, delay=3.6, delays=2.4/0/0/1.2, dsn=2.0.0, status=sent (250 2.0.0 from MTA(smtp:[127.0.0.1]:10025): 250 2.0.0 Ok: queued as 1D0D34A187C)
Nov 14 09:45:14 zimbra postfix/qmgr[6416]: A32E04A1864: removed
Nov 14 09:45:14 zimbra postfix/lmtp[30878]: 1D0D34A187C: to=<service07@fulltech-metal.net>, relay=zimbra.fulltech-metal.net[203.66.83.217]:7025, delay=0.26, delays=0.05/0.01/0.05/0.14, dsn=2.1.5, status=sent (250 2.1.5 Delivery OK)
Nov 14 09:45:14 zimbra postfix/qmgr[6416]: 1D0D34A187C: removed
Nov 14 09:45:18 zimbra postfix/smtpd[29526]: disconnect from mail.feiliks.com[58.210.168.35] ehlo=1 mail=1 rcpt=1 data=1 quit=1 commands=5
Nov 14 09:45:51 zimbra postfix/postscreen[29525]: CONNECT from [210.59.182.195]:51832 to [203.66.83.217]:25
Nov 14 09:45:51 zimbra postfix/postscreen[29525]: PASS OLD [210.59.182.195]:51832
Nov 14 09:45:51 zimbra postfix/smtpd[29526]: connect from IMSS5.Qisda.com[210.59.182.195]
Nov 14 09:45:51 zimbra postfix/smtpd[29526]: NOQUEUE: filter: RCPT from IMSS5.Qisda.com[210.59.182.195]: <June.Chen@Qisda.com>: Sender address triggers FILTER smtp-amavis:[127.0.0.1]:10026; from=<June.Chen@Qisda.com> to=<service04@fulltech-metal.net> proto=ESMTP helo=<IMSS5.Qisda.com>
Nov 14 09:45:51 zimbra postfix/smtpd[29526]: NOQUEUE: filter: RCPT from IMSS5.Qisda.com[210.59.182.195]: <June.Chen@Qisda.com>: Sender address triggers FILTER smtp-amavis:[127.0.0.1]:10024; from=<June.Chen@Qisda.com> to=<service04@fulltech-metal.net> proto=ESMTP helo=<IMSS5.Qisda.com>
Nov 14 09:45:51 zimbra postfix/smtpd[29526]: CE8E24A1864: client=IMSS5.Qisda.com[210.59.182.195]
Nov 14 09:45:52 zimbra postfix/cleanup[29531]: CE8E24A1864: message-id=<01F973DFFBDE354D8E733080455D9D69027A3E98@QS-MBX01.benq.corp.com>
Nov 14 09:45:53 zimbra postfix/qmgr[6416]: CE8E24A1864: from=<June.Chen@Qisda.com>, size=194856, nrcpt=1 (queue active)
Nov 14 09:45:53 zimbra postfix/smtpd[29526]: disconnect from IMSS5.Qisda.com[210.59.182.195] ehlo=1 mail=1 rcpt=1 data=1 quit=1 commands=5
Nov 14 09:45:55 zimbra postfix/amavisd/smtpd[29537]: connect from localhost[127.0.0.1]
Nov 14 09:45:55 zimbra postfix/amavisd/smtpd[29537]: 453634A187C: client=localhost[127.0.0.1]
Nov 14 09:45:55 zimbra postfix/cleanup[29531]: 453634A187C: message-id=<01F973DFFBDE354D8E733080455D9D69027A3E98@QS-MBX01.benq.corp.com>
Nov 14 09:45:55 zimbra postfix/amavisd/smtpd[29537]: disconnect from localhost[127.0.0.1] ehlo=1 mail=1 rcpt=1 data=1 quit=1 commands=5
Nov 14 09:45:55 zimbra postfix/qmgr[6416]: 453634A187C: from=<June.Chen@Qisda.com>, size=195611, nrcpt=1 (queue active)
Nov 14 09:45:55 zimbra postfix/smtp[29532]: CE8E24A1864: to=<service04@fulltech-metal.net>, relay=127.0.0.1[127.0.0.1]:10024, delay=3.6, delays=2/0/0/1.5, dsn=2.0.0, status=sent (250 2.0.0 from MTA(smtp:[127.0.0.1]:10025): 250 2.0.0 Ok: queued as 453634A187C)
Nov 14 09:45:55 zimbra postfix/qmgr[6416]: CE8E24A1864: removed
Nov 14 09:45:55 zimbra postfix/lmtp[30878]: 453634A187C: to=<service04@fulltech-metal.net>, relay=zimbra.fulltech-metal.net[203.66.83.217]:7025, delay=0.18, delays=0.05/0/0.05/0.08, dsn=2.1.5, status=sent (250 2.1.5 Delivery OK)
Nov 14 09:45:55 zimbra postfix/qmgr[6416]: 453634A187C: removed
Nov 14 09:49:14 zimbra postfix/anvil[29528]: statistics: max connection rate 1/60s for (smtpd:222.92.254.194) at Nov 14 09:42:52
Nov 14 09:49:14 zimbra postfix/anvil[29528]: statistics: max connection count 1 for (smtpd:222.92.254.194) at Nov 14 09:42:52
Nov 14 09:49:14 zimbra postfix/anvil[29528]: statistics: max cache size 2 at Nov 14 09:45:10
Nov 14 09:49:41 zimbra postfix/postscreen[1295]: CONNECT from [211.75.124.87]:40166 to [203.66.83.217]:25
Nov 14 09:49:47 zimbra postfix/postscreen[1295]: PASS OLD [211.75.124.87]:40166
Nov 14 09:49:47 zimbra postfix/smtpd[1300]: connect from smtp.wnc.com.tw[211.75.124.87]
Nov 14 09:49:48 zimbra postfix/smtpd[1300]: NOQUEUE: filter: RCPT from smtp.wnc.com.tw[211.75.124.87]: <prvs=1119aa5070=jack.han@wnc.com.tw>: Sender address triggers FILTER smtp-amavis:[127.0.0.1]:10026; from=<prvs=1119aa5070=jack.han@wnc.com.tw> to=<service04@fulltech-metal.net> proto=ESMTP helo=<smtp.wnc.com.tw>
Nov 14 09:49:48 zimbra postfix/smtpd[1300]: NOQUEUE: filter: RCPT from smtp.wnc.com.tw[211.75.124.87]: <prvs=1119aa5070=jack.han@wnc.com.tw>: Sender address triggers FILTER smtp-amavis:[127.0.0.1]:10024; from=<prvs=1119aa5070=jack.han@wnc.com.tw> to=<service04@fulltech-metal.net> proto=ESMTP helo=<smtp.wnc.com.tw>
Nov 14 09:49:48 zimbra postfix/smtpd[1300]: CC5F44A1864: client=smtp.wnc.com.tw[211.75.124.87]
Nov 14 09:49:50 zimbra postfix/cleanup[1304]: CC5F44A1864: message-id=<145DD21727AE0E4593D24FA5D2E7DEDCD1DEA588@CNMBOX3.wneweb.com.cn>
Nov 14 09:49:51 zimbra postfix/qmgr[6416]: CC5F44A1864: from=<prvs=1119aa5070=jack.han@wnc.com.tw>, size=50383, nrcpt=1 (queue active)
Nov 14 09:49:51 zimbra postfix/smtpd[1300]: disconnect from smtp.wnc.com.tw[211.75.124.87] ehlo=1 mail=1 rcpt=1 data=1 commands=4
Nov 14 09:49:51 zimbra postfix/amavisd/smtpd[1307]: connect from localhost[127.0.0.1]
Nov 14 09:49:51 zimbra postfix/amavisd/smtpd[1307]: A94E04A187C: client=localhost[127.0.0.1]
Nov 14 09:49:51 zimbra postfix/cleanup[1304]: A94E04A187C: message-id=<145DD21727AE0E4593D24FA5D2E7DEDCD1DEA588@CNMBOX3.wneweb.com.cn>
Nov 14 09:49:51 zimbra postfix/amavisd/smtpd[1307]: disconnect from localhost[127.0.0.1] ehlo=1 mail=1 rcpt=1 data=1 quit=1 commands=5
Nov 14 09:49:51 zimbra postfix/qmgr[6416]: A94E04A187C: from=<prvs=1119aa5070=jack.han@wnc.com.tw>, size=51114, nrcpt=1 (queue active)
Nov 14 09:49:51 zimbra postfix/smtp[1305]: CC5F44A1864: to=<service04@fulltech-metal.net>, relay=127.0.0.1[127.0.0.1]:10024, delay=3.5, delays=2.8/0.01/0/0.59, dsn=2.0.0, status=sent (250 2.0.0 from MTA(smtp:[127.0.0.1]:10025): 250 2.0.0 Ok: queued as A94E04A187C)
Nov 14 09:49:51 zimbra postfix/qmgr[6416]: CC5F44A1864: removed
Nov 14 09:49:51 zimbra postfix/lmtp[1308]: A94E04A187C: to=<service04@fulltech-metal.net>, relay=zimbra.fulltech-metal.net[203.66.83.217]:7025, delay=0.21, delays=0.04/0.01/0.05/0.1, dsn=2.1.5, status=sent (250 2.1.5 Delivery OK)
Nov 14 09:49:51 zimbra postfix/qmgr[6416]: A94E04A187C: removed
Nov 14 09:53:11 zimbra postfix/anvil[1302]: statistics: max connection rate 1/60s for (smtpd:211.75.124.87) at Nov 14 09:49:47
Nov 14 09:53:11 zimbra postfix/anvil[1302]: statistics: max connection count 1 for (smtpd:211.75.124.87) at Nov 14 09:49:47
Nov 14 09:53:11 zimbra postfix/anvil[1302]: statistics: max cache size 1 at Nov 14 09:49:47
Nov 14 09:53:22 zimbra postfix/postscreen[3553]: CONNECT from [58.210.168.35]:18012 to [203.66.83.217]:25
Nov 14 09:53:22 zimbra postfix/postscreen[3553]: PASS OLD [58.210.168.35]:18012
Nov 14 09:53:22 zimbra postfix/smtpd[3554]: connect from mail.feiliks.com[58.210.168.35]
Nov 14 09:53:22 zimbra postfix/smtpd[3554]: NOQUEUE: filter: RCPT from mail.feiliks.com[58.210.168.35]: <xiaohua_zhang@jishiks.com>: Sender address triggers FILTER smtp-amavis:[127.0.0.1]:10026; from=<xiaohua_zhang@jishiks.com> to=<service07@fulltech-metal.net> proto=ESMTP helo=<mail.feiliks.com>
Nov 14 09:53:22 zimbra postfix/smtpd[3554]: NOQUEUE: filter: RCPT from mail.feiliks.com[58.210.168.35]: <xiaohua_zhang@jishiks.com>: Sender address triggers FILTER smtp-amavis:[127.0.0.1]:10024; from=<xiaohua_zhang@jishiks.com> to=<service07@fulltech-metal.net> proto=ESMTP helo=<mail.feiliks.com>
Nov 14 09:53:22 zimbra postfix/smtpd[3554]: E8FF44A1864: client=mail.feiliks.com[58.210.168.35]
Nov 14 09:53:23 zimbra postfix/cleanup[3558]: E8FF44A1864: message-id=<005501d23e19$e1d98840$a58c98c0$@com>
Nov 14 09:53:24 zimbra postfix/qmgr[6416]: E8FF44A1864: from=<xiaohua_zhang@jishiks.com>, size=230974, nrcpt=1 (queue active)
Nov 14 09:53:29 zimbra postfix/amavisd/smtpd[3562]: connect from localhost[127.0.0.1]
Nov 14 09:53:29 zimbra postfix/amavisd/smtpd[3562]: 08F2A4A187C: client=localhost[127.0.0.1]
Nov 14 09:53:29 zimbra postfix/cleanup[3558]: 08F2A4A187C: message-id=<005501d23e19$e1d98840$a58c98c0$@com>
Nov 14 09:53:29 zimbra postfix/amavisd/smtpd[3562]: disconnect from localhost[127.0.0.1] ehlo=1 mail=1 rcpt=1 data=1 quit=1 commands=5
Nov 14 09:53:29 zimbra postfix/qmgr[6416]: 08F2A4A187C: from=<xiaohua_zhang@jishiks.com>, size=231621, nrcpt=1 (queue active)
Nov 14 09:53:29 zimbra postfix/smtp[3559]: E8FF44A1864: to=<service07@fulltech-metal.net>, relay=127.0.0.1[127.0.0.1]:10024, delay=6.2, delays=1.3/0.01/0/4.8, dsn=2.0.0, status=sent (250 2.0.0 from MTA(smtp:[127.0.0.1]:10025): 250 2.0.0 Ok: queued as 08F2A4A187C)
Nov 14 09:53:29 zimbra postfix/qmgr[6416]: E8FF44A1864: removed
Nov 14 09:53:29 zimbra postfix/lmtp[3563]: 08F2A4A187C: to=<service07@fulltech-metal.net>, relay=zimbra.fulltech-metal.net[203.66.83.217]:7025, delay=0.19, delays=0.01/0.01/0.05/0.11, dsn=2.1.5, status=sent (250 2.1.5 Delivery OK)
Nov 14 09:53:29 zimbra postfix/qmgr[6416]: 08F2A4A187C: removed
Nov 14 09:53:29 zimbra postfix/smtpd[3554]: disconnect from mail.feiliks.com[58.210.168.35] ehlo=1 mail=1 rcpt=1 data=1 quit=1 commands=5
Nov 14 09:56:49 zimbra postfix/anvil[3556]: statistics: max connection rate 1/60s for (smtpd:58.210.168.35) at Nov 14 09:53:22
Nov 14 09:56:49 zimbra postfix/anvil[3556]: statistics: max connection count 1 for (smtpd:58.210.168.35) at Nov 14 09:53:22
Nov 14 09:56:49 zimbra postfix/anvil[3556]: statistics: max cache size 1 at Nov 14 09:53:22
Nov 14 09:58:02 zimbra postfix/postscreen[6197]: CONNECT from [222.92.254.194]:58547 to [203.66.83.217]:25
Nov 14 09:58:02 zimbra postfix/postscreen[6197]: PASS OLD [222.92.254.194]:58547
Nov 14 09:58:02 zimbra postfix/smtpd[6199]: connect from unknown[222.92.254.194]
Nov 14 09:58:02 zimbra postfix/smtpd[6199]: NOQUEUE: filter: RCPT from unknown[222.92.254.194]: <auto_zm.zhang+jj.yao=fulltech-metal.com@fulltech-metal.com>: Sender address triggers FILTER smtp-amavis:[127.0.0.1]:10026; from=<auto_zm.zhang+jj.yao=fulltech-metal.com@fulltech-metal.com> to=<service02@fulltech-metal.net> proto=SMTP helo=<fulltech-metal.com>
Nov 14 09:58:02 zimbra postfix/smtpd[6199]: NOQUEUE: filter: RCPT from unknown[222.92.254.194]: <auto_zm.zhang+jj.yao=fulltech-metal.com@fulltech-metal.com>: Sender address triggers FILTER smtp-amavis:[127.0.0.1]:10024; from=<auto_zm.zhang+jj.yao=fulltech-metal.com@fulltech-metal.com> to=<service02@fulltech-metal.net> proto=SMTP helo=<fulltech-metal.com>
Nov 14 09:58:02 zimbra postfix/smtpd[6199]: A85314A1864: client=unknown[222.92.254.194]
Nov 14 09:58:02 zimbra postfix/cleanup[6235]: A85314A1864: resent-message-id=<1735183701a65c92e1add1958e8c559b>
Nov 14 09:58:02 zimbra postfix/cleanup[6235]: A85314A1864: message-id=<201611140957438342873@fulltech-metal.com>
Nov 14 09:58:04 zimbra postfix/qmgr[6416]: A85314A1864: from=<auto_zm.zhang+jj.yao=fulltech-metal.com@fulltech-metal.com>, size=491526, nrcpt=1 (queue active)
Nov 14 09:58:04 zimbra postfix/smtpd[6199]: disconnect from unknown[222.92.254.194] helo=1 mail=1 rcpt=1 data=1 quit=1 commands=5
Nov 14 09:58:05 zimbra postfix/amavisd/smtpd[6611]: connect from localhost[127.0.0.1]
Nov 14 09:58:05 zimbra postfix/amavisd/smtpd[6611]: 2409E4A187C: client=localhost[127.0.0.1]
Nov 14 09:58:05 zimbra postfix/cleanup[6235]: 2409E4A187C: resent-message-id=<1735183701a65c92e1add1958e8c559b>
Nov 14 09:58:05 zimbra postfix/cleanup[6235]: 2409E4A187C: message-id=<201611140957438342873@fulltech-metal.com>
Nov 14 09:58:05 zimbra postfix/amavisd/smtpd[6611]: disconnect from localhost[127.0.0.1] ehlo=1 mail=1 rcpt=1 data=1 quit=1 commands=5
Nov 14 09:58:05 zimbra postfix/qmgr[6416]: 2409E4A187C: from=<auto_zm.zhang+jj.yao=fulltech-metal.com@fulltech-metal.com>, size=492319, nrcpt=1 (queue active)
Nov 14 09:58:05 zimbra postfix/smtp[6519]: A85314A1864: to=<service02@fulltech-metal.net>, relay=127.0.0.1[127.0.0.1]:10024, delay=2.7, delays=1.5/0.01/0/1.1, dsn=2.0.0, status=sent (250 2.0.0 from MTA(smtp:[127.0.0.1]:10025): 250 2.0.0 Ok: queued as 2409E4A187C)
Nov 14 09:58:05 zimbra postfix/qmgr[6416]: A85314A1864: removed
Nov 14 09:58:05 zimbra postfix/lmtp[6612]: 2409E4A187C: to=<service02@fulltech-metal.net>, relay=zimbra.fulltech-metal.net[203.66.83.217]:7025, delay=0.41, delays=0.05/0.04/0.05/0.27, dsn=2.1.5, status=sent (250 2.1.5 Delivery OK)
Nov 14 09:58:05 zimbra postfix/qmgr[6416]: 2409E4A187C: removed
Nov 14 09:58:14 zimbra postfix/postscreen[6197]: CONNECT from [222.92.254.194]:58550 to [203.66.83.217]:25
Nov 14 09:58:14 zimbra postfix/postscreen[6197]: PASS OLD [222.92.254.194]:58550
Nov 14 09:58:14 zimbra postfix/smtpd[6199]: connect from unknown[222.92.254.194]
Nov 14 09:58:15 zimbra postfix/smtpd[6199]: NOQUEUE: filter: RCPT from unknown[222.92.254.194]: <jj.yao@fulltech-metal.com>: Sender address triggers FILTER smtp-amavis:[127.0.0.1]:10026; from=<jj.yao@fulltech-metal.com> to=<service06@fulltech-metal.net> proto=SMTP helo=<fulltech-metal.com>
Nov 14 09:58:15 zimbra postfix/smtpd[6199]: NOQUEUE: filter: RCPT from unknown[222.92.254.194]: <jj.yao@fulltech-metal.com>: Sender address triggers FILTER smtp-amavis:[127.0.0.1]:10024; from=<jj.yao@fulltech-metal.com> to=<service06@fulltech-metal.net> proto=SMTP helo=<fulltech-metal.com>
Nov 14 09:58:15 zimbra postfix/smtpd[6199]: 13CAF4A1864: client=unknown[222.92.254.194]
Nov 14 09:58:15 zimbra postfix/cleanup[6235]: 13CAF4A1864: message-id=<201611140957438342873@fulltech-metal.com>
Nov 14 09:58:15 zimbra postfix/qmgr[6416]: 13CAF4A1864: from=<jj.yao@fulltech-metal.com>, size=491254, nrcpt=1 (queue active)
Nov 14 09:58:15 zimbra postfix/smtpd[6199]: disconnect from unknown[222.92.254.194] helo=1 mail=1 rcpt=1 data=1 quit=1 commands=5
Nov 14 09:58:16 zimbra postfix/amavisd/smtpd[6611]: connect from localhost[127.0.0.1]
Nov 14 09:58:16 zimbra postfix/amavisd/smtpd[6611]: C1F324A187C: client=localhost[127.0.0.1]
Nov 14 09:58:16 zimbra postfix/cleanup[6235]: C1F324A187C: message-id=<201611140957438342873@fulltech-metal.com>
Nov 14 09:58:16 zimbra postfix/qmgr[6416]: C1F324A187C: from=<jj.yao@fulltech-metal.com>, size=492047, nrcpt=1 (queue active)
Nov 14 09:58:16 zimbra postfix/amavisd/smtpd[6611]: disconnect from localhost[127.0.0.1] ehlo=1 mail=1 rcpt=1 data=1 quit=1 commands=5
Nov 14 09:58:16 zimbra postfix/smtp[6519]: 13CAF4A1864: to=<service06@fulltech-metal.net>, relay=127.0.0.1[127.0.0.1]:10024, delay=1.9, delays=0.91/0/0/0.94, dsn=2.0.0, status=sent (250 2.0.0 from MTA(smtp:[127.0.0.1]:10025): 250 2.0.0 Ok: queued as C1F324A187C)
Nov 14 09:58:16 zimbra postfix/qmgr[6416]: 13CAF4A1864: removed
Nov 14 09:58:17 zimbra postfix/lmtp[6612]: C1F324A187C: to=<service06@fulltech-metal.net>, relay=zimbra.fulltech-metal.net[203.66.83.217]:7025, delay=0.22, delays=0.05/0/0.05/0.11, dsn=2.1.5, status=sent (250 2.1.5 Delivery OK)
Nov 14 09:58:17 zimbra postfix/qmgr[6416]: C1F324A187C: removed
Nov 14 10:01:36 zimbra postfix/anvil[6222]: statistics: max connection rate 2/60s for (smtpd:222.92.254.194) at Nov 14 09:58:14
Nov 14 10:01:36 zimbra postfix/anvil[6222]: statistics: max connection count 1 for (smtpd:222.92.254.194) at Nov 14 09:58:02
Nov 14 10:01:36 zimbra postfix/anvil[6222]: statistics: max cache size 1 at Nov 14 09:58:02
Nov 14 10:05:48 zimbra postfix/postscreen[11090]: CONNECT from [222.92.254.194]:58594 to [203.66.83.217]:25
Nov 14 10:05:48 zimbra postfix/postscreen[11090]: PASS OLD [222.92.254.194]:58594
Nov 14 10:05:49 zimbra postfix/smtpd[11091]: connect from unknown[222.92.254.194]
Nov 14 10:05:49 zimbra postfix/smtpd[11091]: NOQUEUE: filter: RCPT from unknown[222.92.254.194]: <auto_annie.li+jj.yao=fulltech-metal.com@fulltech-metal.com>: Sender address triggers FILTER smtp-amavis:[127.0.0.1]:10026; from=<auto_annie.li+jj.yao=fulltech-metal.com@fulltech-metal.com> to=<service03@fulltech-metal.net> proto=SMTP helo=<fulltech-metal.com>
Nov 14 10:05:49 zimbra postfix/smtpd[11091]: NOQUEUE: filter: RCPT from unknown[222.92.254.194]: <auto_annie.li+jj.yao=fulltech-metal.com@fulltech-metal.com>: Sender address triggers FILTER smtp-amavis:[127.0.0.1]:10024; from=<auto_annie.li+jj.yao=fulltech-metal.com@fulltech-metal.com> to=<service03@fulltech-metal.net> proto=SMTP helo=<fulltech-metal.com>
Nov 14 10:05:49 zimbra postfix/smtpd[11091]: DE0164A1864: client=unknown[222.92.254.194]
Nov 14 10:05:50 zimbra postfix/cleanup[11095]: DE0164A1864: resent-message-id=<3e1590da52a80bc695d5df966ef6d4c9>
Nov 14 10:05:50 zimbra postfix/cleanup[11095]: DE0164A1864: message-id=<201611141005318521646@fulltech-metal.com>
Nov 14 10:05:50 zimbra postfix/qmgr[6416]: DE0164A1864: from=<auto_annie.li+jj.yao=fulltech-metal.com@fulltech-metal.com>, size=25976, nrcpt=1 (queue active)
Nov 14 10:05:50 zimbra postfix/smtpd[11091]: disconnect from unknown[222.92.254.194] helo=1 mail=1 rcpt=1 data=1 quit=1 commands=5
Nov 14 10:05:51 zimbra postfix/amavisd/smtpd[11099]: connect from localhost[127.0.0.1]
Nov 14 10:05:51 zimbra postfix/amavisd/smtpd[11099]: 494F74A187C: client=localhost[127.0.0.1]
Nov 14 10:05:51 zimbra postfix/cleanup[11095]: 494F74A187C: resent-message-id=<3e1590da52a80bc695d5df966ef6d4c9>
Nov 14 10:05:51 zimbra postfix/cleanup[11095]: 494F74A187C: message-id=<201611141005318521646@fulltech-metal.com>
Nov 14 10:05:51 zimbra postfix/amavisd/smtpd[11099]: disconnect from localhost[127.0.0.1] ehlo=1 mail=1 rcpt=1 data=1 quit=1 commands=5
Nov 14 10:05:51 zimbra postfix/qmgr[6416]: 494F74A187C: from=<auto_annie.li+jj.yao=fulltech-metal.com@fulltech-metal.com>, size=26692, nrcpt=1 (queue active)
Nov 14 10:05:51 zimbra postfix/smtp[11096]: DE0164A1864: to=<service03@fulltech-metal.net>, relay=127.0.0.1[127.0.0.1]:10024, delay=1.5, delays=0.47/0.01/0/1, dsn=2.0.0, status=sent (250 2.0.0 from MTA(smtp:[127.0.0.1]:10025): 250 2.0.0 Ok: queued as 494F74A187C)
Nov 14 10:05:51 zimbra postfix/qmgr[6416]: DE0164A1864: removed
Nov 14 10:05:51 zimbra postfix/lmtp[11100]: 494F74A187C: to=<service03@fulltech-metal.net>, relay=zimbra.fulltech-metal.net[203.66.83.217]:7025, delay=0.14, delays=0.01/0.01/0.06/0.07, dsn=2.1.5, status=sent (250 2.1.5 Delivery OK)
Nov 14 10:05:51 zimbra postfix/qmgr[6416]: 494F74A187C: removed
Nov 14 10:05:58 zimbra postfix/postscreen[11090]: CONNECT from [222.92.254.194]:58596 to [203.66.83.217]:25
Nov 14 10:05:58 zimbra postfix/postscreen[11090]: PASS OLD [222.92.254.194]:58596
Nov 14 10:05:58 zimbra postfix/smtpd[11091]: connect from unknown[222.92.254.194]
Nov 14 10:05:58 zimbra postfix/smtpd[11091]: NOQUEUE: filter: RCPT from unknown[222.92.254.194]: <auto_joanna.zhang+jj.yao=fulltech-metal.com@fulltech-metal.com>: Sender address triggers FILTER smtp-amavis:[127.0.0.1]:10026; from=<auto_joanna.zhang+jj.yao=fulltech-metal.com@fulltech-metal.com> to=<service07@fulltech-metal.net> proto=SMTP helo=<fulltech-metal.com>
Nov 14 10:05:58 zimbra postfix/smtpd[11091]: NOQUEUE: filter: RCPT from unknown[222.92.254.194]: <auto_joanna.zhang+jj.yao=fulltech-metal.com@fulltech-metal.com>: Sender address triggers FILTER smtp-amavis:[127.0.0.1]:10024; from=<auto_joanna.zhang+jj.yao=fulltech-metal.com@fulltech-metal.com> to=<service07@fulltech-metal.net> proto=SMTP helo=<fulltech-metal.com>
Nov 14 10:05:58 zimbra postfix/smtpd[11091]: CEC164A1864: client=unknown[222.92.254.194]
Nov 14 10:05:59 zimbra postfix/cleanup[11095]: CEC164A1864: resent-message-id=<34706962c652770ee76e354b11899476>
Nov 14 10:05:59 zimbra postfix/cleanup[11095]: CEC164A1864: message-id=<201611141005318521646@fulltech-metal.com>
Nov 14 10:05:59 zimbra postfix/qmgr[6416]: CEC164A1864: from=<auto_joanna.zhang+jj.yao=fulltech-metal.com@fulltech-metal.com>, size=25988, nrcpt=1 (queue active)
Nov 14 10:05:59 zimbra postfix/smtpd[11091]: disconnect from unknown[222.92.254.194] helo=1 mail=1 rcpt=1 data=1 quit=1 commands=5
Nov 14 10:05:59 zimbra postfix/postscreen[11090]: CONNECT from [222.92.254.194]:58597 to [203.66.83.217]:25
Nov 14 10:05:59 zimbra postfix/postscreen[11090]: PASS OLD [222.92.254.194]:58597
Nov 14 10:05:59 zimbra postfix/smtpd[11091]: connect from unknown[222.92.254.194]
Nov 14 10:05:59 zimbra postfix/smtpd[11091]: NOQUEUE: filter: RCPT from unknown[222.92.254.194]: <auto_sg.song+jj.yao=fulltech-metal.com@fulltech-metal.com>: Sender address triggers FILTER smtp-amavis:[127.0.0.1]:10026; from=<auto_sg.song+jj.yao=fulltech-metal.com@fulltech-metal.com> to=<service06@fulltech-metal.net> proto=SMTP helo=<fulltech-metal.com>
Nov 14 10:05:59 zimbra postfix/smtpd[11091]: NOQUEUE: filter: RCPT from unknown[222.92.254.194]: <auto_sg.song+jj.yao=fulltech-metal.com@fulltech-metal.com>: Sender address triggers FILTER smtp-amavis:[127.0.0.1]:10024; from=<auto_sg.song+jj.yao=fulltech-metal.com@fulltech-metal.com> to=<service06@fulltech-metal.net> proto=SMTP helo=<fulltech-metal.com>
Nov 14 10:05:59 zimbra postfix/smtpd[11091]: CDD704A187C: client=unknown[222.92.254.194]
Nov 14 10:05:59 zimbra postfix/amavisd/smtpd[11099]: connect from localhost[127.0.0.1]
Nov 14 10:05:59 zimbra postfix/amavisd/smtpd[11099]: EC5944A1882: client=localhost[127.0.0.1]
Nov 14 10:05:59 zimbra postfix/cleanup[11101]: EC5944A1882: resent-message-id=<34706962c652770ee76e354b11899476>
Nov 14 10:05:59 zimbra postfix/cleanup[11101]: EC5944A1882: message-id=<201611141005318521646@fulltech-metal.com>
Nov 14 10:05:59 zimbra postfix/amavisd/smtpd[11099]: disconnect from localhost[127.0.0.1] ehlo=1 mail=1 rcpt=1 data=1 quit=1 commands=5
Nov 14 10:05:59 zimbra postfix/qmgr[6416]: EC5944A1882: from=<auto_joanna.zhang+jj.yao=fulltech-metal.com@fulltech-metal.com>, size=26704, nrcpt=1 (queue active)
Nov 14 10:05:59 zimbra postfix/smtp[11096]: CEC164A1864: to=<service07@fulltech-metal.net>, relay=127.0.0.1[127.0.0.1]:10024, delay=1.2, delays=0.48/0/0/0.73, dsn=2.0.0, status=sent (250 2.0.0 from MTA(smtp:[127.0.0.1]:10025): 250 2.0.0 Ok: queued as EC5944A1882)
Nov 14 10:05:59 zimbra postfix/qmgr[6416]: CEC164A1864: removed
Nov 14 10:06:00 zimbra postfix/cleanup[11095]: CDD704A187C: resent-message-id=<26fec4780ff141f06d2d748e9627940f>
Nov 14 10:06:00 zimbra postfix/lmtp[11100]: EC5944A1882: to=<service07@fulltech-metal.net>, relay=zimbra.fulltech-metal.net[203.66.83.217]:7025, delay=0.14, delays=0.01/0.01/0.05/0.07, dsn=2.1.5, status=sent (250 2.1.5 Delivery OK)
Nov 14 10:06:00 zimbra postfix/qmgr[6416]: EC5944A1882: removed
Nov 14 10:06:00 zimbra postfix/cleanup[11095]: CDD704A187C: message-id=<201611141005318521646@fulltech-metal.com>
Nov 14 10:06:00 zimbra postfix/qmgr[6416]: CDD704A187C: from=<auto_sg.song+jj.yao=fulltech-metal.com@fulltech-metal.com>, size=25973, nrcpt=1 (queue active)
Nov 14 10:06:00 zimbra postfix/smtpd[11091]: disconnect from unknown[222.92.254.194] helo=1 mail=1 rcpt=1 data=1 quit=1 commands=5
Nov 14 10:06:00 zimbra postfix/postscreen[11090]: CONNECT from [222.92.254.194]:58598 to [203.66.83.217]:25
Nov 14 10:06:00 zimbra postfix/postscreen[11090]: PASS OLD [222.92.254.194]:58598
Nov 14 10:06:00 zimbra postfix/smtpd[11091]: connect from unknown[222.92.254.194]
Nov 14 10:06:00 zimbra postfix/amavisd/smtpd[11099]: connect from localhost[127.0.0.1]
Nov 14 10:06:00 zimbra postfix/amavisd/smtpd[11099]: 887F54A1864: client=localhost[127.0.0.1]
Nov 14 10:06:00 zimbra postfix/cleanup[11101]: 887F54A1864: resent-message-id=<26fec4780ff141f06d2d748e9627940f>
Nov 14 10:06:00 zimbra postfix/cleanup[11101]: 887F54A1864: message-id=<201611141005318521646@fulltech-metal.com>
Nov 14 10:06:00 zimbra postfix/amavisd/smtpd[11099]: disconnect from localhost[127.0.0.1] ehlo=1 mail=1 rcpt=1 data=1 quit=1 commands=5
Nov 14 10:06:00 zimbra postfix/qmgr[6416]: 887F54A1864: from=<auto_sg.song+jj.yao=fulltech-metal.com@fulltech-metal.com>, size=26689, nrcpt=1 (queue active)
Nov 14 10:06:00 zimbra postfix/smtp[11096]: CDD704A187C: to=<service06@fulltech-metal.net>, relay=127.0.0.1[127.0.0.1]:10024, delay=0.82, delays=0.49/0/0/0.33, dsn=2.0.0, status=sent (250 2.0.0 from MTA(smtp:[127.0.0.1]:10025): 250 2.0.0 Ok: queued as 887F54A1864)
Nov 14 10:06:00 zimbra postfix/qmgr[6416]: CDD704A187C: removed
Nov 14 10:06:00 zimbra postfix/smtpd[11091]: NOQUEUE: filter: RCPT from unknown[222.92.254.194]: <auto_irene.wang+jj.yao=fulltech-metal.com@fulltech-metal.com>: Sender address triggers FILTER smtp-amavis:[127.0.0.1]:10026; from=<auto_irene.wang+jj.yao=fulltech-metal.com@fulltech-metal.com> to=<service05@fulltech-metal.net> proto=SMTP helo=<fulltech-metal.com>
Nov 14 10:06:00 zimbra postfix/smtpd[11091]: NOQUEUE: filter: RCPT from unknown[222.92.254.194]: <auto_irene.wang+jj.yao=fulltech-metal.com@fulltech-metal.com>: Sender address triggers FILTER smtp-amavis:[127.0.0.1]:10024; from=<auto_irene.wang+jj.yao=fulltech-metal.com@fulltech-metal.com> to=<service05@fulltech-metal.net> proto=SMTP helo=<fulltech-metal.com>
Nov 14 10:06:00 zimbra postfix/smtpd[11091]: A017A4A187C: client=unknown[222.92.254.194]
Nov 14 10:06:00 zimbra postfix/lmtp[11100]: 887F54A1864: to=<service06@fulltech-metal.net>, relay=zimbra.fulltech-metal.net[203.66.83.217]:7025, delay=0.13, delays=0.01/0/0.05/0.06, dsn=2.1.5, status=sent (250 2.1.5 Delivery OK)
Nov 14 10:06:00 zimbra postfix/qmgr[6416]: 887F54A1864: removed
Nov 14 10:06:00 zimbra postfix/cleanup[11095]: A017A4A187C: resent-message-id=<27b5fa56369b3456f80854bb4e55c850>
Nov 14 10:06:00 zimbra postfix/cleanup[11095]: A017A4A187C: message-id=<201611141005318521646@fulltech-metal.com>
Nov 14 10:06:01 zimbra postfix/qmgr[6416]: A017A4A187C: from=<auto_irene.wang+jj.yao=fulltech-metal.com@fulltech-metal.com>, size=25982, nrcpt=1 (queue active)
Nov 14 10:06:01 zimbra postfix/smtpd[11091]: disconnect from unknown[222.92.254.194] helo=1 mail=1 rcpt=1 data=1 quit=1 commands=5
Nov 14 10:06:01 zimbra postfix/amavisd/smtpd[11099]: connect from localhost[127.0.0.1]
Nov 14 10:06:01 zimbra postfix/amavisd/smtpd[11099]: 7B8864A1864: client=localhost[127.0.0.1]
Nov 14 10:06:01 zimbra postfix/cleanup[11101]: 7B8864A1864: resent-message-id=<27b5fa56369b3456f80854bb4e55c850>
Nov 14 10:06:01 zimbra postfix/cleanup[11101]: 7B8864A1864: message-id=<201611141005318521646@fulltech-metal.com>
Nov 14 10:06:01 zimbra postfix/amavisd/smtpd[11099]: disconnect from localhost[127.0.0.1] ehlo=1 mail=1 rcpt=1 data=1 quit=1 commands=5
Nov 14 10:06:01 zimbra postfix/qmgr[6416]: 7B8864A1864: from=<auto_irene.wang+jj.yao=fulltech-metal.com@fulltech-metal.com>, size=26698, nrcpt=1 (queue active)
Nov 14 10:06:01 zimbra postfix/smtp[11096]: A017A4A187C: to=<service05@fulltech-metal.net>, relay=127.0.0.1[127.0.0.1]:10024, delay=0.94, delays=0.49/0/0/0.45, dsn=2.0.0, status=sent (250 2.0.0 from MTA(smtp:[127.0.0.1]:10025): 250 2.0.0 Ok: queued as 7B8864A1864)
Nov 14 10:06:01 zimbra postfix/qmgr[6416]: A017A4A187C: removed
Nov 14 10:06:01 zimbra postfix/lmtp[11100]: 7B8864A1864: to=<service05@fulltech-metal.net>, relay=zimbra.fulltech-metal.net[203.66.83.217]:7025, delay=0.14, delays=0/0.01/0.05/0.07, dsn=2.1.5, status=sent (250 2.1.5 Delivery OK)
Nov 14 10:06:01 zimbra postfix/qmgr[6416]: 7B8864A1864: removed
Nov 14 10:06:46 zimbra postfix/postscreen[11090]: CONNECT from [222.92.254.194]:58607 to [203.66.83.217]:25
Nov 14 10:06:46 zimbra postfix/postscreen[11090]: PASS OLD [222.92.254.194]:58607
Nov 14 10:06:46 zimbra postfix/smtpd[11091]: connect from unknown[222.92.254.194]
Nov 14 10:06:46 zimbra postfix/smtpd[11091]: NOQUEUE: filter: RCPT from unknown[222.92.254.194]: <auto_zm.zhang+gb.huang=fulltech-metal.com@fulltech-metal.com>: Sender address triggers FILTER smtp-amavis:[127.0.0.1]:10026; from=<auto_zm.zhang+gb.huang=fulltech-metal.com@fulltech-metal.com> to=<service02@fulltech-metal.net> proto=SMTP helo=<fulltech-metal.com>
Nov 14 10:06:46 zimbra postfix/smtpd[11091]: NOQUEUE: filter: RCPT from unknown[222.92.254.194]: <auto_zm.zhang+gb.huang=fulltech-metal.com@fulltech-metal.com>: Sender address triggers FILTER smtp-amavis:[127.0.0.1]:10024; from=<auto_zm.zhang+gb.huang=fulltech-metal.com@fulltech-metal.com> to=<service02@fulltech-metal.net> proto=SMTP helo=<fulltech-metal.com>
Nov 14 10:06:46 zimbra postfix/smtpd[11091]: A57374A1864: client=unknown[222.92.254.194]
Nov 14 10:06:46 zimbra postfix/cleanup[11095]: A57374A1864: resent-message-id=<1cf3c48f64f0faad8381bb7d55e9dd4a>
Nov 14 10:06:46 zimbra postfix/cleanup[11095]: A57374A1864: message-id=<201611141008243152769@fulltech-metal.com>
Nov 14 10:06:47 zimbra postfix/qmgr[6416]: A57374A1864: from=<auto_zm.zhang+gb.huang=fulltech-metal.com@fulltech-metal.com>, size=85811, nrcpt=1 (queue active)
Nov 14 10:06:47 zimbra postfix/smtpd[11091]: disconnect from unknown[222.92.254.194] helo=1 mail=1 rcpt=1 data=1 quit=1 commands=5
Nov 14 10:06:49 zimbra postfix/amavisd/smtpd[11099]: connect from localhost[127.0.0.1]
Nov 14 10:06:49 zimbra postfix/amavisd/smtpd[11099]: 3BE6A4A187C: client=localhost[127.0.0.1]
Nov 14 10:06:49 zimbra postfix/cleanup[11101]: 3BE6A4A187C: resent-message-id=<1cf3c48f64f0faad8381bb7d55e9dd4a>
Nov 14 10:06:49 zimbra postfix/cleanup[11101]: 3BE6A4A187C: message-id=<201611141008243152769@fulltech-metal.com>
Nov 14 10:06:49 zimbra postfix/amavisd/smtpd[11099]: disconnect from localhost[127.0.0.1] ehlo=1 mail=1 rcpt=1 data=1 quit=1 commands=5
Nov 14 10:06:49 zimbra postfix/qmgr[6416]: 3BE6A4A187C: from=<auto_zm.zhang+gb.huang=fulltech-metal.com@fulltech-metal.com>, size=86591, nrcpt=1 (queue active)
Nov 14 10:06:49 zimbra postfix/smtp[11096]: A57374A1864: to=<service02@fulltech-metal.net>, relay=127.0.0.1[127.0.0.1]:10024, delay=2.7, delays=0.6/0/0/2.1, dsn=2.0.0, status=sent (250 2.0.0 from MTA(smtp:[127.0.0.1]:10025): 250 2.0.0 Ok: queued as 3BE6A4A187C)
Nov 14 10:06:49 zimbra postfix/qmgr[6416]: A57374A1864: removed
Nov 14 10:06:49 zimbra postfix/lmtp[11100]: 3BE6A4A187C: to=<service02@fulltech-metal.net>, relay=zimbra.fulltech-metal.net[203.66.83.217]:7025, delay=0.21, delays=0.05/0/0.05/0.11, dsn=2.1.5, status=sent (250 2.1.5 Delivery OK)
Nov 14 10:06:49 zimbra postfix/qmgr[6416]: 3BE6A4A187C: removed
Nov 14 10:06:53 zimbra postfix/postscreen[11090]: CONNECT from [222.92.254.194]:49292 to [203.66.83.217]:25
Nov 14 10:06:53 zimbra postfix/postscreen[11090]: PASS OLD [222.92.254.194]:49292
Nov 14 10:06:53 zimbra postfix/smtpd[11091]: connect from unknown[222.92.254.194]
Nov 14 10:06:54 zimbra postfix/smtpd[11091]: Anonymous TLS connection established from unknown[222.92.254.194]: TLSv1.2 with cipher ECDHE-RSA-AES256-GCM-SHA384 (256/256 bits)
Nov 14 10:06:54 zimbra postfix/smtpd[11091]: NOQUEUE: filter: RCPT from unknown[222.92.254.194]: <service04@fulltech-metal.net>: Sender address triggers FILTER smtp-amavis:[127.0.0.1]:10026; from=<service04@fulltech-metal.net> to=<Jack.han@wnc.com.tw> proto=ESMTP helo=<ft-yw20>
Nov 14 10:06:54 zimbra postfix/smtpd[11091]: 9A8BB4A1864: client=unknown[222.92.254.194], sasl_method=LOGIN, sasl_username=service04@fulltech-metal.net
Nov 14 10:06:54 zimbra postfix/smtpd[11091]: 9A8BB4A1864: filter: RCPT from unknown[222.92.254.194]: <service04@fulltech-metal.net>: Sender address triggers FILTER smtp-amavis:[127.0.0.1]:10026; from=<service04@fulltech-metal.net> to=<yb.fan@fulltech-metal.com> proto=ESMTP helo=<ft-yw20>
Nov 14 10:06:55 zimbra postfix/cleanup[11095]: 9A8BB4A1864: message-id=<201611141006547671510@fulltech-metal.net>
Nov 14 10:06:55 zimbra postfix/qmgr[6416]: 9A8BB4A1864: from=<service04@fulltech-metal.net>, size=47215, nrcpt=2 (queue active)
Nov 14 10:06:55 zimbra postfix/smtpd[11091]: disconnect from unknown[222.92.254.194] ehlo=2 starttls=1 auth=1 mail=1 rcpt=2 data=1 commands=8
Nov 14 10:06:55 zimbra postfix/dkimmilter/smtpd[11929]: connect from localhost[127.0.0.1]
Nov 14 10:06:55 zimbra postfix/dkimmilter/smtpd[11929]: 80B254A187C: client=localhost[127.0.0.1]
Nov 14 10:06:55 zimbra postfix/cleanup[11101]: 80B254A187C: message-id=<201611141006547671510@fulltech-metal.net>
Nov 14 10:06:55 zimbra postfix/qmgr[6416]: 80B254A187C: from=<service04@fulltech-metal.net>, size=47669, nrcpt=2 (queue active)
Nov 14 10:06:55 zimbra postfix/dkimmilter/smtpd[11929]: disconnect from localhost[127.0.0.1] ehlo=1 mail=1 rcpt=2 data=1 quit=1 commands=6
Nov 14 10:06:55 zimbra postfix/smtp[11096]: 9A8BB4A1864: to=<yb.fan@fulltech-metal.com>, relay=127.0.0.1[127.0.0.1]:10026, delay=1, delays=0.87/0/0/0.16, dsn=2.0.0, status=sent (250 2.0.0 from MTA(smtp:[127.0.0.1]:10030): 250 2.0.0 Ok: queued as 80B254A187C)
Nov 14 10:06:55 zimbra postfix/smtp[11096]: 9A8BB4A1864: to=<Jack.han@wnc.com.tw>, relay=127.0.0.1[127.0.0.1]:10026, delay=1, delays=0.87/0/0/0.16, dsn=2.0.0, status=sent (250 2.0.0 from MTA(smtp:[127.0.0.1]:10030): 250 2.0.0 Ok: queued as 80B254A187C)
Nov 14 10:06:55 zimbra postfix/qmgr[6416]: 9A8BB4A1864: removed
Nov 14 10:06:56 zimbra postfix/amavisd/smtpd[11099]: connect from localhost[127.0.0.1]
Nov 14 10:06:56 zimbra postfix/amavisd/smtpd[11099]: A5C464A1864: client=localhost[127.0.0.1]
Nov 14 10:06:56 zimbra postfix/cleanup[11095]: A5C464A1864: message-id=<201611141006547671510@fulltech-metal.net>
Nov 14 10:06:56 zimbra postfix/amavisd/smtpd[11099]: disconnect from localhost[127.0.0.1] ehlo=1 mail=1 rcpt=2 data=1 quit=1 commands=6
Nov 14 10:06:56 zimbra postfix/qmgr[6416]: A5C464A1864: from=<service04@fulltech-metal.net>, size=47997, nrcpt=2 (queue active)
Nov 14 10:06:56 zimbra postfix/smtp[11933]: 80B254A187C: to=<yb.fan@fulltech-metal.com>, relay=127.0.0.1[127.0.0.1]:10032, delay=1.2, delays=0.05/0.01/0/1.1, dsn=2.0.0, status=sent (250 2.0.0 from MTA(smtp:[127.0.0.1]:10025): 250 2.0.0 Ok: queued as A5C464A1864)
Nov 14 10:06:56 zimbra postfix/smtp[11933]: 80B254A187C: to=<Jack.han@wnc.com.tw>, relay=127.0.0.1[127.0.0.1]:10032, delay=1.2, delays=0.05/0.01/0/1.1, dsn=2.0.0, status=sent (250 2.0.0 from MTA(smtp:[127.0.0.1]:10025): 250 2.0.0 Ok: queued as A5C464A1864)
Nov 14 10:06:56 zimbra postfix/qmgr[6416]: 80B254A187C: removed
Nov 14 10:07:00 zimbra postfix/smtp[11935]: A5C464A1864: to=<Jack.han@wnc.com.tw>, relay=smtp.wnc.com.tw[211.75.124.87]:25, delay=3.7, delays=0.05/0.02/2.8/0.86, dsn=2.0.0, status=sent (250 48010 bytes received: 441203338 (41712e136ccd4d73a44dbefd4fc01d0a-20161114))
Nov 14 10:07:09 zimbra postfix/smtp[11934]: A5C464A1864: to=<yb.fan@fulltech-metal.com>, relay=mail.fulltech-metal.com[222.92.254.200]:25, delay=13, delays=0.05/0.01/0.61/13, dsn=2.0.0, status=sent (250 ok message accepted [1479089229.14200.5384,S=48202]?)
Nov 14 10:07:10 zimbra postfix/qmgr[6416]: A5C464A1864: removed
Nov 14 10:07:19 zimbra postfix/postscreen[11090]: CONNECT from [222.92.254.194]:49294 to [203.66.83.217]:25
Nov 14 10:07:19 zimbra postfix/postscreen[11090]: PASS OLD [222.92.254.194]:49294
Nov 14 10:07:19 zimbra postfix/smtpd[11091]: connect from unknown[222.92.254.194]
Nov 14 10:07:19 zimbra postfix/smtpd[11091]: Anonymous TLS connection established from unknown[222.92.254.194]: TLSv1.2 with cipher ECDHE-RSA-AES256-GCM-SHA384 (256/256 bits)
Nov 14 10:07:23 zimbra postfix/smtpd[11091]: NOQUEUE: filter: RCPT from unknown[222.92.254.194]: <service04@fulltech-metal.net>: Sender address triggers FILTER smtp-amavis:[127.0.0.1]:10026; from=<service04@fulltech-metal.net> to=<Jack.han@wnc.com.tw> proto=ESMTP helo=<ft-yw20>
Nov 14 10:07:23 zimbra postfix/smtpd[11091]: 7A0B64A1864: client=unknown[222.92.254.194], sasl_method=LOGIN, sasl_username=service04@fulltech-metal.net
Nov 14 10:07:23 zimbra postfix/smtpd[11091]: 7A0B64A1864: filter: RCPT from unknown[222.92.254.194]: <service04@fulltech-metal.net>: Sender address triggers FILTER smtp-amavis:[127.0.0.1]:10026; from=<service04@fulltech-metal.net> to=<yb.fan@fulltech-metal.com> proto=ESMTP helo=<ft-yw20>
Nov 14 10:07:23 zimbra postfix/cleanup[11101]: 7A0B64A1864: message-id=<201611141006547671510@fulltech-metal.net>
Nov 14 10:07:24 zimbra postfix/qmgr[6416]: 7A0B64A1864: from=<service04@fulltech-metal.net>, size=49115, nrcpt=2 (queue active)
Nov 14 10:07:24 zimbra postfix/dkimmilter/smtpd[11929]: connect from localhost[127.0.0.1]
Nov 14 10:07:24 zimbra postfix/dkimmilter/smtpd[11929]: 242854A187C: client=localhost[127.0.0.1]
Nov 14 10:07:24 zimbra postfix/cleanup[11095]: 242854A187C: message-id=<201611141006547671510@fulltech-metal.net>
