Nov 14 08:35:19 zimbra postfix/smtp[20954]: 995C54A187C: to=<danny.liang@fulltech-metal.com>, relay=127.0.0.1[127.0.0.1]:10032, delay=3.5, delays=0.09/0.01/0.01/3.4, dsn=2.0.0, status=sent (250 2.0.0 from MTA(smtp:[127.0.0.1]:10025): 250 2.0.0 Ok: queued as 03F904A1864)
Nov 14 08:35:19 zimbra postfix/smtp[20954]: 995C54A187C: to=<hm.zhu@fulltech-metal.com>, relay=127.0.0.1[127.0.0.1]:10032, delay=3.5, delays=0.09/0.01/0.01/3.4, dsn=2.0.0, status=sent (250 2.0.0 from MTA(smtp:[127.0.0.1]:10025): 250 2.0.0 Ok: queued as 03F904A1864)
Nov 14 08:35:19 zimbra postfix/smtp[20954]: 995C54A187C: to=<jg.chen@fulltech-metal.com>, relay=127.0.0.1[127.0.0.1]:10032, delay=3.5, delays=0.09/0.01/0.01/3.4, dsn=2.0.0, status=sent (250 2.0.0 from MTA(smtp:[127.0.0.1]:10025): 250 2.0.0 Ok: queued as 03F904A1864)
Nov 14 08:35:19 zimbra postfix/smtp[20954]: 995C54A187C: to=<lf.zhai@fulltech-metal.com>, relay=127.0.0.1[127.0.0.1]:10032, delay=3.5, delays=0.09/0.01/0.01/3.4, dsn=2.0.0, status=sent (250 2.0.0 from MTA(smtp:[127.0.0.1]:10025): 250 2.0.0 Ok: queued as 03F904A1864)
Nov 14 08:35:19 zimbra postfix/smtp[20954]: 995C54A187C: to=<ql.zhang@fulltech-metal.com>, relay=127.0.0.1[127.0.0.1]:10032, delay=3.5, delays=0.09/0.01/0.01/3.4, dsn=2.0.0, status=sent (250 2.0.0 from MTA(smtp:[127.0.0.1]:10025): 250 2.0.0 Ok: queued as 03F904A1864)
Nov 14 08:35:19 zimbra postfix/smtp[20954]: 995C54A187C: to=<xinhua.feng@fulltech-metal.com>, relay=127.0.0.1[127.0.0.1]:10032, delay=3.5, delays=0.09/0.01/0.01/3.4, dsn=2.0.0, status=sent (250 2.0.0 from MTA(smtp:[127.0.0.1]:10025): 250 2.0.0 Ok: queued as 03F904A1864)
Nov 14 08:35:19 zimbra postfix/smtp[20954]: 995C54A187C: to=<yb.fan@fulltech-metal.com>, relay=127.0.0.1[127.0.0.1]:10032, delay=3.5, delays=0.09/0.01/0.01/3.4, dsn=2.0.0, status=sent (250 2.0.0 from MTA(smtp:[127.0.0.1]:10025): 250 2.0.0 Ok: queued as 03F904A1864)
Nov 14 08:35:19 zimbra postfix/smtp[20954]: 995C54A187C: to=<zg.hu@fulltech-metal.com>, relay=127.0.0.1[127.0.0.1]:10032, delay=3.5, delays=0.09/0.01/0.01/3.4, dsn=2.0.0, status=sent (250 2.0.0 from MTA(smtp:[127.0.0.1]:10025): 250 2.0.0 Ok: queued as 03F904A1864)
Nov 14 08:35:19 zimbra postfix/smtp[20954]: 995C54A187C: to=<zj.zou@fulltech-metal.com>, relay=127.0.0.1[127.0.0.1]:10032, delay=3.5, delays=0.09/0.01/0.01/3.4, dsn=2.0.0, status=sent (250 2.0.0 from MTA(smtp:[127.0.0.1]:10025): 250 2.0.0 Ok: queued as 03F904A1864)
Nov 14 08:35:19 zimbra postfix/qmgr[6416]: 995C54A187C: removed
Nov 14 08:35:26 zimbra postfix/postscreen[20570]: CONNECT from [222.92.254.194]:53676 to [203.66.83.217]:25
Nov 14 08:35:26 zimbra postfix/postscreen[20570]: PASS OLD [222.92.254.194]:53676
Nov 14 08:35:26 zimbra postfix/smtpd[20571]: connect from unknown[222.92.254.194]
Nov 14 08:35:26 zimbra postfix/smtpd[20571]: Anonymous TLS connection established from unknown[222.92.254.194]: TLSv1.2 with cipher ECDHE-RSA-AES256-GCM-SHA384 (256/256 bits)
Nov 14 08:35:27 zimbra postfix/smtpd[20571]: NOQUEUE: filter: RCPT from unknown[222.92.254.194]: <service07@fulltech-metal.net>: Sender address triggers FILTER smtp-amavis:[127.0.0.1]:10026; from=<service07@fulltech-metal.net> to=<vicky.li@skyrock-casting.com> proto=ESMTP helo=<ftyw26>
Nov 14 08:35:27 zimbra postfix/smtpd[20571]: 591634A187C: client=unknown[222.92.254.194], sasl_method=LOGIN, sasl_username=service07@fulltech-metal.net
Nov 14 08:35:27 zimbra postfix/cleanup[20575]: 591634A187C: message-id=<2016111408352640555812@fulltech-metal.net>
Nov 14 08:35:27 zimbra postfix/qmgr[6416]: 591634A187C: from=<service07@fulltech-metal.net>, size=175078, nrcpt=1 (queue active)
Nov 14 08:35:28 zimbra postfix/dkimmilter/smtpd[20952]: connect from localhost[127.0.0.1]
Nov 14 08:35:28 zimbra postfix/dkimmilter/smtpd[20952]: 260934A1882: client=localhost[127.0.0.1]
Nov 14 08:35:28 zimbra postfix/cleanup[20575]: 260934A1882: message-id=<2016111408352640555812@fulltech-metal.net>
Nov 14 08:35:28 zimbra postfix/qmgr[6416]: 260934A1882: from=<service07@fulltech-metal.net>, size=175602, nrcpt=1 (queue active)
Nov 14 08:35:28 zimbra postfix/dkimmilter/smtpd[20952]: disconnect from localhost[127.0.0.1] ehlo=1 mail=1 rcpt=1 data=1 quit=1 commands=5
Nov 14 08:35:28 zimbra postfix/smtp[20893]: 591634A187C: to=<vicky.li@skyrock-casting.com>, relay=127.0.0.1[127.0.0.1]:10026, delay=0.92, delays=0.68/0/0/0.24, dsn=2.0.0, status=sent (250 2.0.0 from MTA(smtp:[127.0.0.1]:10030): 250 2.0.0 Ok: queued as 260934A1882)
Nov 14 08:35:28 zimbra postfix/qmgr[6416]: 591634A187C: removed
Nov 14 08:35:28 zimbra postfix/smtpd[20571]: disconnect from unknown[222.92.254.194] ehlo=2 starttls=1 auth=1 mail=1 rcpt=1 data=1 quit=1 commands=8
Nov 14 08:35:32 zimbra postfix/amavisd/smtpd[20958]: connect from localhost[127.0.0.1]
Nov 14 08:35:32 zimbra postfix/amavisd/smtpd[20958]: 816864A187C: client=localhost[127.0.0.1]
Nov 14 08:35:32 zimbra postfix/cleanup[20575]: 816864A187C: message-id=<2016111408352640555812@fulltech-metal.net>
Nov 14 08:35:32 zimbra postfix/amavisd/smtpd[20958]: disconnect from localhost[127.0.0.1] ehlo=1 mail=1 rcpt=1 data=1 quit=1 commands=5
Nov 14 08:35:32 zimbra postfix/qmgr[6416]: 816864A187C: from=<service07@fulltech-metal.net>, size=176000, nrcpt=1 (queue active)
Nov 14 08:35:32 zimbra postfix/smtp[20954]: 260934A1882: to=<vicky.li@skyrock-casting.com>, relay=127.0.0.1[127.0.0.1]:10032, delay=4.4, delays=0.05/0/0/4.3, dsn=2.0.0, status=sent (250 2.0.0 from MTA(smtp:[127.0.0.1]:10025): 250 2.0.0 Ok: queued as 816864A187C)
Nov 14 08:35:32 zimbra postfix/qmgr[6416]: 260934A1882: removed
Nov 14 08:35:33 zimbra postfix/smtp[20966]: 816864A187C: to=<vicky.li@skyrock-casting.com>, relay=mxw.263xmail.com[54.255.165.24]:25, delay=1.2, delays=0.01/0.02/0.49/0.67, dsn=2.0.0, status=sent (250 Ok: queued as E0093DF307)
Nov 14 08:35:33 zimbra postfix/qmgr[6416]: 816864A187C: removed
Nov 14 08:35:34 zimbra postfix/smtp[20959]: 03F904A1864: to=<DR.XU@FULLTECH-METAL.COM>, relay=mail.FULLTECH-METAL.COM[222.92.254.200]:25, delay=16, delays=0.13/0.02/0.63/15, dsn=2.0.0, status=sent (250 ok message accepted [1479083734.8900.4880,S=3406700]?)
Nov 14 08:35:34 zimbra postfix/smtp[20959]: 03F904A1864: to=<danny.liang@fulltech-metal.com>, relay=mail.FULLTECH-METAL.COM[222.92.254.200]:25, delay=16, delays=0.13/0.02/0.63/15, dsn=2.0.0, status=sent (250 ok message accepted [1479083734.8900.4880,S=3406700]?)
Nov 14 08:35:34 zimbra postfix/smtp[20959]: 03F904A1864: to=<hm.zhu@fulltech-metal.com>, relay=mail.FULLTECH-METAL.COM[222.92.254.200]:25, delay=16, delays=0.13/0.02/0.63/15, dsn=2.0.0, status=sent (250 ok message accepted [1479083734.8900.4880,S=3406700]?)
Nov 14 08:35:34 zimbra postfix/smtp[20959]: 03F904A1864: to=<jg.chen@fulltech-metal.com>, relay=mail.FULLTECH-METAL.COM[222.92.254.200]:25, delay=16, delays=0.13/0.02/0.63/15, dsn=2.0.0, status=sent (250 ok message accepted [1479083734.8900.4880,S=3406700]?)
Nov 14 08:35:34 zimbra postfix/smtp[20959]: 03F904A1864: to=<lf.zhai@fulltech-metal.com>, relay=mail.FULLTECH-METAL.COM[222.92.254.200]:25, delay=16, delays=0.13/0.02/0.63/15, dsn=2.0.0, status=sent (250 ok message accepted [1479083734.8900.4880,S=3406700]?)
Nov 14 08:35:34 zimbra postfix/smtp[20959]: 03F904A1864: to=<ql.zhang@fulltech-metal.com>, relay=mail.FULLTECH-METAL.COM[222.92.254.200]:25, delay=16, delays=0.13/0.02/0.63/15, dsn=2.0.0, status=sent (250 ok message accepted [1479083734.8900.4880,S=3406700]?)
Nov 14 08:35:34 zimbra postfix/smtp[20959]: 03F904A1864: to=<xinhua.feng@fulltech-metal.com>, relay=mail.FULLTECH-METAL.COM[222.92.254.200]:25, delay=16, delays=0.13/0.02/0.63/15, dsn=2.0.0, status=sent (250 ok message accepted [1479083734.8900.4880,S=3406700]?)
Nov 14 08:35:34 zimbra postfix/smtp[20959]: 03F904A1864: to=<yb.fan@fulltech-metal.com>, relay=mail.FULLTECH-METAL.COM[222.92.254.200]:25, delay=16, delays=0.13/0.02/0.63/15, dsn=2.0.0, status=sent (250 ok message accepted [1479083734.8900.4880,S=3406700]?)
Nov 14 08:35:34 zimbra postfix/smtp[20959]: 03F904A1864: to=<zg.hu@fulltech-metal.com>, relay=mail.FULLTECH-METAL.COM[222.92.254.200]:25, delay=16, delays=0.13/0.02/0.63/15, dsn=2.0.0, status=sent (250 ok message accepted [1479083734.8900.4880,S=3406700]?)
Nov 14 08:35:34 zimbra postfix/smtp[20959]: 03F904A1864: to=<zj.zou@fulltech-metal.com>, relay=mail.FULLTECH-METAL.COM[222.92.254.200]:25, delay=16, delays=0.13/0.02/0.63/15, dsn=2.0.0, status=sent (250 ok message accepted [1479083734.8900.4880,S=3406700]?)
Nov 14 08:35:34 zimbra postfix/qmgr[6416]: 03F904A1864: removed
Nov 14 08:35:34 zimbra postfix/postscreen[20570]: CONNECT from [222.92.254.194]:59385 to [203.66.83.217]:25
Nov 14 08:35:34 zimbra postfix/postscreen[20570]: PASS OLD [222.92.254.194]:59385
Nov 14 08:35:34 zimbra postfix/smtpd[20571]: connect from unknown[222.92.254.194]
Nov 14 08:35:35 zimbra postfix/smtpd[20571]: NOQUEUE: filter: RCPT from unknown[222.92.254.194]: <auto_danny.liang+service04=fulltech-metal.net@fulltech-metal.com>: Sender address triggers FILTER smtp-amavis:[127.0.0.1]:10026; from=<auto_danny.liang+service04=fulltech-metal.net@fulltech-metal.com> to=<service04@fulltech-metal.net> proto=SMTP helo=<fulltech-metal.com>
Nov 14 08:35:35 zimbra postfix/smtpd[20571]: NOQUEUE: filter: RCPT from unknown[222.92.254.194]: <auto_danny.liang+service04=fulltech-metal.net@fulltech-metal.com>: Sender address triggers FILTER smtp-amavis:[127.0.0.1]:10024; from=<auto_danny.liang+service04=fulltech-metal.net@fulltech-metal.com> to=<service04@fulltech-metal.net> proto=SMTP helo=<fulltech-metal.com>
Nov 14 08:35:35 zimbra postfix/smtpd[20571]: 291464A1864: client=unknown[222.92.254.194]
Nov 14 08:35:35 zimbra postfix/cleanup[20575]: 291464A1864: resent-message-id=<bfa30d1b28f2c38b55d4145abde44b06>
Nov 14 08:35:35 zimbra postfix/cleanup[20575]: 291464A1864: message-id=<2016111408350753965013@fulltech-metal.net>
Nov 14 08:35:36 zimbra postfix/qmgr[6416]: 291464A1864: from=<auto_danny.liang+service04=fulltech-metal.net@fulltech-metal.com>, size=3407187, nrcpt=1 (queue active)
Nov 14 08:35:36 zimbra postfix/smtpd[20571]: disconnect from unknown[222.92.254.194] helo=1 mail=1 rcpt=1 data=1 quit=1 commands=5
Nov 14 08:35:39 zimbra postfix/amavisd/smtpd[20958]: connect from localhost[127.0.0.1]
Nov 14 08:35:39 zimbra postfix/amavisd/smtpd[20958]: CB4924A187C: client=localhost[127.0.0.1]
Nov 14 08:35:39 zimbra postfix/cleanup[20575]: CB4924A187C: resent-message-id=<bfa30d1b28f2c38b55d4145abde44b06>
Nov 14 08:35:39 zimbra postfix/cleanup[20575]: CB4924A187C: message-id=<2016111408350753965013@fulltech-metal.net>
Nov 14 08:35:39 zimbra postfix/postscreen[20570]: CONNECT from [211.150.80.14]:51008 to [203.66.83.217]:25
Nov 14 08:35:39 zimbra postfix/amavisd/smtpd[20958]: disconnect from localhost[127.0.0.1] ehlo=1 mail=1 rcpt=1 data=1 quit=1 commands=5
Nov 14 08:35:39 zimbra postfix/qmgr[6416]: CB4924A187C: from=<auto_danny.liang+service04=fulltech-metal.net@fulltech-metal.com>, size=3408034, nrcpt=1 (queue active)
Nov 14 08:35:39 zimbra postfix/smtp[20893]: 291464A1864: to=<service04@fulltech-metal.net>, relay=127.0.0.1[127.0.0.1]:10024, delay=4.8, delays=1.3/0/0/3.5, dsn=2.0.0, status=sent (250 2.0.0 from MTA(smtp:[127.0.0.1]:10025): 250 2.0.0 Ok: queued as CB4924A187C)
Nov 14 08:35:39 zimbra postfix/qmgr[6416]: 291464A1864: removed
Nov 14 08:35:40 zimbra postfix/lmtp[20967]: CB4924A187C: to=<service04@fulltech-metal.net>, relay=zimbra.fulltech-metal.net[203.66.83.217]:7025, delay=0.5, delays=0.06/0.01/0.05/0.38, dsn=2.1.5, status=sent (250 2.1.5 Delivery OK)
Nov 14 08:35:40 zimbra postfix/qmgr[6416]: CB4924A187C: removed
Nov 14 08:35:41 zimbra postfix/postscreen[20570]: CONNECT from [222.92.254.194]:64337 to [203.66.83.217]:25
Nov 14 08:35:41 zimbra postfix/postscreen[20570]: PASS OLD [222.92.254.194]:64337
Nov 14 08:35:41 zimbra postfix/smtpd[20571]: connect from unknown[222.92.254.194]
Nov 14 08:35:41 zimbra postfix/smtpd[20571]: Anonymous TLS connection established from unknown[222.92.254.194]: TLSv1.2 with cipher ECDHE-RSA-AES256-GCM-SHA384 (256/256 bits)
Nov 14 08:35:42 zimbra postfix/smtpd[20571]: NOQUEUE: filter: RCPT from unknown[222.92.254.194]: <service06@fulltech-metal.net>: Sender address triggers FILTER smtp-amavis:[127.0.0.1]:10026; from=<service06@fulltech-metal.net> to=<lijun@nanhua.com> proto=ESMTP helo=<ftyw25>
Nov 14 08:35:42 zimbra postfix/smtpd[20571]: 1B6D34A1864: client=unknown[222.92.254.194], sasl_method=LOGIN, sasl_username=service06@fulltech-metal.net
Nov 14 08:35:42 zimbra postfix/smtpd[20571]: 1B6D34A1864: filter: RCPT from unknown[222.92.254.194]: <service06@fulltech-metal.net>: Sender address triggers FILTER smtp-amavis:[127.0.0.1]:10026; from=<service06@fulltech-metal.net> to=<zm.zhang@fulltech-metal.com> proto=ESMTP helo=<ftyw25>
Nov 14 08:35:42 zimbra postfix/smtpd[20571]: 1B6D34A1864: filter: RCPT from unknown[222.92.254.194]: <service06@fulltech-metal.net>: Sender address triggers FILTER smtp-amavis:[127.0.0.1]:10026; from=<service06@fulltech-metal.net> to=<taowei@nanhua.com> proto=ESMTP helo=<ftyw25>
Nov 14 08:35:42 zimbra postfix/smtpd[20571]: 1B6D34A1864: filter: RCPT from unknown[222.92.254.194]: <service06@fulltech-metal.net>: Sender address triggers FILTER smtp-amavis:[127.0.0.1]:10026; from=<service06@fulltech-metal.net> to=<qinshanqing@nanhua.com> proto=ESMTP helo=<ftyw25>
Nov 14 08:35:42 zimbra postfix/smtpd[20571]: 1B6D34A1864: filter: RCPT from unknown[222.92.254.194]: <service06@fulltech-metal.net>: Sender address triggers FILTER smtp-amavis:[127.0.0.1]:10026; from=<service06@fulltech-metal.net> to=<lishenjun@nanhua.com> proto=ESMTP helo=<ftyw25>
Nov 14 08:35:42 zimbra postfix/smtpd[20571]: 1B6D34A1864: filter: RCPT from unknown[222.92.254.194]: <service06@fulltech-metal.net>: Sender address triggers FILTER smtp-amavis:[127.0.0.1]:10026; from=<service06@fulltech-metal.net> to=<zhangbin@nanhua.com> proto=ESMTP helo=<ftyw25>
Nov 14 08:35:42 zimbra postfix/cleanup[20575]: 1B6D34A1864: message-id=<201611140835409893483@fulltech-metal.net>
Nov 14 08:35:43 zimbra postfix/qmgr[6416]: 1B6D34A1864: from=<service06@fulltech-metal.net>, size=214920, nrcpt=6 (queue active)
Nov 14 08:35:43 zimbra postfix/dkimmilter/smtpd[20952]: connect from localhost[127.0.0.1]
Nov 14 08:35:43 zimbra postfix/dkimmilter/smtpd[20952]: 491FA4A187C: client=localhost[127.0.0.1]
Nov 14 08:35:43 zimbra postfix/smtpd[20571]: disconnect from unknown[222.92.254.194] ehlo=2 starttls=1 auth=1 mail=1 rcpt=6 data=1 quit=1 commands=13
Nov 14 08:35:43 zimbra postfix/cleanup[20575]: 491FA4A187C: message-id=<201611140835409893483@fulltech-metal.net>
Nov 14 08:35:43 zimbra postfix/qmgr[6416]: 491FA4A187C: from=<service06@fulltech-metal.net>, size=215372, nrcpt=6 (queue active)
Nov 14 08:35:43 zimbra postfix/dkimmilter/smtpd[20952]: disconnect from localhost[127.0.0.1] ehlo=1 mail=1 rcpt=6 data=1 quit=1 commands=10
Nov 14 08:35:43 zimbra postfix/smtp[20954]: 1B6D34A1864: to=<zm.zhang@fulltech-metal.com>, relay=127.0.0.1[127.0.0.1]:10026, delay=1.3, delays=1.1/0/0/0.2, dsn=2.0.0, status=sent (250 2.0.0 from MTA(smtp:[127.0.0.1]:10030): 250 2.0.0 Ok: queued as 491FA4A187C)
Nov 14 08:35:43 zimbra postfix/smtp[20954]: 1B6D34A1864: to=<lijun@nanhua.com>, relay=127.0.0.1[127.0.0.1]:10026, delay=1.3, delays=1.1/0/0/0.2, dsn=2.0.0, status=sent (250 2.0.0 from MTA(smtp:[127.0.0.1]:10030): 250 2.0.0 Ok: queued as 491FA4A187C)
Nov 14 08:35:43 zimbra postfix/smtp[20954]: 1B6D34A1864: to=<lishenjun@nanhua.com>, relay=127.0.0.1[127.0.0.1]:10026, delay=1.3, delays=1.1/0/0/0.2, dsn=2.0.0, status=sent (250 2.0.0 from MTA(smtp:[127.0.0.1]:10030): 250 2.0.0 Ok: queued as 491FA4A187C)
Nov 14 08:35:43 zimbra postfix/smtp[20954]: 1B6D34A1864: to=<qinshanqing@nanhua.com>, relay=127.0.0.1[127.0.0.1]:10026, delay=1.3, delays=1.1/0/0/0.2, dsn=2.0.0, status=sent (250 2.0.0 from MTA(smtp:[127.0.0.1]:10030): 250 2.0.0 Ok: queued as 491FA4A187C)
Nov 14 08:35:43 zimbra postfix/smtp[20954]: 1B6D34A1864: to=<taowei@nanhua.com>, relay=127.0.0.1[127.0.0.1]:10026, delay=1.3, delays=1.1/0/0/0.2, dsn=2.0.0, status=sent (250 2.0.0 from MTA(smtp:[127.0.0.1]:10030): 250 2.0.0 Ok: queued as 491FA4A187C)
Nov 14 08:35:43 zimbra postfix/smtp[20954]: 1B6D34A1864: to=<zhangbin@nanhua.com>, relay=127.0.0.1[127.0.0.1]:10026, delay=1.3, delays=1.1/0/0/0.2, dsn=2.0.0, status=sent (250 2.0.0 from MTA(smtp:[127.0.0.1]:10030): 250 2.0.0 Ok: queued as 491FA4A187C)
Nov 14 08:35:43 zimbra postfix/qmgr[6416]: 1B6D34A1864: removed
Nov 14 08:35:43 zimbra postfix/amavisd/smtpd[20958]: connect from localhost[127.0.0.1]
Nov 14 08:35:43 zimbra postfix/amavisd/smtpd[20958]: EB69A4A1864: client=localhost[127.0.0.1]
Nov 14 08:35:43 zimbra postfix/cleanup[20575]: EB69A4A1864: message-id=<201611140835409893483@fulltech-metal.net>
Nov 14 08:35:44 zimbra postfix/amavisd/smtpd[20958]: disconnect from localhost[127.0.0.1] ehlo=1 mail=1 rcpt=6 data=1 quit=1 commands=10
Nov 14 08:35:44 zimbra postfix/qmgr[6416]: EB69A4A1864: from=<service06@fulltech-metal.net>, size=215698, nrcpt=6 (queue active)
Nov 14 08:35:44 zimbra postfix/smtp[20893]: 491FA4A187C: to=<zm.zhang@fulltech-metal.com>, relay=127.0.0.1[127.0.0.1]:10032, delay=0.73, delays=0.05/0/0/0.67, dsn=2.0.0, status=sent (250 2.0.0 from MTA(smtp:[127.0.0.1]:10025): 250 2.0.0 Ok: queued as EB69A4A1864)
Nov 14 08:35:44 zimbra postfix/smtp[20893]: 491FA4A187C: to=<lijun@nanhua.com>, relay=127.0.0.1[127.0.0.1]:10032, delay=0.73, delays=0.05/0/0/0.67, dsn=2.0.0, status=sent (250 2.0.0 from MTA(smtp:[127.0.0.1]:10025): 250 2.0.0 Ok: queued as EB69A4A1864)
Nov 14 08:35:44 zimbra postfix/smtp[20893]: 491FA4A187C: to=<lishenjun@nanhua.com>, relay=127.0.0.1[127.0.0.1]:10032, delay=0.73, delays=0.05/0/0/0.67, dsn=2.0.0, status=sent (250 2.0.0 from MTA(smtp:[127.0.0.1]:10025): 250 2.0.0 Ok: queued as EB69A4A1864)
Nov 14 08:35:44 zimbra postfix/smtp[20893]: 491FA4A187C: to=<qinshanqing@nanhua.com>, relay=127.0.0.1[127.0.0.1]:10032, delay=0.73, delays=0.05/0/0/0.67, dsn=2.0.0, status=sent (250 2.0.0 from MTA(smtp:[127.0.0.1]:10025): 250 2.0.0 Ok: queued as EB69A4A1864)
Nov 14 08:35:44 zimbra postfix/smtp[20893]: 491FA4A187C: to=<taowei@nanhua.com>, relay=127.0.0.1[127.0.0.1]:10032, delay=0.73, delays=0.05/0/0/0.67, dsn=2.0.0, status=sent (250 2.0.0 from MTA(smtp:[127.0.0.1]:10025): 250 2.0.0 Ok: queued as EB69A4A1864)
Nov 14 08:35:44 zimbra postfix/smtp[20893]: 491FA4A187C: to=<zhangbin@nanhua.com>, relay=127.0.0.1[127.0.0.1]:10032, delay=0.73, delays=0.05/0/0/0.67, dsn=2.0.0, status=sent (250 2.0.0 from MTA(smtp:[127.0.0.1]:10025): 250 2.0.0 Ok: queued as EB69A4A1864)
Nov 14 08:35:44 zimbra postfix/qmgr[6416]: 491FA4A187C: removed
Nov 14 08:35:45 zimbra postfix/postscreen[20570]: PASS OLD [211.150.80.14]:51008
Nov 14 08:35:45 zimbra postfix/smtpd[20571]: connect from vipregular4.263.net[211.150.80.14]
Nov 14 08:35:46 zimbra postfix/smtpd[20571]: Anonymous TLS connection established from vipregular4.263.net[211.150.80.14]: TLSv1 with cipher ADH-AES256-SHA (256/256 bits)
Nov 14 08:35:46 zimbra postfix/smtpd[20571]: NOQUEUE: filter: RCPT from vipregular4.263.net[211.150.80.14]: <vicky.li@skyrock-casting.com>: Sender address triggers FILTER smtp-amavis:[127.0.0.1]:10026; from=<vicky.li@skyrock-casting.com> to=<service07@fulltech-metal.net> proto=ESMTP helo=<vipregular4.263.net>
Nov 14 08:35:46 zimbra postfix/smtpd[20571]: NOQUEUE: filter: RCPT from vipregular4.263.net[211.150.80.14]: <vicky.li@skyrock-casting.com>: Sender address triggers FILTER smtp-amavis:[127.0.0.1]:10024; from=<vicky.li@skyrock-casting.com> to=<service07@fulltech-metal.net> proto=ESMTP helo=<vipregular4.263.net>
Nov 14 08:35:46 zimbra postfix/smtpd[20571]: 3BA774A187C: client=vipregular4.263.net[211.150.80.14]
Nov 14 08:35:46 zimbra postfix/smtp[20966]: EB69A4A1864: to=<zm.zhang@fulltech-metal.com>, relay=mail.fulltech-metal.com[222.92.254.200]:25, delay=2.4, delays=0.06/0.01/0.82/1.5, dsn=2.0.0, status=sent (250 ok message accepted [1479083746.10978.5488,S=215905]?)
Nov 14 08:35:46 zimbra postfix/cleanup[20575]: 3BA774A187C: message-id=<20161114003538.441CB352@smtp.263.net>
Nov 14 08:35:46 zimbra postfix/qmgr[6416]: 3BA774A187C: from=<vicky.li@skyrock-casting.com>, size=4249, nrcpt=1 (queue active)
Nov 14 08:35:46 zimbra postfix/smtpd[20571]: disconnect from vipregular4.263.net[211.150.80.14] ehlo=2 starttls=1 mail=1 rcpt=1 data=1 quit=1 commands=7
Nov 14 08:35:46 zimbra postfix/postscreen[20570]: CONNECT from [222.92.254.194]:59388 to [203.66.83.217]:25
Nov 14 08:35:46 zimbra postfix/postscreen[20570]: PASS OLD [222.92.254.194]:59388
Nov 14 08:35:46 zimbra postfix/smtpd[20571]: connect from unknown[222.92.254.194]
Nov 14 08:35:46 zimbra postfix/smtpd[20571]: NOQUEUE: filter: RCPT from unknown[222.92.254.194]: <auto_zm.zhang+service06=fulltech-metal.net@fulltech-metal.com>: Sender address triggers FILTER smtp-amavis:[127.0.0.1]:10026; from=<auto_zm.zhang+service06=fulltech-metal.net@fulltech-metal.com> to=<service02@fulltech-metal.net> proto=SMTP helo=<fulltech-metal.com>
Nov 14 08:35:46 zimbra postfix/smtpd[20571]: NOQUEUE: filter: RCPT from unknown[222.92.254.194]: <auto_zm.zhang+service06=fulltech-metal.net@fulltech-metal.com>: Sender address triggers FILTER smtp-amavis:[127.0.0.1]:10024; from=<auto_zm.zhang+service06=fulltech-metal.net@fulltech-metal.com> to=<service02@fulltech-metal.net> proto=SMTP helo=<fulltech-metal.com>
Nov 14 08:35:46 zimbra postfix/smtpd[20571]: E81FE4A1882: client=unknown[222.92.254.194]
Nov 14 08:35:47 zimbra postfix/cleanup[20575]: E81FE4A1882: resent-message-id=<b35681e820318a7ff3eeec93e7ed316b>
Nov 14 08:35:47 zimbra postfix/cleanup[20575]: E81FE4A1882: message-id=<201611140835409893483@fulltech-metal.net>
Nov 14 08:35:47 zimbra postfix/qmgr[6416]: E81FE4A1882: from=<auto_zm.zhang+service06=fulltech-metal.net@fulltech-metal.com>, size=216383, nrcpt=1 (queue active)
Nov 14 08:35:47 zimbra postfix/smtpd[20571]: disconnect from unknown[222.92.254.194] helo=1 mail=1 rcpt=1 data=1 quit=1 commands=5
Nov 14 08:35:48 zimbra postfix/amavisd/smtpd[20958]: connect from localhost[127.0.0.1]
Nov 14 08:35:48 zimbra postfix/amavisd/smtpd[20958]: 257044A188A: client=localhost[127.0.0.1]
Nov 14 08:35:48 zimbra postfix/cleanup[20575]: 257044A188A: resent-message-id=<b35681e820318a7ff3eeec93e7ed316b>
Nov 14 08:35:48 zimbra postfix/cleanup[20575]: 257044A188A: message-id=<201611140835409893483@fulltech-metal.net>
Nov 14 08:35:48 zimbra postfix/amavisd/smtpd[20958]: disconnect from localhost[127.0.0.1] ehlo=1 mail=1 rcpt=1 data=1 quit=1 commands=5
Nov 14 08:35:48 zimbra postfix/qmgr[6416]: 257044A188A: from=<auto_zm.zhang+service06=fulltech-metal.net@fulltech-metal.com>, size=217192, nrcpt=1 (queue active)
Nov 14 08:35:48 zimbra postfix/smtp[20893]: E81FE4A1882: to=<service02@fulltech-metal.net>, relay=127.0.0.1[127.0.0.1]:10024, delay=1.3, delays=0.71/0/0/0.62, dsn=2.0.0, status=sent (250 2.0.0 from MTA(smtp:[127.0.0.1]:10025): 250 2.0.0 Ok: queued as 257044A188A)
Nov 14 08:35:48 zimbra postfix/qmgr[6416]: E81FE4A1882: removed
Nov 14 08:35:48 zimbra postfix/lmtp[20967]: 257044A188A: to=<service02@fulltech-metal.net>, relay=zimbra.fulltech-metal.net[203.66.83.217]:7025, delay=0.17, delays=0.05/0/0.05/0.07, dsn=2.1.5, status=sent (250 2.1.5 Delivery OK)
Nov 14 08:35:48 zimbra postfix/qmgr[6416]: 257044A188A: removed
Nov 14 08:35:48 zimbra postfix/smtp[20959]: warning: TLS library problem: error:1409442E:SSL routines:ssl3_read_bytes:tlsv1 alert protocol version:s3_pkt.c:1472:SSL alert number 70:
Nov 14 08:35:48 zimbra postfix/smtp[20959]: EB69A4A1864: lost connection with qiye163mx01.mxmail.netease.com[103.251.128.69] while sending end of data -- message may be sent more than once
Nov 14 08:35:50 zimbra postfix/amavisd/smtpd[20958]: connect from localhost[127.0.0.1]
Nov 14 08:35:50 zimbra postfix/amavisd/smtpd[20958]: 89FE94A1882: client=localhost[127.0.0.1]
Nov 14 08:35:50 zimbra postfix/cleanup[20575]: 89FE94A1882: message-id=<20161114003538.441CB352@smtp.263.net>
Nov 14 08:35:50 zimbra postfix/amavisd/smtpd[20958]: disconnect from localhost[127.0.0.1] ehlo=1 mail=1 rcpt=1 data=1 quit=1 commands=5
Nov 14 08:35:50 zimbra postfix/qmgr[6416]: 89FE94A1882: from=<vicky.li@skyrock-casting.com>, size=5076, nrcpt=1 (queue active)
Nov 14 08:35:50 zimbra postfix/smtp[20954]: 3BA774A187C: to=<service07@fulltech-metal.net>, relay=127.0.0.1[127.0.0.1]:10024, delay=4.3, delays=0.15/0/0/4.2, dsn=2.0.0, status=sent (250 2.0.0 from MTA(smtp:[127.0.0.1]:10025): 250 2.0.0 Ok: queued as 89FE94A1882)
Nov 14 08:35:50 zimbra postfix/qmgr[6416]: 3BA774A187C: removed
Nov 14 08:35:50 zimbra postfix/lmtp[20967]: 89FE94A1882: to=<service07@fulltech-metal.net>, relay=zimbra.fulltech-metal.net[203.66.83.217]:7025, delay=0.11, delays=0/0.01/0.06/0.05, dsn=2.1.5, status=sent (250 2.1.5 Delivery OK)
Nov 14 08:35:50 zimbra postfix/qmgr[6416]: 89FE94A1882: removed
Nov 14 08:35:53 zimbra postfix/smtp[20959]: EB69A4A1864: to=<lijun@nanhua.com>, relay=qiye163mx01.mxmail.netease.com[43.230.90.12]:25, delay=9.8, delays=0.06/0.01/4.8/5, dsn=2.0.0, status=sent (250 Mail OK queued as mx8,UtOowAC336fkBilY9IK4AQ--.192S2 1479083753)
Nov 14 08:35:53 zimbra postfix/smtp[20959]: EB69A4A1864: to=<lishenjun@nanhua.com>, relay=qiye163mx01.mxmail.netease.com[43.230.90.12]:25, delay=9.8, delays=0.06/0.01/4.8/5, dsn=2.0.0, status=sent (250 Mail OK queued as mx8,UtOowAC336fkBilY9IK4AQ--.192S2 1479083753)
Nov 14 08:35:53 zimbra postfix/smtp[20959]: EB69A4A1864: to=<qinshanqing@nanhua.com>, relay=qiye163mx01.mxmail.netease.com[43.230.90.12]:25, delay=9.8, delays=0.06/0.01/4.8/5, dsn=2.0.0, status=sent (250 Mail OK queued as mx8,UtOowAC336fkBilY9IK4AQ--.192S2 1479083753)
Nov 14 08:35:53 zimbra postfix/smtp[20959]: EB69A4A1864: to=<taowei@nanhua.com>, relay=qiye163mx01.mxmail.netease.com[43.230.90.12]:25, delay=9.8, delays=0.06/0.01/4.8/5, dsn=2.0.0, status=sent (250 Mail OK queued as mx8,UtOowAC336fkBilY9IK4AQ--.192S2 1479083753)
Nov 14 08:35:53 zimbra postfix/smtp[20959]: EB69A4A1864: to=<zhangbin@nanhua.com>, relay=qiye163mx01.mxmail.netease.com[43.230.90.12]:25, delay=9.8, delays=0.06/0.01/4.8/5, dsn=2.0.0, status=sent (250 Mail OK queued as mx8,UtOowAC336fkBilY9IK4AQ--.192S2 1479083753)
Nov 14 08:35:53 zimbra postfix/qmgr[6416]: EB69A4A1864: removed
Nov 14 08:37:32 zimbra postfix/postscreen[22188]: CONNECT from [222.92.254.194]:59401 to [203.66.83.217]:25
Nov 14 08:37:32 zimbra postfix/postscreen[22188]: PASS OLD [222.92.254.194]:59401
Nov 14 08:37:32 zimbra postfix/smtpd[22189]: connect from unknown[222.92.254.194]
Nov 14 08:37:33 zimbra postfix/smtpd[22189]: NOQUEUE: filter: RCPT from unknown[222.92.254.194]: <auto_vicky.li+lx.xue=fulltech-metal.com@fulltech-metal.com>: Sender address triggers FILTER smtp-amavis:[127.0.0.1]:10026; from=<auto_vicky.li+lx.xue=fulltech-metal.com@fulltech-metal.com> to=<service01@fulltech-metal.net> proto=SMTP helo=<fulltech-metal.com>
Nov 14 08:37:33 zimbra postfix/smtpd[22189]: NOQUEUE: filter: RCPT from unknown[222.92.254.194]: <auto_vicky.li+lx.xue=fulltech-metal.com@fulltech-metal.com>: Sender address triggers FILTER smtp-amavis:[127.0.0.1]:10024; from=<auto_vicky.li+lx.xue=fulltech-metal.com@fulltech-metal.com> to=<service01@fulltech-metal.net> proto=SMTP helo=<fulltech-metal.com>
Nov 14 08:37:33 zimbra postfix/smtpd[22189]: 203B04A1864: client=unknown[222.92.254.194]
Nov 14 08:37:33 zimbra postfix/cleanup[22190]: 203B04A1864: resent-message-id=<79f1756b6a14ed3f47c6b2de76c59d86>
Nov 14 08:37:33 zimbra postfix/cleanup[22190]: 203B04A1864: message-id=<2016111408372591853545@fulltech-metal.com>
Nov 14 08:37:35 zimbra postfix/qmgr[6416]: 203B04A1864: from=<auto_vicky.li+lx.xue=fulltech-metal.com@fulltech-metal.com>, size=3351979, nrcpt=1 (queue active)
Nov 14 08:37:35 zimbra postfix/smtpd[22189]: disconnect from unknown[222.92.254.194] helo=1 mail=1 rcpt=1 data=1 quit=1 commands=5
Nov 14 08:37:38 zimbra postfix/amavisd/smtpd[22194]: connect from localhost[127.0.0.1]
Nov 14 08:37:38 zimbra postfix/amavisd/smtpd[22194]: 3B0D94A187C: client=localhost[127.0.0.1]
Nov 14 08:37:38 zimbra postfix/cleanup[22190]: 3B0D94A187C: resent-message-id=<79f1756b6a14ed3f47c6b2de76c59d86>
Nov 14 08:37:38 zimbra postfix/cleanup[22190]: 3B0D94A187C: message-id=<2016111408372591853545@fulltech-metal.com>
Nov 14 08:37:38 zimbra postfix/qmgr[6416]: 3B0D94A187C: from=<auto_vicky.li+lx.xue=fulltech-metal.com@fulltech-metal.com>, size=3352764, nrcpt=1 (queue active)
Nov 14 08:37:38 zimbra postfix/amavisd/smtpd[22194]: disconnect from localhost[127.0.0.1] ehlo=1 mail=1 rcpt=1 data=1 quit=1 commands=5
Nov 14 08:37:38 zimbra postfix/smtp[22191]: 203B04A1864: to=<service01@fulltech-metal.net>, relay=127.0.0.1[127.0.0.1]:10024, delay=5.3, delays=2.4/0.01/0/2.9, dsn=2.0.0, status=sent (250 2.0.0 from MTA(smtp:[127.0.0.1]:10025): 250 2.0.0 Ok: queued as 3B0D94A187C)
Nov 14 08:37:38 zimbra postfix/qmgr[6416]: 203B04A1864: removed
Nov 14 08:37:38 zimbra postfix/lmtp[22195]: 3B0D94A187C: to=<service01@fulltech-metal.net>, relay=zimbra.fulltech-metal.net[203.66.83.217]:7025, delay=0.51, delays=0.09/0.01/0.06/0.35, dsn=2.1.5, status=sent (250 2.1.5 Delivery OK)
Nov 14 08:37:38 zimbra postfix/qmgr[6416]: 3B0D94A187C: removed
Nov 14 08:39:07 zimbra postfix/submission/smtpd[23030]: connect from unknown[222.92.254.194]
Nov 14 08:39:07 zimbra postfix/submission/smtpd[23030]: Anonymous TLS connection established from unknown[222.92.254.194]: TLSv1.2 with cipher ECDHE-RSA-AES128-GCM-SHA256 (128/128 bits)
Nov 14 08:39:08 zimbra postfix/submission/smtpd[23030]: NOQUEUE: filter: RCPT from unknown[222.92.254.194]: <service08@fulltech-metal.net>: Sender address triggers FILTER smtp-amavis:[127.0.0.1]:10026; from=<service08@fulltech-metal.net> to=<annie.li@skyrock-casting.com> proto=ESMTP helo=<[192.168.1.110]>
Nov 14 08:39:08 zimbra postfix/submission/smtpd[23030]: 885974A1864: client=unknown[222.92.254.194], sasl_method=PLAIN, sasl_username=service08
Nov 14 08:39:08 zimbra postfix/submission/smtpd[23030]: 885974A1864: filter: RCPT from unknown[222.92.254.194]: <service08@fulltech-metal.net>: Sender address triggers FILTER smtp-amavis:[127.0.0.1]:10026; from=<service08@fulltech-metal.net> to=<vicky.li@skyrock-casting.com> proto=ESMTP helo=<[192.168.1.110]>
Nov 14 08:39:09 zimbra postfix/cleanup[22190]: 885974A1864: message-id=<8e9326ff-6763-b0d1-e8c6-d5ed5e731922@fulltech-metal.net>
Nov 14 08:39:10 zimbra postfix/qmgr[6416]: 885974A1864: from=<service08@fulltech-metal.net>, size=159491, nrcpt=2 (queue active)
Nov 14 08:39:10 zimbra postfix/dkimmilter/smtpd[23033]: connect from localhost[127.0.0.1]
Nov 14 08:39:10 zimbra postfix/dkimmilter/smtpd[23033]: B728A4A187C: client=localhost[127.0.0.1]
Nov 14 08:39:10 zimbra postfix/cleanup[22190]: B728A4A187C: message-id=<8e9326ff-6763-b0d1-e8c6-d5ed5e731922@fulltech-metal.net>
Nov 14 08:39:10 zimbra postfix/submission/smtpd[23030]: disconnect from unknown[222.92.254.194] ehlo=2 starttls=1 auth=1 mail=1 rcpt=2 data=1 quit=1 commands=9
Nov 14 08:39:10 zimbra postfix/qmgr[6416]: B728A4A187C: from=<service08@fulltech-metal.net>, size=161171, nrcpt=2 (queue active)
Nov 14 08:39:10 zimbra postfix/dkimmilter/smtpd[23033]: disconnect from localhost[127.0.0.1] ehlo=1 mail=1 rcpt=2 data=1 quit=1 commands=6
Nov 14 08:39:10 zimbra postfix/smtp[22191]: 885974A1864: to=<annie.li@skyrock-casting.com>, relay=127.0.0.1[127.0.0.1]:10026, delay=2.3, delays=2.1/0/0/0.2, dsn=2.0.0, status=sent (250 2.0.0 from MTA(smtp:[127.0.0.1]:10030): 250 2.0.0 Ok: queued as B728A4A187C)
Nov 14 08:39:10 zimbra postfix/smtp[22191]: 885974A1864: to=<vicky.li@skyrock-casting.com>, relay=127.0.0.1[127.0.0.1]:10026, delay=2.3, delays=2.1/0/0/0.2, dsn=2.0.0, status=sent (250 2.0.0 from MTA(smtp:[127.0.0.1]:10030): 250 2.0.0 Ok: queued as B728A4A187C)
Nov 14 08:39:10 zimbra postfix/qmgr[6416]: 885974A1864: removed
Nov 14 08:39:11 zimbra postfix/amavisd/smtpd[22194]: connect from localhost[127.0.0.1]
Nov 14 08:39:11 zimbra postfix/amavisd/smtpd[22194]: 0B14B4A1864: client=localhost[127.0.0.1]
Nov 14 08:39:11 zimbra postfix/cleanup[22190]: 0B14B4A1864: message-id=<8e9326ff-6763-b0d1-e8c6-d5ed5e731922@fulltech-metal.net>
Nov 14 08:39:11 zimbra postfix/amavisd/smtpd[22194]: disconnect from localhost[127.0.0.1] ehlo=1 mail=1 rcpt=2 data=1 quit=1 commands=6
Nov 14 08:39:11 zimbra postfix/qmgr[6416]: 0B14B4A1864: from=<service08@fulltech-metal.net>, size=161500, nrcpt=2 (queue active)
Nov 14 08:39:11 zimbra postfix/smtp[23035]: B728A4A187C: to=<annie.li@skyrock-casting.com>, relay=127.0.0.1[127.0.0.1]:10032, delay=0.35, delays=0.05/0.01/0/0.29, dsn=2.0.0, status=sent (250 2.0.0 from MTA(smtp:[127.0.0.1]:10025): 250 2.0.0 Ok: queued as 0B14B4A1864)
Nov 14 08:39:11 zimbra postfix/smtp[23035]: B728A4A187C: to=<vicky.li@skyrock-casting.com>, relay=127.0.0.1[127.0.0.1]:10032, delay=0.35, delays=0.05/0.01/0/0.29, dsn=2.0.0, status=sent (250 2.0.0 from MTA(smtp:[127.0.0.1]:10025): 250 2.0.0 Ok: queued as 0B14B4A1864)
Nov 14 08:39:11 zimbra postfix/qmgr[6416]: B728A4A187C: removed
Nov 14 08:39:12 zimbra postfix/smtp[23036]: 0B14B4A1864: to=<annie.li@skyrock-casting.com>, relay=mxw.263xmail.com[54.254.206.72]:25, delay=1.3, delays=0.05/0.01/0.52/0.75, dsn=2.0.0, status=sent (250 Ok: queued as F164220016)
Nov 14 08:39:12 zimbra postfix/smtp[23036]: 0B14B4A1864: to=<vicky.li@skyrock-casting.com>, relay=mxw.263xmail.com[54.254.206.72]:25, delay=1.3, delays=0.05/0.01/0.52/0.75, dsn=2.0.0, status=sent (250 Ok: queued as F164220016)
Nov 14 08:39:12 zimbra postfix/qmgr[6416]: 0B14B4A1864: removed
Nov 14 08:39:18 zimbra postfix/postscreen[23043]: CONNECT from [211.150.80.30]:60047 to [203.66.83.217]:25
Nov 14 08:39:24 zimbra postfix/postscreen[23043]: PASS OLD [211.150.80.30]:60047
Nov 14 08:39:25 zimbra postfix/smtpd[23044]: connect from vipregular20.263.net[211.150.80.30]
Nov 14 08:39:25 zimbra postfix/smtpd[23044]: Anonymous TLS connection established from vipregular20.263.net[211.150.80.30]: TLSv1 with cipher ADH-AES256-SHA (256/256 bits)
Nov 14 08:39:25 zimbra postfix/smtpd[23044]: NOQUEUE: filter: RCPT from vipregular20.263.net[211.150.80.30]: <vicky.li@skyrock-casting.com>: Sender address triggers FILTER smtp-amavis:[127.0.0.1]:10026; from=<vicky.li@skyrock-casting.com> to=<service08@fulltech-metal.net> proto=ESMTP helo=<vipregular20.263.net>
Nov 14 08:39:25 zimbra postfix/smtpd[23044]: NOQUEUE: filter: RCPT from vipregular20.263.net[211.150.80.30]: <vicky.li@skyrock-casting.com>: Sender address triggers FILTER smtp-amavis:[127.0.0.1]:10024; from=<vicky.li@skyrock-casting.com> to=<service08@fulltech-metal.net> proto=ESMTP helo=<vipregular20.263.net>
Nov 14 08:39:25 zimbra postfix/smtpd[23044]: DB7124A1864: client=vipregular20.263.net[211.150.80.30]
Nov 14 08:39:26 zimbra postfix/cleanup[22190]: DB7124A1864: message-id=<20161114003917.378E037E@smtp.263.net>
Nov 14 08:39:26 zimbra postfix/qmgr[6416]: DB7124A1864: from=<vicky.li@skyrock-casting.com>, size=4288, nrcpt=1 (queue active)
Nov 14 08:39:26 zimbra postfix/smtpd[23044]: disconnect from vipregular20.263.net[211.150.80.30] ehlo=2 starttls=1 mail=1 rcpt=1 data=1 quit=1 commands=7
Nov 14 08:39:30 zimbra postfix/amavisd/smtpd[22194]: connect from localhost[127.0.0.1]
Nov 14 08:39:30 zimbra postfix/amavisd/smtpd[22194]: BD4D84A187C: client=localhost[127.0.0.1]
Nov 14 08:39:30 zimbra postfix/cleanup[22190]: BD4D84A187C: message-id=<20161114003917.378E037E@smtp.263.net>
Nov 14 08:39:30 zimbra postfix/amavisd/smtpd[22194]: disconnect from localhost[127.0.0.1] ehlo=1 mail=1 rcpt=1 data=1 quit=1 commands=5
Nov 14 08:39:30 zimbra postfix/qmgr[6416]: BD4D84A187C: from=<vicky.li@skyrock-casting.com>, size=5056, nrcpt=1 (queue active)
Nov 14 08:39:30 zimbra postfix/smtp[22191]: DB7124A1864: to=<service08@fulltech-metal.net>, relay=127.0.0.1[127.0.0.1]:10024, delay=4.9, delays=0.16/0/0/4.7, dsn=2.0.0, status=sent (250 2.0.0 from MTA(smtp:[127.0.0.1]:10025): 250 2.0.0 Ok: queued as BD4D84A187C)
Nov 14 08:39:30 zimbra postfix/qmgr[6416]: DB7124A1864: removed
Nov 14 08:39:30 zimbra postfix/lmtp[23421]: BD4D84A187C: to=<service08@fulltech-metal.net>, relay=zimbra.fulltech-metal.net[203.66.83.217]:7025, delay=0.11, delays=0/0.01/0.05/0.05, dsn=2.1.5, status=sent (250 2.1.5 Delivery OK)
Nov 14 08:39:30 zimbra postfix/qmgr[6416]: BD4D84A187C: removed
Nov 14 08:41:17 zimbra postfix/anvil[18501]: statistics: max connection rate 5/60s for (smtpd:222.92.254.194) at Nov 14 08:32:05
Nov 14 08:41:17 zimbra postfix/anvil[18501]: statistics: max connection count 1 for (smtpd:222.92.254.194) at Nov 14 08:31:17
Nov 14 08:41:17 zimbra postfix/anvil[18501]: statistics: max cache size 2 at Nov 14 08:35:45
Nov 14 08:43:27 zimbra postfix/postscreen[25589]: CONNECT from [222.92.254.194]:59434 to [203.66.83.217]:25
Nov 14 08:43:27 zimbra postfix/postscreen[25589]: PASS OLD [222.92.254.194]:59434
Nov 14 08:43:27 zimbra postfix/smtpd[25590]: connect from unknown[222.92.254.194]
Nov 14 08:43:28 zimbra postfix/smtpd[25590]: NOQUEUE: filter: RCPT from unknown[222.92.254.194]: <auto_joanna.zhang+wt.liu=fulltech-metal.com@fulltech-metal.com>: Sender address triggers FILTER smtp-amavis:[127.0.0.1]:10026; from=<auto_joanna.zhang+wt.liu=fulltech-metal.com@fulltech-metal.com> to=<service07@fulltech-metal.net> proto=SMTP helo=<fulltech-metal.com>
Nov 14 08:43:28 zimbra postfix/smtpd[25590]: NOQUEUE: filter: RCPT from unknown[222.92.254.194]: <auto_joanna.zhang+wt.liu=fulltech-metal.com@fulltech-metal.com>: Sender address triggers FILTER smtp-amavis:[127.0.0.1]:10024; from=<auto_joanna.zhang+wt.liu=fulltech-metal.com@fulltech-metal.com> to=<service07@fulltech-metal.net> proto=SMTP helo=<fulltech-metal.com>
Nov 14 08:43:28 zimbra postfix/smtpd[25590]: 169D14A1864: client=unknown[222.92.254.194]
Nov 14 08:43:28 zimbra postfix/cleanup[25594]: 169D14A1864: resent-message-id=<b360e7841a69683ed74e6be35c02801e>
Nov 14 08:43:28 zimbra postfix/cleanup[25594]: 169D14A1864: message-id=<201611140843209196506@fulltech-metal.com>
Nov 14 08:43:28 zimbra postfix/qmgr[6416]: 169D14A1864: from=<auto_joanna.zhang+wt.liu=fulltech-metal.com@fulltech-metal.com>, size=757434, nrcpt=1 (queue active)
Nov 14 08:43:29 zimbra postfix/smtpd[25590]: disconnect from unknown[222.92.254.194] helo=1 mail=1 rcpt=1 data=1 quit=1 commands=5
Nov 14 08:43:29 zimbra postfix/postscreen[25589]: CONNECT from [222.92.254.194]:59435 to [203.66.83.217]:25
Nov 14 08:43:29 zimbra postfix/postscreen[25589]: PASS OLD [222.92.254.194]:59435
Nov 14 08:43:29 zimbra postfix/smtpd[25590]: connect from unknown[222.92.254.194]
Nov 14 08:43:29 zimbra postfix/smtpd[25590]: NOQUEUE: filter: RCPT from unknown[222.92.254.194]: <auto_annie.li+wt.liu=fulltech-metal.com@fulltech-metal.com>: Sender address triggers FILTER smtp-amavis:[127.0.0.1]:10026; from=<auto_annie.li+wt.liu=fulltech-metal.com@fulltech-metal.com> to=<service03@fulltech-metal.net> proto=SMTP helo=<fulltech-metal.com>
Nov 14 08:43:29 zimbra postfix/smtpd[25590]: NOQUEUE: filter: RCPT from unknown[222.92.254.194]: <auto_annie.li+wt.liu=fulltech-metal.com@fulltech-metal.com>: Sender address triggers FILTER smtp-amavis:[127.0.0.1]:10024; from=<auto_annie.li+wt.liu=fulltech-metal.com@fulltech-metal.com> to=<service03@fulltech-metal.net> proto=SMTP helo=<fulltech-metal.com>
Nov 14 08:43:29 zimbra postfix/smtpd[25590]: A6DEC4A187C: client=unknown[222.92.254.194]
Nov 14 08:43:29 zimbra postfix/cleanup[25594]: A6DEC4A187C: resent-message-id=<426015c1c6ca7944cc0f896f0df5d0d0>
Nov 14 08:43:30 zimbra postfix/cleanup[25594]: A6DEC4A187C: message-id=<201611140843209196506@fulltech-metal.com>
Nov 14 08:43:30 zimbra postfix/amavisd/smtpd[25597]: connect from localhost[127.0.0.1]
Nov 14 08:43:30 zimbra postfix/amavisd/smtpd[25597]: 45C0A4A1882: client=localhost[127.0.0.1]
Nov 14 08:43:30 zimbra postfix/cleanup[25599]: 45C0A4A1882: resent-message-id=<b360e7841a69683ed74e6be35c02801e>
Nov 14 08:43:30 zimbra postfix/cleanup[25599]: 45C0A4A1882: message-id=<201611140843209196506@fulltech-metal.com>
Nov 14 08:43:30 zimbra postfix/amavisd/smtpd[25597]: disconnect from localhost[127.0.0.1] ehlo=1 mail=1 rcpt=1 data=1 quit=1 commands=5
Nov 14 08:43:30 zimbra postfix/qmgr[6416]: 45C0A4A1882: from=<auto_joanna.zhang+wt.liu=fulltech-metal.com@fulltech-metal.com>, size=758234, nrcpt=1 (queue active)
Nov 14 08:43:30 zimbra postfix/smtp[25595]: 169D14A1864: to=<service07@fulltech-metal.net>, relay=127.0.0.1[127.0.0.1]:10024, delay=2.4, delays=0.94/0.01/0/1.4, dsn=2.0.0, status=sent (250 2.0.0 from MTA(smtp:[127.0.0.1]:10025): 250 2.0.0 Ok: queued as 45C0A4A1882)
Nov 14 08:43:30 zimbra postfix/qmgr[6416]: 169D14A1864: removed
Nov 14 08:43:30 zimbra postfix/qmgr[6416]: A6DEC4A187C: from=<auto_annie.li+wt.liu=fulltech-metal.com@fulltech-metal.com>, size=757422, nrcpt=1 (queue active)
Nov 14 08:43:30 zimbra postfix/smtpd[25590]: disconnect from unknown[222.92.254.194] helo=1 mail=1 rcpt=1 data=1 quit=1 commands=5
Nov 14 08:43:30 zimbra postfix/lmtp[25600]: 45C0A4A1882: to=<service07@fulltech-metal.net>, relay=zimbra.fulltech-metal.net[203.66.83.217]:7025, delay=0.44, delays=0.07/0.01/0.05/0.3, dsn=2.1.5, status=sent (250 2.1.5 Delivery OK)
Nov 14 08:43:30 zimbra postfix/qmgr[6416]: 45C0A4A1882: removed
Nov 14 08:43:31 zimbra postfix/postscreen[25589]: CONNECT from [222.92.254.194]:59436 to [203.66.83.217]:25
Nov 14 08:43:31 zimbra postfix/postscreen[25589]: PASS OLD [222.92.254.194]:59436
Nov 14 08:43:31 zimbra postfix/smtpd[25590]: connect from unknown[222.92.254.194]
Nov 14 08:43:31 zimbra postfix/amavisd/smtpd[25597]: connect from localhost[127.0.0.1]
Nov 14 08:43:31 zimbra postfix/amavisd/smtpd[25597]: 4CB954A1864: client=localhost[127.0.0.1]
Nov 14 08:43:31 zimbra postfix/cleanup[25599]: 4CB954A1864: resent-message-id=<426015c1c6ca7944cc0f896f0df5d0d0>
Nov 14 08:43:31 zimbra postfix/cleanup[25599]: 4CB954A1864: message-id=<201611140843209196506@fulltech-metal.com>
Nov 14 08:43:31 zimbra postfix/smtpd[25590]: NOQUEUE: filter: RCPT from unknown[222.92.254.194]: <auto_danny.liang+wt.liu=fulltech-metal.com@fulltech-metal.com>: Sender address triggers FILTER smtp-amavis:[127.0.0.1]:10026; from=<auto_danny.liang+wt.liu=fulltech-metal.com@fulltech-metal.com> to=<service04@fulltech-metal.net> proto=SMTP helo=<fulltech-metal.com>
Nov 14 08:43:31 zimbra postfix/smtpd[25590]: NOQUEUE: filter: RCPT from unknown[222.92.254.194]: <auto_danny.liang+wt.liu=fulltech-metal.com@fulltech-metal.com>: Sender address triggers FILTER smtp-amavis:[127.0.0.1]:10024; from=<auto_danny.liang+wt.liu=fulltech-metal.com@fulltech-metal.com> to=<service04@fulltech-metal.net> proto=SMTP helo=<fulltech-metal.com>
Nov 14 08:43:31 zimbra postfix/smtpd[25590]: 504504A1882: client=unknown[222.92.254.194]
Nov 14 08:43:31 zimbra postfix/qmgr[6416]: 4CB954A1864: from=<auto_annie.li+wt.liu=fulltech-metal.com@fulltech-metal.com>, size=758222, nrcpt=1 (queue active)
Nov 14 08:43:31 zimbra postfix/amavisd/smtpd[25597]: disconnect from localhost[127.0.0.1] ehlo=1 mail=1 rcpt=1 data=1 quit=1 commands=5
Nov 14 08:43:31 zimbra postfix/smtp[25595]: A6DEC4A187C: to=<service03@fulltech-metal.net>, relay=127.0.0.1[127.0.0.1]:10024, delay=1.8, delays=0.98/0/0/0.8, dsn=2.0.0, status=sent (250 2.0.0 from MTA(smtp:[127.0.0.1]:10025): 250 2.0.0 Ok: queued as 4CB954A1864)
Nov 14 08:43:31 zimbra postfix/qmgr[6416]: A6DEC4A187C: removed
Nov 14 08:43:31 zimbra postfix/cleanup[25594]: 504504A1882: resent-message-id=<00469341793819b4832bfcab491c3d3d>
Nov 14 08:43:31 zimbra postfix/lmtp[25600]: 4CB954A1864: to=<service03@fulltech-metal.net>, relay=zimbra.fulltech-metal.net[203.66.83.217]:7025, delay=0.3, delays=0.06/0/0.05/0.18, dsn=2.1.5, status=sent (250 2.1.5 Delivery OK)
Nov 14 08:43:31 zimbra postfix/qmgr[6416]: 4CB954A1864: removed
Nov 14 08:43:31 zimbra postfix/cleanup[25594]: 504504A1882: message-id=<201611140843209196506@fulltech-metal.com>
Nov 14 08:43:32 zimbra postfix/qmgr[6416]: 504504A1882: from=<auto_danny.liang+wt.liu=fulltech-metal.com@fulltech-metal.com>, size=757431, nrcpt=1 (queue active)
Nov 14 08:43:32 zimbra postfix/smtpd[25590]: disconnect from unknown[222.92.254.194] helo=1 mail=1 rcpt=1 data=1 quit=1 commands=5
Nov 14 08:43:32 zimbra postfix/amavisd/smtpd[25597]: connect from localhost[127.0.0.1]
Nov 14 08:43:32 zimbra postfix/amavisd/smtpd[25597]: C67744A1864: client=localhost[127.0.0.1]
Nov 14 08:43:32 zimbra postfix/cleanup[25599]: C67744A1864: resent-message-id=<00469341793819b4832bfcab491c3d3d>
Nov 14 08:43:32 zimbra postfix/cleanup[25599]: C67744A1864: message-id=<201611140843209196506@fulltech-metal.com>
Nov 14 08:43:32 zimbra postfix/amavisd/smtpd[25597]: disconnect from localhost[127.0.0.1] ehlo=1 mail=1 rcpt=1 data=1 quit=1 commands=5
Nov 14 08:43:32 zimbra postfix/qmgr[6416]: C67744A1864: from=<auto_danny.liang+wt.liu=fulltech-metal.com@fulltech-metal.com>, size=758231, nrcpt=1 (queue active)
Nov 14 08:43:32 zimbra postfix/smtp[25595]: 504504A1882: to=<service04@fulltech-metal.net>, relay=127.0.0.1[127.0.0.1]:10024, delay=1.6, delays=1/0/0/0.59, dsn=2.0.0, status=sent (250 2.0.0 from MTA(smtp:[127.0.0.1]:10025): 250 2.0.0 Ok: queued as C67744A1864)
Nov 14 08:43:32 zimbra postfix/qmgr[6416]: 504504A1882: removed
Nov 14 08:43:33 zimbra postfix/lmtp[25600]: C67744A1864: to=<service04@fulltech-metal.net>, relay=zimbra.fulltech-metal.net[203.66.83.217]:7025, delay=0.3, delays=0.06/0/0.05/0.18, dsn=2.1.5, status=sent (250 2.1.5 Delivery OK)
Nov 14 08:43:33 zimbra postfix/qmgr[6416]: C67744A1864: removed
Nov 14 08:45:51 zimbra postfix/postscreen[27216]: CONNECT from [222.92.254.194]:59454 to [203.66.83.217]:25
Nov 14 08:45:51 zimbra postfix/postscreen[27216]: PASS OLD [222.92.254.194]:59454
Nov 14 08:45:51 zimbra postfix/smtpd[27217]: connect from unknown[222.92.254.194]
Nov 14 08:45:51 zimbra postfix/smtpd[27217]: NOQUEUE: filter: RCPT from unknown[222.92.254.194]: <auto_vicky.li+prvs=1119aa5070=jack.han=wnc.com.tw@fulltech-metal.com>: Sender address triggers FILTER smtp-amavis:[127.0.0.1]:10026; from=<auto_vicky.li+prvs=1119aa5070=jack.han=wnc.com.tw@fulltech-metal.com> to=<service01@fulltech-metal.net> proto=SMTP helo=<fulltech-metal.com>
Nov 14 08:45:51 zimbra postfix/smtpd[27217]: NOQUEUE: filter: RCPT from unknown[222.92.254.194]: <auto_vicky.li+prvs=1119aa5070=jack.han=wnc.com.tw@fulltech-metal.com>: Sender address triggers FILTER smtp-amavis:[127.0.0.1]:10024; from=<auto_vicky.li+prvs=1119aa5070=jack.han=wnc.com.tw@fulltech-metal.com> to=<service01@fulltech-metal.net> proto=SMTP helo=<fulltech-metal.com>
Nov 14 08:45:51 zimbra postfix/smtpd[27217]: AFA174A1864: client=unknown[222.92.254.194]
Nov 14 08:45:51 zimbra postfix/cleanup[27218]: AFA174A1864: resent-message-id=<0a2c7d7482b03637e76e7e5da0b7c87d>
Nov 14 08:45:51 zimbra postfix/cleanup[27218]: AFA174A1864: message-id=<145DD21727AE0E4593D24FA5D2E7DEDCD1DEA477@CNMBOX3.wneweb.com.cn>
Nov 14 08:45:52 zimbra postfix/qmgr[6416]: AFA174A1864: from=<auto_vicky.li+prvs=1119aa5070=jack.han=wnc.com.tw@fulltech-metal.com>, size=36527, nrcpt=1 (queue active)
Nov 14 08:45:52 zimbra postfix/smtpd[27217]: disconnect from unknown[222.92.254.194] helo=1 mail=1 rcpt=1 data=1 quit=1 commands=5
Nov 14 08:45:52 zimbra postfix/postscreen[27216]: CONNECT from [222.92.254.194]:59455 to [203.66.83.217]:25
Nov 14 08:45:52 zimbra postfix/postscreen[27216]: PASS OLD [222.92.254.194]:59455
Nov 14 08:45:52 zimbra postfix/smtpd[27217]: connect from unknown[222.92.254.194]
Nov 14 08:45:52 zimbra postfix/smtpd[27217]: NOQUEUE: filter: RCPT from unknown[222.92.254.194]: <auto_joanna.zhang+prvs=1119aa5070=jack.han=wnc.com.tw@fulltech-metal.com>: Sender address triggers FILTER smtp-amavis:[127.0.0.1]:10026; from=<auto_joanna.zhang+prvs=1119aa5070=jack.han=wnc.com.tw@fulltech-metal.com> to=<service07@fulltech-metal.net> proto=SMTP helo=<fulltech-metal.com>
Nov 14 08:45:52 zimbra postfix/smtpd[27217]: NOQUEUE: filter: RCPT from unknown[222.92.254.194]: <auto_joanna.zhang+prvs=1119aa5070=jack.han=wnc.com.tw@fulltech-metal.com>: Sender address triggers FILTER smtp-amavis:[127.0.0.1]:10024; from=<auto_joanna.zhang+prvs=1119aa5070=jack.han=wnc.com.tw@fulltech-metal.com> to=<service07@fulltech-metal.net> proto=SMTP helo=<fulltech-metal.com>
Nov 14 08:45:52 zimbra postfix/smtpd[27217]: 933134A187C: client=unknown[222.92.254.194]
Nov 14 08:45:52 zimbra postfix/cleanup[27218]: 933134A187C: resent-message-id=<27c16096ee99006c388fbe084c6053b7>
Nov 14 08:45:52 zimbra postfix/cleanup[27218]: 933134A187C: message-id=<145DD21727AE0E4593D24FA5D2E7DEDCD1DEA477@CNMBOX3.wneweb.com.cn>
Nov 14 08:45:53 zimbra postfix/qmgr[6416]: 933134A187C: from=<auto_joanna.zhang+prvs=1119aa5070=jack.han=wnc.com.tw@fulltech-metal.com>, size=36539, nrcpt=1 (queue active)
Nov 14 08:45:53 zimbra postfix/smtpd[27217]: disconnect from unknown[222.92.254.194] helo=1 mail=1 rcpt=1 data=1 quit=1 commands=5
Nov 14 08:45:53 zimbra postfix/amavisd/smtpd[27223]: connect from localhost[127.0.0.1]
Nov 14 08:45:53 zimbra postfix/amavisd/smtpd[27223]: 33D004A1882: client=localhost[127.0.0.1]
Nov 14 08:45:53 zimbra postfix/cleanup[27218]: 33D004A1882: resent-message-id=<0a2c7d7482b03637e76e7e5da0b7c87d>
Nov 14 08:45:53 zimbra postfix/cleanup[27218]: 33D004A1882: message-id=<145DD21727AE0E4593D24FA5D2E7DEDCD1DEA477@CNMBOX3.wneweb.com.cn>
Nov 14 08:45:53 zimbra postfix/qmgr[6416]: 33D004A1882: from=<auto_vicky.li+prvs=1119aa5070=jack.han=wnc.com.tw@fulltech-metal.com>, size=37307, nrcpt=1 (queue active)
Nov 14 08:45:53 zimbra postfix/amavisd/smtpd[27223]: disconnect from localhost[127.0.0.1] ehlo=1 mail=1 rcpt=1 data=1 quit=1 commands=5
Nov 14 08:45:53 zimbra postfix/smtp[27220]: AFA174A1864: to=<service01@fulltech-metal.net>, relay=127.0.0.1[127.0.0.1]:10024, delay=1.6, delays=0.56/0.01/0/1, dsn=2.0.0, status=sent (250 2.0.0 from MTA(smtp:[127.0.0.1]:10025): 250 2.0.0 Ok: queued as 33D004A1882)
Nov 14 08:45:53 zimbra postfix/qmgr[6416]: AFA174A1864: removed
Nov 14 08:45:53 zimbra postfix/postscreen[27216]: CONNECT from [222.92.254.194]:59456 to [203.66.83.217]:25
Nov 14 08:45:53 zimbra postfix/postscreen[27216]: PASS OLD [222.92.254.194]:59456
Nov 14 08:45:53 zimbra postfix/smtpd[27217]: connect from unknown[222.92.254.194]
