Nov  7 12:34:04 zimbra postfix/postscreen[26975]: PREGREET 6 after 0.16 from [190.40.120.176]:57516: QUIT\r\n
Nov  7 12:34:04 zimbra postfix/smtpd[26978]: connect from unknown[190.40.120.176]
Nov  7 12:34:04 zimbra postfix/smtpd[26978]: disconnect from unknown[190.40.120.176] quit=1 commands=1
Nov  7 12:34:28 zimbra postfix/postscreen[26975]: CONNECT from [222.92.254.194]:62728 to [203.66.83.217]:25
Nov  7 12:34:28 zimbra postfix/postscreen[26975]: PASS OLD [222.92.254.194]:62728
Nov  7 12:34:28 zimbra postfix/smtpd[26978]: connect from unknown[222.92.254.194]
Nov  7 12:34:28 zimbra postfix/smtpd[26978]: NOQUEUE: filter: RCPT from unknown[222.92.254.194]: <auto_vicky.li+prvs=11122d7449=jason.ju=wnc.com.tw@fulltech-metal.com>: Sender address triggers FILTER smtp-amavis:[127.0.0.1]:10026; from=<auto_vicky.li+prvs=11122d7449=jason.ju=wnc.com.tw@fulltech-metal.com> to=<service01@fulltech-metal.net> proto=SMTP helo=<fulltech-metal.com>
Nov  7 12:34:28 zimbra postfix/smtpd[26978]: NOQUEUE: filter: RCPT from unknown[222.92.254.194]: <auto_vicky.li+prvs=11122d7449=jason.ju=wnc.com.tw@fulltech-metal.com>: Sender address triggers FILTER smtp-amavis:[127.0.0.1]:10024; from=<auto_vicky.li+prvs=11122d7449=jason.ju=wnc.com.tw@fulltech-metal.com> to=<service01@fulltech-metal.net> proto=SMTP helo=<fulltech-metal.com>
Nov  7 12:34:28 zimbra postfix/smtpd[26978]: A063E4A187F: client=unknown[222.92.254.194]
Nov  7 12:34:28 zimbra postfix/cleanup[27250]: A063E4A187F: resent-message-id=<a47ce9c1d05556b29a2883625925bf55>
Nov  7 12:34:28 zimbra postfix/cleanup[27250]: A063E4A187F: message-id=<5E70B2D93DDDDD42B4AF81086167EF1B3AE33BAE@CNMBOX3.wneweb.com.cn>
Nov  7 12:34:29 zimbra postfix/qmgr[6416]: A063E4A187F: from=<auto_vicky.li+prvs=11122d7449=jason.ju=wnc.com.tw@fulltech-metal.com>, size=183115, nrcpt=1 (queue active)
Nov  7 12:34:29 zimbra postfix/smtpd[26978]: disconnect from unknown[222.92.254.194] helo=1 mail=1 rcpt=1 data=1 quit=1 commands=5
Nov  7 12:34:29 zimbra postfix/postscreen[26975]: CONNECT from [222.92.254.194]:62729 to [203.66.83.217]:25
Nov  7 12:34:29 zimbra postfix/postscreen[26975]: PASS OLD [222.92.254.194]:62729
Nov  7 12:34:29 zimbra postfix/smtpd[26978]: connect from unknown[222.92.254.194]
Nov  7 12:34:29 zimbra postfix/smtpd[26978]: NOQUEUE: filter: RCPT from unknown[222.92.254.194]: <auto_joanna.zhang+prvs=11122d7449=jason.ju=wnc.com.tw@fulltech-metal.com>: Sender address triggers FILTER smtp-amavis:[127.0.0.1]:10026; from=<auto_joanna.zhang+prvs=11122d7449=jason.ju=wnc.com.tw@fulltech-metal.com> to=<service07@fulltech-metal.net> proto=SMTP helo=<fulltech-metal.com>
Nov  7 12:34:29 zimbra postfix/smtpd[26978]: NOQUEUE: filter: RCPT from unknown[222.92.254.194]: <auto_joanna.zhang+prvs=11122d7449=jason.ju=wnc.com.tw@fulltech-metal.com>: Sender address triggers FILTER smtp-amavis:[127.0.0.1]:10024; from=<auto_joanna.zhang+prvs=11122d7449=jason.ju=wnc.com.tw@fulltech-metal.com> to=<service07@fulltech-metal.net> proto=SMTP helo=<fulltech-metal.com>
Nov  7 12:34:29 zimbra postfix/smtpd[26978]: D73C44A188E: client=unknown[222.92.254.194]
Nov  7 12:34:30 zimbra postfix/cleanup[27250]: D73C44A188E: resent-message-id=<827d40f3b0475d05b0bddad063da1ec5>
Nov  7 12:34:30 zimbra postfix/cleanup[27250]: D73C44A188E: message-id=<5E70B2D93DDDDD42B4AF81086167EF1B3AE33BAE@CNMBOX3.wneweb.com.cn>
Nov  7 12:34:30 zimbra postfix/qmgr[6416]: D73C44A188E: from=<auto_joanna.zhang+prvs=11122d7449=jason.ju=wnc.com.tw@fulltech-metal.com>, size=183127, nrcpt=1 (queue active)
Nov  7 12:34:30 zimbra postfix/smtpd[26978]: disconnect from unknown[222.92.254.194] helo=1 mail=1 rcpt=1 data=1 quit=1 commands=5
Nov  7 12:34:30 zimbra postfix/postscreen[26975]: CONNECT from [222.92.254.194]:62730 to [203.66.83.217]:25
Nov  7 12:34:30 zimbra postfix/postscreen[26975]: PASS OLD [222.92.254.194]:62730
Nov  7 12:34:30 zimbra postfix/smtpd[26978]: connect from unknown[222.92.254.194]
Nov  7 12:34:31 zimbra postfix/smtpd[26978]: NOQUEUE: filter: RCPT from unknown[222.92.254.194]: <auto_danny.liang+prvs=11122d7449=jason.ju=wnc.com.tw@fulltech-metal.com>: Sender address triggers FILTER smtp-amavis:[127.0.0.1]:10026; from=<auto_danny.liang+prvs=11122d7449=jason.ju=wnc.com.tw@fulltech-metal.com> to=<service04@fulltech-metal.net> proto=SMTP helo=<fulltech-metal.com>
Nov  7 12:34:31 zimbra postfix/smtpd[26978]: NOQUEUE: filter: RCPT from unknown[222.92.254.194]: <auto_danny.liang+prvs=11122d7449=jason.ju=wnc.com.tw@fulltech-metal.com>: Sender address triggers FILTER smtp-amavis:[127.0.0.1]:10024; from=<auto_danny.liang+prvs=11122d7449=jason.ju=wnc.com.tw@fulltech-metal.com> to=<service04@fulltech-metal.net> proto=SMTP helo=<fulltech-metal.com>
Nov  7 12:34:31 zimbra postfix/smtpd[26978]: 376E84B8F1F: client=unknown[222.92.254.194]
Nov  7 12:34:31 zimbra postfix/cleanup[27250]: 376E84B8F1F: resent-message-id=<dabb1a1e5fcc0780c015c24b2f5cbe04>
Nov  7 12:34:31 zimbra postfix/cleanup[27250]: 376E84B8F1F: message-id=<5E70B2D93DDDDD42B4AF81086167EF1B3AE33BAE@CNMBOX3.wneweb.com.cn>
Nov  7 12:34:31 zimbra postfix/qmgr[6416]: 376E84B8F1F: from=<auto_danny.liang+prvs=11122d7449=jason.ju=wnc.com.tw@fulltech-metal.com>, size=183124, nrcpt=1 (queue active)
Nov  7 12:34:32 zimbra postfix/smtpd[26978]: disconnect from unknown[222.92.254.194] helo=1 mail=1 rcpt=1 data=1 quit=1 commands=5
Nov  7 12:34:33 zimbra postfix/amavisd/smtpd[27262]: connect from localhost[127.0.0.1]
Nov  7 12:34:33 zimbra postfix/amavisd/smtpd[27262]: 31EBC4C9B9A: client=localhost[127.0.0.1]
Nov  7 12:34:33 zimbra postfix/cleanup[27250]: 31EBC4C9B9A: resent-message-id=<a47ce9c1d05556b29a2883625925bf55>
Nov  7 12:34:33 zimbra postfix/cleanup[27250]: 31EBC4C9B9A: message-id=<5E70B2D93DDDDD42B4AF81086167EF1B3AE33BAE@CNMBOX3.wneweb.com.cn>
Nov  7 12:34:33 zimbra postfix/qmgr[6416]: 31EBC4C9B9A: from=<auto_vicky.li+prvs=11122d7449=jason.ju=wnc.com.tw@fulltech-metal.com>, size=183895, nrcpt=1 (queue active)
Nov  7 12:34:33 zimbra postfix/amavisd/smtpd[27262]: disconnect from localhost[127.0.0.1] ehlo=1 mail=1 rcpt=1 data=1 quit=1 commands=5
Nov  7 12:34:33 zimbra postfix/smtp[27251]: A063E4A187F: to=<service01@fulltech-metal.net>, relay=127.0.0.1[127.0.0.1]:10024, delay=4.7, delays=0.89/0.01/0.01/3.8, dsn=2.0.0, status=sent (250 2.0.0 from MTA(smtp:[127.0.0.1]:10025): 250 2.0.0 Ok: queued as 31EBC4C9B9A)
Nov  7 12:34:33 zimbra postfix/qmgr[6416]: A063E4A187F: removed
Nov  7 12:34:33 zimbra postfix/amavisd/smtpd[27262]: connect from localhost[127.0.0.1]
Nov  7 12:34:33 zimbra postfix/amavisd/smtpd[27262]: 62A5D4A187F: client=localhost[127.0.0.1]
Nov  7 12:34:33 zimbra postfix/cleanup[27250]: 62A5D4A187F: resent-message-id=<dabb1a1e5fcc0780c015c24b2f5cbe04>
Nov  7 12:34:33 zimbra postfix/cleanup[27250]: 62A5D4A187F: message-id=<5E70B2D93DDDDD42B4AF81086167EF1B3AE33BAE@CNMBOX3.wneweb.com.cn>
Nov  7 12:34:33 zimbra postfix/qmgr[6416]: 62A5D4A187F: from=<auto_danny.liang+prvs=11122d7449=jason.ju=wnc.com.tw@fulltech-metal.com>, size=183904, nrcpt=1 (queue active)
Nov  7 12:34:33 zimbra postfix/amavisd/smtpd[27262]: disconnect from localhost[127.0.0.1] ehlo=1 mail=1 rcpt=1 data=1 quit=1 commands=5
Nov  7 12:34:33 zimbra postfix/lmtp[27263]: 31EBC4C9B9A: to=<service01@fulltech-metal.net>, relay=zimbra.fulltech-metal.net[203.66.83.217]:7025, delay=0.25, delays=0.05/0.01/0.05/0.14, dsn=2.1.5, status=sent (250 2.1.5 Delivery OK)
Nov  7 12:34:33 zimbra postfix/qmgr[6416]: 31EBC4C9B9A: removed
Nov  7 12:34:33 zimbra postfix/smtp[27261]: 376E84B8F1F: to=<service04@fulltech-metal.net>, relay=127.0.0.1[127.0.0.1]:10024, delay=2.3, delays=0.79/0.01/0/1.5, dsn=2.0.0, status=sent (250 2.0.0 from MTA(smtp:[127.0.0.1]:10025): 250 2.0.0 Ok: queued as 62A5D4A187F)
Nov  7 12:34:33 zimbra postfix/qmgr[6416]: 376E84B8F1F: removed
Nov  7 12:34:33 zimbra postfix/lmtp[27263]: 62A5D4A187F: to=<service04@fulltech-metal.net>, relay=zimbra.fulltech-metal.net[203.66.83.217]:7025, delay=0.34, delays=0.05/0.01/0.17/0.12, dsn=2.1.5, status=sent (250 2.1.5 Delivery OK)
Nov  7 12:34:33 zimbra postfix/qmgr[6416]: 62A5D4A187F: removed
Nov  7 12:34:34 zimbra postfix/amavisd/smtpd[27262]: connect from localhost[127.0.0.1]
Nov  7 12:34:34 zimbra postfix/amavisd/smtpd[27262]: AC3034A187F: client=localhost[127.0.0.1]
Nov  7 12:34:34 zimbra postfix/cleanup[27250]: AC3034A187F: resent-message-id=<827d40f3b0475d05b0bddad063da1ec5>
Nov  7 12:34:34 zimbra postfix/cleanup[27250]: AC3034A187F: message-id=<5E70B2D93DDDDD42B4AF81086167EF1B3AE33BAE@CNMBOX3.wneweb.com.cn>
Nov  7 12:34:34 zimbra postfix/qmgr[6416]: AC3034A187F: from=<auto_joanna.zhang+prvs=11122d7449=jason.ju=wnc.com.tw@fulltech-metal.com>, size=183907, nrcpt=1 (queue active)
Nov  7 12:34:34 zimbra postfix/smtp[27257]: D73C44A188E: to=<service07@fulltech-metal.net>, relay=127.0.0.1[127.0.0.1]:10024, delay=5, delays=0.99/0.01/1.2/2.8, dsn=2.0.0, status=sent (250 2.0.0 from MTA(smtp:[127.0.0.1]:10025): 250 2.0.0 Ok: queued as AC3034A187F)
Nov  7 12:34:34 zimbra postfix/qmgr[6416]: D73C44A188E: removed
Nov  7 12:34:34 zimbra postfix/lmtp[27264]: AC3034A187F: to=<service07@fulltech-metal.net>, relay=zimbra.fulltech-metal.net[203.66.83.217]:7025, delay=0.27, delays=0.05/0/0.05/0.16, dsn=2.1.5, status=sent (250 2.1.5 Delivery OK)
Nov  7 12:34:34 zimbra postfix/qmgr[6416]: AC3034A187F: removed
Nov  7 12:36:18 zimbra postfix/scache[27265]: statistics: start interval Nov  7 12:34:33
Nov  7 12:36:18 zimbra postfix/scache[27265]: statistics: domain lookup hits=0 miss=1 success=0%
Nov  7 12:37:52 zimbra postfix/anvil[26993]: statistics: max connection rate 3/60s for (smtpd:222.92.254.194) at Nov  7 12:34:30
Nov  7 12:37:52 zimbra postfix/anvil[26993]: statistics: max connection count 1 for (smtpd:190.40.120.176) at Nov  7 12:34:04
Nov  7 12:37:52 zimbra postfix/anvil[26993]: statistics: max cache size 2 at Nov  7 12:34:28
Nov  7 12:38:36 zimbra postfix/postscreen[29786]: CONNECT from [193.86.66.130]:64782 to [203.66.83.217]:25
Nov  7 12:38:36 zimbra postfix/postscreen[29786]: PASS OLD [193.86.66.130]:64782
Nov  7 12:38:36 zimbra postfix/smtpd[29787]: connect from unknown[193.86.66.130]
Nov  7 12:38:37 zimbra postfix/smtpd[29787]: disconnect from unknown[193.86.66.130] helo=1 auth=0/1 quit=1 commands=2/3
Nov  7 12:39:34 zimbra postfix/amavisd/smtpd[27262]: timeout after END-OF-MESSAGE from localhost[127.0.0.1]
Nov  7 12:39:34 zimbra postfix/amavisd/smtpd[27262]: disconnect from localhost[127.0.0.1] ehlo=1 mail=1 rcpt=1 data=1 commands=4
Nov  7 12:41:57 zimbra postfix/anvil[29788]: statistics: max connection rate 1/60s for (smtpd:193.86.66.130) at Nov  7 12:38:36
Nov  7 12:41:57 zimbra postfix/anvil[29788]: statistics: max connection count 1 for (smtpd:193.86.66.130) at Nov  7 12:38:36
Nov  7 12:41:57 zimbra postfix/anvil[29788]: statistics: max cache size 1 at Nov  7 12:38:36
Nov  7 12:43:26 zimbra postfix/postscreen[390]: CONNECT from [180.222.157.66]:10359 to [203.66.83.217]:25
Nov  7 12:43:26 zimbra postfix/postscreen[390]: PASS OLD [180.222.157.66]:10359
Nov  7 12:43:26 zimbra postfix/smtpd[391]: warning: hostname ppp-180.222.157.66.revip.NTT.CO.TH does not resolve to address 180.222.157.66: Name or service not known
Nov  7 12:43:26 zimbra postfix/smtpd[391]: connect from unknown[180.222.157.66]
Nov  7 12:43:27 zimbra postfix/smtpd[391]: disconnect from unknown[180.222.157.66] helo=1 auth=0/1 quit=1 commands=2/3
Nov  7 12:46:47 zimbra postfix/anvil[393]: statistics: max connection rate 1/60s for (smtpd:180.222.157.66) at Nov  7 12:43:26
Nov  7 12:46:47 zimbra postfix/anvil[393]: statistics: max connection count 1 for (smtpd:180.222.157.66) at Nov  7 12:43:26
Nov  7 12:46:47 zimbra postfix/anvil[393]: statistics: max cache size 1 at Nov  7 12:43:26
Nov  7 12:48:08 zimbra postfix/postscreen[3392]: CONNECT from [222.92.254.194]:60981 to [203.66.83.217]:25
Nov  7 12:48:08 zimbra postfix/postscreen[3392]: PASS OLD [222.92.254.194]:60981
Nov  7 12:48:08 zimbra postfix/smtpd[3393]: connect from unknown[222.92.254.194]
Nov  7 12:48:08 zimbra postfix/smtpd[3393]: Anonymous TLS connection established from unknown[222.92.254.194]: TLSv1.2 with cipher ECDHE-RSA-AES256-GCM-SHA384 (256/256 bits)
Nov  7 12:48:09 zimbra postfix/smtpd[3393]: NOQUEUE: filter: RCPT from unknown[222.92.254.194]: <service07@fulltech-metal.net>: Sender address triggers FILTER smtp-amavis:[127.0.0.1]:10026; from=<service07@fulltech-metal.net> to=<xiaohua_zhang@jishiks.com> proto=ESMTP helo=<ftyw26>
Nov  7 12:48:09 zimbra postfix/smtpd[3393]: C35454A187F: client=unknown[222.92.254.194], sasl_method=LOGIN, sasl_username=service07@fulltech-metal.net
Nov  7 12:48:09 zimbra postfix/smtpd[3393]: C35454A187F: filter: RCPT from unknown[222.92.254.194]: <service07@fulltech-metal.net>: Sender address triggers FILTER smtp-amavis:[127.0.0.1]:10026; from=<service07@fulltech-metal.net> to=<hm.zhu@fulltech-metal.com> proto=ESMTP helo=<ftyw26>
Nov  7 12:48:10 zimbra postfix/smtpd[3393]: C35454A187F: filter: RCPT from unknown[222.92.254.194]: <service07@fulltech-metal.net>: Sender address triggers FILTER smtp-amavis:[127.0.0.1]:10026; from=<service07@fulltech-metal.net> to=<danny.liang@skyrock-casting.com> proto=ESMTP helo=<ftyw26>
Nov  7 12:48:10 zimbra postfix/cleanup[3398]: C35454A187F: message-id=<2016110712480785533028@fulltech-metal.net>
Nov  7 12:48:10 zimbra postfix/qmgr[6416]: C35454A187F: from=<service07@fulltech-metal.net>, size=11653, nrcpt=3 (queue active)
Nov  7 12:48:11 zimbra postfix/dkimmilter/smtpd[3401]: connect from localhost[127.0.0.1]
Nov  7 12:48:11 zimbra postfix/dkimmilter/smtpd[3401]: 306BF4B8F13: client=localhost[127.0.0.1]
Nov  7 12:48:11 zimbra postfix/cleanup[3398]: 306BF4B8F13: message-id=<2016110712480785533028@fulltech-metal.net>
Nov  7 12:48:11 zimbra postfix/qmgr[6416]: 306BF4B8F13: from=<service07@fulltech-metal.net>, size=12105, nrcpt=3 (queue active)
Nov  7 12:48:11 zimbra postfix/dkimmilter/smtpd[3401]: disconnect from localhost[127.0.0.1] ehlo=1 mail=1 rcpt=3 data=1 quit=1 commands=7
Nov  7 12:48:11 zimbra postfix/smtp[3399]: C35454A187F: to=<hm.zhu@fulltech-metal.com>, relay=127.0.0.1[127.0.0.1]:10026, delay=1.7, delays=0.95/0.02/0.16/0.53, dsn=2.0.0, status=sent (250 2.0.0 from MTA(smtp:[127.0.0.1]:10030): 250 2.0.0 Ok: queued as 306BF4B8F13)
Nov  7 12:48:11 zimbra postfix/smtp[3399]: C35454A187F: to=<xiaohua_zhang@jishiks.com>, relay=127.0.0.1[127.0.0.1]:10026, delay=1.7, delays=0.95/0.02/0.16/0.53, dsn=2.0.0, status=sent (250 2.0.0 from MTA(smtp:[127.0.0.1]:10030): 250 2.0.0 Ok: queued as 306BF4B8F13)
Nov  7 12:48:11 zimbra postfix/smtp[3399]: C35454A187F: to=<danny.liang@skyrock-casting.com>, relay=127.0.0.1[127.0.0.1]:10026, delay=1.7, delays=0.95/0.02/0.16/0.53, dsn=2.0.0, status=sent (250 2.0.0 from MTA(smtp:[127.0.0.1]:10030): 250 2.0.0 Ok: queued as 306BF4B8F13)
Nov  7 12:48:11 zimbra postfix/qmgr[6416]: C35454A187F: removed
Nov  7 12:48:12 zimbra postfix/amavisd/smtpd[3404]: connect from localhost[127.0.0.1]
Nov  7 12:48:12 zimbra postfix/amavisd/smtpd[3404]: 24AB54A187F: client=localhost[127.0.0.1]
Nov  7 12:48:12 zimbra postfix/cleanup[3398]: 24AB54A187F: message-id=<2016110712480785533028@fulltech-metal.net>
Nov  7 12:48:12 zimbra postfix/amavisd/smtpd[3404]: disconnect from localhost[127.0.0.1] ehlo=1 mail=1 rcpt=3 data=1 quit=1 commands=7
Nov  7 12:48:12 zimbra postfix/qmgr[6416]: 24AB54A187F: from=<service07@fulltech-metal.net>, size=12431, nrcpt=3 (queue active)
Nov  7 12:48:12 zimbra postfix/smtp[3403]: 306BF4B8F13: to=<hm.zhu@fulltech-metal.com>, relay=127.0.0.1[127.0.0.1]:10032, delay=0.97, delays=0.05/0.01/0/0.91, dsn=2.0.0, status=sent (250 2.0.0 from MTA(smtp:[127.0.0.1]:10025): 250 2.0.0 Ok: queued as 24AB54A187F)
Nov  7 12:48:12 zimbra postfix/smtp[3403]: 306BF4B8F13: to=<xiaohua_zhang@jishiks.com>, relay=127.0.0.1[127.0.0.1]:10032, delay=0.97, delays=0.05/0.01/0/0.91, dsn=2.0.0, status=sent (250 2.0.0 from MTA(smtp:[127.0.0.1]:10025): 250 2.0.0 Ok: queued as 24AB54A187F)
Nov  7 12:48:12 zimbra postfix/smtp[3403]: 306BF4B8F13: to=<danny.liang@skyrock-casting.com>, relay=127.0.0.1[127.0.0.1]:10032, delay=0.97, delays=0.05/0.01/0/0.91, dsn=2.0.0, status=sent (250 2.0.0 from MTA(smtp:[127.0.0.1]:10025): 250 2.0.0 Ok: queued as 24AB54A187F)
Nov  7 12:48:12 zimbra postfix/qmgr[6416]: 306BF4B8F13: removed
Nov  7 12:48:13 zimbra postfix/smtpd[3393]: disconnect from unknown[222.92.254.194] ehlo=2 starttls=1 auth=1 mail=1 rcpt=3 data=1 quit=1 commands=10
Nov  7 12:48:14 zimbra postfix/smtp[3407]: 24AB54A187F: to=<danny.liang@skyrock-casting.com>, relay=mxw.263xmail.com[54.254.206.72]:25, delay=2, delays=0.01/0.03/0.99/1, dsn=2.0.0, status=sent (250 Ok: queued as 132F02001C)
Nov  7 12:48:21 zimbra postfix/postscreen[3392]: CONNECT from [69.57.230.216]:19376 to [203.66.83.217]:25
Nov  7 12:48:21 zimbra postfix/postscreen[3392]: PASS OLD [69.57.230.216]:19376
Nov  7 12:48:21 zimbra postfix/smtpd[3393]: connect from unknown[69.57.230.216]
Nov  7 12:48:25 zimbra postfix/smtpd[3393]: disconnect from unknown[69.57.230.216] helo=1 auth=0/1 quit=1 commands=2/3
Nov  7 12:48:25 zimbra postfix/smtp[3406]: 24AB54A187F: to=<xiaohua_zhang@jishiks.com>, relay=mail.feiliks.com[58.210.168.35]:25, delay=13, delays=0.01/0.02/9.7/3.4, dsn=2.0.0, status=sent (250 ok:  Message 183283773 accepted)
Nov  7 12:48:46 zimbra postfix/smtp[3405]: 24AB54A187F: to=<hm.zhu@fulltech-metal.com>, relay=mail.fulltech-metal.com[222.92.254.200]:25, delay=35, delays=0.01/0.02/1.7/33, dsn=2.0.0, status=sent (250 ok message accepted [1478494126.16776.3836,S=12636]?)
Nov  7 12:48:46 zimbra postfix/qmgr[6416]: 24AB54A187F: removed
Nov  7 12:51:45 zimbra postfix/anvil[3395]: statistics: max connection rate 1/60s for (smtpd:222.92.254.194) at Nov  7 12:48:08
Nov  7 12:51:45 zimbra postfix/anvil[3395]: statistics: max connection count 1 for (smtpd:222.92.254.194) at Nov  7 12:48:08
Nov  7 12:51:45 zimbra postfix/anvil[3395]: statistics: max cache size 2 at Nov  7 12:48:21
Nov  7 12:57:45 zimbra postfix/postscreen[8870]: CONNECT from [81.114.251.53]:57498 to [203.66.83.217]:25
Nov  7 12:57:50 zimbra postfix/postscreen[8870]: PREGREET 36 after 5.7 from [81.114.251.53]:57498: HELO 220-zimbra.fulltech-metal.net\r\n
Nov  7 12:57:50 zimbra postfix/smtpd[8871]: connect from host53-251-static.114-81-b.business.telecomitalia.it[81.114.251.53]
Nov  7 12:57:51 zimbra postfix/smtpd[8871]: disconnect from host53-251-static.114-81-b.business.telecomitalia.it[81.114.251.53] helo=1 quit=1 commands=2
Nov  7 13:01:11 zimbra postfix/anvil[8873]: statistics: max connection rate 1/60s for (smtpd:81.114.251.53) at Nov  7 12:57:50
Nov  7 13:01:11 zimbra postfix/anvil[8873]: statistics: max connection count 1 for (smtpd:81.114.251.53) at Nov  7 12:57:50
Nov  7 13:01:11 zimbra postfix/anvil[8873]: statistics: max cache size 1 at Nov  7 12:57:50
Nov  7 13:07:34 zimbra postfix/postscreen[14728]: CONNECT from [202.83.57.46]:2114 to [203.66.83.217]:25
Nov  7 13:07:34 zimbra postfix/postscreen[14728]: PASS OLD [202.83.57.46]:2114
Nov  7 13:07:34 zimbra postfix/smtpd[14729]: warning: hostname 46.57.83.202.asianet.co.in does not resolve to address 202.83.57.46: Name or service not known
Nov  7 13:07:34 zimbra postfix/smtpd[14729]: connect from unknown[202.83.57.46]
Nov  7 13:07:35 zimbra postfix/smtpd[14729]: disconnect from unknown[202.83.57.46] helo=1 auth=0/1 quit=1 commands=2/3
Nov  7 13:10:23 zimbra postfix/submission/smtpd[16873]: connect from unknown[222.92.254.194]
Nov  7 13:10:23 zimbra postfix/submission/smtpd[16873]: Anonymous TLS connection established from unknown[222.92.254.194]: TLSv1.2 with cipher ECDHE-RSA-AES128-GCM-SHA256 (128/128 bits)
Nov  7 13:10:24 zimbra postfix/submission/smtpd[16873]: NOQUEUE: filter: RCPT from unknown[222.92.254.194]: <service08@fulltech-metal.net>: Sender address triggers FILTER smtp-amavis:[127.0.0.1]:10026; from=<service08@fulltech-metal.net> to=<zy.cao@skyrockcasting.com> proto=ESMTP helo=<[10.10.0.93]>
Nov  7 13:10:24 zimbra postfix/submission/smtpd[16873]: 8FB794A187F: client=unknown[222.92.254.194], sasl_method=PLAIN, sasl_username=service08
Nov  7 13:10:24 zimbra postfix/cleanup[16877]: 8FB794A187F: message-id=<f8da15b7-b422-518d-196e-48a19f080baa@fulltech-metal.net>
Nov  7 13:10:35 zimbra postfix/qmgr[6416]: 8FB794A187F: from=<service08@fulltech-metal.net>, size=15267662, nrcpt=1 (queue active)
Nov  7 13:10:35 zimbra postfix/submission/smtpd[16873]: disconnect from unknown[222.92.254.194] ehlo=2 starttls=1 auth=1 mail=1 rcpt=1 data=1 quit=1 commands=8
Nov  7 13:10:39 zimbra postfix/dkimmilter/smtpd[16889]: connect from localhost[127.0.0.1]
Nov  7 13:10:39 zimbra postfix/dkimmilter/smtpd[16889]: 477E54B8F13: client=localhost[127.0.0.1]
Nov  7 13:10:39 zimbra postfix/cleanup[16877]: 477E54B8F13: message-id=<f8da15b7-b422-518d-196e-48a19f080baa@fulltech-metal.net>
Nov  7 13:10:39 zimbra postfix/qmgr[6416]: 477E54B8F13: from=<service08@fulltech-metal.net>, size=15269490, nrcpt=1 (queue active)
Nov  7 13:10:39 zimbra postfix/dkimmilter/smtpd[16889]: disconnect from localhost[127.0.0.1] ehlo=1 mail=1 rcpt=1 data=1 quit=1 commands=5
Nov  7 13:10:39 zimbra postfix/smtp[16887]: 8FB794A187F: to=<zy.cao@skyrockcasting.com>, relay=127.0.0.1[127.0.0.1]:10026, delay=15, delays=11/0.01/0/4.5, dsn=2.0.0, status=sent (250 2.0.0 from MTA(smtp:[127.0.0.1]:10030): 250 2.0.0 Ok: queued as 477E54B8F13)
Nov  7 13:10:39 zimbra postfix/qmgr[6416]: 8FB794A187F: removed
Nov  7 13:10:57 zimbra postfix/amavisd/smtpd[17018]: connect from localhost[127.0.0.1]
Nov  7 13:10:57 zimbra postfix/amavisd/smtpd[17018]: E79B94A187F: client=localhost[127.0.0.1]
Nov  7 13:10:57 zimbra postfix/cleanup[16877]: E79B94A187F: message-id=<f8da15b7-b422-518d-196e-48a19f080baa@fulltech-metal.net>
Nov  7 13:10:58 zimbra postfix/amavisd/smtpd[17018]: disconnect from localhost[127.0.0.1] ehlo=1 mail=1 rcpt=1 data=1 quit=1 commands=5
Nov  7 13:10:58 zimbra postfix/qmgr[6416]: E79B94A187F: from=<service08@fulltech-metal.net>, size=15269885, nrcpt=1 (queue active)
Nov  7 13:10:58 zimbra postfix/smtp[16887]: 477E54B8F13: to=<zy.cao@skyrockcasting.com>, relay=127.0.0.1[127.0.0.1]:10032, delay=19, delays=0.21/0.01/0/19, dsn=2.0.0, status=sent (250 2.0.0 from MTA(smtp:[127.0.0.1]:10025): 250 2.0.0 Ok: queued as E79B94A187F)
Nov  7 13:10:58 zimbra postfix/qmgr[6416]: 477E54B8F13: removed
Nov  7 13:11:26 zimbra postfix/submission/smtpd[16873]: connect from unknown[222.92.254.194]
Nov  7 13:11:26 zimbra postfix/submission/smtpd[16873]: Anonymous TLS connection established from unknown[222.92.254.194]: TLSv1.2 with cipher ECDHE-RSA-AES128-GCM-SHA256 (128/128 bits)
Nov  7 13:11:27 zimbra postfix/submission/smtpd[16873]: NOQUEUE: filter: RCPT from unknown[222.92.254.194]: <service08@fulltech-metal.net>: Sender address triggers FILTER smtp-amavis:[127.0.0.1]:10026; from=<service08@fulltech-metal.net> to=<zy.cao@skyrockcasting.com> proto=ESMTP helo=<[10.10.0.93]>
Nov  7 13:11:27 zimbra postfix/submission/smtpd[16873]: 064634B8F13: client=unknown[222.92.254.194], sasl_method=PLAIN, sasl_username=service08
Nov  7 13:11:27 zimbra postfix/cleanup[16877]: 064634B8F13: message-id=<8086dfb6-7b02-7449-0de0-606915afd00b@fulltech-metal.net>
Nov  7 13:11:36 zimbra postfix/qmgr[6416]: 064634B8F13: from=<service08@fulltech-metal.net>, size=15267062, nrcpt=1 (queue active)
Nov  7 13:11:36 zimbra postfix/submission/smtpd[16873]: disconnect from unknown[222.92.254.194] ehlo=2 starttls=1 auth=1 mail=1 rcpt=1 data=1 quit=1 commands=8
Nov  7 13:11:38 zimbra postfix/dkimmilter/smtpd[16889]: connect from localhost[127.0.0.1]
Nov  7 13:11:38 zimbra postfix/dkimmilter/smtpd[16889]: CB65D4C9B9B: client=localhost[127.0.0.1]
Nov  7 13:11:38 zimbra postfix/cleanup[16877]: CB65D4C9B9B: message-id=<8086dfb6-7b02-7449-0de0-606915afd00b@fulltech-metal.net>
Nov  7 13:11:39 zimbra postfix/qmgr[6416]: CB65D4C9B9B: from=<service08@fulltech-metal.net>, size=15268268, nrcpt=1 (queue active)
Nov  7 13:11:39 zimbra postfix/dkimmilter/smtpd[16889]: disconnect from localhost[127.0.0.1] ehlo=1 mail=1 rcpt=1 data=1 quit=1 commands=5
Nov  7 13:11:39 zimbra postfix/smtp[16891]: 064634B8F13: to=<zy.cao@skyrockcasting.com>, relay=127.0.0.1[127.0.0.1]:10026, delay=12, delays=9.8/0/0/2.4, dsn=2.0.0, status=sent (250 2.0.0 from MTA(smtp:[127.0.0.1]:10030): 250 2.0.0 Ok: queued as CB65D4C9B9B)
Nov  7 13:11:39 zimbra postfix/qmgr[6416]: 064634B8F13: removed
Nov  7 13:11:42 zimbra postfix/amavisd/smtpd[17018]: connect from localhost[127.0.0.1]
Nov  7 13:11:42 zimbra postfix/amavisd/smtpd[17018]: 076D84B8F13: client=localhost[127.0.0.1]
Nov  7 13:11:42 zimbra postfix/cleanup[16877]: 076D84B8F13: message-id=<8086dfb6-7b02-7449-0de0-606915afd00b@fulltech-metal.net>
Nov  7 13:11:42 zimbra postfix/amavisd/smtpd[17018]: disconnect from localhost[127.0.0.1] ehlo=1 mail=1 rcpt=1 data=1 quit=1 commands=5
Nov  7 13:11:42 zimbra postfix/qmgr[6416]: 076D84B8F13: from=<service08@fulltech-metal.net>, size=15268663, nrcpt=1 (queue active)
Nov  7 13:11:42 zimbra postfix/smtp[16887]: CB65D4C9B9B: to=<zy.cao@skyrockcasting.com>, relay=127.0.0.1[127.0.0.1]:10032, delay=3.5, delays=0.28/0/0/3.2, dsn=2.0.0, status=sent (250 2.0.0 from MTA(smtp:[127.0.0.1]:10025): 250 2.0.0 Ok: queued as 076D84B8F13)
Nov  7 13:11:42 zimbra postfix/qmgr[6416]: CB65D4C9B9B: removed
Nov  7 13:11:53 zimbra postfix/smtp[17020]: E79B94A187F: to=<zy.cao@skyrockcasting.com>, relay=mail.skyrockcasting.com[221.224.49.180]:25, delay=56, delays=0.31/0.04/17/39, dsn=2.0.0, status=sent (250 ok message accepted for delivery)
Nov  7 13:11:53 zimbra postfix/qmgr[6416]: E79B94A187F: removed
Nov  7 13:12:15 zimbra postfix/postscreen[18101]: CONNECT from [222.92.254.194]:62850 to [203.66.83.217]:25
Nov  7 13:12:15 zimbra postfix/postscreen[18101]: PASS OLD [222.92.254.194]:62850
Nov  7 13:12:15 zimbra postfix/smtpd[18102]: connect from unknown[222.92.254.194]
Nov  7 13:12:16 zimbra postfix/smtpd[18102]: NOQUEUE: filter: RCPT from unknown[222.92.254.194]: <auto_joanna.zhang+danny.liang=skyrock-casting.com@fulltech-metal.com>: Sender address triggers FILTER smtp-amavis:[127.0.0.1]:10026; from=<auto_joanna.zhang+danny.liang=skyrock-casting.com@fulltech-metal.com> to=<service07@fulltech-metal.net> proto=SMTP helo=<fulltech-metal.com>
Nov  7 13:12:16 zimbra postfix/smtpd[18102]: NOQUEUE: filter: RCPT from unknown[222.92.254.194]: <auto_joanna.zhang+danny.liang=skyrock-casting.com@fulltech-metal.com>: Sender address triggers FILTER smtp-amavis:[127.0.0.1]:10024; from=<auto_joanna.zhang+danny.liang=skyrock-casting.com@fulltech-metal.com> to=<service07@fulltech-metal.net> proto=SMTP helo=<fulltech-metal.com>
Nov  7 13:12:16 zimbra postfix/smtpd[18102]: 0460D4B8F15: client=unknown[222.92.254.194]
Nov  7 13:12:16 zimbra postfix/cleanup[16877]: 0460D4B8F15: resent-message-id=<129f55fdb177d82b9e1eac638a120b8c>
Nov  7 13:12:16 zimbra postfix/cleanup[16877]: 0460D4B8F15: message-id=<201611071311343207223@skyrock-casting.com>
Nov  7 13:12:23 zimbra postfix/qmgr[6416]: 0460D4B8F15: from=<auto_joanna.zhang+danny.liang=skyrock-casting.com@fulltech-metal.com>, size=3096995, nrcpt=1 (queue active)
Nov  7 13:12:23 zimbra postfix/smtpd[18102]: disconnect from unknown[222.92.254.194] helo=1 mail=1 rcpt=1 data=1 quit=1 commands=5
Nov  7 13:12:28 zimbra postfix/amavisd/smtpd[17018]: connect from localhost[127.0.0.1]
Nov  7 13:12:28 zimbra postfix/amavisd/smtpd[17018]: 520184A187F: client=localhost[127.0.0.1]
Nov  7 13:12:28 zimbra postfix/cleanup[16877]: 520184A187F: resent-message-id=<129f55fdb177d82b9e1eac638a120b8c>
Nov  7 13:12:28 zimbra postfix/cleanup[16877]: 520184A187F: message-id=<201611071311343207223@skyrock-casting.com>
Nov  7 13:12:28 zimbra postfix/qmgr[6416]: 520184A187F: from=<auto_joanna.zhang+danny.liang=skyrock-casting.com@fulltech-metal.com>, size=3097868, nrcpt=1 (queue active)
Nov  7 13:12:28 zimbra postfix/amavisd/smtpd[17018]: disconnect from localhost[127.0.0.1] ehlo=1 mail=1 rcpt=1 data=1 quit=1 commands=5
Nov  7 13:12:28 zimbra postfix/smtp[16891]: 0460D4B8F15: to=<service07@fulltech-metal.net>, relay=127.0.0.1[127.0.0.1]:10024, delay=13, delays=7.9/0/0.66/4, dsn=2.0.0, status=sent (250 2.0.0 from MTA(smtp:[127.0.0.1]:10025): 250 2.0.0 Ok: queued as 520184A187F)
Nov  7 13:12:28 zimbra postfix/qmgr[6416]: 0460D4B8F15: removed
Nov  7 13:12:29 zimbra postfix/lmtp[18109]: 520184A187F: to=<service07@fulltech-metal.net>, relay=zimbra.fulltech-metal.net[203.66.83.217]:7025, delay=0.77, delays=0.09/0.01/0.15/0.51, dsn=2.1.5, status=sent (250 2.1.5 Delivery OK)
Nov  7 13:12:29 zimbra postfix/qmgr[6416]: 520184A187F: removed
Nov  7 13:12:30 zimbra postfix/postscreen[18101]: CONNECT from [202.83.57.46]:43262 to [203.66.83.217]:25
Nov  7 13:12:30 zimbra postfix/postscreen[18101]: PASS OLD [202.83.57.46]:43262
Nov  7 13:12:30 zimbra postfix/smtpd[18102]: warning: hostname 46.57.83.202.asianet.co.in does not resolve to address 202.83.57.46: Name or service not known
Nov  7 13:12:30 zimbra postfix/smtpd[18102]: connect from unknown[202.83.57.46]
Nov  7 13:12:30 zimbra postfix/smtpd[18102]: disconnect from unknown[202.83.57.46] helo=1 auth=0/1 quit=1 commands=2/3
Nov  7 13:12:35 zimbra postfix/smtp[17290]: 076D84B8F13: to=<zy.cao@skyrockcasting.com>, relay=mail.skyrockcasting.com[221.224.49.180]:25, delay=53, delays=0.27/0.02/3.1/50, dsn=2.0.0, status=sent (250 ok message accepted for delivery)
Nov  7 13:12:35 zimbra postfix/qmgr[6416]: 076D84B8F13: removed
Nov  7 13:15:14 zimbra postfix/submission/smtpd[19719]: connect from unknown[222.92.254.194]
Nov  7 13:15:15 zimbra postfix/submission/smtpd[19719]: Anonymous TLS connection established from unknown[222.92.254.194]: TLSv1.2 with cipher ECDHE-RSA-AES128-GCM-SHA256 (128/128 bits)
Nov  7 13:15:15 zimbra postfix/submission/smtpd[19719]: NOQUEUE: filter: RCPT from unknown[222.92.254.194]: <service08@fulltech-metal.net>: Sender address triggers FILTER smtp-amavis:[127.0.0.1]:10026; from=<service08@fulltech-metal.net> to=<zy.cao@skyrockcasting.com> proto=ESMTP helo=<[10.10.0.93]>
Nov  7 13:15:15 zimbra postfix/submission/smtpd[19719]: 76BAA4A187F: client=unknown[222.92.254.194], sasl_method=PLAIN, sasl_username=service08
Nov  7 13:15:15 zimbra postfix/cleanup[19722]: 76BAA4A187F: message-id=<928b6dd6-3fc8-a57e-9104-f1e9bc3d43ed@fulltech-metal.net>
Nov  7 13:15:15 zimbra postfix/qmgr[6416]: 76BAA4A187F: from=<service08@fulltech-metal.net>, size=2127, nrcpt=1 (queue active)
Nov  7 13:15:15 zimbra postfix/dkimmilter/smtpd[19725]: connect from localhost[127.0.0.1]
Nov  7 13:15:15 zimbra postfix/dkimmilter/smtpd[19725]: B5D504B8F13: client=localhost[127.0.0.1]
Nov  7 13:15:15 zimbra postfix/cleanup[19722]: B5D504B8F13: message-id=<928b6dd6-3fc8-a57e-9104-f1e9bc3d43ed@fulltech-metal.net>
Nov  7 13:15:15 zimbra postfix/qmgr[6416]: B5D504B8F13: from=<service08@fulltech-metal.net>, size=3290, nrcpt=1 (queue active)
Nov  7 13:15:15 zimbra postfix/dkimmilter/smtpd[19725]: disconnect from localhost[127.0.0.1] ehlo=1 mail=1 rcpt=1 data=1 quit=1 commands=5
Nov  7 13:15:15 zimbra postfix/smtp[19723]: 76BAA4A187F: to=<zy.cao@skyrockcasting.com>, relay=127.0.0.1[127.0.0.1]:10026, delay=0.4, delays=0.27/0.01/0/0.12, dsn=2.0.0, status=sent (250 2.0.0 from MTA(smtp:[127.0.0.1]:10030): 250 2.0.0 Ok: queued as B5D504B8F13)
Nov  7 13:15:15 zimbra postfix/qmgr[6416]: 76BAA4A187F: removed
Nov  7 13:15:16 zimbra postfix/submission/smtpd[19719]: disconnect from unknown[222.92.254.194] ehlo=2 starttls=1 auth=1 mail=1 rcpt=1 data=1 quit=1 commands=8
Nov  7 13:15:16 zimbra postfix/amavisd/smtpd[19728]: connect from localhost[127.0.0.1]
Nov  7 13:15:16 zimbra postfix/amavisd/smtpd[19728]: A6C4C4A187F: client=localhost[127.0.0.1]
Nov  7 13:15:16 zimbra postfix/cleanup[19722]: A6C4C4A187F: message-id=<928b6dd6-3fc8-a57e-9104-f1e9bc3d43ed@fulltech-metal.net>
Nov  7 13:15:16 zimbra postfix/qmgr[6416]: A6C4C4A187F: from=<service08@fulltech-metal.net>, size=3685, nrcpt=1 (queue active)
Nov  7 13:15:16 zimbra postfix/amavisd/smtpd[19728]: disconnect from localhost[127.0.0.1] ehlo=1 mail=1 rcpt=1 data=1 quit=1 commands=5
Nov  7 13:15:16 zimbra postfix/smtp[19723]: B5D504B8F13: to=<zy.cao@skyrockcasting.com>, relay=127.0.0.1[127.0.0.1]:10032, delay=0.95, delays=0.04/0.01/0/0.89, dsn=2.0.0, status=sent (250 2.0.0 from MTA(smtp:[127.0.0.1]:10025): 250 2.0.0 Ok: queued as A6C4C4A187F)
Nov  7 13:15:16 zimbra postfix/qmgr[6416]: B5D504B8F13: removed
Nov  7 13:15:21 zimbra postfix/smtp[19729]: A6C4C4A187F: to=<zy.cao@skyrockcasting.com>, relay=mail.skyrockcasting.com[221.224.49.180]:25, delay=5.3, delays=0/0.02/0.54/4.7, dsn=2.0.0, status=sent (250 ok message accepted for delivery)
Nov  7 13:15:22 zimbra postfix/qmgr[6416]: A6C4C4A187F: removed
Nov  7 13:16:53 zimbra postfix/postscreen[20568]: CONNECT from [222.92.254.194]:62185 to [203.66.83.217]:25
Nov  7 13:16:53 zimbra postfix/postscreen[20568]: PASS OLD [222.92.254.194]:62185
Nov  7 13:16:53 zimbra postfix/smtpd[20569]: connect from unknown[222.92.254.194]
Nov  7 13:16:53 zimbra postfix/smtpd[20569]: Anonymous TLS connection established from unknown[222.92.254.194]: TLSv1.2 with cipher ECDHE-RSA-AES256-GCM-SHA384 (256/256 bits)
Nov  7 13:16:56 zimbra postfix/smtpd[20569]: NOQUEUE: filter: RCPT from unknown[222.92.254.194]: <service07@fulltech-metal.net>: Sender address triggers FILTER smtp-amavis:[127.0.0.1]:10026; from=<service07@fulltech-metal.net> to=<lihan_yang@askey.com.tw> proto=ESMTP helo=<ftyw26>
Nov  7 13:16:56 zimbra postfix/smtpd[20569]: 06C8E4A187F: client=unknown[222.92.254.194], sasl_method=LOGIN, sasl_username=service07@fulltech-metal.net
Nov  7 13:16:56 zimbra postfix/smtpd[20569]: 06C8E4A187F: filter: RCPT from unknown[222.92.254.194]: <service07@fulltech-metal.net>: Sender address triggers FILTER smtp-amavis:[127.0.0.1]:10026; from=<service07@fulltech-metal.net> to=<xq.liu@fulltech-metal.com> proto=ESMTP helo=<ftyw26>
Nov  7 13:16:56 zimbra postfix/cleanup[20572]: 06C8E4A187F: message-id=<2016110713165300476234@fulltech-metal.net>
Nov  7 13:16:56 zimbra postfix/qmgr[6416]: 06C8E4A187F: from=<service07@fulltech-metal.net>, size=10096, nrcpt=2 (queue active)
Nov  7 13:16:57 zimbra postfix/dkimmilter/smtpd[20575]: connect from localhost[127.0.0.1]
Nov  7 13:16:57 zimbra postfix/dkimmilter/smtpd[20575]: 2C2274B8F13: client=localhost[127.0.0.1]
Nov  7 13:16:57 zimbra postfix/cleanup[20572]: 2C2274B8F13: message-id=<2016110713165300476234@fulltech-metal.net>
Nov  7 13:16:57 zimbra postfix/qmgr[6416]: 2C2274B8F13: from=<service07@fulltech-metal.net>, size=10548, nrcpt=2 (queue active)
Nov  7 13:16:57 zimbra postfix/dkimmilter/smtpd[20575]: disconnect from localhost[127.0.0.1] ehlo=1 mail=1 rcpt=2 data=1 quit=1 commands=6
Nov  7 13:16:57 zimbra postfix/smtp[20573]: 06C8E4A187F: to=<lihan_yang@askey.com.tw>, relay=127.0.0.1[127.0.0.1]:10026, delay=1.4, delays=1.1/0.01/0.07/0.16, dsn=2.0.0, status=sent (250 2.0.0 from MTA(smtp:[127.0.0.1]:10030): 250 2.0.0 Ok: queued as 2C2274B8F13)
Nov  7 13:16:57 zimbra postfix/smtp[20573]: 06C8E4A187F: to=<xq.liu@fulltech-metal.com>, relay=127.0.0.1[127.0.0.1]:10026, delay=1.4, delays=1.1/0.01/0.07/0.16, dsn=2.0.0, status=sent (250 2.0.0 from MTA(smtp:[127.0.0.1]:10030): 250 2.0.0 Ok: queued as 2C2274B8F13)
Nov  7 13:16:57 zimbra postfix/qmgr[6416]: 06C8E4A187F: removed
Nov  7 13:16:58 zimbra postfix/amavisd/smtpd[20578]: connect from localhost[127.0.0.1]
Nov  7 13:16:58 zimbra postfix/amavisd/smtpd[20578]: 24E604A187F: client=localhost[127.0.0.1]
Nov  7 13:16:58 zimbra postfix/cleanup[20572]: 24E604A187F: message-id=<2016110713165300476234@fulltech-metal.net>
Nov  7 13:16:58 zimbra postfix/qmgr[6416]: 24E604A187F: from=<service07@fulltech-metal.net>, size=10874, nrcpt=2 (queue active)
Nov  7 13:16:58 zimbra postfix/amavisd/smtpd[20578]: disconnect from localhost[127.0.0.1] ehlo=1 mail=1 rcpt=2 data=1 quit=1 commands=6
Nov  7 13:16:58 zimbra postfix/smtp[20573]: 2C2274B8F13: to=<lihan_yang@askey.com.tw>, relay=127.0.0.1[127.0.0.1]:10032, delay=0.98, delays=0.04/0.01/0.5/0.43, dsn=2.0.0, status=sent (250 2.0.0 from MTA(smtp:[127.0.0.1]:10025): 250 2.0.0 Ok: queued as 24E604A187F)
Nov  7 13:16:58 zimbra postfix/smtp[20573]: 2C2274B8F13: to=<xq.liu@fulltech-metal.com>, relay=127.0.0.1[127.0.0.1]:10032, delay=0.98, delays=0.04/0.01/0.5/0.43, dsn=2.0.0, status=sent (250 2.0.0 from MTA(smtp:[127.0.0.1]:10025): 250 2.0.0 Ok: queued as 24E604A187F)
Nov  7 13:16:58 zimbra postfix/qmgr[6416]: 2C2274B8F13: removed
Nov  7 13:17:00 zimbra postfix/smtpd[20569]: disconnect from unknown[222.92.254.194] ehlo=2 starttls=1 auth=1 mail=1 rcpt=2 data=1 quit=1 commands=9
Nov  7 13:17:08 zimbra postfix/smtp[19729]: 24E604A187F: to=<lihan_yang@askey.com.tw>, relay=tpns02.askey.com.tw[61.30.23.252]:25, delay=9.9, delays=0.01/0.01/0.1/9.8, dsn=2.0.0, status=sent (250 2.0.0 uA75Gvgr081295 Message accepted for delivery)
Nov  7 13:17:08 zimbra postfix/smtp[20579]: 24E604A187F: to=<xq.liu@fulltech-metal.com>, relay=mail.fulltech-metal.com[222.92.254.200]:25, delay=10, delays=0.01/0.02/1.5/8.4, dsn=2.0.0, status=sent (250 ok message accepted [1478495827.15882.6732,S=11079]?)
Nov  7 13:17:08 zimbra postfix/qmgr[6416]: 24E604A187F: removed
Nov  7 13:17:26 zimbra postfix/postscreen[20568]: CONNECT from [190.40.120.176]:50051 to [203.66.83.217]:25
Nov  7 13:17:31 zimbra postfix/postscreen[20568]: CONNECT from [222.92.254.194]:57366 to [203.66.83.217]:25
Nov  7 13:17:31 zimbra postfix/postscreen[20568]: PASS OLD [222.92.254.194]:57366
Nov  7 13:17:31 zimbra postfix/smtpd[20569]: connect from unknown[222.92.254.194]
Nov  7 13:17:31 zimbra postfix/smtpd[20569]: NOQUEUE: filter: RCPT from unknown[222.92.254.194]: <auto_annie.li+wendy=skyrock-casting.com@fulltech-metal.com>: Sender address triggers FILTER smtp-amavis:[127.0.0.1]:10026; from=<auto_annie.li+wendy=skyrock-casting.com@fulltech-metal.com> to=<service03@fulltech-metal.net> proto=SMTP helo=<fulltech-metal.com>
Nov  7 13:17:31 zimbra postfix/smtpd[20569]: NOQUEUE: filter: RCPT from unknown[222.92.254.194]: <auto_annie.li+wendy=skyrock-casting.com@fulltech-metal.com>: Sender address triggers FILTER smtp-amavis:[127.0.0.1]:10024; from=<auto_annie.li+wendy=skyrock-casting.com@fulltech-metal.com> to=<service03@fulltech-metal.net> proto=SMTP helo=<fulltech-metal.com>
Nov  7 13:17:31 zimbra postfix/smtpd[20569]: 73D124A187F: client=unknown[222.92.254.194]
Nov  7 13:17:32 zimbra postfix/postscreen[20568]: PASS OLD [190.40.120.176]:50051
Nov  7 13:17:32 zimbra postfix/smtpd[20976]: connect from unknown[190.40.120.176]
Nov  7 13:17:32 zimbra postfix/smtpd[20976]: improper command pipelining after HELO from unknown[190.40.120.176]: QUIT\r\n
Nov  7 13:17:32 zimbra postfix/smtpd[20976]: disconnect from unknown[190.40.120.176] helo=1 quit=1 commands=2
Nov  7 13:17:33 zimbra postfix/cleanup[20572]: 73D124A187F: resent-message-id=<ed39b4e7072f7357af23d4b8816d81b3>
Nov  7 13:17:33 zimbra postfix/cleanup[20572]: 73D124A187F: message-id=<01953B0019CF4B96A5FBF8FFF56F5CE3@yw21>
Nov  7 13:17:34 zimbra postfix/anvil[14731]: statistics: max connection rate 2/60s for (smtpd:222.92.254.194) at Nov  7 13:17:31
Nov  7 13:17:34 zimbra postfix/anvil[14731]: statistics: max connection count 1 for (smtpd:202.83.57.46) at Nov  7 13:07:34
Nov  7 13:17:34 zimbra postfix/anvil[14731]: statistics: max cache size 3 at Nov  7 13:12:30
Nov  7 13:17:35 zimbra postfix/submission/smtpd[20980]: connect from unknown[222.92.254.194]
Nov  7 13:17:35 zimbra postfix/submission/smtpd[20980]: Anonymous TLS connection established from unknown[222.92.254.194]: TLSv1.2 with cipher ECDHE-RSA-AES128-GCM-SHA256 (128/128 bits)
Nov  7 13:17:36 zimbra postfix/submission/smtpd[20980]: NOQUEUE: filter: RCPT from unknown[222.92.254.194]: <service08@fulltech-metal.net>: Sender address triggers FILTER smtp-amavis:[127.0.0.1]:10026; from=<service08@fulltech-metal.net> to=<zy.cao@skyrockcasting.com> proto=ESMTP helo=<[10.10.0.93]>
Nov  7 13:17:36 zimbra postfix/submission/smtpd[20980]: 2A26C4A188F: client=unknown[222.92.254.194], sasl_method=PLAIN, sasl_username=service08
Nov  7 13:17:36 zimbra postfix/qmgr[6416]: 73D124A187F: from=<auto_annie.li+wendy=skyrock-casting.com@fulltech-metal.com>, size=320317, nrcpt=1 (queue active)
Nov  7 13:17:36 zimbra postfix/smtpd[20569]: disconnect from unknown[222.92.254.194] helo=1 mail=1 rcpt=1 data=1 quit=1 commands=5
Nov  7 13:17:36 zimbra postfix/cleanup[20983]: 2A26C4A188F: message-id=<02ccdaf1-0207-7668-2dc2-d2cbdd648239@fulltech-metal.net>
Nov  7 13:17:39 zimbra postfix/amavisd/smtpd[20578]: connect from localhost[127.0.0.1]
Nov  7 13:17:39 zimbra postfix/amavisd/smtpd[20578]: 3AE314B8F13: client=localhost[127.0.0.1]
Nov  7 13:17:39 zimbra postfix/cleanup[20572]: 3AE314B8F13: resent-message-id=<ed39b4e7072f7357af23d4b8816d81b3>
Nov  7 13:17:39 zimbra postfix/cleanup[20572]: 3AE314B8F13: message-id=<01953B0019CF4B96A5FBF8FFF56F5CE3@yw21>
Nov  7 13:17:39 zimbra postfix/qmgr[6416]: 3AE314B8F13: from=<auto_annie.li+wendy=skyrock-casting.com@fulltech-metal.com>, size=321130, nrcpt=1 (queue active)
Nov  7 13:17:39 zimbra postfix/amavisd/smtpd[20578]: disconnect from localhost[127.0.0.1] ehlo=1 mail=1 rcpt=1 data=1 quit=1 commands=5
Nov  7 13:17:39 zimbra postfix/smtp[20577]: 73D124A187F: to=<service03@fulltech-metal.net>, relay=127.0.0.1[127.0.0.1]:10024, delay=7.9, delays=5/0/0.72/2.2, dsn=2.0.0, status=sent (250 2.0.0 from MTA(smtp:[127.0.0.1]:10025): 250 2.0.0 Ok: queued as 3AE314B8F13)
Nov  7 13:17:39 zimbra postfix/qmgr[6416]: 73D124A187F: removed
Nov  7 13:17:39 zimbra postfix/lmtp[20985]: 3AE314B8F13: to=<service03@fulltech-metal.net>, relay=zimbra.fulltech-metal.net[203.66.83.217]:7025, delay=0.22, delays=0.01/0.01/0.05/0.15, dsn=2.1.5, status=sent (250 2.1.5 Delivery OK)
Nov  7 13:17:39 zimbra postfix/qmgr[6416]: 3AE314B8F13: removed
Nov  7 13:17:50 zimbra postfix/qmgr[6416]: 2A26C4A188F: from=<service08@fulltech-metal.net>, size=15108444, nrcpt=1 (queue active)
Nov  7 13:17:50 zimbra postfix/submission/smtpd[20980]: disconnect from unknown[222.92.254.194] ehlo=2 starttls=1 auth=1 mail=1 rcpt=1 data=1 quit=1 commands=8
Nov  7 13:17:53 zimbra postfix/dkimmilter/smtpd[20575]: connect from localhost[127.0.0.1]
Nov  7 13:17:53 zimbra postfix/dkimmilter/smtpd[20575]: EC19B4A187F: client=localhost[127.0.0.1]
Nov  7 13:17:53 zimbra postfix/cleanup[20572]: EC19B4A187F: message-id=<02ccdaf1-0207-7668-2dc2-d2cbdd648239@fulltech-metal.net>
Nov  7 13:17:54 zimbra postfix/qmgr[6416]: EC19B4A187F: from=<service08@fulltech-metal.net>, size=15109122, nrcpt=1 (queue active)
Nov  7 13:17:54 zimbra postfix/dkimmilter/smtpd[20575]: disconnect from localhost[127.0.0.1] ehlo=1 mail=1 rcpt=1 data=1 quit=1 commands=5
Nov  7 13:17:54 zimbra postfix/smtp[20573]: 2A26C4A188F: to=<zy.cao@skyrockcasting.com>, relay=127.0.0.1[127.0.0.1]:10026, delay=18, delays=14/0/0/3.7, dsn=2.0.0, status=sent (250 2.0.0 from MTA(smtp:[127.0.0.1]:10030): 250 2.0.0 Ok: queued as EC19B4A187F)
Nov  7 13:17:54 zimbra postfix/qmgr[6416]: 2A26C4A188F: removed
Nov  7 13:17:55 zimbra postfix/amavisd/smtpd[20578]: connect from localhost[127.0.0.1]
Nov  7 13:17:55 zimbra postfix/amavisd/smtpd[20578]: 5F3BF4A188F: client=localhost[127.0.0.1]
Nov  7 13:17:55 zimbra postfix/cleanup[20983]: 5F3BF4A188F: message-id=<02ccdaf1-0207-7668-2dc2-d2cbdd648239@fulltech-metal.net>
Nov  7 13:17:55 zimbra postfix/qmgr[6416]: 5F3BF4A188F: from=<service08@fulltech-metal.net>, size=15109517, nrcpt=1 (queue active)
Nov  7 13:17:55 zimbra postfix/amavisd/smtpd[20578]: disconnect from localhost[127.0.0.1] ehlo=1 mail=1 rcpt=1 data=1 quit=1 commands=5
Nov  7 13:17:55 zimbra postfix/smtp[20577]: EC19B4A187F: to=<zy.cao@skyrockcasting.com>, relay=127.0.0.1[127.0.0.1]:10032, delay=1.7, delays=0.2/0/0/1.5, dsn=2.0.0, status=sent (250 2.0.0 from MTA(smtp:[127.0.0.1]:10025): 250 2.0.0 Ok: queued as 5F3BF4A188F)
Nov  7 13:17:55 zimbra postfix/qmgr[6416]: EC19B4A187F: removed
Nov  7 13:18:04 zimbra postfix/smtp[19729]: 5F3BF4A188F: to=<zy.cao@skyrockcasting.com>, relay=mail.skyrockcasting.com[221.224.49.180]:25, delay=9.1, delays=0.24/0.02/0.84/8, dsn=2.0.0, status=sent (250 ok message accepted for delivery)
Nov  7 13:18:04 zimbra postfix/qmgr[6416]: 5F3BF4A188F: removed
Nov  7 13:20:08 zimbra postfix/submission/smtpd[22545]: connect from unknown[222.92.254.194]
Nov  7 13:20:09 zimbra postfix/submission/smtpd[22545]: Anonymous TLS connection established from unknown[222.92.254.194]: TLSv1.2 with cipher ECDHE-RSA-AES128-GCM-SHA256 (128/128 bits)
Nov  7 13:20:10 zimbra postfix/submission/smtpd[22545]: NOQUEUE: filter: RCPT from unknown[222.92.254.194]: <service08@fulltech-metal.net>: Sender address triggers FILTER smtp-amavis:[127.0.0.1]:10026; from=<service08@fulltech-metal.net> to=<zy.cao@skyrockcasting.com> proto=ESMTP helo=<[10.10.0.93]>
Nov  7 13:20:10 zimbra postfix/submission/smtpd[22545]: 6A3374A187F: client=unknown[222.92.254.194], sasl_method=PLAIN, sasl_username=service08
Nov  7 13:20:11 zimbra postfix/cleanup[22594]: 6A3374A187F: message-id=<60d2e980-ba87-9b67-714d-35bbc3c18901@fulltech-metal.net>
Nov  7 13:20:11 zimbra postfix/qmgr[6416]: 6A3374A187F: from=<service08@fulltech-metal.net>, size=1981, nrcpt=1 (queue active)
Nov  7 13:20:11 zimbra postfix/submission/smtpd[22545]: disconnect from unknown[222.92.254.194] ehlo=2 starttls=1 auth=1 mail=1 rcpt=1 data=1 quit=1 commands=8
Nov  7 13:20:13 zimbra postfix/dkimmilter/smtpd[22759]: connect from localhost[127.0.0.1]
Nov  7 13:20:13 zimbra postfix/dkimmilter/smtpd[22759]: 43E864A188F: client=localhost[127.0.0.1]
Nov  7 13:20:13 zimbra postfix/cleanup[22594]: 43E864A188F: message-id=<60d2e980-ba87-9b67-714d-35bbc3c18901@fulltech-metal.net>
Nov  7 13:20:13 zimbra postfix/qmgr[6416]: 43E864A188F: from=<service08@fulltech-metal.net>, size=3130, nrcpt=1 (queue active)
Nov  7 13:20:13 zimbra postfix/smtp[22602]: 6A3374A187F: to=<zy.cao@skyrockcasting.com>, relay=127.0.0.1[127.0.0.1]:10026, delay=3.1, delays=0.9/0.07/1.3/0.88, dsn=2.0.0, status=sent (250 2.0.0 from MTA(smtp:[127.0.0.1]:10030): 250 2.0.0 Ok: queued as 43E864A188F)
Nov  7 13:20:13 zimbra postfix/qmgr[6416]: 6A3374A187F: removed
Nov  7 13:20:13 zimbra postfix/amavisd/smtpd[22762]: connect from localhost[127.0.0.1]
Nov  7 13:20:13 zimbra postfix/amavisd/smtpd[22762]: BF0834A187F: client=localhost[127.0.0.1]
Nov  7 13:20:13 zimbra postfix/cleanup[22594]: BF0834A187F: message-id=<60d2e980-ba87-9b67-714d-35bbc3c18901@fulltech-metal.net>
Nov  7 13:20:13 zimbra postfix/amavisd/smtpd[22762]: disconnect from localhost[127.0.0.1] ehlo=1 mail=1 rcpt=1 data=1 quit=1 commands=5
Nov  7 13:20:13 zimbra postfix/qmgr[6416]: BF0834A187F: from=<service08@fulltech-metal.net>, size=3525, nrcpt=1 (queue active)
Nov  7 13:20:13 zimbra postfix/smtp[22761]: 43E864A188F: to=<zy.cao@skyrockcasting.com>, relay=127.0.0.1[127.0.0.1]:10032, delay=0.52, delays=0.04/0.01/0/0.46, dsn=2.0.0, status=sent (250 2.0.0 from MTA(smtp:[127.0.0.1]:10025): 250 2.0.0 Ok: queued as BF0834A187F)
Nov  7 13:20:13 zimbra postfix/qmgr[6416]: 43E864A188F: removed
Nov  7 13:20:19 zimbra postfix/smtp[22763]: BF0834A187F: to=<zy.cao@skyrockcasting.com>, relay=mail.skyrockcasting.com[221.224.49.180]:25, delay=5.6, delays=0.01/0.01/0.68/4.9, dsn=2.0.0, status=sent (250 ok message accepted for delivery)
Nov  7 13:20:19 zimbra postfix/qmgr[6416]: BF0834A187F: removed
Nov  7 13:22:14 zimbra postfix/postscreen[23984]: CONNECT from [81.174.227.226]:25933 to [203.66.83.217]:25
Nov  7 13:22:20 zimbra postfix/postscreen[23984]: PASS OLD [81.174.227.226]:25933
Nov  7 13:22:20 zimbra postfix/smtpd[23988]: connect from phoenixpatrick.pndsl.co.uk[81.174.227.226]
Nov  7 13:22:22 zimbra postfix/smtpd[23988]: disconnect from phoenixpatrick.pndsl.co.uk[81.174.227.226] helo=1 auth=0/1 quit=1 commands=2/3
Nov  7 13:25:13 zimbra postfix/dkimmilter/smtpd[22759]: timeout after END-OF-MESSAGE from localhost[127.0.0.1]
Nov  7 13:25:13 zimbra postfix/dkimmilter/smtpd[22759]: disconnect from localhost[127.0.0.1] ehlo=1 mail=1 rcpt=1 data=1 commands=4
Nov  7 13:25:41 zimbra postfix/anvil[14731]: statistics: max connection rate 1/60s for (submission:222.92.254.194) at Nov  7 13:17:35
Nov  7 13:25:41 zimbra postfix/anvil[14731]: statistics: max connection count 1 for (submission:222.92.254.194) at Nov  7 13:17:35
Nov  7 13:25:41 zimbra postfix/anvil[14731]: statistics: max cache size 3 at Nov  7 13:17:35
Nov  7 13:26:42 zimbra postfix/postscreen[26439]: CONNECT from [61.30.23.250]:33339 to [203.66.83.217]:25
Nov  7 13:26:48 zimbra postfix/postscreen[26439]: PASS OLD [61.30.23.250]:33339
Nov  7 13:26:48 zimbra postfix/smtpd[26440]: connect from tpns021.askey.com.tw[61.30.23.250]
Nov  7 13:26:48 zimbra postfix/smtpd[26440]: Anonymous TLS connection established from tpns021.askey.com.tw[61.30.23.250]: TLSv1 with cipher AES256-SHA (256/256 bits)
Nov  7 13:26:49 zimbra postfix/smtpd[26440]: NOQUEUE: filter: RCPT from tpns021.askey.com.tw[61.30.23.250]: <lihan_yang@askey.com.tw>: Sender address triggers FILTER smtp-amavis:[127.0.0.1]:10026; from=<lihan_yang@askey.com.tw> to=<service07@fulltech-metal.net> proto=ESMTP helo=<ssqr2.askey.com.tw>
Nov  7 13:26:49 zimbra postfix/smtpd[26440]: NOQUEUE: filter: RCPT from tpns021.askey.com.tw[61.30.23.250]: <lihan_yang@askey.com.tw>: Sender address triggers FILTER smtp-amavis:[127.0.0.1]:10024; from=<lihan_yang@askey.com.tw> to=<service07@fulltech-metal.net> proto=ESMTP helo=<ssqr2.askey.com.tw>
Nov  7 13:26:49 zimbra postfix/smtpd[26440]: 0B1224A187F: client=tpns021.askey.com.tw[61.30.23.250]
Nov  7 13:26:49 zimbra postfix/cleanup[26442]: 0B1224A187F: message-id=<E6B75EA9A1F9684A886321E43BA981D70134A957@ASKWJ-EX-25.paskey.corpnet.asus>
Nov  7 13:26:49 zimbra postfix/qmgr[6416]: 0B1224A187F: from=<lihan_yang@askey.com.tw>, size=35625, nrcpt=1 (queue active)
Nov  7 13:26:49 zimbra postfix/smtpd[26440]: disconnect from tpns021.askey.com.tw[61.30.23.250] ehlo=2 starttls=1 mail=1 rcpt=1 data=1 quit=1 commands=7
Nov  7 13:26:54 zimbra postfix/amavisd/smtpd[26822]: connect from localhost[127.0.0.1]
Nov  7 13:26:54 zimbra postfix/amavisd/smtpd[26822]: 8DE424A188F: client=localhost[127.0.0.1]
